===== syslog snapshot host=node0 boot_started_utc=20260422T032427Z boot_id=62503c1c-026f-4d12-960b-226160d86543 captured_utc=20260422T032927Z =====

Apr 21 17:30:58 localhost systemd[1]: logrotate.service: Deactivated successfully.
Apr 21 17:30:58 localhost systemd[1]: Finished Rotate log files.
Apr 21 17:30:58 localhost systemd-resolved[824]: Positive Trust Anchors:
Apr 21 17:30:58 localhost systemd-resolved[824]: . IN DS 20326 8 2 e06d44b80b8f1d39a95c0b0d7c65d08458e880409bbc683457104237c7f8ec8d
Apr 21 17:30:58 localhost systemd-resolved[824]: Negative trust anchors: home.arpa 10.in-addr.arpa 16.172.in-addr.arpa 17.172.in-addr.arpa 18.172.in-addr.arpa 19.172.in-addr.arpa 20.172.in-addr.arpa 21.172.in-addr.arpa 22.172.in-addr.arpa 23.172.in-addr.arpa 24.172.in-addr.arpa 25.172.in-addr.arpa 26.172.in-addr.arpa 27.172.in-addr.arpa 28.172.in-addr.arpa 29.172.in-addr.arpa 30.172.in-addr.arpa 31.172.in-addr.arpa 168.192.in-addr.arpa d.f.ip6.arpa corp home internal intranet lan local private test
Apr 21 17:30:58 localhost systemd-resolved[824]: Defaulting to hostname 'linux'.
Apr 21 17:30:58 localhost systemd[1]: Started Network Name Resolution.
Apr 21 17:30:58 localhost systemd[1]: Reached target Network.
Apr 21 17:30:58 localhost systemd[1]: Reached target Host and Network Name Lookups.
Apr 21 17:30:58 localhost systemd[1]: Starting Network Time Service...
Apr 21 17:30:58 localhost systemd[1]: Starting OpenBSD Secure Shell server...
Apr 21 17:30:58 localhost ntpd[835]: ntpd 4.2.8p15@1.3728-o Wed Feb 16 17:13:02 UTC 2022 (1): Starting
Apr 21 17:30:58 localhost ntpd[835]: Command line: /usr/sbin/ntpd -p /var/run/ntpd.pid -g -u 113:117
Apr 21 17:30:58 localhost ntpd[835]: ----------------------------------------------------
Apr 21 17:30:58 localhost ntpd[835]: ntp-4 is maintained by Network Time Foundation,
Apr 21 17:30:58 localhost ntpd[835]: Inc. (NTF), a non-profit 501(c)(3) public-benefit
Apr 21 17:30:58 localhost ntpd[835]: corporation.  Support and training for ntp-4 are
Apr 21 17:30:58 localhost ntpd[835]: available at https://www.nwtime.org/support
Apr 21 17:30:58 localhost ntpd[835]: ----------------------------------------------------
Apr 21 17:30:58 localhost ntpd[842]: proto: precision = 0.090 usec (-23)
Apr 21 17:30:58 localhost ntpd[842]: basedate set to 2022-02-04
Apr 21 17:30:58 localhost ntpd[842]: gps base set to 2022-02-06 (week 2196)
Apr 21 17:30:58 localhost ntpd[842]: Listen and drop on 0 v6wildcard [::]:123
Apr 21 17:30:58 localhost ntpd[842]: Listen and drop on 1 v4wildcard 0.0.0.0:123
Apr 21 17:30:58 localhost ntpd[842]: Listen normally on 2 lo 127.0.0.1:123
Apr 21 17:30:58 localhost ntpd[842]: Listen normally on 3 eno1 128.110.217.163:123
Apr 21 17:30:58 localhost ntpd[842]: Listen normally on 4 lo [::1]:123
Apr 21 17:30:58 localhost ntpd[842]: bind(21) AF_INET6 fe80::1658:d0ff:fe58:1f92%2#123 flags 0x11 failed: Cannot assign requested address
Apr 21 17:30:58 localhost ntpd[842]: unable to create socket on eno1 (5) for fe80::1658:d0ff:fe58:1f92%2#123
Apr 21 17:30:58 localhost ntpd[842]: failed to init interface for address fe80::1658:d0ff:fe58:1f92%2
Apr 21 17:30:58 localhost ntpd[842]: Listening on routing socket on fd #21 for interface updates
Apr 21 17:30:58 localhost ntpd[842]: kernel reports TIME_ERROR: 0x41: Clock Unsynchronized
Apr 21 17:30:58 localhost ntpd[842]: kernel reports TIME_ERROR: 0x41: Clock Unsynchronized
Apr 21 17:30:58 localhost systemd[1]: Started Network Time Service.
Apr 21 17:30:58 localhost systemd[1]: Started OpenBSD Secure Shell server.
Apr 21 17:30:59 localhost systemd-networkd[789]: eno1: Gained IPv6LL
Apr 21 17:30:59 localhost systemd[1]: Started ntp-systemd-netif.service.
Apr 21 17:30:59 localhost sh[730]: emulab-networkd[730]: found eno1 as control net
Apr 21 17:30:59 localhost systemd[1]: Finished Wait for Network to be Configured.
Apr 21 17:30:59 localhost systemd[1]: ntp-systemd-netif.service: Deactivated successfully.
Apr 21 17:30:59 localhost systemd[1]: Reached target Network is Online.
Apr 21 17:30:59 localhost systemd[1]: Condition check resulted in Login to default iSCSI targets being skipped.
Apr 21 17:30:59 localhost systemd[1]: Reached target Preparation for Remote File Systems.
Apr 21 17:30:59 localhost systemd[1]: Reached target Remote File Systems.
Apr 21 17:30:59 localhost systemd[1]: Finished Availability of block devices.
Apr 21 17:30:59 localhost systemd[1]: Started Regular background program processing daemon.
Apr 21 17:30:59 localhost cron[865]: (CRON) INFO (pidfile fd = 3)
Apr 21 17:30:59 localhost cron[865]: (CRON) INFO (Running @reboot jobs)
Apr 21 17:30:59 localhost systemd[1]: Starting The Emulab publish/subscribe daemon...
Apr 21 17:30:59 localhost systemd[1]: Starting Notify NFS peers of a restart...
Apr 21 17:30:59 localhost sm-notify[868]: Version 2.6.1 starting
Apr 21 17:30:59 localhost systemd[1]: Starting Permit User Sessions...
Apr 21 17:30:59 localhost systemd[1]: Starting Testbed Services...
Apr 21 17:30:59 localhost systemd[1]: Condition check resulted in Ubuntu Pro Background Auto Attach being skipped.
Apr 21 17:30:59 localhost systemd[1]: Started The Emulab publish/subscribe daemon.
Apr 21 17:30:59 localhost systemd[1]: Started Notify NFS peers of a restart.
Apr 21 17:30:59 localhost systemd[1]: Finished Permit User Sessions.
Apr 21 17:30:59 localhost systemd[1]: Condition check resulted in OpenVSwitch configuration for cleanup being skipped.
Apr 21 17:30:59 localhost systemd[1]: Started Serial Getty on ttyS0.
Apr 21 17:30:59 localhost systemd[1]: Starting Set console scheme...
Apr 21 17:30:59 localhost systemd[1]: systemd-networkd-wait-online.service: Deactivated successfully.
Apr 21 17:30:59 localhost systemd[1]: Stopped Wait for Network to be Configured.
Apr 21 17:30:59 localhost systemd[1]: Stopping Wait for Network to be Configured...
Apr 21 17:30:59 localhost systemd[1]: Stopping Network Configuration...
Apr 21 17:30:59 localhost systemd[1]: Finished Set console scheme.
Apr 21 17:30:59 localhost systemd[1]: Created slice Slice /system/getty.
Apr 21 17:30:59 localhost systemd-networkd[789]: eno1: DHCPv6 lease lost
Apr 21 17:30:59 localhost systemd-resolved[824]: eno1: Failed to read DNSSEC negative trust anchors for the interface, ignoring: No data available
Apr 21 17:30:59 localhost systemd[1]: Started Getty on tty1.
Apr 21 17:30:59 localhost systemd[1]: Reached target Login Prompts.
Apr 21 17:30:59 localhost systemd[1]: systemd-networkd.service: Deactivated successfully.
Apr 21 17:30:59 localhost systemd[1]: Stopped Network Configuration.
Apr 21 17:30:59 localhost sh[870]: testbed config:
Apr 21 17:30:59 localhost sh[884]: Checking manifest...
Apr 21 17:30:59 localhost systemd[1]: Starting Force udev to settle before systemd-networkd starts...
Apr 21 17:30:59 localhost sh[887]: Waiting for udev to settle...
Apr 21 17:30:59 localhost systemd[1]: Started ntp-systemd-netif.service.
Apr 21 17:30:59 localhost sh[894]: /run/systemd/network/eno1.network 158 8 81a4 0 0 19 703 1 0 0 1776814257 1776814259 1776814259 0 4096
Apr 21 17:30:59 localhost systemd[1]: emulab-udev-settle-networkd.service: Deactivated successfully.
Apr 21 17:30:59 localhost systemd[1]: Finished Force udev to settle before systemd-networkd starts.
Apr 21 17:30:59 localhost systemd[1]: ntp-systemd-netif.service: Deactivated successfully.
Apr 21 17:30:59 localhost systemd[1]: Starting Network Configuration...
Apr 21 17:30:59 localhost systemd-networkd[895]: eno1: Link UP
Apr 21 17:30:59 localhost systemd-networkd[895]: eno1: Gained carrier
Apr 21 17:30:59 localhost systemd-networkd[895]: lo: Link UP
Apr 21 17:30:59 localhost systemd-networkd[895]: lo: Gained carrier
Apr 21 17:30:59 localhost systemd-networkd[895]: eno1: Gained IPv6LL
Apr 21 17:30:59 localhost systemd-networkd[895]: Enumeration completed
Apr 21 17:30:59 localhost systemd[1]: Started Network Configuration.
Apr 21 17:30:59 localhost systemd[1]: Starting Wait for Network to be Configured...
Apr 21 17:30:59 localhost systemd[1]: systemd-networkd-wait-online.service: Deactivated successfully.
Apr 21 17:30:59 localhost systemd[1]: Stopped Wait for Network to be Configured.
Apr 21 17:30:59 localhost systemd[1]: Starting Wait for Network to be Configured...
Apr 21 17:30:59 localhost systemd-networkd[895]: eno1: DHCPv4 address 128.110.217.163/21 via 128.110.216.1
Apr 21 17:30:59 localhost systemd[1]: Finished Wait for Network to be Configured.
Apr 21 17:30:59 localhost systemd-resolved[824]: System hostname changed to 'ms1103'.
Apr 21 17:30:59 localhost systemd[1]: Started ntp-systemd-netif.service.
Apr 21 17:30:59 localhost systemd[1]: ntp-systemd-netif.service: Deactivated successfully.
Apr 21 17:30:59 localhost systemd-resolved[824]: System hostname changed to 'node0.testnode1.lsm-pg0.utah.cloudlab.us'.
Apr 21 17:30:59 localhost systemd[1]: emulab-networkd@eno1.service: Deactivated successfully.
Apr 21 17:31:01 localhost ntpd[842]: Listen normally on 6 eno1 [fe80::1658:d0ff:fe58:1f92%2]:123
Apr 21 17:31:01 localhost ntpd[842]: new interface(s) found: waking up resolver
Apr 21 17:31:02 localhost kernel: [   23.628866] fbcon: Taking over console
Apr 21 17:31:02 localhost kernel: [   23.630357] mgag200 0000:01:00.1: [drm] drm_plane_enable_fb_damage_clips() not called
Apr 21 17:31:02 localhost kernel: [   23.775614] Console: switching to colour frame buffer device 128x48
Apr 21 17:31:04 localhost sh[884]: Running os dependent initialization script rc.linux
Apr 21 17:31:04 localhost sh[884]: Informing Emulab Control that we have rebooted
Apr 21 17:31:04 localhost sh[884]: Checking Testbed reservation status
Apr 21 17:31:04 localhost sh[884]: Cleaning node; removing configuration files
Apr 21 17:31:04 localhost sh[884]:   Allocated! lsm-PG0/Testnode1/node0
Apr 21 17:31:04 localhost sh[884]: Setting up for SFS ...
Apr 21 17:31:04 localhost sh[884]: Setting up Ping of Death
Apr 21 17:31:04 localhost kernel: [   25.356922] ipod: loading out-of-tree module taints kernel.
Apr 21 17:31:04 localhost kernel: [   25.356965] ipod: module verification failed: signature and/or required key missing - tainting kernel
Apr 21 17:31:04 localhost kernel: [   25.357245] initializing IPOD
Apr 21 17:31:04 localhost sh[884]: Authenticated IPOD enabled from 128.110.156.4/255.255.255.255
Apr 21 17:31:04 localhost sh[884]: Starting node health monitoring daemon
Apr 21 17:31:04 localhost sh[884]: WARNING: health mointoring not supported on nodetype m510
Apr 21 17:31:04 localhost sh[884]: Starting slothd usage detector
Apr 21 17:31:04 localhost sh[884]: Starting testbed update watchdog
Apr 21 17:31:04 localhost sh[884]: Restarting pubsubd...
Apr 21 17:31:04 localhost systemd[1]: Stopping The Emulab publish/subscribe daemon...
Apr 21 17:31:04 localhost systemd[1]: pubsubd.service: Deactivated successfully.
Apr 21 17:31:04 localhost systemd[1]: Stopped The Emulab publish/subscribe daemon.
Apr 21 17:31:04 localhost systemd[1]: Starting The Emulab publish/subscribe daemon...
Apr 21 17:31:04 localhost systemd[1]: Started The Emulab publish/subscribe daemon.
Apr 21 17:31:04 localhost sh[884]: Running config scripts
Apr 21 17:31:05 localhost sh[884]: Checking manifest...
Apr 21 17:31:05 localhost sh[884]: Checking Testbed localization configuration ...
Apr 21 17:31:05 localhost sh[884]: Checking Testbed keys ...
Apr 21 17:31:05 localhost sh[884]: Checking Testbed local storage configuration ...
Apr 21 17:31:05 localhost sh[884]:   Checking 'disk0'...
Apr 21 17:31:05 localhost sh[884]:   disk0: local disk at /dev/nvme0n1, exists
Apr 21 17:31:06 localhost sh[884]: Mounting project and home directories ...
Apr 21 17:31:06 localhost sh[884]:   Mount type is NFS (using TCP transport)
Apr 21 17:31:06 localhost sh[884]:   Mounting ops.utah.cloudlab.us:/share on /share
Apr 21 17:31:06 localhost kernel: [   27.006322] FS-Cache: Loaded
Apr 21 17:31:06 localhost kernel: [   27.042742] FS-Cache: Netfs 'nfs' registered for caching
Apr 21 17:31:06 localhost sh[884]:   Mounting ops.utah.cloudlab.us:/proj/lsm-PG0 on /proj/lsm-PG0
Apr 21 17:31:06 localhost sh[884]: Checking Testbed Blobs configuration ...
Apr 21 17:31:06 localhost sh[884]: Checking Testbed user accounts configuration ...
Apr 21 17:31:06 localhost sh[884]: Adding group: lsm-PG0/2639
Apr 21 17:31:06 localhost sh[884]: Adding: rd/20009/2639/0/rd//users/rd/
Apr 21 17:31:06 localhost sh[884]: updating local home directory
Apr 21 17:31:06 localhost sh[884]: Adding: shaleen/20004/2639/1/shaleen//users/shaleen/
Apr 21 17:31:06 localhost sh[884]: updating local home directory
Apr 21 17:31:06 localhost sh[884]: Adding: sjr204/20014/2639/0/sjr204//users/sjr204/
Apr 21 17:31:06 localhost sh[884]: updating local home directory
Apr 21 17:31:06 localhost sh[884]: Adding: acardoza/20006/2639/1/acardoza//users/acardoza/
Apr 21 17:31:06 localhost sh[884]: updating local home directory
Apr 21 17:31:06 localhost sh[884]: Adding: Jin/20016/2639/0/Jin//users/Jin/
Apr 21 17:31:06 localhost sh[884]: updating local home directory
Apr 21 17:31:06 localhost sh[884]: Adding: Jian123/20005/2639/1/Jian123//users/Jian123/
Apr 21 17:31:07 localhost sh[884]: updating local home directory
Apr 21 17:31:07 localhost sh[884]: Adding: dk844/20011/2639/0/dk844//users/dk844/
Apr 21 17:31:07 localhost sh[884]: updating local home directory
Apr 21 17:31:07 localhost sh[884]: Adding: skafle/20018/2639/0/skafle//users/skafle/
Apr 21 17:31:07 localhost sh[884]: updating local home directory
Apr 21 17:31:07 localhost sh[884]: Adding: al1168/20013/2639/0/al1168//users/al1168/
Apr 21 17:31:07 localhost sh[884]: updating local home directory
Apr 21 17:31:07 localhost sh[884]: Adding: mpatel/20034/2639/1/mpatel//users/mpatel/
Apr 21 17:31:07 localhost sh[884]: updating local home directory
Apr 21 17:31:07 localhost sh[884]: Adding: etwest/20023/2639/0/etwest//users/etwest/
Apr 21 17:31:07 localhost sh[884]: updating local home directory
Apr 21 17:31:07 localhost sh[884]: Adding: Carl/20017/2639/0/Carl//users/Carl/
Apr 21 17:31:07 localhost sh[884]: updating local home directory
Apr 21 17:31:07 localhost sh[884]: Adding: mt1370/20027/2639/1/mt1370//users/mt1370/
Apr 21 17:31:07 localhost sh[884]: updating local home directory
Apr 21 17:31:07 localhost systemd[1]: dmesg.service: Deactivated successfully.
Apr 21 17:31:07 localhost sh[884]: Adding: VedaY/20029/2639/1/VedaY//users/VedaY/
Apr 21 17:31:07 localhost sh[884]: updating local home directory
Apr 21 17:31:07 localhost sh[884]: Adding: mosherif/20012/2639/0/mosherif//users/mosherif/
Apr 21 17:31:07 localhost sh[884]: updating local home directory
Apr 21 17:31:08 localhost sh[884]: Adding: sumandas/20031/2639/1/sumandas//users/sumandas/
Apr 21 17:31:08 localhost sh[884]: updating local home directory
Apr 21 17:31:08 localhost sh[884]: Adding: lht21/20025/2639/1/lht21//users/lht21/
Apr 21 17:31:08 localhost sh[884]: updating local home directory
Apr 21 17:31:08 localhost sh[884]: Adding: PaulJ/20021/2639/0/PaulJ//users/PaulJ/
Apr 21 17:31:08 localhost sh[884]: updating local home directory
Apr 21 17:31:08 localhost sh[884]: Adding: kkanda/20015/2639/0/kkanda//users/kkanda/
Apr 21 17:31:08 localhost sh[884]: updating local home directory
Apr 21 17:31:08 localhost sh[884]: Adding: kannan11/20001/2639/1/kannan11//users/kannan11/
Apr 21 17:31:08 localhost sh[884]: updating local home directory
Apr 21 17:31:08 localhost sh[884]: Adding: mljwbxy/20026/2639/1/mljwbxy//users/mljwbxy/
Apr 21 17:31:08 localhost sh[884]: updating local home directory
Apr 21 17:31:08 localhost sh[884]: Adding: djd240/20002/2639/1/djd240//users/djd240/
Apr 21 17:31:08 localhost sh[884]: updating local home directory
Apr 21 17:31:08 localhost sh[884]: Adding: ingerido/20003/2639/1/ingerido//users/ingerido/
Apr 21 17:31:08 localhost sh[884]: updating local home directory
Apr 21 17:31:08 localhost sh[884]: Adding: AbraGale/20020/2639/0/AbraGale//users/AbraGale/
Apr 21 17:31:08 localhost sh[884]: updating local home directory
Apr 21 17:31:08 localhost sh[884]: Adding: Krish194/20019/2639/1/Krish194//users/Krish194/
Apr 21 17:31:09 localhost sh[884]: updating local home directory
Apr 21 17:31:09 localhost sh[884]: Adding: rubensoh/20032/2639/1/rubensoh//users/rubensoh/
Apr 21 17:31:09 localhost sh[884]: updating local home directory
Apr 21 17:31:09 localhost sh[884]: Adding: dsc133/20010/2639/0/dsc133//users/dsc133/
Apr 21 17:31:09 localhost sh[884]: updating local home directory
Apr 21 17:31:09 localhost sh[884]: Adding: Sreeram/20007/2639/0/Sreeram//users/Sreeram/
Apr 21 17:31:19 localhost systemd-resolved[824]: Clock change detected. Flushing caches.
Apr 21 17:31:19 localhost sh[884]: updating local home directory
Apr 21 17:31:19 localhost sh[884]: Adding: rohith25/20030/2639/1/rohith25//users/rohith25/
Apr 21 17:31:19 localhost sh[884]: updating local home directory
Apr 21 17:31:19 localhost sh[884]: Adding: hl1276/20028/2639/1/hl1276//users/hl1276/
Apr 21 17:31:19 localhost sh[884]: updating local home directory
Apr 21 17:31:19 localhost sh[884]: Adding: geniuser/2002/2639/1/Geni User//users/geniuser/
Apr 21 17:31:19 localhost sh[884]: updating local home directory
Apr 21 17:31:19 localhost sh[884]: Adding: Adam7288/20008/2639/0/Adam7288//users/Adam7288/
Apr 21 17:31:19 localhost sh[884]: updating local home directory
Apr 21 17:31:19 localhost sh[884]: Adding: kamo/20022/2639/0/kamo//users/kamo/
Apr 21 17:31:19 localhost sh[884]: updating local home directory
Apr 21 17:31:19 localhost sh[884]: Adding: escalate/20033/2639/1/escalate//users/escalate/
Apr 21 17:31:19 localhost sh[884]: updating local home directory
Apr 21 17:31:19 localhost sh[884]: Adding: LH/20024/2639/1/LH//users/LH/
Apr 21 17:31:19 localhost sh[884]: updating local home directory
Apr 21 17:31:19 localhost sh[884]: Checking Testbed route configuration ...
Apr 21 17:31:19 localhost sh[884]: net.ipv4.conf.all.forwarding = 1
Apr 21 17:31:20 localhost sh[884]: Checking Testbed tunnel configuration ...
Apr 21 17:31:20 localhost sh[884]: Checking Testbed interface configuration ...
Apr 21 17:31:20 localhost sh[884]: Checking Testbed hostnames configuration ...
Apr 21 17:31:20 localhost sh[884]: Checking Testbed remote storage configuration ...
Apr 21 17:31:20 localhost sh[884]: Checking Testbed trace configuration ...
Apr 21 17:31:20 localhost sh[884]: Checking Testbed trafgen configuration ...
Apr 21 17:31:20 localhost sh[884]: Checking Testbed Tarball configuration ...
Apr 21 17:31:21 localhost sh[884]: Checking Testbed RPM configuration ...
Apr 21 17:31:23 localhost sh[884]: Checking Testbed tiptunnel configuration ...
Apr 21 17:31:23 localhost sh[884]: Starting linktest daemon
Apr 21 17:31:24 localhost sh[884]: Informing Emulab Control that we are up and running
Apr 21 17:31:24 localhost sh[884]: Checking Testbed Experiment Startup Command ...
Apr 21 17:31:24 localhost sh[884]: Booting up vnodes
Apr 21 17:31:24 localhost sh[884]: Booting up subnodes
Apr 21 17:31:24 localhost sh[884]: No subnodes. Exiting gracefully ...
Apr 21 17:31:24 localhost systemd[1]: Finished Testbed Services.
Apr 21 17:31:24 localhost systemd[1]: Reached target Multi-User System.
Apr 21 17:31:24 localhost systemd[1]: Reached target Graphical Interface.
Apr 21 17:31:24 localhost systemd[1]: Starting Record Runlevel Change in UTMP...
Apr 21 17:31:24 localhost systemd[1]: systemd-update-utmp-runlevel.service: Deactivated successfully.
Apr 21 17:31:24 localhost systemd[1]: Finished Record Runlevel Change in UTMP.
Apr 21 17:31:24 localhost systemd[1]: Startup finished in 13.156s (kernel) + 22.351s (userspace) = 35.507s.
Apr 21 17:31:26 localhost systemd[1]: emulab-networkd@eno1d1.service: Deactivated successfully.
Apr 21 17:31:33 localhost rsyslogd: [origin software="rsyslogd" swVersion="8.2112.0" x-pid="803" x-info="https://www.rsyslog.com"] rsyslogd was HUPed
Apr 21 17:31:33 localhost rsyslogd: action 'action-2-builtin:omfwd' resumed (module 'builtin:omfwd') [v8.2112.0 try https://www.rsyslog.com/e/2359 ]
Apr 21 17:31:33 localhost systemd[1]: Created slice User Slice of UID 0.
Apr 21 17:31:33 localhost systemd[1]: Starting User Runtime Directory /run/user/0...
Apr 21 17:31:33 localhost systemd[1]: Finished User Runtime Directory /run/user/0.
Apr 21 17:31:33 localhost systemd[1]: Starting User Manager for UID 0...
Apr 21 17:31:33 localhost systemd[1797]: Queued start job for default target Main User Target.
Apr 21 17:31:33 localhost systemd[1797]: Created slice User Application Slice.
Apr 21 17:31:33 localhost systemd[1797]: Reached target Paths.
Apr 21 17:31:33 localhost systemd[1797]: Reached target Timers.
Apr 21 17:31:33 localhost systemd[1797]: Starting D-Bus User Message Bus Socket...
Apr 21 17:31:33 localhost systemd[1797]: Listening on GnuPG network certificate management daemon.
Apr 21 17:31:33 localhost systemd[1797]: Listening on GnuPG cryptographic agent and passphrase cache (access for web browsers).
Apr 21 17:31:33 localhost systemd[1797]: Listening on GnuPG cryptographic agent and passphrase cache (restricted).
Apr 21 17:31:33 localhost systemd[1797]: Listening on GnuPG cryptographic agent (ssh-agent emulation).
Apr 21 17:31:33 localhost systemd[1797]: Listening on GnuPG cryptographic agent and passphrase cache.
Apr 21 17:31:33 localhost systemd[1797]: Listening on debconf communication socket.
Apr 21 17:31:33 localhost systemd[1797]: Listening on D-Bus User Message Bus Socket.
Apr 21 17:31:33 localhost systemd[1797]: Reached target Sockets.
Apr 21 17:31:33 localhost systemd[1797]: Reached target Basic System.
Apr 21 17:31:33 localhost systemd[1797]: Reached target Main User Target.
Apr 21 17:31:33 localhost systemd[1797]: Startup finished in 120ms.
Apr 21 17:31:33 localhost systemd[1]: Started User Manager for UID 0.
Apr 21 17:31:33 localhost systemd[1]: Started Session 1 of User root.
Apr 21 17:31:34 localhost systemd[1]: session-1.scope: Deactivated successfully.
Apr 21 17:31:36 localhost systemd[1]: systemd-fsckd.service: Deactivated successfully.
Apr 21 17:31:36 localhost systemd[1]: Starting Online ext4 Metadata Check for All Filesystems...
Apr 21 17:31:36 localhost systemd[1]: e2scrub_all.service: Deactivated successfully.
Apr 21 17:31:36 localhost systemd[1]: Finished Online ext4 Metadata Check for All Filesystems.
Apr 21 17:31:44 localhost systemd[1]: Created slice User Slice of UID 20024.
Apr 21 17:31:44 localhost systemd[1]: Starting User Runtime Directory /run/user/20024...
Apr 21 17:31:44 localhost systemd[1]: Finished User Runtime Directory /run/user/20024.
Apr 21 17:31:44 localhost systemd[1]: Starting User Manager for UID 20024...
Apr 21 17:31:44 localhost systemd[1841]: Queued start job for default target Main User Target.
Apr 21 17:31:44 localhost systemd[1841]: Created slice User Application Slice.
Apr 21 17:31:44 localhost systemd[1841]: Reached target Paths.
Apr 21 17:31:44 localhost systemd[1841]: Reached target Timers.
Apr 21 17:31:44 localhost systemd[1841]: Starting D-Bus User Message Bus Socket...
Apr 21 17:31:44 localhost systemd[1841]: Listening on GnuPG network certificate management daemon.
Apr 21 17:31:44 localhost systemd[1841]: Listening on GnuPG cryptographic agent and passphrase cache (access for web browsers).
Apr 21 17:31:44 localhost systemd[1841]: Listening on GnuPG cryptographic agent and passphrase cache (restricted).
Apr 21 17:31:44 localhost systemd[1841]: Listening on GnuPG cryptographic agent (ssh-agent emulation).
Apr 21 17:31:44 localhost systemd[1841]: Listening on GnuPG cryptographic agent and passphrase cache.
Apr 21 17:31:44 localhost systemd[1841]: Listening on debconf communication socket.
Apr 21 17:31:44 localhost systemd[1841]: Listening on D-Bus User Message Bus Socket.
Apr 21 17:31:44 localhost systemd[1841]: Reached target Sockets.
Apr 21 17:31:44 localhost systemd[1841]: Reached target Basic System.
Apr 21 17:31:44 localhost systemd[1841]: Reached target Main User Target.
Apr 21 17:31:44 localhost systemd[1841]: Startup finished in 158ms.
Apr 21 17:31:44 localhost systemd[1]: Started User Manager for UID 20024.
Apr 21 17:31:44 localhost systemd[1]: Started Session 3 of User LH.
Apr 21 17:31:45 localhost systemd[1]: Stopping User Manager for UID 0...
Apr 21 17:31:45 localhost systemd[1797]: Stopped target Main User Target.
Apr 21 17:31:45 localhost systemd[1797]: Stopped target Basic System.
Apr 21 17:31:45 localhost systemd[1797]: Stopped target Paths.
Apr 21 17:31:45 localhost systemd[1797]: Stopped target Sockets.
Apr 21 17:31:45 localhost systemd[1797]: Stopped target Timers.
Apr 21 17:31:45 localhost systemd[1797]: Closed D-Bus User Message Bus Socket.
Apr 21 17:31:45 localhost systemd[1797]: Closed GnuPG network certificate management daemon.
Apr 21 17:31:45 localhost systemd[1797]: Closed GnuPG cryptographic agent and passphrase cache (access for web browsers).
Apr 21 17:31:45 localhost systemd[1797]: Closed GnuPG cryptographic agent and passphrase cache (restricted).
Apr 21 17:31:45 localhost systemd[1797]: Closed GnuPG cryptographic agent (ssh-agent emulation).
Apr 21 17:31:45 localhost systemd[1797]: Closed GnuPG cryptographic agent and passphrase cache.
Apr 21 17:31:45 localhost systemd[1797]: Closed debconf communication socket.
Apr 21 17:31:45 localhost systemd[1797]: Removed slice User Application Slice.
Apr 21 17:31:45 localhost systemd[1797]: Reached target Shutdown.
Apr 21 17:31:45 localhost systemd[1797]: Finished Exit the Session.
Apr 21 17:31:45 localhost systemd[1797]: Reached target Exit the Session.
Apr 21 17:31:45 localhost systemd[1]: user@0.service: Deactivated successfully.
Apr 21 17:31:45 localhost systemd[1]: Stopped User Manager for UID 0.
Apr 21 17:31:45 localhost systemd[1]: Stopping User Runtime Directory /run/user/0...
Apr 21 17:31:45 localhost systemd[1]: run-user-0.mount: Deactivated successfully.
Apr 21 17:31:45 localhost systemd[1]: user-runtime-dir@0.service: Deactivated successfully.
Apr 21 17:31:45 localhost systemd[1]: Stopped User Runtime Directory /run/user/0.
Apr 21 17:31:45 localhost systemd[1]: Removed slice User Slice of UID 0.
Apr 21 17:32:31 localhost vsce-sign: Package file size:  20335656
Apr 21 17:32:31 localhost vsce-sign: Signature archive file size:  15928
Apr 21 17:32:32 localhost vsce-sign: Manifest file size:  16701
Apr 21 17:32:32 localhost vsce-sign: Signature file size:  19347
Apr 21 17:32:32 localhost vsce-sign: ManifestPackageIntegrityPolicy succeeded.
Apr 21 17:32:32 localhost vsce-sign: SignatureIntegrityPolicy for primary signature succeeded.
Apr 21 17:32:32 localhost vsce-sign: SignatureValidityPolicy for primary signature succeeded.
Apr 21 17:32:32 localhost vsce-sign: SignatureIntegrityPolicy for primary timestamp signature succeeded.
Apr 21 17:32:32 localhost vsce-sign: SignatureValidityPolicy for primary timestamp signature succeeded.
Apr 21 17:32:32 localhost vsce-sign: X.509 certificate chain validation will use the fallback certificate bundle for timestamping.
Apr 21 17:32:34 localhost vsce-sign: SignatureTrustPolicy for publisher primary signature timestamp signature succeeded.
Apr 21 17:32:34 localhost vsce-sign: X.509 certificate chain validation will use the fallback certificate bundle for code signing.
Apr 21 17:32:34 localhost vsce-sign: SignatureTrustPolicy for publisher primary signature succeeded.
Apr 21 17:32:34 localhost vsce-sign: SignatureIntegrityPolicy for repository countersignature succeeded.
Apr 21 17:32:34 localhost vsce-sign: SignatureValidityPolicy for repository countersignature succeeded.
Apr 21 17:32:34 localhost vsce-sign: SignatureIntegrityPolicy for repository countersignature timestamp signature succeeded.
Apr 21 17:32:34 localhost vsce-sign: SignatureValidityPolicy for repository countersignature timestamp signature succeeded.
Apr 21 17:32:34 localhost vsce-sign: SignatureTrustPolicy for repository countersignature timestamp signature succeeded.
Apr 21 17:32:34 localhost vsce-sign: SignatureTrustPolicy for repository countersignature succeeded.
Apr 21 17:32:34 localhost vsce-sign: RepositoryCountersignaturePolicy for repository countersignature succeeded with OK.
Apr 21 17:32:34 localhost vsce-sign: Primary signature type:  publisher primary signature
Apr 21 17:32:34 localhost vsce-sign: Primary signature status:  OK
Apr 21 17:32:34 localhost vsce-sign: Timestamp signature status:  OK
Apr 21 17:32:34 localhost vsce-sign: Repository countersignature status:  OK
Apr 21 17:32:34 localhost vsce-sign: Repository countersignature timestamp status:  OK
Apr 21 17:32:34 localhost vsce-sign: Exit code:  Success
Apr 21 17:37:14 localhost systemd[1]: Starting Discard unused blocks on filesystems from /etc/fstab...
Apr 21 17:37:16 localhost fstrim[2159]: /boot/efi: 245.6 MiB (257544192 bytes) trimmed on /dev/disk/by-partlabel/EFI\x20System
Apr 21 17:37:16 localhost fstrim[2159]: /: 59.3 GiB (63637114880 bytes) trimmed on /dev/disk/by-uuid/571337a8-0ea6-44bd-9cfc-6cb9719427c1
Apr 21 17:37:16 localhost systemd[1]: fstrim.service: Deactivated successfully.
Apr 21 17:37:16 localhost systemd[1]: Finished Discard unused blocks on filesystems from /etc/fstab.
Apr 21 17:45:59 localhost systemd[1]: Starting Cleanup of Temporary Directories...
Apr 21 17:45:59 localhost systemd[1]: systemd-tmpfiles-clean.service: Deactivated successfully.
Apr 21 17:45:59 localhost systemd[1]: Finished Cleanup of Temporary Directories.
Apr 21 17:52:14 localhost systemd[1]: Starting Daily apt upgrade and clean activities...
Apr 21 17:52:14 localhost systemd[1]: apt-daily-upgrade.service: Deactivated successfully.
Apr 21 17:52:14 localhost systemd[1]: Finished Daily apt upgrade and clean activities.
Apr 21 18:10:59 localhost systemd[1]: Starting Ubuntu Advantage Timer for running repeated jobs...
Apr 21 18:10:59 localhost systemd[1]: ua-timer.service: Deactivated successfully.
Apr 21 18:10:59 localhost systemd[1]: Finished Ubuntu Advantage Timer for running repeated jobs.
Apr 21 18:17:01 localhost CRON[2518]: (root) CMD (   cd / && run-parts --report /etc/cron.hourly)
Apr 21 18:36:28 localhost systemd[1]: Starting Message of the Day...
Apr 21 18:36:28 localhost systemd[1]: motd-news.service: Deactivated successfully.
Apr 21 18:36:28 localhost systemd[1]: Finished Message of the Day.
Apr 21 18:58:33 localhost systemd[1]: Reloading.
Apr 21 18:58:33 localhost systemd[1]: Configuration file /run/systemd/system/netplan-ovs-cleanup.service is marked world-inaccessible. This has no effect as configuration data is accessible via APIs without restrictions. Proceeding anyway.
Apr 21 18:58:34 localhost systemd[1]: Reloading.
Apr 21 18:58:34 localhost systemd[1]: Configuration file /run/systemd/system/netplan-ovs-cleanup.service is marked world-inaccessible. This has no effect as configuration data is accessible via APIs without restrictions. Proceeding anyway.
Apr 21 18:58:34 localhost systemd[1]: Started Crash log pusher.
Apr 21 18:58:34 localhost runner.sh[3392]: [2026-04-22T00:58:34Z] git user: LH
Apr 21 18:58:34 localhost runner.sh[3392]: [2026-04-22T00:58:34Z] origin remote: https://github.com/Linfeng-He/machine_log.git
Apr 21 18:59:54 localhost systemd[1]: Reloading.
Apr 21 18:59:54 localhost systemd[1]: Configuration file /run/systemd/system/netplan-ovs-cleanup.service is marked world-inaccessible. This has no effect as configuration data is accessible via APIs without restrictions. Proceeding anyway.
Apr 21 18:59:54 localhost systemd[1]: Stopping Crash log pusher...
Apr 21 18:59:54 localhost runner.sh[3392]: [2026-04-22T00:59:54Z] stopping
Apr 21 18:59:56 localhost systemd[1]: crash-pusher.service: Main process exited, code=exited, status=143/n/a
Apr 21 18:59:56 localhost systemd[1]: crash-pusher.service: Killing process 9243 (sleep) with signal SIGKILL.
Apr 21 18:59:56 localhost systemd[1]: crash-pusher.service: Killing process 10410 (sleep) with signal SIGKILL.
Apr 21 18:59:56 localhost systemd[1]: crash-pusher.service: Killing process 10501 (sleep) with signal SIGKILL.
Apr 21 18:59:56 localhost systemd[1]: crash-pusher.service: Killing process 10511 (sleep) with signal SIGKILL.
Apr 21 18:59:56 localhost systemd[1]: crash-pusher.service: Failed with result 'exit-code'.
Apr 21 18:59:56 localhost systemd[1]: crash-pusher.service: Unit process 10501 (sleep) remains running after unit stopped.
Apr 21 18:59:56 localhost systemd[1]: Stopped Crash log pusher.
Apr 21 18:59:56 localhost systemd[1]: crash-pusher.service: Consumed 21.489s CPU time.
Apr 21 19:17:01 localhost CRON[10606]: (root) CMD (   cd / && run-parts --report /etc/cron.hourly)
Apr 21 19:50:13 localhost systemd[1]: Started Session 7 of User LH.
Apr 21 19:56:28 localhost systemd[1]: Started Session 8 of User LH.
Apr 21 19:59:14 localhost systemd[1]: session-7.scope: Deactivated successfully.
Apr 21 20:13:10 localhost systemd[1]: Started Session 9 of User LH.
Apr 21 20:14:29 localhost systemd[1]: session-8.scope: Deactivated successfully.
Apr 21 20:17:01 localhost CRON[11037]: (root) CMD (   cd / && run-parts --report /etc/cron.hourly)
Apr 21 20:31:11 localhost systemd[1]: session-9.scope: Deactivated successfully.
Apr 21 20:46:33 localhost systemd[1]: Started Session 11 of User LH.
Apr 21 21:04:34 localhost systemd[1]: session-11.scope: Deactivated successfully.
Apr 21 21:17:01 localhost CRON[11558]: (root) CMD (   cd / && run-parts --report /etc/cron.hourly)
Apr 21 21:17:35 localhost systemd[1]: Started Session 13 of User LH.
Apr 21 21:21:38 localhost systemd[1]: Started Session 14 of User LH.
Apr 21 21:22:24 localhost systemd[1]: Reloading.
Apr 21 21:22:24 localhost systemd[1]: Configuration file /run/systemd/system/netplan-ovs-cleanup.service is marked world-inaccessible. This has no effect as configuration data is accessible via APIs without restrictions. Proceeding anyway.
Apr 21 21:22:24 localhost systemd[1]: Reloading.
Apr 21 21:22:25 localhost systemd[1]: Configuration file /run/systemd/system/netplan-ovs-cleanup.service is marked world-inaccessible. This has no effect as configuration data is accessible via APIs without restrictions. Proceeding anyway.
Apr 21 21:22:25 localhost systemd[1]: Starting Daily apt download activities...
Apr 21 21:22:25 localhost systemd[1]: Started Crash log pusher.
Apr 21 21:22:25 localhost runner.sh[12087]: [2026-04-22T03:22:25Z] git user: LH
Apr 21 21:22:25 localhost runner.sh[12087]: [2026-04-22T03:22:25Z] origin remote: https://github.com/Linfeng-He/machine_log.git
Apr 21 21:22:25 localhost systemd[1]: apt-daily.service: Deactivated successfully.
Apr 21 21:22:25 localhost systemd[1]: Finished Daily apt download activities.
Apr 21 21:22:39 localhost systemd[1]: Stopping Session 13 of User LH...
Apr 21 21:22:39 localhost systemd[1]: Stopping Session 14 of User LH...
Apr 21 21:22:39 localhost systemd[1]: Stopping Session 3 of User LH...
Apr 21 21:22:39 localhost systemd[1]: Removed slice Slice /system/emulab-networkd.
Apr 21 21:22:39 localhost systemd[1]: Removed slice Slice /system/modprobe.
Apr 21 21:22:39 localhost systemd[1]: Stopped target Graphical Interface.
Apr 21 21:22:39 localhost systemd[1]: Stopped target Multi-User System.
Apr 21 21:22:39 localhost systemd[1]: Stopped target Login Prompts.
Apr 21 21:22:39 localhost systemd[1]: Stopped target rpc_pipefs.target.
Apr 21 21:22:39 localhost systemd[1]: Stopped target RPC Port Mapper.
Apr 21 21:22:39 localhost systemd[1]: Stopped target Timer Units.
Apr 21 21:22:39 localhost systemd[1]: apt-daily-upgrade.timer: Deactivated successfully.
Apr 21 21:22:39 localhost systemd[1]: Stopped Daily apt upgrade and clean activities.
Apr 21 21:22:39 localhost systemd[1]: apt-daily.timer: Deactivated successfully.
Apr 21 21:22:39 localhost systemd[1]: Stopped Daily apt download activities.
Apr 21 21:22:39 localhost systemd[1]: dpkg-db-backup.timer: Deactivated successfully.
Apr 21 21:22:39 localhost systemd[1]: Stopped Daily dpkg database backup timer.
Apr 21 21:22:39 localhost systemd[1]: e2scrub_all.timer: Deactivated successfully.
Apr 21 21:22:39 localhost systemd[1]: Stopped Periodic ext4 Online Metadata Check for All Filesystems.
Apr 21 21:22:39 localhost systemd[1]: fstrim.timer: Deactivated successfully.
Apr 21 21:22:39 localhost systemd[1]: Stopped Discard unused blocks once a week.
Apr 21 21:22:39 localhost systemd[1]: logrotate.timer: Deactivated successfully.
Apr 21 21:22:39 localhost systemd[1]: Stopped Daily rotation of log files.
Apr 21 21:22:39 localhost systemd[1]: man-db.timer: Deactivated successfully.
Apr 21 21:22:39 localhost systemd[1]: Stopped Daily man-db regeneration.
Apr 21 21:22:39 localhost systemd[1]: motd-news.timer: Deactivated successfully.
Apr 21 21:22:39 localhost systemd[1]: Stopped Message of the Day.
Apr 21 21:22:39 localhost systemd[1]: systemd-tmpfiles-clean.timer: Deactivated successfully.
Apr 21 21:22:39 localhost systemd[1]: Stopped Daily Cleanup of Temporary Directories.
Apr 21 21:22:39 localhost systemd[1]: ua-timer.timer: Deactivated successfully.
Apr 21 21:22:39 localhost systemd[1]: Stopped Ubuntu Advantage Timer for running repeated jobs.
Apr 21 21:22:39 localhost systemd[1]: lvm2-lvmpolld.socket: Deactivated successfully.
Apr 21 21:22:39 localhost systemd[1]: Closed LVM2 poll daemon socket.
Apr 21 21:22:39 localhost systemd[1]: systemd-rfkill.socket: Deactivated successfully.
Apr 21 21:22:39 localhost systemd[1]: Closed Load/Save RF Kill Switch Status /dev/rfkill Watch.
Apr 21 21:22:39 localhost systemd[1]: Unmounting RPC Pipe File System...
Apr 21 21:22:39 localhost systemd[1]: Stopping Availability of block devices...
Apr 21 21:22:39 localhost systemd[1]: Stopping Crash log pusher...
Apr 21 21:22:39 localhost systemd[1]: Stopping Regular background program processing daemon...
Apr 21 21:22:39 localhost systemd[1]: Stopping Getty on tty1...
Apr 21 21:22:39 localhost systemd[1]: Stopping irqbalance daemon...
Apr 21 21:22:39 localhost systemd[1]: Stopping Dispatcher daemon for systemd-networkd...
Apr 21 21:22:39 localhost ntpd[842]: ntpd exiting on signal 15 (Terminated)
Apr 21 21:24:25 localhost systemd[1]: Mounted Huge Pages File System.
Apr 21 21:24:25 localhost kernel: [    0.000000] microcode: microcode updated early to revision 0x700001c, date = 2021-06-12
Apr 21 21:24:25 localhost kernel: [    0.000000] Linux version 5.15.0-168-generic (buildd@lcy02-amd64-116) (gcc (Ubuntu 11.4.0-1ubuntu1~22.04.2) 11.4.0, GNU ld (GNU Binutils for Ubuntu) 2.38) #178-Ubuntu SMP Fri Jan 9 19:05:03 UTC 2026 (Ubuntu 5.15.0-168.178-generic 5.15.193)
Apr 21 21:24:25 localhost kernel: [    0.000000] Command line: BOOT_IMAGE=/boot/vmlinuz-5.15.0-168-generic root=UUID=571337a8-0ea6-44bd-9cfc-6cb9719427c1 emulabcnet=14:58:d0:58:1f:92 ro console=ttyS0,115200
Apr 21 21:24:25 localhost kernel: [    0.000000] KERNEL supported cpus:
Apr 21 21:24:25 localhost kernel: [    0.000000]   Intel GenuineIntel
Apr 21 21:24:25 localhost kernel: [    0.000000]   AMD AuthenticAMD
Apr 21 21:24:25 localhost kernel: [    0.000000]   Hygon HygonGenuine
Apr 21 21:24:25 localhost systemd[1]: Mounted POSIX Message Queue File System.
Apr 21 21:24:25 localhost kernel: [    0.000000]   Centaur CentaurHauls
Apr 21 21:24:25 localhost kernel: [    0.000000]   zhaoxin   Shanghai  
Apr 21 21:24:25 localhost kernel: [    0.000000] BIOS-provided physical RAM map:
Apr 21 21:24:25 localhost kernel: [    0.000000] BIOS-e820: [mem 0x0000000000000000-0x0000000000092fff] usable
Apr 21 21:24:25 localhost kernel: [    0.000000] BIOS-e820: [mem 0x0000000000093000-0x0000000000093fff] reserved
Apr 21 21:24:25 localhost kernel: [    0.000000] BIOS-e820: [mem 0x0000000000094000-0x000000000009ffff] usable
Apr 21 21:24:25 localhost kernel: [    0.000000] BIOS-e820: [mem 0x0000000000100000-0x000000006b3a0fff] usable
Apr 21 21:24:25 localhost kernel: [    0.000000] BIOS-e820: [mem 0x000000006b3a1000-0x000000006b9a0fff] reserved
Apr 21 21:24:25 localhost kernel: [    0.000000] BIOS-e820: [mem 0x000000006b9a1000-0x000000006b9a1fff] usable
Apr 21 21:24:25 localhost kernel: [    0.000000] BIOS-e820: [mem 0x000000006b9a2000-0x000000006ba22fff] reserved
Apr 21 21:24:25 localhost systemd[1]: Mounted Kernel Debug File System.
Apr 21 21:24:25 localhost kernel: [    0.000000] BIOS-e820: [mem 0x000000006ba23000-0x00000000784fefff] usable
Apr 21 21:24:25 localhost kernel: [    0.000000] BIOS-e820: [mem 0x00000000784ff000-0x00000000791fefff] reserved
Apr 21 21:24:25 localhost kernel: [    0.000000] BIOS-e820: [mem 0x00000000791ff000-0x000000007b5fefff] ACPI NVS
Apr 21 21:24:25 localhost systemd[1]: Mounted Kernel Trace File System.
Apr 21 21:24:25 localhost kernel: [    0.000000] BIOS-e820: [mem 0x000000007b5ff000-0x000000007b7fefff] ACPI data
Apr 21 21:24:25 localhost kernel: [    0.000000] BIOS-e820: [mem 0x000000007b7ff000-0x000000007b7fffff] usable
Apr 21 21:24:25 localhost kernel: [    0.000000] BIOS-e820: [mem 0x0000000080000000-0x000000008fffffff] reserved
Apr 21 21:24:25 localhost kernel: [    0.000000] BIOS-e820: [mem 0x0000000100000000-0x000000107fffffff] usable
Apr 21 21:24:25 localhost kernel: [    0.000000] NX (Execute Disable) protection: active
Apr 21 21:24:25 localhost kernel: [    0.000000] e820: update [mem 0x770cb018-0x770f7057] usable ==> usable
Apr 21 21:24:25 localhost systemd[1]: Finished Set the console keyboard layout.
Apr 21 21:24:25 localhost kernel: [    0.000000] e820: update [mem 0x770cb018-0x770f7057] usable ==> usable
Apr 21 21:24:25 localhost kernel: [    0.000000] e820: update [mem 0x770c2018-0x770ca057] usable ==> usable
Apr 21 21:24:25 localhost kernel: [    0.000000] e820: update [mem 0x770c2018-0x770ca057] usable ==> usable
Apr 21 21:24:25 localhost kernel: [    0.000000] e820: update [mem 0x770b7018-0x770c1257] usable ==> usable
Apr 21 21:24:25 localhost kernel: [    0.000000] e820: update [mem 0x770b7018-0x770c1257] usable ==> usable
Apr 21 21:24:25 localhost kernel: [    0.000000] extended physical RAM map:
Apr 21 21:24:25 localhost kernel: [    0.000000] reserve setup_data: [mem 0x0000000000000000-0x0000000000092fff] usable
Apr 21 21:24:25 localhost systemd[1]: Finished Create List of Static Device Nodes.
Apr 21 21:24:25 localhost kernel: [    0.000000] reserve setup_data: [mem 0x0000000000093000-0x0000000000093fff] reserved
Apr 21 21:24:25 localhost kernel: [    0.000000] reserve setup_data: [mem 0x0000000000094000-0x000000000009ffff] usable
Apr 21 21:24:25 localhost kernel: [    0.000000] reserve setup_data: [mem 0x0000000000100000-0x000000006b3a0fff] usable
Apr 21 21:24:25 localhost kernel: [    0.000000] reserve setup_data: [mem 0x000000006b3a1000-0x000000006b9a0fff] reserved
Apr 21 21:24:25 localhost kernel: [    0.000000] reserve setup_data: [mem 0x000000006b9a1000-0x000000006b9a1fff] usable
Apr 21 21:24:25 localhost kernel: [    0.000000] reserve setup_data: [mem 0x000000006b9a2000-0x000000006ba22fff] reserved
Apr 21 21:24:25 localhost kernel: [    0.000000] reserve setup_data: [mem 0x000000006ba23000-0x00000000770b7017] usable
Apr 21 21:24:25 localhost kernel: [    0.000000] reserve setup_data: [mem 0x00000000770b7018-0x00000000770c1257] usable
Apr 21 21:24:25 localhost kernel: [    0.000000] reserve setup_data: [mem 0x00000000770c1258-0x00000000770c2017] usable
Apr 21 21:24:25 localhost kernel: [    0.000000] reserve setup_data: [mem 0x00000000770c2018-0x00000000770ca057] usable
Apr 21 21:24:25 localhost kernel: [    0.000000] reserve setup_data: [mem 0x00000000770ca058-0x00000000770cb017] usable
Apr 21 21:24:25 localhost systemd[1]: Finished Monitoring of LVM2 mirrors, snapshots etc. using dmeventd or progress polling.
Apr 21 21:24:25 localhost kernel: [    0.000000] reserve setup_data: [mem 0x00000000770cb018-0x00000000770f7057] usable
Apr 21 21:24:25 localhost kernel: [    0.000000] reserve setup_data: [mem 0x00000000770f7058-0x00000000784fefff] usable
Apr 21 21:24:25 localhost kernel: [    0.000000] reserve setup_data: [mem 0x00000000784ff000-0x00000000791fefff] reserved
Apr 21 21:24:25 localhost kernel: [    0.000000] reserve setup_data: [mem 0x00000000791ff000-0x000000007b5fefff] ACPI NVS
Apr 21 21:24:25 localhost kernel: [    0.000000] reserve setup_data: [mem 0x000000007b5ff000-0x000000007b7fefff] ACPI data
Apr 21 21:24:25 localhost kernel: [    0.000000] reserve setup_data: [mem 0x000000007b7ff000-0x000000007b7fffff] usable
Apr 21 21:24:25 localhost kernel: [    0.000000] reserve setup_data: [mem 0x0000000080000000-0x000000008fffffff] reserved
Apr 21 21:24:25 localhost kernel: [    0.000000] reserve setup_data: [mem 0x0000000100000000-0x000000107fffffff] usable
Apr 21 21:24:25 localhost kernel: [    0.000000] efi: EFI v2.40 by HP
Apr 21 21:24:25 localhost kernel: [    0.000000] efi: ACPI=0x7b7fe000 ACPI 2.0=0x7b7fe014 SMBIOS=0x788da000 RNG=0x7b7d9f98 
Apr 21 21:24:25 localhost kernel: [    0.000000] random: crng init done
Apr 21 21:24:25 localhost kernel: [    0.000000] secureboot: Secure boot disabled
Apr 21 21:24:25 localhost kernel: [    0.000000] SMBIOS 2.8 present.
Apr 21 21:24:25 localhost systemd[1]: modprobe@configfs.service: Deactivated successfully.
Apr 21 21:24:25 localhost kernel: [    0.000000] DMI: HP ProLiant m510 Server Cartridge/ProLiant m510 Server Cartridge, BIOS H05 05/09/2016
Apr 21 21:24:25 localhost kernel: [    0.000000] tsc: Fast TSC calibration using PIT
Apr 21 21:24:25 localhost kernel: [    0.000000] tsc: Detected 1995.419 MHz processor
Apr 21 21:24:25 localhost kernel: [    0.000027] e820: update [mem 0x00000000-0x00000fff] usable ==> reserved
Apr 21 21:24:25 localhost kernel: [    0.000038] e820: remove [mem 0x000a0000-0x000fffff] usable
Apr 21 21:24:25 localhost kernel: [    0.000071] last_pfn = 0x1080000 max_arch_pfn = 0x400000000
Apr 21 21:24:25 localhost kernel: [    0.000391] x86/PAT: Configuration [0-7]: WB  WC  UC- UC  WB  WP  UC- WT  
Apr 21 21:24:25 localhost kernel: [    0.002613] last_pfn = 0x7b800 max_arch_pfn = 0x400000000
Apr 21 21:24:25 localhost systemd[1]: Finished Load Kernel Module configfs.
Apr 21 21:24:25 localhost kernel: [    0.032559] Using GB pages for direct mapping
Apr 21 21:24:25 localhost kernel: [    0.033652] secureboot: Secure boot disabled
Apr 21 21:24:25 localhost kernel: [    0.033656] RAMDISK: [mem 0x5fda5000-0x641cffff]
Apr 21 21:24:25 localhost kernel: [    0.033674] ACPI: Early table checksum verification disabled
Apr 21 21:24:25 localhost kernel: [    0.033683] ACPI: RSDP 0x000000007B7FE014 000024 (v02 HP    )
Apr 21 21:24:25 localhost kernel: [    0.033699] ACPI: XSDT 0x000000007B7E8188 0000F4 (v01 HP     ProLiant 00000001      01000013)
Apr 21 21:24:25 localhost kernel: [    0.033718] ACPI: FACP 0x000000007B7F5000 00010C (v05 HP     ProLiant 00000001 HP   00000001)
Apr 21 21:24:25 localhost systemd[1]: modprobe@drm.service: Deactivated successfully.
Apr 21 21:24:25 localhost kernel: [    0.033738] ACPI: DSDT 0x000000007B7E2000 004EB5 (v02 HP     DSDT     00000002 HPAG 00020000)
Apr 21 21:24:25 localhost kernel: [    0.033752] ACPI: FACS 0x000000007B581000 000040
Apr 21 21:24:25 localhost kernel: [    0.033763] ACPI: UEFI 0x000000007B5B9000 000042 (v01 HP     ProLiant 00000002      01000013)
Apr 21 21:24:25 localhost kernel: [    0.033776] ACPI: MCEJ 0x000000007B7FC000 000130 (v01 HP     ProLiant 00000001 INTL 0100000D)
Apr 21 21:24:25 localhost kernel: [    0.033788] ACPI: SSDT 0x000000007B7FB000 000064 (v02 HP     SpsNvs   00000002 INTL 20130328)
Apr 21 21:24:25 localhost kernel: [    0.033800] ACPI: HEST 0x000000007B7FA000 0000A8 (v01 HP     ProLiant 00000001 INTL 00000001)
Apr 21 21:24:25 localhost kernel: [    0.033813] ACPI: BERT 0x000000007B7F9000 000030 (v01 HP     ProLiant 00000001 INTL 00000001)
Apr 21 21:24:25 localhost kernel: [    0.033825] ACPI: ERST 0x000000007B7F8000 000230 (v01 HP     ProLiant 00000001 INTL 00000001)
Apr 21 21:24:25 localhost kernel: [    0.033837] ACPI: EINJ 0x000000007B7F7000 000150 (v01 HP     ProLiant 00000001 INTL 00000001)
Apr 21 21:24:25 localhost kernel: [    0.033849] ACPI: BGRT 0x000000007B7F6000 000038 (v01 HP     ProLiant 00000002 HP   01000013)
Apr 21 21:24:25 localhost kernel: [    0.033861] ACPI: HPET 0x000000007B7F4000 000038 (v01 HP     ProLiant 00000001 HP   00000001)
Apr 21 21:24:25 localhost systemd[1]: Finished Load Kernel Module drm.
Apr 21 21:24:25 localhost kernel: [    0.033873] ACPI: PMCT 0x000000007B7F3000 000064 (v01 HP     ProLiant 00000001 HP   00000001)
Apr 21 21:24:25 localhost kernel: [    0.033885] ACPI: WDDT 0x000000007B7F2000 000040 (v01 HP     ProLiant 00000001 HP   00000001)
Apr 21 21:24:25 localhost kernel: [    0.033897] ACPI: APIC 0x000000007B7F1000 00021E (v03 HP     ProLiant 00000001 HP   00000001)
Apr 21 21:24:25 localhost kernel: [    0.033909] ACPI: MCFG 0x000000007B7F0000 00003C (v01 HP     ProLiant 00000001 HP   00000001)
Apr 21 21:24:25 localhost kernel: [    0.033922] ACPI: SLIT 0x000000007B7EF000 00002D (v01 HP     ProLiant 00000001 HP   00000001)
Apr 21 21:24:25 localhost kernel: [    0.033934] ACPI: SRAT 0x000000007B7EE000 0001D8 (v03 HP     ProLiant 00000001 HP   00000001)
Apr 21 21:24:25 localhost kernel: [    0.033946] ACPI: SPMI 0x000000007B7ED000 000041 (v05 HP     ProLiant 00000001 HP   00000001)
Apr 21 21:24:25 localhost kernel: [    0.033958] ACPI: RASF 0x000000007B7EC000 000030 (v01 HP     ProLiant 00000001 HP   00000001)
Apr 21 21:24:25 localhost kernel: [    0.033970] ACPI: SPCR 0x000000007B7EB000 000050 (v01 HP     ProLiant 00000001 HP   00000001)
Apr 21 21:24:25 localhost systemd[1]: modprobe@efi_pstore.service: Deactivated successfully.
Apr 21 21:24:25 localhost kernel: [    0.033982] ACPI: MSCT 0x000000007B7EA000 00004E (v01 HP     ProLiant 00000001 HP   00000001)
Apr 21 21:24:25 localhost kernel: [    0.033994] ACPI: BDAT 0x000000007B7E9000 000030 (v01 HP     ProLiant 00000001 HP   00000001)
Apr 21 21:24:25 localhost kernel: [    0.034006] ACPI: PCCT 0x000000007B7FD000 00006E (v01 HP     ProLiant 00000001 HP   00000001)
Apr 21 21:24:25 localhost kernel: [    0.034019] ACPI: DMAR 0x000000007B7E7000 0001C0 (v01 HP     ProLiant 00000001 HP   00000001)
Apr 21 21:24:25 localhost kernel: [    0.034031] ACPI: SSDT 0x000000007B7DC000 005473 (v02 HP     PCISSDT  00000002 HPAG 00020000)
Apr 21 21:24:25 localhost systemd[1]: Finished Load Kernel Module efi_pstore.
Apr 21 21:24:25 localhost systemd[1]: modprobe@fuse.service: Deactivated successfully.
Apr 21 21:24:25 localhost systemd[1]: Finished Load Kernel Module fuse.
Apr 21 21:24:25 localhost systemd[1]: Finished Load Kernel Modules.
Apr 21 21:24:25 localhost systemd[1]: Finished Remount Root and Kernel File Systems.
Apr 21 21:24:25 localhost systemd[1]: Mounting FUSE Control File System...
Apr 21 21:24:25 localhost systemd[1]: Mounting Kernel Configuration File System...
Apr 21 21:24:25 localhost systemd[1]: Starting Flush Journal to Persistent Storage...
Apr 21 21:24:25 localhost systemd[1]: Condition check resulted in Platform Persistent Storage Archival being skipped.
Apr 21 21:24:25 localhost kernel: [    0.034043] ACPI: SSDT 0x000000007B7DB000 0001CB (v02 HP     TIMESSDT 00000002 HPAG 00020000)
Apr 21 21:24:25 localhost kernel: [    0.034055] ACPI: SSDT 0x000000007B7DA000 0002F2 (v01 HP     pmab     00000001 INTL 20130328)
Apr 21 21:24:25 localhost systemd[1]: Starting Load/Save Random Seed...
Apr 21 21:24:25 localhost kernel: [    0.034066] ACPI: Reserving FACP table memory at [mem 0x7b7f5000-0x7b7f510b]
Apr 21 21:24:25 localhost kernel: [    0.034074] ACPI: Reserving DSDT table memory at [mem 0x7b7e2000-0x7b7e6eb4]
Apr 21 21:24:25 localhost kernel: [    0.034080] ACPI: Reserving FACS table memory at [mem 0x7b581000-0x7b58103f]
Apr 21 21:24:25 localhost kernel: [    0.034084] ACPI: Reserving UEFI table memory at [mem 0x7b5b9000-0x7b5b9041]
Apr 21 21:24:25 localhost kernel: [    0.034089] ACPI: Reserving MCEJ table memory at [mem 0x7b7fc000-0x7b7fc12f]
Apr 21 21:24:25 localhost kernel: [    0.034094] ACPI: Reserving SSDT table memory at [mem 0x7b7fb000-0x7b7fb063]
Apr 21 21:24:25 localhost kernel: [    0.034099] ACPI: Reserving HEST table memory at [mem 0x7b7fa000-0x7b7fa0a7]
Apr 21 21:24:25 localhost systemd[1]: Starting Apply Kernel Variables...
Apr 21 21:24:25 localhost kernel: [    0.034103] ACPI: Reserving BERT table memory at [mem 0x7b7f9000-0x7b7f902f]
Apr 21 21:24:25 localhost kernel: [    0.034108] ACPI: Reserving ERST table memory at [mem 0x7b7f8000-0x7b7f822f]
Apr 21 21:24:25 localhost kernel: [    0.034113] ACPI: Reserving EINJ table memory at [mem 0x7b7f7000-0x7b7f714f]
Apr 21 21:24:25 localhost kernel: [    0.034118] ACPI: Reserving BGRT table memory at [mem 0x7b7f6000-0x7b7f6037]
Apr 21 21:24:25 localhost kernel: [    0.034123] ACPI: Reserving HPET table memory at [mem 0x7b7f4000-0x7b7f4037]
Apr 21 21:24:25 localhost kernel: [    0.034127] ACPI: Reserving PMCT table memory at [mem 0x7b7f3000-0x7b7f3063]
Apr 21 21:24:25 localhost kernel: [    0.034132] ACPI: Reserving WDDT table memory at [mem 0x7b7f2000-0x7b7f203f]
Apr 21 21:24:25 localhost kernel: [    0.034137] ACPI: Reserving APIC table memory at [mem 0x7b7f1000-0x7b7f121d]
Apr 21 21:24:25 localhost kernel: [    0.034142] ACPI: Reserving MCFG table memory at [mem 0x7b7f0000-0x7b7f003b]
Apr 21 21:24:25 localhost systemd[1]: Starting Create System Users...
Apr 21 21:24:25 localhost kernel: [    0.034147] ACPI: Reserving SLIT table memory at [mem 0x7b7ef000-0x7b7ef02c]
Apr 21 21:24:25 localhost kernel: [    0.034151] ACPI: Reserving SRAT table memory at [mem 0x7b7ee000-0x7b7ee1d7]
Apr 21 21:24:25 localhost kernel: [    0.034156] ACPI: Reserving SPMI table memory at [mem 0x7b7ed000-0x7b7ed040]
Apr 21 21:24:25 localhost kernel: [    0.034161] ACPI: Reserving RASF table memory at [mem 0x7b7ec000-0x7b7ec02f]
Apr 21 21:24:25 localhost kernel: [    0.034166] ACPI: Reserving SPCR table memory at [mem 0x7b7eb000-0x7b7eb04f]
Apr 21 21:24:25 localhost kernel: [    0.034171] ACPI: Reserving MSCT table memory at [mem 0x7b7ea000-0x7b7ea04d]
Apr 21 21:24:25 localhost kernel: [    0.034176] ACPI: Reserving BDAT table memory at [mem 0x7b7e9000-0x7b7e902f]
Apr 21 21:24:25 localhost systemd[1]: Finished Coldplug All udev Devices.
Apr 21 21:24:25 localhost kernel: [    0.034181] ACPI: Reserving PCCT table memory at [mem 0x7b7fd000-0x7b7fd06d]
Apr 21 21:24:25 localhost kernel: [    0.034186] ACPI: Reserving DMAR table memory at [mem 0x7b7e7000-0x7b7e71bf]
Apr 21 21:24:25 localhost kernel: [    0.034191] ACPI: Reserving SSDT table memory at [mem 0x7b7dc000-0x7b7e1472]
Apr 21 21:24:25 localhost kernel: [    0.034196] ACPI: Reserving SSDT table memory at [mem 0x7b7db000-0x7b7db1ca]
Apr 21 21:24:25 localhost kernel: [    0.034201] ACPI: Reserving SSDT table memory at [mem 0x7b7da000-0x7b7da2f1]
Apr 21 21:24:25 localhost kernel: [    0.034338] SRAT: PXM 0 -> APIC 0x0000 -> Node 0
Apr 21 21:24:25 localhost kernel: [    0.034345] SRAT: PXM 0 -> APIC 0x0002 -> Node 0
Apr 21 21:24:25 localhost kernel: [    0.034349] SRAT: PXM 0 -> APIC 0x0004 -> Node 0
Apr 21 21:24:25 localhost systemd[1]: Mounted FUSE Control File System.
Apr 21 21:24:25 localhost kernel: [    0.034353] SRAT: PXM 0 -> APIC 0x0006 -> Node 0
Apr 21 21:24:25 localhost kernel: [    0.034357] SRAT: PXM 0 -> APIC 0x0008 -> Node 0
Apr 21 21:24:25 localhost kernel: [    0.034360] SRAT: PXM 0 -> APIC 0x000a -> Node 0
Apr 21 21:24:25 localhost kernel: [    0.034364] SRAT: PXM 0 -> APIC 0x000c -> Node 0
Apr 21 21:24:25 localhost kernel: [    0.034367] SRAT: PXM 0 -> APIC 0x000e -> Node 0
Apr 21 21:24:25 localhost kernel: [    0.034371] SRAT: PXM 0 -> APIC 0x0001 -> Node 0
Apr 21 21:24:25 localhost kernel: [    0.034375] SRAT: PXM 0 -> APIC 0x0003 -> Node 0
Apr 21 21:24:25 localhost kernel: [    0.034378] SRAT: PXM 0 -> APIC 0x0005 -> Node 0
Apr 21 21:24:25 localhost kernel: [    0.034382] SRAT: PXM 0 -> APIC 0x0007 -> Node 0
Apr 21 21:24:25 localhost kernel: [    0.034385] SRAT: PXM 0 -> APIC 0x0009 -> Node 0
Apr 21 21:24:25 localhost kernel: [    0.034389] SRAT: PXM 0 -> APIC 0x000b -> Node 0
Apr 21 21:24:25 localhost systemd[1]: Mounted Kernel Configuration File System.
Apr 21 21:24:25 localhost kernel: [    0.034392] SRAT: PXM 0 -> APIC 0x000d -> Node 0
Apr 21 21:24:25 localhost kernel: [    0.034396] SRAT: PXM 0 -> APIC 0x000f -> Node 0
Apr 21 21:24:25 localhost kernel: [    0.034404] ACPI: SRAT: Node 0 PXM 0 [mem 0x00000000-0x107fffffff]
Apr 21 21:24:25 localhost kernel: [    0.034425] NUMA: Initialized distance table, cnt=1
Apr 21 21:24:25 localhost kernel: [    0.034462] NODE_DATA(0) allocated [mem 0x107ffd5000-0x107fffefff]
Apr 21 21:24:25 localhost kernel: [    0.036148] Zone ranges:
Apr 21 21:24:25 localhost kernel: [    0.036152]   DMA      [mem 0x0000000000001000-0x0000000000ffffff]
Apr 21 21:24:25 localhost systemd[1]: Finished Load/Save Random Seed.
Apr 21 21:24:25 localhost kernel: [    0.036161]   DMA32    [mem 0x0000000001000000-0x00000000ffffffff]
Apr 21 21:24:25 localhost kernel: [    0.036169]   Normal   [mem 0x0000000100000000-0x000000107fffffff]
Apr 21 21:24:25 localhost kernel: [    0.036177]   Device   empty
Apr 21 21:24:25 localhost kernel: [    0.036182] Movable zone start for each node
Apr 21 21:24:25 localhost kernel: [    0.036193] Early memory node ranges
Apr 21 21:24:25 localhost kernel: [    0.036197]   node   0: [mem 0x0000000000001000-0x0000000000092fff]
Apr 21 21:24:25 localhost kernel: [    0.036204]   node   0: [mem 0x0000000000094000-0x000000000009ffff]
Apr 21 21:24:25 localhost kernel: [    0.036209]   node   0: [mem 0x0000000000100000-0x000000006b3a0fff]
Apr 21 21:24:25 localhost systemd[1]: Finished Flush Journal to Persistent Storage.
Apr 21 21:24:25 localhost systemd[1]: Finished Apply Kernel Variables.
Apr 21 21:24:25 localhost systemd[1]: Condition check resulted in First Boot Complete being skipped.
Apr 21 21:24:25 localhost kernel: [    0.036216]   node   0: [mem 0x000000006b9a1000-0x000000006b9a1fff]
Apr 21 21:24:25 localhost systemd[1]: Finished Create System Users.
Apr 21 21:24:25 localhost kernel: [    0.036221]   node   0: [mem 0x000000006ba23000-0x00000000784fefff]
Apr 21 21:24:25 localhost kernel: [    0.036226]   node   0: [mem 0x000000007b7ff000-0x000000007b7fffff]
Apr 21 21:24:25 localhost systemd[1]: Starting Create Static Device Nodes in /dev...
Apr 21 21:24:25 localhost kernel: [    0.036231]   node   0: [mem 0x0000000100000000-0x000000107fffffff]
Apr 21 21:24:25 localhost systemd[1]: Finished Create Static Device Nodes in /dev.
Apr 21 21:24:25 localhost kernel: [    0.036261] Initmem setup node 0 [mem 0x0000000000001000-0x000000107fffffff]
Apr 21 21:24:25 localhost systemd[1]: Reached target Preparation for Local File Systems.
Apr 21 21:24:25 localhost kernel: [    0.036280] On node 0, zone DMA: 1 pages in unavailable ranges
Apr 21 21:24:25 localhost kernel: [    0.036286] On node 0, zone DMA: 1 pages in unavailable ranges
Apr 21 21:24:25 localhost kernel: [    0.036404] On node 0, zone DMA: 96 pages in unavailable ranges
Apr 21 21:24:25 localhost systemd[1]: Starting Rule-based Manager for Device Events and Files...
Apr 21 21:24:25 localhost kernel: [    0.047997] On node 0, zone DMA32: 1536 pages in unavailable ranges
Apr 21 21:24:25 localhost kernel: [    0.049368] On node 0, zone DMA32: 129 pages in unavailable ranges
Apr 21 21:24:25 localhost systemd[1]: Started Rule-based Manager for Device Events and Files.
Apr 21 21:24:25 localhost kernel: [    0.050052] On node 0, zone DMA32: 13056 pages in unavailable ranges
Apr 21 21:24:25 localhost systemd-udevd[471]: Using default interface naming scheme 'v249'.
Apr 21 21:24:25 localhost kernel: [    0.477095] On node 0, zone Normal: 18432 pages in unavailable ranges
Apr 21 21:24:25 localhost kernel: [    0.477555] ACPI: PM-Timer IO Port: 0x408
Apr 21 21:24:25 localhost kernel: [    0.477583] ACPI: X2APIC_NMI (uid[0x00] high level lint[0x1])
Apr 21 21:24:25 localhost kernel: [    0.477590] ACPI: X2APIC_NMI (uid[0x01] high level lint[0x1])
Apr 21 21:24:25 localhost kernel: [    0.477594] ACPI: X2APIC_NMI (uid[0x02] high level lint[0x1])
Apr 21 21:24:25 localhost kernel: [    0.477598] ACPI: X2APIC_NMI (uid[0x03] high level lint[0x1])
Apr 21 21:24:25 localhost systemd-udevd[452]: Using default interface naming scheme 'v249'.
Apr 21 21:24:25 localhost kernel: [    0.477601] ACPI: X2APIC_NMI (uid[0x04] high level lint[0x1])
Apr 21 21:24:25 localhost kernel: [    0.477605] ACPI: X2APIC_NMI (uid[0x05] high level lint[0x1])
Apr 21 21:24:25 localhost kernel: [    0.477609] ACPI: X2APIC_NMI (uid[0x06] high level lint[0x1])
Apr 21 21:24:25 localhost kernel: [    0.477613] ACPI: X2APIC_NMI (uid[0x07] high level lint[0x1])
Apr 21 21:24:25 localhost systemd[1]: Found device THNSN5256GPU7 TOSHIBA Linux\x20swap.
Apr 21 21:24:25 localhost kernel: [    0.477616] ACPI: X2APIC_NMI (uid[0x08] high level lint[0x1])
Apr 21 21:24:25 localhost kernel: [    0.477620] ACPI: X2APIC_NMI (uid[0x09] high level lint[0x1])
Apr 21 21:24:25 localhost systemd[1]: Found device THNSN5256GPU7 TOSHIBA EFI\x20System.
Apr 21 21:24:25 localhost kernel: [    0.477624] ACPI: X2APIC_NMI (uid[0x0a] high level lint[0x1])
Apr 21 21:24:25 localhost kernel: [    0.477628] ACPI: X2APIC_NMI (uid[0x0b] high level lint[0x1])
Apr 21 21:24:25 localhost systemd[1]: Found device /dev/ttyS0.
Apr 21 21:24:25 localhost kernel: [    0.477631] ACPI: X2APIC_NMI (uid[0x0c] high level lint[0x1])
Apr 21 21:24:25 localhost kernel: [    0.477635] ACPI: X2APIC_NMI (uid[0x0d] high level lint[0x1])
Apr 21 21:24:25 localhost kernel: [    0.477639] ACPI: X2APIC_NMI (uid[0x0e] high level lint[0x1])
Apr 21 21:24:25 localhost kernel: [    0.477643] ACPI: X2APIC_NMI (uid[0x0f] high level lint[0x1])
Apr 21 21:24:25 localhost systemd[1]: Created slice Slice /system/emulab-networkd.
Apr 21 21:24:25 localhost kernel: [    0.477649] ACPI: LAPIC_NMI (acpi_id[0xff] high level lint[0x1])
Apr 21 21:24:25 localhost kernel: [    0.477667] IOAPIC[0]: apic_id 8, version 32, address 0xfec00000, GSI 0-23
Apr 21 21:24:25 localhost systemd[1]: Listening on Load/Save RF Kill Switch Status /dev/rfkill Watch.
Apr 21 21:24:25 localhost kernel: [    0.477679] IOAPIC[1]: apic_id 9, version 32, address 0xfec01000, GSI 24-47
Apr 21 21:24:25 localhost kernel: [    0.477688] ACPI: INT_SRC_OVR (bus 0 bus_irq 0 global_irq 2 dfl dfl)
Apr 21 21:24:25 localhost kernel: [    0.477695] ACPI: INT_SRC_OVR (bus 0 bus_irq 9 global_irq 9 high level)
Apr 21 21:24:25 localhost kernel: [    0.477709] ACPI: Using ACPI (MADT) for SMP configuration information
Apr 21 21:24:25 localhost systemd[1]: Activating swap /dev/disk/by-uuid/c6aef0d8-d2eb-4a73-ba75-474f96e63e30...
Apr 21 21:24:25 localhost kernel: [    0.477714] ACPI: HPET id: 0x8086a701 base: 0xfed00000
Apr 21 21:24:25 localhost systemd[1]: Started Emulab systemd-networkd on eno1.
Apr 21 21:24:25 localhost kernel: [    0.477743] e820: update [mem 0x70e8b000-0x70ebbfff] usable ==> reserved
Apr 21 21:24:25 localhost kernel: [    0.477788] ACPI: SPCR: SPCR table version 1
Apr 21 21:24:25 localhost kernel: [    0.477792] ACPI: SPCR: Unexpected SPCR Access Width.  Defaulting to byte size
Apr 21 21:24:25 localhost kernel: [    0.477797] ACPI: SPCR: console: uart,mmio,0x0,115200
Apr 21 21:24:25 localhost systemd[1]: Started Emulab systemd-networkd on eno1d1.
Apr 21 21:24:25 localhost kernel: [    0.477804] TSC deadline timer available
Apr 21 21:24:25 localhost kernel: [    0.477808] smpboot: Allowing 16 CPUs, 0 hotplug CPUs
Apr 21 21:24:25 localhost systemd[1]: Condition check resulted in OpenVSwitch configuration for cleanup being skipped.
Apr 21 21:24:25 localhost systemd[1]: Starting File System Check on /dev/disk/by-partlabel/EFI\x20System...
Apr 21 21:24:25 localhost kernel: [    0.477869] PM: hibernation: Registered nosave memory: [mem 0x00000000-0x00000fff]
Apr 21 21:24:25 localhost kernel: [    0.477878] PM: hibernation: Registered nosave memory: [mem 0x00093000-0x00093fff]
Apr 21 21:24:25 localhost kernel: [    0.477886] PM: hibernation: Registered nosave memory: [mem 0x000a0000-0x000fffff]
Apr 21 21:24:25 localhost systemd[1]: Activated swap /dev/disk/by-uuid/c6aef0d8-d2eb-4a73-ba75-474f96e63e30.
Apr 21 21:24:25 localhost kernel: [    0.477893] PM: hibernation: Registered nosave memory: [mem 0x6b3a1000-0x6b9a0fff]
Apr 21 21:24:25 localhost kernel: [    0.477901] PM: hibernation: Registered nosave memory: [mem 0x6b9a2000-0x6ba22fff]
Apr 21 21:24:25 localhost kernel: [    0.477908] PM: hibernation: Registered nosave memory: [mem 0x70e8b000-0x70ebbfff]
Apr 21 21:24:25 localhost kernel: [    0.477916] PM: hibernation: Registered nosave memory: [mem 0x784ff000-0x7b7fefff]
Apr 21 21:24:25 localhost systemd[1]: Reached target Swaps.
Apr 21 21:24:25 localhost systemd[1]: Starting Emulab fstab fixup (swap)...
Apr 21 21:24:25 localhost kernel: [    0.477924] PM: hibernation: Registered nosave memory: [mem 0x7b800000-0xffffffff]
Apr 21 21:24:25 localhost systemd[1]: Started File System Check Daemon to report status.
Apr 21 21:24:25 localhost kernel: [    0.477930] [mem 0x90000000-0xffffffff] available for PCI devices
Apr 21 21:24:25 localhost kernel: [    0.477936] Booting paravirtualized kernel on bare hardware
Apr 21 21:24:25 localhost systemd[1]: emulab-fstab-fixup.service: Deactivated successfully.
Apr 21 21:24:25 localhost systemd[1]: Finished Emulab fstab fixup (swap).
Apr 21 21:24:25 localhost systemd-fsck[632]: fsck.fat 4.2 (2021-01-31)
Apr 21 21:24:25 localhost systemd-fsck[632]: /dev/nvme0n1p1: 15 files, 2589/65466 clusters
Apr 21 21:24:25 localhost systemd[1]: Finished File System Check on /dev/disk/by-partlabel/EFI\x20System.
Apr 21 21:24:25 localhost systemd[1]: Mounting /boot/efi...
Apr 21 21:24:25 localhost systemd[1]: Mounted /boot/efi.
Apr 21 21:24:25 localhost systemd[1]: Reached target Local File Systems.
Apr 21 21:24:25 localhost systemd[1]: Starting Load AppArmor profiles...
Apr 21 21:24:25 localhost systemd[1]: Starting Set console font and keymap...
Apr 21 21:24:25 localhost apparmor.systemd[642]: Restarting AppArmor
Apr 21 21:24:25 localhost apparmor.systemd[642]: Reloading AppArmor profiles
Apr 21 21:24:25 localhost systemd[1]: Starting Force udev to settle before systemd-networkd starts...
Apr 21 21:24:25 localhost apparmor.systemd[659]: Skipping profile in /etc/apparmor.d/disable: usr.sbin.rsyslogd
Apr 21 21:24:25 localhost sh[651]: Waiting for udev to settle...
Apr 21 21:24:25 localhost systemd[1]: Condition check resulted in RPC security service for NFS server being skipped.
Apr 21 21:24:25 localhost systemd[1]: Starting Set Up Additional Binary Formats...
Apr 21 21:24:25 localhost systemd[1]: Condition check resulted in Store a System Token in an EFI Variable being skipped.
Apr 21 21:24:25 localhost systemd[1]: Condition check resulted in Commit a transient machine-id on disk being skipped.
Apr 21 21:24:25 localhost systemd[1]: Starting Create Volatile Files and Directories...
Apr 21 21:24:25 localhost systemd[1]: Starting Uncomplicated firewall...
Apr 21 21:24:25 localhost systemd[1]: Finished Load AppArmor profiles.
Apr 21 21:24:25 localhost systemd[1]: Finished Set console font and keymap.
Apr 21 21:24:25 localhost systemd[1]: Finished Create Volatile Files and Directories.
Apr 21 21:24:25 localhost systemd[1]: Finished Uncomplicated firewall.
Apr 21 21:24:25 localhost systemd[1]: proc-sys-fs-binfmt_misc.automount: Got automount request for /proc/sys/fs/binfmt_misc, triggered by 661 (systemd-binfmt)
Apr 21 21:24:25 localhost systemd[1]: Reached target Preparation for Network.
Apr 21 21:24:25 localhost systemd[1]: Mounting Arbitrary Executable File Formats File System...
Apr 21 21:24:25 localhost systemd[1]: Mounting RPC Pipe File System...
Apr 21 21:24:25 localhost systemd[1]: Starting Load Kernel Module efi_pstore...
Apr 21 21:24:25 localhost systemd[1]: Condition check resulted in OpenVSwitch configuration for cleanup being skipped.
Apr 21 21:24:25 localhost systemd[1]: Starting RPC bind portmap service...
Apr 21 21:24:25 localhost kernel: [    0.477943] clocksource: refined-jiffies: mask: 0xffffffff max_cycles: 0xffffffff, max_idle_ns: 7645519600211568 ns
Apr 21 21:24:25 localhost kernel: [    0.477968] setup_percpu: NR_CPUS:8192 nr_cpumask_bits:16 nr_cpu_ids:16 nr_node_ids:1
Apr 21 21:24:25 localhost kernel: [    0.479215] percpu: Embedded 62 pages/cpu s217088 r8192 d28672 u262144
Apr 21 21:24:25 localhost sh[673]: /run/systemd/network/eno1.network 135 8 81a4 0 0 19 725 1 0 0 1776828264 1776828264 1776828264 0 4096
Apr 21 21:24:25 localhost systemd[1]: Condition check resulted in Store a System Token in an EFI Variable being skipped.
Apr 21 21:24:25 localhost kernel: [    0.479243] pcpu-alloc: s217088 r8192 d28672 u262144 alloc=1*2097152
Apr 21 21:24:25 localhost kernel: [    0.479251] pcpu-alloc: [0] 00 01 02 03 04 05 06 07 [0] 08 09 10 11 12 13 14 15 
Apr 21 21:24:25 localhost kernel: [    0.479378] Built 1 zonelists, mobility grouping on.  Total pages: 16482181
Apr 21 21:24:25 localhost systemd[1]: Condition check resulted in Commit a transient machine-id on disk being skipped.
Apr 21 21:24:25 localhost kernel: [    0.479385] Policy zone: Normal
Apr 21 21:24:25 localhost kernel: [    0.479390] Kernel command line: BOOT_IMAGE=/boot/vmlinuz-5.15.0-168-generic root=UUID=571337a8-0ea6-44bd-9cfc-6cb9719427c1 emulabcnet=14:58:d0:58:1f:92 ro console=ttyS0,115200
Apr 21 21:24:25 localhost kernel: [    0.479600] Unknown kernel command line parameters "BOOT_IMAGE=/boot/vmlinuz-5.15.0-168-generic emulabcnet=14:58:d0:58:1f:92", will be passed to user space.
Apr 21 21:24:25 localhost systemd[1]: Starting Record System Boot/Shutdown in UTMP...
Apr 21 21:24:25 localhost systemd[1]: Started RPC bind portmap service.
Apr 21 21:24:25 localhost kernel: [    0.491490] Dentry cache hash table entries: 8388608 (order: 14, 67108864 bytes, linear)
Apr 21 21:24:25 localhost kernel: [    0.497517] Inode-cache hash table entries: 4194304 (order: 13, 33554432 bytes, linear)
Apr 21 21:24:25 localhost kernel: [    0.498271] mem auto-init: stack:off, heap alloc:on, heap free:off
Apr 21 21:24:25 localhost systemd[1]: emulab-udev-settle-networkd.service: Deactivated successfully.
Apr 21 21:24:25 localhost kernel: [    0.926022] Memory: 65468936K/66975860K available (16393K kernel code, 4398K rwdata, 10992K rodata, 3292K init, 18772K bss, 1506664K reserved, 0K cma-reserved)
Apr 21 21:24:25 localhost kernel: [    0.926552] SLUB: HWalign=64, Order=0-3, MinObjects=0, CPUs=16, Nodes=1
Apr 21 21:24:25 localhost kernel: [    0.926592] Kernel/User page tables isolation: enabled
Apr 21 21:24:25 localhost kernel: [    0.926685] ftrace: allocating 50876 entries in 199 pages
Apr 21 21:24:25 localhost systemd[1]: Finished Force udev to settle before systemd-networkd starts.
Apr 21 21:24:25 localhost kernel: [    1.010062] ftrace: allocated 199 pages with 5 groups
Apr 21 21:24:25 localhost kernel: [    1.010464] rcu: Hierarchical RCU implementation.
Apr 21 21:24:25 localhost kernel: [    1.010469] rcu: 	RCU restricting CPUs from NR_CPUS=8192 to nr_cpu_ids=16.
Apr 21 21:24:25 localhost kernel: [    1.010475] 	Rude variant of Tasks RCU enabled.
Apr 21 21:24:25 localhost systemd[1]: Mounted Arbitrary Executable File Formats File System.
Apr 21 21:24:25 localhost kernel: [    1.010478] 	Tracing variant of Tasks RCU enabled.
Apr 21 21:24:25 localhost kernel: [    1.010481] rcu: RCU calculated value of scheduler-enlistment delay is 25 jiffies.
Apr 21 21:24:25 localhost kernel: [    1.010485] rcu: Adjusting geometry for rcu_fanout_leaf=16, nr_cpu_ids=16
Apr 21 21:24:25 localhost systemd[1]: Mounted RPC Pipe File System.
Apr 21 21:24:25 localhost kernel: [    1.027003] NR_IRQS: 524544, nr_irqs: 960, preallocated irqs: 16
Apr 21 21:24:25 localhost kernel: [    1.027643] Console: colour dummy device 80x25
Apr 21 21:24:25 localhost kernel: [    3.879107] printk: console [ttyS0] enabled
Apr 21 21:24:25 localhost kernel: [    3.880446] ACPI: Core revision 20210730
Apr 21 21:24:25 localhost systemd[1]: Finished Set Up Additional Binary Formats.
Apr 21 21:24:25 localhost kernel: [    3.882086] clocksource: hpet: mask: 0xffffffff max_cycles: 0xffffffff, max_idle_ns: 133484882848 ns
Apr 21 21:24:25 localhost kernel: [    3.884908] APIC: Switch to symmetric I/O mode setup
Apr 21 21:24:25 localhost kernel: [    3.886655] DMAR: Host address width 46
Apr 21 21:24:25 localhost systemd[1]: modprobe@efi_pstore.service: Deactivated successfully.
Apr 21 21:24:25 localhost kernel: [    3.887844] DMAR: DRHD base: 0x000000fbffc000 flags: 0x1
Apr 21 21:24:25 localhost kernel: [    3.889501] DMAR: dmar0: reg_base_addr fbffc000 ver 1:0 cap 8d2078c106f0466 ecap f020de
Apr 21 21:24:25 localhost kernel: [    3.891932] DMAR: RMRR base: 0x0000007916d000 end: 0x0000007916ffff
Apr 21 21:24:25 localhost kernel: [    3.893904] DMAR: RMRR base: 0x000000791ed000 end: 0x000000791f0fff
Apr 21 21:24:25 localhost kernel: [    3.895780] DMAR: RMRR base: 0x000000791d7000 end: 0x000000791ecfff
Apr 21 21:24:25 localhost systemd[1]: Finished Load Kernel Module efi_pstore.
Apr 21 21:24:25 localhost kernel: [    3.897682] DMAR: RMRR base: 0x000000791c4000 end: 0x000000791d4fff
Apr 21 21:24:25 localhost kernel: [    3.899562] DMAR: RMRR base: 0x000000791d5000 end: 0x000000791d6fff
Apr 21 21:24:25 localhost kernel: [    3.901468] DMAR: ATSR flags: 0x0
Apr 21 21:24:25 localhost kernel: [    3.902543] DMAR-IR: IOAPIC id 8 under DRHD base  0xfbffc000 IOMMU 0
Apr 21 21:24:25 localhost systemd[1]: Reached target rpc_pipefs.target.
Apr 21 21:24:25 localhost kernel: [    3.904706] DMAR-IR: IOAPIC id 9 under DRHD base  0xfbffc000 IOMMU 0
Apr 21 21:24:25 localhost kernel: [    3.906729] DMAR-IR: HPET id 0 under DRHD base 0xfbffc000
Apr 21 21:24:25 localhost kernel: [    3.908488] DMAR-IR: Queued invalidation will be enabled to support x2apic and Intr-remapping.
Apr 21 21:24:25 localhost kernel: [    3.911882] DMAR-IR: Enabled IRQ remapping in x2apic mode
Apr 21 21:24:25 localhost systemd[1]: Reached target RPC Port Mapper.
Apr 21 21:24:25 localhost kernel: [    3.913604] x2apic enabled
Apr 21 21:24:25 localhost kernel: [    3.914489] Switched APIC routing to cluster x2apic.
Apr 21 21:24:25 localhost kernel: [    3.916825] ..TIMER: vector=0x30 apic1=0 pin1=2 apic2=-1 pin2=-1
Apr 21 21:24:25 localhost kernel: [    3.936912] clocksource: tsc-early: mask: 0xffffffffffffffff max_cycles: 0x39868ddb163, max_idle_ns: 881590671718 ns
Apr 21 21:24:25 localhost systemd[1]: Listening on Network Service Netlink Socket.
Apr 21 21:24:25 localhost kernel: [    3.940162] Calibrating delay loop (skipped), value calculated using timer frequency.. 3990.83 BogoMIPS (lpj=7981676)
Apr 21 21:24:25 localhost kernel: [    3.944212] CPU0: Thermal monitoring enabled (TM1)
Apr 21 21:24:25 localhost kernel: [    3.948253] process: using mwait in idle threads
Apr 21 21:24:25 localhost kernel: [    3.949666] Last level iTLB entries: 4KB 64, 2MB 8, 4MB 8
Apr 21 21:24:25 localhost systemd[1]: Condition check resulted in RPC security service for NFS client and server being skipped.
Apr 21 21:24:25 localhost kernel: [    3.951312] Last level dTLB entries: 4KB 64, 2MB 32, 4MB 32, 1GB 4
Apr 21 21:24:25 localhost kernel: [    3.952163] Spectre V1 : Mitigation: usercopy/swapgs barriers and __user pointer sanitization
Apr 21 21:24:25 localhost kernel: [    3.954765] Spectre V2 : Mitigation: Retpolines
Apr 21 21:24:25 localhost systemd[1]: Reached target NFS client services.
Apr 21 21:24:25 localhost kernel: [    3.956156] Spectre V2 : Spectre v2 / SpectreRSB: Filling RSB on context switch and VMEXIT
Apr 21 21:24:25 localhost kernel: [    3.960156] Spectre V2 : Enabling Restricted Speculation for firmware calls
Apr 21 21:24:25 localhost kernel: [    3.964160] Spectre V2 : mitigation: Enabling conditional Indirect Branch Prediction Barrier
Apr 21 21:24:25 localhost kernel: [    3.968157] Spectre V2 : User space: Mitigation: STIBP via seccomp and prctl
Apr 21 21:24:25 localhost systemd[1]: Starting Network Configuration...
Apr 21 21:24:25 localhost kernel: [    3.970381] Speculative Store Bypass: Mitigation: Speculative Store Bypass disabled via prctl and seccomp
Apr 21 21:24:25 localhost kernel: [    3.972166] MDS: Mitigation: Clear CPU buffers
Apr 21 21:24:25 localhost kernel: [    3.973513] TAA: Mitigation: Clear CPU buffers
Apr 21 21:24:25 localhost kernel: [    3.976156] MMIO Stale Data: Mitigation: Clear CPU buffers
Apr 21 21:24:25 localhost systemd[1]: Condition check resulted in Platform Persistent Storage Archival being skipped.
Apr 21 21:24:25 localhost kernel: [    3.977805] VMSCAPE: Mitigation: IBPB before exit to userspace
Apr 21 21:24:25 localhost kernel: [    3.979665] x86/fpu: Supporting XSAVE feature 0x001: 'x87 floating point registers'
Apr 21 21:24:25 localhost kernel: [    3.980156] x86/fpu: Supporting XSAVE feature 0x002: 'SSE registers'
Apr 21 21:24:25 localhost kernel: [    3.982066] x86/fpu: Supporting XSAVE feature 0x004: 'AVX registers'
Apr 21 21:24:25 localhost systemd[1]: Finished Record System Boot/Shutdown in UTMP.
Apr 21 21:24:25 localhost kernel: [    3.984159] x86/fpu: xstate_offset[2]:  576, xstate_sizes[2]:  256
Apr 21 21:24:25 localhost kernel: [    3.986019] x86/fpu: Enabled xstate features 0x7, context size is 832 bytes, using 'standard' format.
Apr 21 21:24:25 localhost kernel: [    4.055954] Freeing SMP alternatives memory: 44K
Apr 21 21:24:25 localhost kernel: [    4.056158] pid_max: default: 32768 minimum: 301
Apr 21 21:24:25 localhost systemd[1]: Reached target System Initialization.
Apr 21 21:24:25 localhost kernel: [    4.072057] LSM: Security Framework initializing
Apr 21 21:24:25 localhost kernel: [    4.072188] landlock: Up and running.
Apr 21 21:24:25 localhost kernel: [    4.073576] Yama: becoming mindful.
Apr 21 21:24:25 localhost kernel: [    4.074745] AppArmor: AppArmor initialized
Apr 21 21:24:25 localhost systemd[1]: Started Daily apt download activities.
Apr 21 21:24:25 localhost kernel: [    4.076473] Mount-cache hash table entries: 131072 (order: 8, 1048576 bytes, linear)
Apr 21 21:24:25 localhost kernel: [    4.080382] Mountpoint-cache hash table entries: 131072 (order: 8, 1048576 bytes, linear)
Apr 21 21:24:25 localhost kernel: [    4.084053] smpboot: Estimated ratio of average max frequency by base frequency (times 1024): 1280
Apr 21 21:24:25 localhost systemd[1]: Started Daily apt upgrade and clean activities.
Apr 21 21:24:25 localhost kernel: [    4.084171] smpboot: CPU0: Intel(R) Xeon(R) CPU D-1548 @ 2.00GHz (family: 0x6, model: 0x56, stepping: 0x3)
Apr 21 21:24:25 localhost kernel: [    4.087564] Performance Events: PEBS fmt2+, Broadwell events, 16-deep LBR, full-width counters, Broken BIOS detected, complain to your hardware vendor.
Apr 21 21:24:25 localhost kernel: [    4.088158] [Firmware Bug]: the BIOS has corrupted hw-PMU resources (MSR 38d is 330)
Apr 21 21:24:25 localhost kernel: [    4.090483] Intel PMU driver.
Apr 21 21:24:25 localhost kernel: [    4.091406] ... version:                3
Apr 21 21:24:25 localhost systemd[1]: Started Daily dpkg database backup timer.
Apr 21 21:24:25 localhost kernel: [    4.092157] ... bit width:              48
Apr 21 21:24:25 localhost kernel: [    4.093455] ... generic registers:      4
Apr 21 21:24:25 localhost kernel: [    4.094675] ... value mask:             0000ffffffffffff
Apr 21 21:24:25 localhost systemd[1]: Started Periodic ext4 Online Metadata Check for All Filesystems.
Apr 21 21:24:25 localhost kernel: [    4.096156] ... max period:             00007fffffffffff
Apr 21 21:24:25 localhost kernel: [    4.097774] ... fixed-purpose events:   3
Apr 21 21:24:25 localhost kernel: [    4.098992] ... event mask:             000000070000000f
Apr 21 21:24:25 localhost systemd[1]: Started Discard unused blocks once a week.
Apr 21 21:24:25 localhost kernel: [    4.100412] signal: max sigframe size: 1776
Apr 21 21:24:25 localhost kernel: [    4.101757] rcu: Hierarchical SRCU implementation.
Apr 21 21:24:25 localhost kernel: [    4.107435] NMI watchdog: Enabled. Permanently consumes one hw-PMU counter.
Apr 21 21:24:25 localhost systemd-networkd[677]: lo: Link UP
Apr 21 21:24:25 localhost kernel: [    4.108555] smp: Bringing up secondary CPUs ...
Apr 21 21:24:25 localhost kernel: [    4.110210] x86: Booting SMP configuration:
Apr 21 21:24:25 localhost kernel: [    4.112159] .... node  #0, CPUs:        #1  #2  #3  #4  #5  #6  #7  #8
Apr 21 21:24:25 localhost kernel: [    4.166499] MDS CPU bug present and SMT on, data leak possible. See https://www.kernel.org/doc/html/latest/admin-guide/hw-vuln/mds.html for more details.
Apr 21 21:24:25 localhost systemd-networkd[677]: lo: Gained carrier
Apr 21 21:24:25 localhost kernel: [    4.172156] TAA CPU bug present and SMT on, data leak possible. See https://www.kernel.org/doc/html/latest/admin-guide/hw-vuln/tsx_async_abort.html for more details.
Apr 21 21:24:25 localhost kernel: [    4.176155] MMIO Stale Data CPU bug present and SMT on, data leak possible. See https://www.kernel.org/doc/html/latest/admin-guide/hw-vuln/processor_mmio_stale_data.html for more details.
Apr 21 21:24:25 localhost kernel: [    4.180155] VMSCAPE: SMT on, STIBP is required for full protection. See https://www.kernel.org/doc/html/latest/admin-guide/hw-vuln/vmscape.html for more details.
Apr 21 21:24:25 localhost systemd-networkd[677]: Enumeration completed
Apr 21 21:24:25 localhost kernel: [    4.184311]   #9 #10 #11 #12 #13 #14 #15
Apr 21 21:24:25 localhost kernel: [    4.193671] smp: Brought up 1 node, 16 CPUs
Apr 21 21:24:25 localhost kernel: [    4.197422] smpboot: Max logical packages: 1
Apr 21 21:24:25 localhost systemd[1]: Started Daily rotation of log files.
Apr 21 21:24:25 localhost kernel: [    4.198716] smpboot: Total of 16 processors activated (63853.40 BogoMIPS)
Apr 21 21:24:25 localhost kernel: [    4.208377] devtmpfs: initialized
Apr 21 21:24:25 localhost systemd[1]: Started Daily man-db regeneration.
Apr 21 21:24:25 localhost systemd[1]: Started Message of the Day.
Apr 21 21:24:25 localhost systemd[1]: Started Daily Cleanup of Temporary Directories.
Apr 21 21:24:25 localhost systemd-networkd[677]: eno1: Link UP
Apr 21 21:24:25 localhost systemd[1]: Started Ubuntu Advantage Timer for running repeated jobs.
Apr 21 21:24:25 localhost systemd[1]: Reached target Timer Units.
Apr 21 21:24:25 localhost systemd-networkd[677]: eno1: Gained carrier
Apr 21 21:24:25 localhost systemd[1]: Listening on D-Bus System Message Bus Socket.
Apr 21 21:24:25 localhost systemd[1]: Listening on Open-iSCSI iscsid Socket.
Apr 21 21:24:25 localhost systemd[1]: Listening on UUID daemon activation socket.
Apr 21 21:24:25 localhost systemd-networkd[677]: eno1: DHCPv4 address 128.110.217.163/21 via 128.110.216.1
Apr 21 21:24:25 localhost systemd[1]: Reached target Socket Units.
Apr 21 21:24:25 localhost systemd[1]: Reached target Basic System.
Apr 21 21:24:25 localhost systemd[1]: Started D-Bus System Message Bus.
Apr 21 21:24:25 localhost dbus-daemon[678]: dbus[678]: Unknown group "power" in message bus configuration file
Apr 21 21:24:25 localhost dbus-daemon[678]: [system] AppArmor D-Bus mediation is enabled
Apr 21 21:24:25 localhost systemd[1]: Started Save initial kernel messages after boot.
Apr 21 21:24:25 localhost systemd[1]: Starting Remove Stale Online ext4 Metadata Check Snapshots...
Apr 21 21:24:25 localhost systemd[1]: Condition check resulted in getty on tty2-tty6 if dbus and logind are not available being skipped.
Apr 21 21:24:25 localhost systemd[1]: Starting Record successful boot for GRUB...
Apr 21 21:24:25 localhost systemd[1]: Started irqbalance daemon.
Apr 21 21:24:25 localhost systemd[1]: Starting Dispatcher daemon for systemd-networkd...
Apr 21 21:24:25 localhost systemd[1]: Started ntp-systemd-netif.service.
Apr 21 21:24:25 localhost systemd[1]: Starting System Logging Service...
Apr 21 21:24:25 localhost kernel: [    4.209449] x86/mm: Memory block size: 2048MB
Apr 21 21:24:25 localhost kernel: [    4.211296] ACPI: PM: Registering ACPI NVS region [mem 0x791ff000-0x7b5fefff] (37748736 bytes)
Apr 21 21:24:25 localhost systemd[1]: Starting Secure Boot updates for DB and DBX...
Apr 21 21:24:25 localhost kernel: [    4.212830] clocksource: jiffies: mask: 0xffffffff max_cycles: 0xffffffff, max_idle_ns: 7645041785100000 ns
Apr 21 21:24:25 localhost systemd[1]: Starting Self Monitoring and Reporting Technology (SMART) Daemon...
Apr 21 21:24:25 localhost kernel: [    4.216182] futex hash table entries: 4096 (order: 6, 262144 bytes, linear)
Apr 21 21:24:25 localhost kernel: [    4.218447] pinctrl core: initialized pinctrl subsystem
Apr 21 21:24:25 localhost kernel: [    4.220332] NET: Registered PF_NETLINK/PF_ROUTE protocol family
Apr 21 21:24:25 localhost kernel: [    4.222670] DMA: preallocated 4096 KiB GFP_KERNEL pool for atomic allocations
Apr 21 21:24:25 localhost systemd[1]: Starting User Login Management...
Apr 21 21:24:25 localhost kernel: [    4.224560] DMA: preallocated 4096 KiB GFP_KERNEL|GFP_DMA pool for atomic allocations
Apr 21 21:24:25 localhost kernel: [    4.227455] DMA: preallocated 4096 KiB GFP_KERNEL|GFP_DMA32 pool for atomic allocations
Apr 21 21:24:25 localhost kernel: [    4.228169] audit: initializing netlink subsys (disabled)
Apr 21 21:24:25 localhost systemd[1]: Starting Thermal Daemon Service...
Apr 21 21:24:25 localhost kernel: [    4.229793] audit: type=2000 audit(1776828242.336:1): state=initialized audit_enabled=0 res=1
Apr 21 21:24:25 localhost kernel: [    4.229793] thermal_sys: Registered thermal governor 'fair_share'
Apr 21 21:24:25 localhost kernel: [    4.232159] thermal_sys: Registered thermal governor 'bang_bang'
Apr 21 21:24:25 localhost kernel: [    4.234004] thermal_sys: Registered thermal governor 'step_wise'
Apr 21 21:24:25 localhost kernel: [    4.236157] thermal_sys: Registered thermal governor 'user_space'
Apr 21 21:24:25 localhost kernel: [    4.238003] thermal_sys: Registered thermal governor 'power_allocator'
Apr 21 21:24:25 localhost systemd[1]: Condition check resulted in Ubuntu Advantage reboot cmds being skipped.
Apr 21 21:24:25 localhost systemd[1]: Starting WPA supplicant...
Apr 21 21:24:25 localhost thermald[693]: 20 CPUID levels; family:model:stepping 0x6:56:3 (6:86:3)
Apr 21 21:24:25 localhost kernel: [    4.239843] cpuidle: using governor ladder
Apr 21 21:24:25 localhost kernel: [    4.241420] cpuidle: using governor menu
Apr 21 21:24:25 localhost kernel: [    4.242616] Detected 1 PCC Subspaces
Apr 21 21:24:25 localhost kernel: [    4.243801] Registering PCC driver as Mailbox controller
Apr 21 21:24:25 localhost thermald[693]:  Need Linux PowerCap sysfs 
Apr 21 21:24:25 localhost kernel: [    4.244201] ACPI FADT declares the system doesn't support PCIe ASPM, so disable it
Apr 21 21:24:25 localhost kernel: [    4.246456] ACPI: bus type PCI registered
Apr 21 21:24:25 localhost kernel: [    4.247675] acpiphp: ACPI Hot Plug PCI Controller Driver version: 0.5
Apr 21 21:24:25 localhost kernel: [    4.248247] PCI: MMCONFIG for domain 0000 [bus 00-ff] at [mem 0x80000000-0x8fffffff] (base 0x80000000)
Apr 21 21:24:25 localhost thermald[693]: Unsupported cpu model or platform
Apr 21 21:24:25 localhost kernel: [    4.251096] PCI: MMCONFIG at [mem 0x80000000-0x8fffffff] reserved in E820
Apr 21 21:24:25 localhost kernel: [    4.252180] PCI: Using configuration type 1 for base access
Apr 21 21:24:25 localhost kernel: [    4.256859] kprobes: kprobe jump-optimization is enabled. All kprobes are optimized if possible.
Apr 21 21:24:25 localhost smartd[691]: smartd 7.2 2020-12-30 r5155 [x86_64-linux-5.15.0-168-generic] (local build)
Apr 21 21:24:25 localhost kernel: [    4.259543] HugeTLB registered 1.00 GiB page size, pre-allocated 0 pages
Apr 21 21:24:25 localhost kernel: [    4.260159] HugeTLB registered 2.00 MiB page size, pre-allocated 0 pages
Apr 21 21:24:25 localhost smartd[691]: Copyright (C) 2002-20, Bruce Allen, Christian Franke, www.smartmontools.org
Apr 21 21:24:25 localhost kernel: [    4.262236] ACPI: Added _OSI(Module Device)
Apr 21 21:24:25 localhost smartd[691]: Opened configuration file /etc/smartd.conf
Apr 21 21:24:25 localhost kernel: [    4.264169] ACPI: Added _OSI(Processor Device)
Apr 21 21:24:25 localhost kernel: [    4.265498] ACPI: Added _OSI(Processor Aggregator Device)
Apr 21 21:24:25 localhost smartd[691]: Drive: DEVICESCAN, implied '-a' Directive on line 21 of file /etc/smartd.conf
Apr 21 21:24:25 localhost kernel: [    4.267220] ACPI: Added _OSI(Linux-Dell-Video)
Apr 21 21:24:25 localhost kernel: [    4.268156] ACPI: Added _OSI(Linux-Lenovo-NV-HDMI-Audio)
Apr 21 21:24:25 localhost kernel: [    4.269775] ACPI: Added _OSI(Linux-HPI-Hybrid-Graphics)
Apr 21 21:24:25 localhost kernel: [    4.276115] ACPI: 5 ACPI AML tables successfully acquired and loaded
Apr 21 21:24:25 localhost smartd[691]: Configuration file /etc/smartd.conf was parsed, found DEVICESCAN, scanning devices
Apr 21 21:24:25 localhost kernel: [    4.280919] ACPI: Interpreter enabled
Apr 21 21:24:25 localhost kernel: [    4.282056] ACPI: PM: (supports S0 S5)
Apr 21 21:24:25 localhost smartd[691]: Device: /dev/nvme0, opened
Apr 21 21:24:25 localhost kernel: [    4.283205] ACPI: Using IOAPIC for interrupt routing
Apr 21 21:24:25 localhost kernel: [    4.284229] HEST: Table parsing has been initialized.
Apr 21 21:24:25 localhost kernel: [    4.286356] GHES: APEI firmware first mode is enabled by APEI bit and WHEA _OSC.
Apr 21 21:24:25 localhost smartd[691]: Device: /dev/nvme0, THNSN5256GPU7 TOSHIBA, S/N:563S106UTUFV, FW:57GA4103
Apr 21 21:24:25 localhost kernel: [    4.288158] PCI: Using host bridge windows from ACPI; if necessary, use "pci=nocrs" and report a bug
Apr 21 21:24:25 localhost kernel: [    4.290909] PCI: Using E820 reservations for host bridge windows
Apr 21 21:24:25 localhost kernel: [    4.292460] ACPI: Enabled 10 GPEs in block 00 to 3F
Apr 21 21:24:25 localhost smartd[691]: Device: /dev/nvme0, is SMART capable. Adding to "monitor" list.
Apr 21 21:24:25 localhost systemd[1]: Started Network Configuration.
Apr 21 21:24:25 localhost kernel: [    4.300077] ACPI: PCI Root Bridge [UNC0] (domain 0000 [bus ff])
Apr 21 21:24:25 localhost smartd[691]: Device: /dev/nvme0, state read from /var/lib/smartmontools/smartd.THNSN5256GPU7_TOSHIBA-563S106UTUFV.nvme.state
Apr 21 21:24:25 localhost smartd[691]: Monitoring 0 ATA/SATA, 0 SCSI/SAS and 1 NVMe devices
Apr 21 21:24:25 localhost kernel: [    4.300160] acpi PNP0A03:00: _OSC: OS supports [ExtendedConfig ASPM ClockPM Segments MSI EDR HPX-Type3]
Apr 21 21:24:25 localhost wpa_supplicant[694]: Successfully initialized wpa_supplicant
Apr 21 21:24:25 localhost kernel: [    4.303113] PCI host bridge to bus 0000:ff
Apr 21 21:24:25 localhost kernel: [    4.304157] pci_bus 0000:ff: root bus resource [bus ff]
Apr 21 21:24:25 localhost smartd[691]: Device: /dev/nvme0, state written to /var/lib/smartmontools/smartd.THNSN5256GPU7_TOSHIBA-563S106UTUFV.nvme.state
Apr 21 21:24:25 localhost kernel: [    4.305756] pci 0000:ff:0b.0: [8086:6f81] type 00 class 0x088000
Apr 21 21:24:25 localhost kernel: [    4.307638] pci 0000:ff:0b.1: [8086:6f36] type 00 class 0x110100
Apr 21 21:24:25 localhost kernel: [    4.308246] pci 0000:ff:0b.2: [8086:6f37] type 00 class 0x110100
Apr 21 21:24:25 localhost kernel: [    4.310214] pci 0000:ff:0b.3: [8086:6f76] type 00 class 0x088000
Apr 21 21:24:25 localhost kernel: [    4.312125] pci 0000:ff:0c.0: [8086:6fe0] type 00 class 0x088000
Apr 21 21:24:25 localhost kernel: [    4.312260] pci 0000:ff:0c.1: [8086:6fe1] type 00 class 0x088000
Apr 21 21:24:25 localhost systemd[1]: Started Self Monitoring and Reporting Technology (SMART) Daemon.
Apr 21 21:24:25 localhost kernel: [    4.314158] pci 0000:ff:0c.2: [8086:6fe2] type 00 class 0x088000
Apr 21 21:24:25 localhost kernel: [    4.316054] pci 0000:ff:0c.3: [8086:6fe3] type 00 class 0x088000
Apr 21 21:24:25 localhost kernel: [    4.316243] pci 0000:ff:0c.4: [8086:6fe4] type 00 class 0x088000
Apr 21 21:24:25 localhost kernel: [    4.318150] pci 0000:ff:0c.5: [8086:6fe5] type 00 class 0x088000
Apr 21 21:24:25 localhost kernel: [    4.320048] pci 0000:ff:0c.6: [8086:6fe6] type 00 class 0x088000
Apr 21 21:24:25 localhost networkd-dispatcher[685]: No valid path found for iwconfig
Apr 21 21:24:25 localhost kernel: [    4.320247] pci 0000:ff:0c.7: [8086:6fe7] type 00 class 0x088000
Apr 21 21:24:25 localhost kernel: [    4.322141] pci 0000:ff:0f.0: [8086:6ff8] type 00 class 0x088000
Apr 21 21:24:25 localhost kernel: [    4.324082] pci 0000:ff:0f.4: [8086:6ffc] type 00 class 0x088000
Apr 21 21:24:25 localhost networkd-dispatcher[685]: No valid path found for iw
Apr 21 21:24:25 localhost kernel: [    4.324244] pci 0000:ff:0f.5: [8086:6ffd] type 00 class 0x088000
Apr 21 21:24:25 localhost kernel: [    4.326145] pci 0000:ff:0f.6: [8086:6ffe] type 00 class 0x088000
Apr 21 21:24:25 localhost kernel: [    4.328041] pci 0000:ff:10.0: [8086:6f1d] type 00 class 0x088000
Apr 21 21:24:25 localhost kernel: [    4.328244] pci 0000:ff:10.1: [8086:6f34] type 00 class 0x110100
Apr 21 21:24:25 localhost kernel: [    4.330137] pci 0000:ff:10.5: [8086:6f1e] type 00 class 0x088000
Apr 21 21:24:25 localhost systemd[1]: e2scrub_reap.service: Deactivated successfully.
Apr 21 21:24:25 localhost kernel: [    4.332094] pci 0000:ff:10.6: [8086:6f7d] type 00 class 0x110100
Apr 21 21:24:25 localhost systemd[1]: Finished Remove Stale Online ext4 Metadata Check Snapshots.
Apr 21 21:24:25 localhost kernel: [    4.332242] pci 0000:ff:10.7: [8086:6f1f] type 00 class 0x088000
Apr 21 21:24:25 localhost kernel: [    4.334145] pci 0000:ff:12.0: [8086:6fa0] type 00 class 0x088000
Apr 21 21:24:25 localhost systemd[1]: Started Dispatcher daemon for systemd-networkd.
Apr 21 21:24:25 localhost kernel: [    4.335976] pci 0000:ff:12.1: [8086:6f30] type 00 class 0x110100
Apr 21 21:24:25 localhost kernel: [    4.336251] pci 0000:ff:12.2: [8086:6f70] type 00 class 0x088000
Apr 21 21:24:25 localhost systemd[1]: ntp-systemd-netif.service: Deactivated successfully.
Apr 21 21:24:25 localhost kernel: [    4.338217] pci 0000:ff:13.0: [8086:6fa8] type 00 class 0x088000
Apr 21 21:24:25 localhost kernel: [    4.340251] pci 0000:ff:13.1: [8086:6f71] type 00 class 0x088000
Apr 21 21:24:25 localhost kernel: [    4.344250] pci 0000:ff:13.2: [8086:6faa] type 00 class 0x088000
Apr 21 21:24:25 localhost kernel: [    4.346174] pci 0000:ff:13.3: [8086:6fab] type 00 class 0x088000
Apr 21 21:24:25 localhost systemd[1]: thermald.service: Deactivated successfully.
Apr 21 21:24:25 localhost kernel: [    4.348121] pci 0000:ff:13.4: [8086:6fac] type 00 class 0x088000
Apr 21 21:24:25 localhost kernel: [    4.348248] pci 0000:ff:13.5: [8086:6fad] type 00 class 0x088000
Apr 21 21:24:25 localhost kernel: [    4.350175] pci 0000:ff:13.6: [8086:6fae] type 00 class 0x088000
Apr 21 21:24:25 localhost systemd[1]: Started Thermal Daemon Service.
Apr 21 21:24:25 localhost kernel: [    4.352122] pci 0000:ff:13.7: [8086:6faf] type 00 class 0x088000
Apr 21 21:24:25 localhost kernel: [    4.352248] pci 0000:ff:14.0: [8086:6fb0] type 00 class 0x088000
Apr 21 21:24:25 localhost kernel: [    4.354161] pci 0000:ff:14.1: [8086:6fb1] type 00 class 0x088000
Apr 21 21:24:25 localhost dbus-daemon[678]: [system] Successfully activated service 'org.freedesktop.systemd1'
Apr 21 21:24:25 localhost kernel: [    4.356126] pci 0000:ff:14.2: [8086:6fb2] type 00 class 0x088000
Apr 21 21:24:25 localhost kernel: [    4.356248] pci 0000:ff:14.3: [8086:6fb3] type 00 class 0x088000
Apr 21 21:24:25 localhost kernel: [    4.358145] pci 0000:ff:14.4: [8086:6fbc] type 00 class 0x088000
Apr 21 21:24:25 localhost rsyslogd: imuxsock: Acquired UNIX socket '/run/systemd/journal/syslog' (fd 3) from systemd.  [v8.2112.0]
Apr 21 21:24:25 localhost kernel: [    4.360208] pci 0000:ff:14.5: [8086:6fbd] type 00 class 0x088000
Apr 21 21:24:25 localhost kernel: [    4.362100] pci 0000:ff:14.6: [8086:6fbe] type 00 class 0x088000
Apr 21 21:24:25 localhost kernel: [    4.364068] pci 0000:ff:14.7: [8086:6fbf] type 00 class 0x088000
Apr 21 21:24:25 localhost kernel: [    4.364246] pci 0000:ff:15.0: [8086:6fb4] type 00 class 0x088000
Apr 21 21:24:25 localhost rsyslogd: rsyslogd's groupid changed to 113
Apr 21 21:24:25 localhost kernel: [    4.368242] pci 0000:ff:15.1: [8086:6fb5] type 00 class 0x088000
Apr 21 21:24:25 localhost kernel: [    4.370265] pci 0000:ff:15.2: [8086:6fb6] type 00 class 0x088000
Apr 21 21:24:25 localhost kernel: [    4.372165] pci 0000:ff:15.3: [8086:6fb7] type 00 class 0x088000
Apr 21 21:24:25 localhost rsyslogd: rsyslogd's userid changed to 107
Apr 21 21:24:25 localhost kernel: [    4.374121] pci 0000:ff:1e.0: [8086:6f98] type 00 class 0x088000
Apr 21 21:24:25 localhost kernel: [    4.376233] pci 0000:ff:1e.1: [8086:6f99] type 00 class 0x088000
Apr 21 21:24:25 localhost kernel: [    4.378124] pci 0000:ff:1e.2: [8086:6f9a] type 00 class 0x088000
Apr 21 21:24:25 localhost rsyslogd: [origin software="rsyslogd" swVersion="8.2112.0" x-pid="689" x-info="https://www.rsyslog.com"] start
Apr 21 21:24:25 localhost kernel: [    4.380014] pci 0000:ff:1e.3: [8086:6fc0] type 00 class 0x088000
Apr 21 21:24:25 localhost kernel: [    4.380194] pci 0000:ff:1e.4: [8086:6f9c] type 00 class 0x088000
Apr 21 21:24:25 localhost kernel: [    4.382116] pci 0000:ff:1f.0: [8086:6f88] type 00 class 0x088000
Apr 21 21:24:25 localhost kernel: [    4.384018] pci 0000:ff:1f.2: [8086:6f8a] type 00 class 0x088000
Apr 21 21:24:25 localhost kernel: [    4.384756] ACPI: PCI Root Bridge [PCI0] (domain 0000 [bus 00-fe])
Apr 21 21:24:25 localhost kernel: [    4.386590] acpi PNP0A08:00: _OSC: OS supports [ExtendedConfig ASPM ClockPM Segments MSI EDR HPX-Type3]
Apr 21 21:24:25 localhost kernel: [    4.388308] acpi PNP0A08:00: _OSC: platform does not support [SHPCHotplug AER LTR DPC]
Apr 21 21:24:25 localhost kernel: [    4.390874] acpi PNP0A08:00: _OSC: OS now controls [PCIeHotplug PME PCIeCapability]
Apr 21 21:24:25 localhost kernel: [    4.392155] acpi PNP0A08:00: FADT indicates ASPM is unsupported, using BIOS configuration
Apr 21 21:24:25 localhost kernel: [    4.395234] PCI host bridge to bus 0000:00
Apr 21 21:24:25 localhost kernel: [    4.396156] pci_bus 0000:00: root bus resource [mem 0x000c4000-0x000cbfff window]
Apr 21 21:24:25 localhost kernel: [    4.398460] pci_bus 0000:00: root bus resource [io  0x0000-0x03af window]
Apr 21 21:24:25 localhost kernel: [    4.400155] pci_bus 0000:00: root bus resource [io  0x03e0-0x0cf7 window]
Apr 21 21:24:25 localhost kernel: [    4.402205] pci_bus 0000:00: root bus resource [io  0x03b0-0x03bb window]
Apr 21 21:24:25 localhost kernel: [    4.404155] pci_bus 0000:00: root bus resource [io  0x03c0-0x03df window]
Apr 21 21:24:25 localhost kernel: [    4.406194] pci_bus 0000:00: root bus resource [mem 0x000a0000-0x000bffff window]
Apr 21 21:24:25 localhost systemd[1]: Starting Wait for Network to be Configured...
Apr 21 21:24:25 localhost kernel: [    4.408155] pci_bus 0000:00: root bus resource [io  0x1000-0xffff window]
Apr 21 21:24:25 localhost kernel: [    4.410198] pci_bus 0000:00: root bus resource [mem 0x90000000-0xfbffbfff window]
Apr 21 21:24:25 localhost kernel: [    4.412158] pci_bus 0000:00: root bus resource [mem 0x38000000000-0x39fffffffff window]
Apr 21 21:24:25 localhost kernel: [    4.414494] pci_bus 0000:00: root bus resource [bus 00-fe]
Apr 21 21:24:25 localhost kernel: [    4.416293] pci 0000:00:00.0: [8086:6f00] type 00 class 0x060000
Apr 21 21:24:25 localhost kernel: [    4.420444] pci 0000:00:01.0: [8086:6f02] type 01 class 0x060400
Apr 21 21:24:25 localhost kernel: [    4.422320] pci 0000:00:01.0: enabling Extended Tags
Apr 21 21:24:25 localhost kernel: [    4.423875] pci 0000:00:01.0: PME# supported from D0 D3hot D3cold
Apr 21 21:24:25 localhost kernel: [    4.424384] pci 0000:00:01.1: [8086:6f03] type 01 class 0x060400
Apr 21 21:24:25 localhost kernel: [    4.426270] pci 0000:00:01.1: PME# supported from D0 D3hot D3cold
Apr 21 21:24:25 localhost kernel: [    4.428362] pci 0000:00:02.0: [8086:6f04] type 01 class 0x060400
Apr 21 21:24:25 localhost kernel: [    4.430232] pci 0000:00:02.0: PME# supported from D0 D3hot D3cold
Apr 21 21:24:25 localhost kernel: [    4.432259] pci 0000:00:02.1: [8086:6f05] type 01 class 0x060400
Apr 21 21:24:25 localhost kernel: [    4.434118] pci 0000:00:02.1: PME# supported from D0 D3hot D3cold
