===== dmesg snapshot host=memexpand boot_started_utc=20260423T195124Z boot_id=230a16fb-d4d9-4460-b551-e1f54133a8d7 captured_utc=20260423T195212Z =====

[Thu Apr 23 14:22:53 2026] Linux version 6.8.0-106-generic (buildd@lcy02-amd64-074) (x86_64-linux-gnu-gcc-13 (Ubuntu 13.3.0-6ubuntu2~24.04.1) 13.3.0, GNU ld (GNU Binutils for Ubuntu) 2.42) #106-Ubuntu SMP PREEMPT_DYNAMIC Fri Mar  6 07:58:08 UTC 2026 (Ubuntu 6.8.0-106.106-generic 6.8.12)
[Thu Apr 23 14:22:53 2026] Command line: BOOT_IMAGE=/boot/vmlinuz-6.8.0-106-generic root=UUID=f417519a-fbfe-4b20-b6bb-27e79387bf15 ro swapaccount=1 crashkernel=2G-4G:320M,4G-32G:512M,32G-64G:1024M,64G-128G:2048M,128G-:4096M
[Thu Apr 23 14:22:53 2026] KERNEL supported cpus:
[Thu Apr 23 14:22:53 2026]   Intel GenuineIntel
[Thu Apr 23 14:22:53 2026]   AMD AuthenticAMD
[Thu Apr 23 14:22:53 2026]   Hygon HygonGenuine
[Thu Apr 23 14:22:53 2026]   Centaur CentaurHauls
[Thu Apr 23 14:22:53 2026]   zhaoxin   Shanghai  
[Thu Apr 23 14:22:53 2026] x86/tme: not enabled by BIOS
[Thu Apr 23 14:22:53 2026] x86/split lock detection: #AC: crashing the kernel on kernel split_locks and warning on user-space split_locks
[Thu Apr 23 14:22:53 2026] BIOS-provided physical RAM map:
[Thu Apr 23 14:22:53 2026] BIOS-e820: [mem 0x0000000000000000-0x000000000009ffff] usable
[Thu Apr 23 14:22:53 2026] BIOS-e820: [mem 0x00000000000a0000-0x00000000000fffff] reserved
[Thu Apr 23 14:22:53 2026] BIOS-e820: [mem 0x0000000000100000-0x000000006177ffff] usable
[Thu Apr 23 14:22:53 2026] BIOS-e820: [mem 0x0000000061780000-0x00000000658effff] reserved
[Thu Apr 23 14:22:53 2026] BIOS-e820: [mem 0x00000000658f0000-0x00000000661effff] ACPI data
[Thu Apr 23 14:22:53 2026] BIOS-e820: [mem 0x00000000661f0000-0x0000000067118fff] ACPI NVS
[Thu Apr 23 14:22:53 2026] BIOS-e820: [mem 0x0000000067119000-0x000000006ddfdfff] reserved
[Thu Apr 23 14:22:53 2026] BIOS-e820: [mem 0x000000006ddfe000-0x000000006ddfefff] usable
[Thu Apr 23 14:22:53 2026] BIOS-e820: [mem 0x000000006ddff000-0x000000006ddfffff] ACPI data
[Thu Apr 23 14:22:53 2026] BIOS-e820: [mem 0x000000006de00000-0x00000000777fffff] usable
[Thu Apr 23 14:22:53 2026] BIOS-e820: [mem 0x0000000077800000-0x000000008fffffff] reserved
[Thu Apr 23 14:22:53 2026] BIOS-e820: [mem 0x00000000f6830000-0x00000000f6830fff] reserved
[Thu Apr 23 14:22:53 2026] BIOS-e820: [mem 0x00000000fda00000-0x00000000feafffff] reserved
[Thu Apr 23 14:22:53 2026] BIOS-e820: [mem 0x00000000ff000000-0x00000000ffffffff] reserved
[Thu Apr 23 14:22:53 2026] BIOS-e820: [mem 0x0000000100000000-0x000000207effffff] usable
[Thu Apr 23 14:22:53 2026] BIOS-e820: [mem 0x000000207f000000-0x000000207fffffff] reserved
[Thu Apr 23 14:22:53 2026] BIOS-e820: [mem 0x0000061000000000-0x0000062fffffffff] usable
[Thu Apr 23 14:22:53 2026] BIOS-e820: [mem 0x0000063000000000-0x0000070f7fffffff] soft reserved
[Thu Apr 23 14:22:53 2026] NX (Execute Disable) protection: active
[Thu Apr 23 14:22:53 2026] APIC: Static calls initialized
[Thu Apr 23 14:22:53 2026] e820: update [mem 0x56682018-0x566b7c57] usable ==> usable
[Thu Apr 23 14:22:53 2026] e820: update [mem 0x56682018-0x566b7c57] usable ==> usable
[Thu Apr 23 14:22:53 2026] e820: update [mem 0x5664c018-0x56681c57] usable ==> usable
[Thu Apr 23 14:22:53 2026] e820: update [mem 0x5664c018-0x56681c57] usable ==> usable
[Thu Apr 23 14:22:53 2026] e820: update [mem 0x56acc018-0x56ad2457] usable ==> usable
[Thu Apr 23 14:22:53 2026] e820: update [mem 0x56acc018-0x56ad2457] usable ==> usable
[Thu Apr 23 14:22:53 2026] extended physical RAM map:
[Thu Apr 23 14:22:53 2026] reserve setup_data: [mem 0x0000000000000000-0x000000000009ffff] usable
[Thu Apr 23 14:22:53 2026] reserve setup_data: [mem 0x00000000000a0000-0x00000000000fffff] reserved
[Thu Apr 23 14:22:53 2026] reserve setup_data: [mem 0x0000000000100000-0x000000005664c017] usable
[Thu Apr 23 14:22:53 2026] reserve setup_data: [mem 0x000000005664c018-0x0000000056681c57] usable
[Thu Apr 23 14:22:53 2026] reserve setup_data: [mem 0x0000000056681c58-0x0000000056682017] usable
[Thu Apr 23 14:22:53 2026] reserve setup_data: [mem 0x0000000056682018-0x00000000566b7c57] usable
[Thu Apr 23 14:22:53 2026] reserve setup_data: [mem 0x00000000566b7c58-0x0000000056acc017] usable
[Thu Apr 23 14:22:53 2026] reserve setup_data: [mem 0x0000000056acc018-0x0000000056ad2457] usable
[Thu Apr 23 14:22:53 2026] reserve setup_data: [mem 0x0000000056ad2458-0x000000006177ffff] usable
[Thu Apr 23 14:22:53 2026] reserve setup_data: [mem 0x0000000061780000-0x00000000658effff] reserved
[Thu Apr 23 14:22:53 2026] reserve setup_data: [mem 0x00000000658f0000-0x00000000661effff] ACPI data
[Thu Apr 23 14:22:53 2026] reserve setup_data: [mem 0x00000000661f0000-0x0000000067118fff] ACPI NVS
[Thu Apr 23 14:22:53 2026] reserve setup_data: [mem 0x0000000067119000-0x000000006ddfdfff] reserved
[Thu Apr 23 14:22:53 2026] reserve setup_data: [mem 0x000000006ddfe000-0x000000006ddfefff] usable
[Thu Apr 23 14:22:53 2026] reserve setup_data: [mem 0x000000006ddff000-0x000000006ddfffff] ACPI data
[Thu Apr 23 14:22:53 2026] reserve setup_data: [mem 0x000000006de00000-0x00000000777fffff] usable
[Thu Apr 23 14:22:53 2026] reserve setup_data: [mem 0x0000000077800000-0x000000008fffffff] reserved
[Thu Apr 23 14:22:53 2026] reserve setup_data: [mem 0x00000000f6830000-0x00000000f6830fff] reserved
[Thu Apr 23 14:22:53 2026] reserve setup_data: [mem 0x00000000fda00000-0x00000000feafffff] reserved
[Thu Apr 23 14:22:53 2026] reserve setup_data: [mem 0x00000000ff000000-0x00000000ffffffff] reserved
[Thu Apr 23 14:22:53 2026] reserve setup_data: [mem 0x0000000100000000-0x000000207effffff] usable
[Thu Apr 23 14:22:53 2026] reserve setup_data: [mem 0x000000207f000000-0x000000207fffffff] reserved
[Thu Apr 23 14:22:53 2026] reserve setup_data: [mem 0x0000061000000000-0x0000062fffffffff] usable
[Thu Apr 23 14:22:53 2026] reserve setup_data: [mem 0x0000063000000000-0x0000070f7fffffff] soft reserved
[Thu Apr 23 14:22:53 2026] efi: EFI v2.9 by American Megatrends
[Thu Apr 23 14:22:53 2026] efi: ACPI=0x67116000 ACPI 2.0=0x67116014 SMBIOS=0x6d33f000 SMBIOS 3.0=0x6d33e000 MEMATTR=0x5e19a018 ESRT=0x569b7018 MOKvar=0x6d3ff000 INITRD=0x57ccc518 
[Thu Apr 23 14:22:53 2026] efi: Remove mem588: MMIO range=[0x80000000-0x8fffffff] (256MB) from e820 map
[Thu Apr 23 14:22:53 2026] e820: remove [mem 0x80000000-0x8fffffff] reserved
[Thu Apr 23 14:22:53 2026] efi: Not removing mem589: MMIO range=[0xf6830000-0xf6830fff] (4KB) from e820 map
[Thu Apr 23 14:22:53 2026] efi: Remove mem590: MMIO range=[0xfda00000-0xfeafffff] (17MB) from e820 map
[Thu Apr 23 14:22:53 2026] e820: remove [mem 0xfda00000-0xfeafffff] reserved
[Thu Apr 23 14:22:53 2026] efi: Remove mem591: MMIO range=[0xff000000-0xffffffff] (16MB) from e820 map
[Thu Apr 23 14:22:53 2026] e820: remove [mem 0xff000000-0xffffffff] reserved
[Thu Apr 23 14:22:53 2026] secureboot: Secure boot disabled
[Thu Apr 23 14:22:53 2026] SMBIOS 3.7.0 present.
[Thu Apr 23 14:22:53 2026] DMI: Supermicro SYS-222H-TN/X14DBM-SP, BIOS 1.2 02/13/2025
[Thu Apr 23 14:22:53 2026] tsc: Detected 2400.000 MHz processor
[Thu Apr 23 14:22:53 2026] e820: update [mem 0x00000000-0x00000fff] usable ==> reserved
[Thu Apr 23 14:22:53 2026] e820: remove [mem 0x000a0000-0x000fffff] usable
[Thu Apr 23 14:22:53 2026] last_pfn = 0x63000000 max_arch_pfn = 0x400000000
[Thu Apr 23 14:22:53 2026] total RAM covered: 25163776M
[Thu Apr 23 14:22:53 2026]  gran_size: 64K 	chunk_size: 64K 	num_reg: 10  	lose cover RAM: 22528G
[Thu Apr 23 14:22:53 2026]  gran_size: 64K 	chunk_size: 128K 	num_reg: 10  	lose cover RAM: 22528G
[Thu Apr 23 14:22:53 2026]  gran_size: 64K 	chunk_size: 256K 	num_reg: 10  	lose cover RAM: 22528G
[Thu Apr 23 14:22:53 2026]  gran_size: 64K 	chunk_size: 512K 	num_reg: 10  	lose cover RAM: 22528G
[Thu Apr 23 14:22:53 2026]  gran_size: 64K 	chunk_size: 1M 	num_reg: 10  	lose cover RAM: 22528G
[Thu Apr 23 14:22:53 2026]  gran_size: 64K 	chunk_size: 2M 	num_reg: 10  	lose cover RAM: 22528G
[Thu Apr 23 14:22:53 2026]  gran_size: 64K 	chunk_size: 4M 	num_reg: 10  	lose cover RAM: 22528G
[Thu Apr 23 14:22:53 2026]  gran_size: 64K 	chunk_size: 8M 	num_reg: 10  	lose cover RAM: 22528G
[Thu Apr 23 14:22:53 2026]  gran_size: 64K 	chunk_size: 16M 	num_reg: 10  	lose cover RAM: 22528G
[Thu Apr 23 14:22:53 2026]  gran_size: 64K 	chunk_size: 32M 	num_reg: 10  	lose cover RAM: 22528G
[Thu Apr 23 14:22:53 2026]  gran_size: 64K 	chunk_size: 64M 	num_reg: 10  	lose cover RAM: 22528G
[Thu Apr 23 14:22:53 2026]  gran_size: 64K 	chunk_size: 128M 	num_reg: 10  	lose cover RAM: 22528G
[Thu Apr 23 14:22:53 2026]  gran_size: 64K 	chunk_size: 256M 	num_reg: 10  	lose cover RAM: 22528G
[Thu Apr 23 14:22:53 2026]  gran_size: 64K 	chunk_size: 512M 	num_reg: 10  	lose cover RAM: 22528G
[Thu Apr 23 14:22:53 2026]  gran_size: 64K 	chunk_size: 1G 	num_reg: 10  	lose cover RAM: 22528G
[Thu Apr 23 14:22:53 2026]  gran_size: 64K 	chunk_size: 2G 	num_reg: 10  	lose cover RAM: 22528G
[Thu Apr 23 14:22:53 2026]  gran_size: 128K 	chunk_size: 128K 	num_reg: 10  	lose cover RAM: 22528G
[Thu Apr 23 14:22:53 2026]  gran_size: 128K 	chunk_size: 256K 	num_reg: 10  	lose cover RAM: 22528G
[Thu Apr 23 14:22:53 2026]  gran_size: 128K 	chunk_size: 512K 	num_reg: 10  	lose cover RAM: 22528G
[Thu Apr 23 14:22:53 2026]  gran_size: 128K 	chunk_size: 1M 	num_reg: 10  	lose cover RAM: 22528G
[Thu Apr 23 14:22:53 2026]  gran_size: 128K 	chunk_size: 2M 	num_reg: 10  	lose cover RAM: 22528G
[Thu Apr 23 14:22:53 2026]  gran_size: 128K 	chunk_size: 4M 	num_reg: 10  	lose cover RAM: 22528G
[Thu Apr 23 14:22:53 2026]  gran_size: 128K 	chunk_size: 8M 	num_reg: 10  	lose cover RAM: 22528G
[Thu Apr 23 14:22:53 2026]  gran_size: 128K 	chunk_size: 16M 	num_reg: 10  	lose cover RAM: 22528G
[Thu Apr 23 14:22:53 2026]  gran_size: 128K 	chunk_size: 32M 	num_reg: 10  	lose cover RAM: 22528G
[Thu Apr 23 14:22:53 2026]  gran_size: 128K 	chunk_size: 64M 	num_reg: 10  	lose cover RAM: 22528G
[Thu Apr 23 14:22:53 2026]  gran_size: 128K 	chunk_size: 128M 	num_reg: 10  	lose cover RAM: 22528G
[Thu Apr 23 14:22:53 2026]  gran_size: 128K 	chunk_size: 256M 	num_reg: 10  	lose cover RAM: 22528G
[Thu Apr 23 14:22:53 2026]  gran_size: 128K 	chunk_size: 512M 	num_reg: 10  	lose cover RAM: 22528G
[Thu Apr 23 14:22:53 2026]  gran_size: 128K 	chunk_size: 1G 	num_reg: 10  	lose cover RAM: 22528G
[Thu Apr 23 14:22:53 2026]  gran_size: 128K 	chunk_size: 2G 	num_reg: 10  	lose cover RAM: 22528G
[Thu Apr 23 14:22:53 2026]  gran_size: 256K 	chunk_size: 256K 	num_reg: 10  	lose cover RAM: 22528G
[Thu Apr 23 14:22:53 2026]  gran_size: 256K 	chunk_size: 512K 	num_reg: 10  	lose cover RAM: 22528G
[Thu Apr 23 14:22:53 2026]  gran_size: 256K 	chunk_size: 1M 	num_reg: 10  	lose cover RAM: 22528G
[Thu Apr 23 14:22:53 2026]  gran_size: 256K 	chunk_size: 2M 	num_reg: 10  	lose cover RAM: 22528G
[Thu Apr 23 14:22:53 2026]  gran_size: 256K 	chunk_size: 4M 	num_reg: 10  	lose cover RAM: 22528G
[Thu Apr 23 14:22:53 2026]  gran_size: 256K 	chunk_size: 8M 	num_reg: 10  	lose cover RAM: 22528G
[Thu Apr 23 14:22:53 2026]  gran_size: 256K 	chunk_size: 16M 	num_reg: 10  	lose cover RAM: 22528G
[Thu Apr 23 14:22:53 2026]  gran_size: 256K 	chunk_size: 32M 	num_reg: 10  	lose cover RAM: 22528G
[Thu Apr 23 14:22:53 2026]  gran_size: 256K 	chunk_size: 64M 	num_reg: 10  	lose cover RAM: 22528G
[Thu Apr 23 14:22:53 2026]  gran_size: 256K 	chunk_size: 128M 	num_reg: 10  	lose cover RAM: 22528G
[Thu Apr 23 14:22:53 2026]  gran_size: 256K 	chunk_size: 256M 	num_reg: 10  	lose cover RAM: 22528G
[Thu Apr 23 14:22:53 2026]  gran_size: 256K 	chunk_size: 512M 	num_reg: 10  	lose cover RAM: 22528G
[Thu Apr 23 14:22:53 2026]  gran_size: 256K 	chunk_size: 1G 	num_reg: 10  	lose cover RAM: 22528G
[Thu Apr 23 14:22:53 2026]  gran_size: 256K 	chunk_size: 2G 	num_reg: 10  	lose cover RAM: 22528G
[Thu Apr 23 14:22:53 2026]  gran_size: 512K 	chunk_size: 512K 	num_reg: 10  	lose cover RAM: 22528G
[Thu Apr 23 14:22:53 2026]  gran_size: 512K 	chunk_size: 1M 	num_reg: 10  	lose cover RAM: 22528G
[Thu Apr 23 14:22:53 2026]  gran_size: 512K 	chunk_size: 2M 	num_reg: 10  	lose cover RAM: 22528G
[Thu Apr 23 14:22:53 2026]  gran_size: 512K 	chunk_size: 4M 	num_reg: 10  	lose cover RAM: 22528G
[Thu Apr 23 14:22:53 2026]  gran_size: 512K 	chunk_size: 8M 	num_reg: 10  	lose cover RAM: 22528G
[Thu Apr 23 14:22:53 2026]  gran_size: 512K 	chunk_size: 16M 	num_reg: 10  	lose cover RAM: 22528G
[Thu Apr 23 14:22:53 2026]  gran_size: 512K 	chunk_size: 32M 	num_reg: 10  	lose cover RAM: 22528G
[Thu Apr 23 14:22:53 2026]  gran_size: 512K 	chunk_size: 64M 	num_reg: 10  	lose cover RAM: 22528G
[Thu Apr 23 14:22:53 2026]  gran_size: 512K 	chunk_size: 128M 	num_reg: 10  	lose cover RAM: 22528G
[Thu Apr 23 14:22:53 2026]  gran_size: 512K 	chunk_size: 256M 	num_reg: 10  	lose cover RAM: 22528G
[Thu Apr 23 14:22:53 2026]  gran_size: 512K 	chunk_size: 512M 	num_reg: 10  	lose cover RAM: 22528G
[Thu Apr 23 14:22:53 2026]  gran_size: 512K 	chunk_size: 1G 	num_reg: 10  	lose cover RAM: 22528G
[Thu Apr 23 14:22:53 2026]  gran_size: 512K 	chunk_size: 2G 	num_reg: 10  	lose cover RAM: 22528G
[Thu Apr 23 14:22:53 2026]  gran_size: 1M 	chunk_size: 1M 	num_reg: 10  	lose cover RAM: 22528G
[Thu Apr 23 14:22:53 2026]  gran_size: 1M 	chunk_size: 2M 	num_reg: 10  	lose cover RAM: 22528G
[Thu Apr 23 14:22:53 2026]  gran_size: 1M 	chunk_size: 4M 	num_reg: 10  	lose cover RAM: 22528G
[Thu Apr 23 14:22:53 2026]  gran_size: 1M 	chunk_size: 8M 	num_reg: 10  	lose cover RAM: 22528G
[Thu Apr 23 14:22:53 2026]  gran_size: 1M 	chunk_size: 16M 	num_reg: 10  	lose cover RAM: 22528G
[Thu Apr 23 14:22:53 2026]  gran_size: 1M 	chunk_size: 32M 	num_reg: 10  	lose cover RAM: 22528G
[Thu Apr 23 14:22:53 2026]  gran_size: 1M 	chunk_size: 64M 	num_reg: 10  	lose cover RAM: 22528G
[Thu Apr 23 14:22:53 2026]  gran_size: 1M 	chunk_size: 128M 	num_reg: 10  	lose cover RAM: 22528G
[Thu Apr 23 14:22:53 2026]  gran_size: 1M 	chunk_size: 256M 	num_reg: 10  	lose cover RAM: 22528G
[Thu Apr 23 14:22:53 2026]  gran_size: 1M 	chunk_size: 512M 	num_reg: 10  	lose cover RAM: 22528G
[Thu Apr 23 14:22:53 2026]  gran_size: 1M 	chunk_size: 1G 	num_reg: 10  	lose cover RAM: 22528G
[Thu Apr 23 14:22:53 2026]  gran_size: 1M 	chunk_size: 2G 	num_reg: 10  	lose cover RAM: 22528G
[Thu Apr 23 14:22:53 2026]  gran_size: 2M 	chunk_size: 2M 	num_reg: 10  	lose cover RAM: 22528G
[Thu Apr 23 14:22:53 2026]  gran_size: 2M 	chunk_size: 4M 	num_reg: 10  	lose cover RAM: 22528G
[Thu Apr 23 14:22:53 2026]  gran_size: 2M 	chunk_size: 8M 	num_reg: 10  	lose cover RAM: 22528G
[Thu Apr 23 14:22:53 2026]  gran_size: 2M 	chunk_size: 16M 	num_reg: 10  	lose cover RAM: 22528G
[Thu Apr 23 14:22:53 2026]  gran_size: 2M 	chunk_size: 32M 	num_reg: 10  	lose cover RAM: 22528G
[Thu Apr 23 14:22:53 2026]  gran_size: 2M 	chunk_size: 64M 	num_reg: 10  	lose cover RAM: 22528G
[Thu Apr 23 14:22:53 2026]  gran_size: 2M 	chunk_size: 128M 	num_reg: 10  	lose cover RAM: 22528G
[Thu Apr 23 14:22:53 2026]  gran_size: 2M 	chunk_size: 256M 	num_reg: 10  	lose cover RAM: 22528G
[Thu Apr 23 14:22:53 2026]  gran_size: 2M 	chunk_size: 512M 	num_reg: 10  	lose cover RAM: 22528G
[Thu Apr 23 14:22:53 2026]  gran_size: 2M 	chunk_size: 1G 	num_reg: 10  	lose cover RAM: 22528G
[Thu Apr 23 14:22:53 2026]  gran_size: 2M 	chunk_size: 2G 	num_reg: 10  	lose cover RAM: 22528G
[Thu Apr 23 14:22:53 2026]  gran_size: 4M 	chunk_size: 4M 	num_reg: 10  	lose cover RAM: 22528G
[Thu Apr 23 14:22:53 2026]  gran_size: 4M 	chunk_size: 8M 	num_reg: 10  	lose cover RAM: 22528G
[Thu Apr 23 14:22:53 2026]  gran_size: 4M 	chunk_size: 16M 	num_reg: 10  	lose cover RAM: 22528G
[Thu Apr 23 14:22:53 2026]  gran_size: 4M 	chunk_size: 32M 	num_reg: 10  	lose cover RAM: 22528G
[Thu Apr 23 14:22:53 2026]  gran_size: 4M 	chunk_size: 64M 	num_reg: 10  	lose cover RAM: 22528G
[Thu Apr 23 14:22:53 2026]  gran_size: 4M 	chunk_size: 128M 	num_reg: 10  	lose cover RAM: 22528G
[Thu Apr 23 14:22:53 2026]  gran_size: 4M 	chunk_size: 256M 	num_reg: 10  	lose cover RAM: 22528G
[Thu Apr 23 14:22:53 2026]  gran_size: 4M 	chunk_size: 512M 	num_reg: 10  	lose cover RAM: 22528G
[Thu Apr 23 14:22:53 2026]  gran_size: 4M 	chunk_size: 1G 	num_reg: 10  	lose cover RAM: 22528G
[Thu Apr 23 14:22:53 2026]  gran_size: 4M 	chunk_size: 2G 	num_reg: 10  	lose cover RAM: 22528G
[Thu Apr 23 14:22:53 2026]  gran_size: 8M 	chunk_size: 8M 	num_reg: 10  	lose cover RAM: 22528G
[Thu Apr 23 14:22:53 2026]  gran_size: 8M 	chunk_size: 16M 	num_reg: 10  	lose cover RAM: 22528G
[Thu Apr 23 14:22:53 2026]  gran_size: 8M 	chunk_size: 32M 	num_reg: 10  	lose cover RAM: 22528G
[Thu Apr 23 14:22:53 2026]  gran_size: 8M 	chunk_size: 64M 	num_reg: 10  	lose cover RAM: 22528G
[Thu Apr 23 14:22:53 2026]  gran_size: 8M 	chunk_size: 128M 	num_reg: 10  	lose cover RAM: 22528G
[Thu Apr 23 14:22:53 2026]  gran_size: 8M 	chunk_size: 256M 	num_reg: 10  	lose cover RAM: 22528G
[Thu Apr 23 14:22:53 2026]  gran_size: 8M 	chunk_size: 512M 	num_reg: 10  	lose cover RAM: 22528G
[Thu Apr 23 14:22:53 2026]  gran_size: 8M 	chunk_size: 1G 	num_reg: 10  	lose cover RAM: 22528G
[Thu Apr 23 14:22:53 2026]  gran_size: 8M 	chunk_size: 2G 	num_reg: 10  	lose cover RAM: 22528G
[Thu Apr 23 14:22:53 2026]  gran_size: 16M 	chunk_size: 16M 	num_reg: 10  	lose cover RAM: 22528G
[Thu Apr 23 14:22:53 2026]  gran_size: 16M 	chunk_size: 32M 	num_reg: 10  	lose cover RAM: 22528G
[Thu Apr 23 14:22:53 2026]  gran_size: 16M 	chunk_size: 64M 	num_reg: 10  	lose cover RAM: 22528G
[Thu Apr 23 14:22:53 2026]  gran_size: 16M 	chunk_size: 128M 	num_reg: 10  	lose cover RAM: 22528G
[Thu Apr 23 14:22:53 2026]  gran_size: 16M 	chunk_size: 256M 	num_reg: 10  	lose cover RAM: 22528G
[Thu Apr 23 14:22:53 2026]  gran_size: 16M 	chunk_size: 512M 	num_reg: 10  	lose cover RAM: 22528G
[Thu Apr 23 14:22:53 2026]  gran_size: 16M 	chunk_size: 1G 	num_reg: 10  	lose cover RAM: 22528G
[Thu Apr 23 14:22:53 2026]  gran_size: 16M 	chunk_size: 2G 	num_reg: 10  	lose cover RAM: 22528G
[Thu Apr 23 14:22:53 2026]  gran_size: 32M 	chunk_size: 32M 	num_reg: 10  	lose cover RAM: 22528G
[Thu Apr 23 14:22:53 2026]  gran_size: 32M 	chunk_size: 64M 	num_reg: 10  	lose cover RAM: 22528G
[Thu Apr 23 14:22:53 2026]  gran_size: 32M 	chunk_size: 128M 	num_reg: 10  	lose cover RAM: 22528G
[Thu Apr 23 14:22:53 2026]  gran_size: 32M 	chunk_size: 256M 	num_reg: 10  	lose cover RAM: 22528G
[Thu Apr 23 14:22:53 2026]  gran_size: 32M 	chunk_size: 512M 	num_reg: 10  	lose cover RAM: 22528G
[Thu Apr 23 14:22:53 2026]  gran_size: 32M 	chunk_size: 1G 	num_reg: 10  	lose cover RAM: 22528G
[Thu Apr 23 14:22:53 2026]  gran_size: 32M 	chunk_size: 2G 	num_reg: 10  	lose cover RAM: 22528G
[Thu Apr 23 14:22:53 2026]  gran_size: 64M 	chunk_size: 64M 	num_reg: 10  	lose cover RAM: 22528G
[Thu Apr 23 14:22:53 2026]  gran_size: 64M 	chunk_size: 128M 	num_reg: 10  	lose cover RAM: 22528G
[Thu Apr 23 14:22:53 2026]  gran_size: 64M 	chunk_size: 256M 	num_reg: 10  	lose cover RAM: 22528G
[Thu Apr 23 14:22:53 2026]  gran_size: 64M 	chunk_size: 512M 	num_reg: 10  	lose cover RAM: 22528G
[Thu Apr 23 14:22:53 2026]  gran_size: 64M 	chunk_size: 1G 	num_reg: 10  	lose cover RAM: 22528G
[Thu Apr 23 14:22:53 2026]  gran_size: 64M 	chunk_size: 2G 	num_reg: 10  	lose cover RAM: 22528G
[Thu Apr 23 14:22:53 2026]  gran_size: 128M 	chunk_size: 128M 	num_reg: 10  	lose cover RAM: 22528G
[Thu Apr 23 14:22:53 2026]  gran_size: 128M 	chunk_size: 256M 	num_reg: 10  	lose cover RAM: 22528G
[Thu Apr 23 14:22:53 2026]  gran_size: 128M 	chunk_size: 512M 	num_reg: 10  	lose cover RAM: 22528G
[Thu Apr 23 14:22:53 2026]  gran_size: 128M 	chunk_size: 1G 	num_reg: 10  	lose cover RAM: 22528G
[Thu Apr 23 14:22:53 2026]  gran_size: 128M 	chunk_size: 2G 	num_reg: 10  	lose cover RAM: 22528G
[Thu Apr 23 14:22:53 2026]  gran_size: 256M 	chunk_size: 256M 	num_reg: 10  	lose cover RAM: 22528G
[Thu Apr 23 14:22:53 2026]  gran_size: 256M 	chunk_size: 512M 	num_reg: 10  	lose cover RAM: 22528G
[Thu Apr 23 14:22:53 2026]  gran_size: 256M 	chunk_size: 1G 	num_reg: 10  	lose cover RAM: 22528G
[Thu Apr 23 14:22:53 2026]  gran_size: 256M 	chunk_size: 2G 	num_reg: 10  	lose cover RAM: 22528G
[Thu Apr 23 14:22:53 2026]  gran_size: 512M 	chunk_size: 512M 	num_reg: 10  	lose cover RAM: 22528G
[Thu Apr 23 14:22:53 2026]  gran_size: 512M 	chunk_size: 1G 	num_reg: 10  	lose cover RAM: 22528G
[Thu Apr 23 14:22:53 2026]  gran_size: 512M 	chunk_size: 2G 	num_reg: 10  	lose cover RAM: 22528G
[Thu Apr 23 14:22:53 2026]  gran_size: 1G 	chunk_size: 1G 	num_reg: 10  	lose cover RAM: 22528G
[Thu Apr 23 14:22:53 2026]  gran_size: 1G 	chunk_size: 2G 	num_reg: 10  	lose cover RAM: 22528G
[Thu Apr 23 14:22:53 2026]  gran_size: 2G 	chunk_size: 2G 	num_reg: 10  	lose cover RAM: 22528G
[Thu Apr 23 14:22:53 2026] mtrr_cleanup: can not find optimal value
[Thu Apr 23 14:22:53 2026] please specify mtrr_gran_size/mtrr_chunk_size
[Thu Apr 23 14:22:53 2026] MTRR map: 5 entries (2 fixed + 3 variable; max 22), built from 10 variable MTRRs
[Thu Apr 23 14:22:53 2026] x86/PAT: Configuration [0-7]: WB  WC  UC- UC  WB  WP  UC- WT  
[Thu Apr 23 14:22:53 2026] e820: update [mem 0x80000000-0xffffffff] usable ==> reserved
[Thu Apr 23 14:22:53 2026] x2apic: enabled by BIOS, switching to x2apic ops
[Thu Apr 23 14:22:53 2026] last_pfn = 0x77800 max_arch_pfn = 0x400000000
[Thu Apr 23 14:22:53 2026] esrt: Reserving ESRT space from 0x00000000569b7018 to 0x00000000569b7050.
[Thu Apr 23 14:22:53 2026] e820: update [mem 0x569b7000-0x569b7fff] usable ==> reserved
[Thu Apr 23 14:22:53 2026] Using GB pages for direct mapping
[Thu Apr 23 14:22:53 2026] secureboot: Secure boot disabled
[Thu Apr 23 14:22:53 2026] RAMDISK: [mem 0x4f41d000-0x5432ffff]
[Thu Apr 23 14:22:53 2026] ACPI: Early table checksum verification disabled
[Thu Apr 23 14:22:53 2026] ACPI: RSDP 0x0000000067116014 000024 (v02 SUPERM)
[Thu Apr 23 14:22:53 2026] ACPI: XSDT 0x0000000067115728 000154 (v01 SUPERM SMCI--MB 01072009 AMI  20230628)
[Thu Apr 23 14:22:53 2026] ACPI: FACP 0x00000000661E7000 000114 (v06 SUPERM SMCI--MB 01072009 INTL 20230628)
[Thu Apr 23 14:22:53 2026] ACPI: DSDT 0x0000000066192000 054C41 (v02 SUPERM SMCI--MB 01072009 INTL 20230628)
[Thu Apr 23 14:22:53 2026] ACPI: FACS 0x0000000067118000 000040
[Thu Apr 23 14:22:53 2026] ACPI: MCFG 0x00000000661ED000 00003C (v01 SUPERM A M I    00000001 INTL 20230628)
[Thu Apr 23 14:22:53 2026] ACPI: SSDT 0x00000000661EC000 00042F (v02 SUPERM SMCTABLE 00000000 SMC  00000001)
[Thu Apr 23 14:22:53 2026] ACPI: SPMI 0x00000000661EB000 000041 (v05 SUPERM SMCI--MB 00000000 AMI. 00000000)
[Thu Apr 23 14:22:53 2026] ACPI: SPMI 0x00000000661EA000 000041 (v05 SUPERM SMCI--MB 00000000 AMI. 00000000)
[Thu Apr 23 14:22:53 2026] ACPI: CEDT 0x00000000661E9000 000584 (v01 SUPERM A M I    01072009 AMI  20230628)
[Thu Apr 23 14:22:53 2026] ACPI: SSDT 0x00000000661E8000 000041 (v02 SUPERM A M I    01072009 AMI  20230628)
[Thu Apr 23 14:22:53 2026] ACPI: FIDT 0x0000000066191000 00009C (v01 SUPERM SMCI--MB 01072009 AMI  00010013)
[Thu Apr 23 14:22:53 2026] ACPI: IRDT 0x00000000661EF000 0006AE (v01 SUPERM SMCI--MB 01072009 AMI  20230628)
[Thu Apr 23 14:22:53 2026] ACPI: SSDT 0x00000000661EE000 000156 (v02 SUPERM PRMOPREG 00001000 INTL 20230628)
[Thu Apr 23 14:22:53 2026] ACPI: SSDT 0x0000000066190000 000145 (v02 SUPERM PRMSAMPL 00001000 INTL 20230628)
[Thu Apr 23 14:22:53 2026] ACPI: SSDT 0x000000006618F000 0007F5 (v02 INTEL  RAS_ACPI 00000001 INTL 20230628)
[Thu Apr 23 14:22:53 2026] ACPI: SSDT 0x000000006618E000 0008BB (v02 INTEL  ADDRXLAT 00000001 INTL 20230628)
[Thu Apr 23 14:22:53 2026] ACPI: SSDT 0x000000006618D000 00040F (v02 INTEL  SruTable 00001000 INTL 20230628)
[Thu Apr 23 14:22:53 2026] ACPI: SSDT 0x000000006618C000 000397 (v02 INTEL  SstsTbl  00001000 INTL 20230628)
[Thu Apr 23 14:22:53 2026] ACPI: ERST 0x000000006618B000 000230 (v01 SUPERM SMCI--MB 00000001 INTL 00000001)
[Thu Apr 23 14:22:53 2026] ACPI: BERT 0x000000006618A000 000030 (v01 SUPERM SMCI--MB 00000001 INTL 00000001)
[Thu Apr 23 14:22:53 2026] ACPI: HPET 0x0000000066189000 000038 (v01 SUPERM SMCI--MB 00000001 INTL 20230628)
[Thu Apr 23 14:22:53 2026] ACPI: MSCT 0x0000000066188000 000140 (v01 SUPERM SMCI--MB 00000001 INTL 20230628)
[Thu Apr 23 14:22:53 2026] ACPI: SSDT 0x0000000066186000 0003DE (v02 SUPERM SMCI--MB 00000000 INTL 20230628)
[Thu Apr 23 14:22:53 2026] ACPI: APIC 0x0000000066185000 00085E (v06 SUPERM SMCI--MB 00000000 INTL 20230628)
[Thu Apr 23 14:22:53 2026] ACPI: KEYP 0x0000000066177000 0000A0 (v01 SUPERM SMCI--MB 01072009 AMI  20230628)
[Thu Apr 23 14:22:53 2026] ACPI: PMTT 0x0000000066176000 000988 (v02 SUPERM SMCI--MB 00000001 INTL 20230628)
[Thu Apr 23 14:22:53 2026] ACPI: OEM4 0x000000006600D000 168841 (v02 INTEL  CPU  CST 00003000 INTL 20230628)
[Thu Apr 23 14:22:53 2026] ACPI: OEM1 0x0000000065DF0000 21C869 (v02 INTEL  CPU EIST 00003000 INTL 20230628)
[Thu Apr 23 14:22:53 2026] ACPI: OEM2 0x0000000065D63000 08C031 (v02 INTEL  CPU  HWP 00003000 INTL 20230628)
[Thu Apr 23 14:22:53 2026] ACPI: SSDT 0x0000000065C97000 0CBC50 (v02 INTEL  SSDT  PM 00004000 INTL 20230628)
[Thu Apr 23 14:22:53 2026] ACPI: DBG2 0x0000000065C96000 00005C (v00 SUPERM SMCI--MB 01072009 AMI  20230628)
[Thu Apr 23 14:22:53 2026] ACPI: HEST 0x0000000065C95000 000174 (v01 SUPERM SMCI--MB 00000001 INTL 00000001)
[Thu Apr 23 14:22:53 2026] ACPI: DMAR 0x0000000065C94000 000818 (v01 SUPERM SMCI--MB 00000001 INTL 20230628)
[Thu Apr 23 14:22:53 2026] ACPI: FPDT 0x0000000065C93000 000044 (v01 SUPERM A M I    01072009 AMI  20230628)
[Thu Apr 23 14:22:53 2026] ACPI: BDAT 0x0000000065C92000 000030 (v01 SUPERM SMCI--MB 00000000 INTL 20230628)
[Thu Apr 23 14:22:53 2026] ACPI: PRMT 0x0000000065C91000 00018A (v00 SUPERM SMCI--MB 01072009 AMI  20230628)
[Thu Apr 23 14:22:53 2026] ACPI: SSPD 0x0000000065C90000 000169 (v01 SUPERM SMCSPD   00000000 SSPD 20230530)
[Thu Apr 23 14:22:53 2026] ACPI: WSMT 0x0000000066187000 000028 (v01 SUPERM SMCI--MB 01072009 AMI  00010013)
[Thu Apr 23 14:22:53 2026] ACPI: SRAT 0x000000006617A000 00A250 (v03 SUPERM SMCI--MB 00000002 AMI  20230628)
[Thu Apr 23 14:22:53 2026] ACPI: SLIT 0x0000000066179000 00010D (v01 SUPERM SMCI--MB 01072009 AMI  20230628)
[Thu Apr 23 14:22:53 2026] ACPI: HMAT 0x0000000066178000 000980 (v02 SUPERM SMCI--MB 01072009 AMI  20230628)
[Thu Apr 23 14:22:53 2026] ACPI: Reserving FACP table memory at [mem 0x661e7000-0x661e7113]
[Thu Apr 23 14:22:53 2026] ACPI: Reserving DSDT table memory at [mem 0x66192000-0x661e6c40]
[Thu Apr 23 14:22:53 2026] ACPI: Reserving FACS table memory at [mem 0x67118000-0x6711803f]
[Thu Apr 23 14:22:53 2026] ACPI: Reserving MCFG table memory at [mem 0x661ed000-0x661ed03b]
[Thu Apr 23 14:22:53 2026] ACPI: Reserving SSDT table memory at [mem 0x661ec000-0x661ec42e]
[Thu Apr 23 14:22:53 2026] ACPI: Reserving SPMI table memory at [mem 0x661eb000-0x661eb040]
[Thu Apr 23 14:22:53 2026] ACPI: Reserving SPMI table memory at [mem 0x661ea000-0x661ea040]
[Thu Apr 23 14:22:53 2026] ACPI: Reserving CEDT table memory at [mem 0x661e9000-0x661e9583]
[Thu Apr 23 14:22:53 2026] ACPI: Reserving SSDT table memory at [mem 0x661e8000-0x661e8040]
[Thu Apr 23 14:22:53 2026] ACPI: Reserving FIDT table memory at [mem 0x66191000-0x6619109b]
[Thu Apr 23 14:22:53 2026] ACPI: Reserving IRDT table memory at [mem 0x661ef000-0x661ef6ad]
[Thu Apr 23 14:22:53 2026] ACPI: Reserving SSDT table memory at [mem 0x661ee000-0x661ee155]
[Thu Apr 23 14:22:53 2026] ACPI: Reserving SSDT table memory at [mem 0x66190000-0x66190144]
[Thu Apr 23 14:22:53 2026] ACPI: Reserving SSDT table memory at [mem 0x6618f000-0x6618f7f4]
[Thu Apr 23 14:22:53 2026] ACPI: Reserving SSDT table memory at [mem 0x6618e000-0x6618e8ba]
[Thu Apr 23 14:22:53 2026] ACPI: Reserving SSDT table memory at [mem 0x6618d000-0x6618d40e]
[Thu Apr 23 14:22:53 2026] ACPI: Reserving SSDT table memory at [mem 0x6618c000-0x6618c396]
[Thu Apr 23 14:22:53 2026] ACPI: Reserving ERST table memory at [mem 0x6618b000-0x6618b22f]
[Thu Apr 23 14:22:53 2026] ACPI: Reserving BERT table memory at [mem 0x6618a000-0x6618a02f]
[Thu Apr 23 14:22:53 2026] ACPI: Reserving HPET table memory at [mem 0x66189000-0x66189037]
[Thu Apr 23 14:22:53 2026] ACPI: Reserving MSCT table memory at [mem 0x66188000-0x6618813f]
[Thu Apr 23 14:22:53 2026] ACPI: Reserving SSDT table memory at [mem 0x66186000-0x661863dd]
[Thu Apr 23 14:22:53 2026] ACPI: Reserving APIC table memory at [mem 0x66185000-0x6618585d]
[Thu Apr 23 14:22:53 2026] ACPI: Reserving KEYP table memory at [mem 0x66177000-0x6617709f]
[Thu Apr 23 14:22:53 2026] ACPI: Reserving PMTT table memory at [mem 0x66176000-0x66176987]
[Thu Apr 23 14:22:53 2026] ACPI: Reserving OEM4 table memory at [mem 0x6600d000-0x66175840]
[Thu Apr 23 14:22:53 2026] ACPI: Reserving OEM1 table memory at [mem 0x65df0000-0x6600c868]
[Thu Apr 23 14:22:53 2026] ACPI: Reserving OEM2 table memory at [mem 0x65d63000-0x65def030]
[Thu Apr 23 14:22:53 2026] ACPI: Reserving SSDT table memory at [mem 0x65c97000-0x65d62c4f]
[Thu Apr 23 14:22:53 2026] ACPI: Reserving DBG2 table memory at [mem 0x65c96000-0x65c9605b]
[Thu Apr 23 14:22:53 2026] ACPI: Reserving HEST table memory at [mem 0x65c95000-0x65c95173]
[Thu Apr 23 14:22:53 2026] ACPI: Reserving DMAR table memory at [mem 0x65c94000-0x65c94817]
[Thu Apr 23 14:22:53 2026] ACPI: Reserving FPDT table memory at [mem 0x65c93000-0x65c93043]
[Thu Apr 23 14:22:53 2026] ACPI: Reserving BDAT table memory at [mem 0x65c92000-0x65c9202f]
[Thu Apr 23 14:22:53 2026] ACPI: Reserving PRMT table memory at [mem 0x65c91000-0x65c91189]
[Thu Apr 23 14:22:53 2026] ACPI: Reserving SSPD table memory at [mem 0x65c90000-0x65c90168]
[Thu Apr 23 14:22:53 2026] ACPI: Reserving WSMT table memory at [mem 0x66187000-0x66187027]
[Thu Apr 23 14:22:53 2026] ACPI: Reserving SRAT table memory at [mem 0x6617a000-0x6618424f]
[Thu Apr 23 14:22:53 2026] ACPI: Reserving SLIT table memory at [mem 0x66179000-0x6617910c]
[Thu Apr 23 14:22:53 2026] ACPI: Reserving HMAT table memory at [mem 0x66178000-0x6617897f]
[Thu Apr 23 14:22:53 2026] APIC: Switched APIC routing to: cluster x2apic
[Thu Apr 23 14:22:53 2026] SRAT: PXM 0 -> APIC 0x0000 -> Node 0
[Thu Apr 23 14:22:53 2026] SRAT: PXM 0 -> APIC 0x0002 -> Node 0
[Thu Apr 23 14:22:53 2026] SRAT: PXM 0 -> APIC 0x0004 -> Node 0
[Thu Apr 23 14:22:53 2026] SRAT: PXM 0 -> APIC 0x0006 -> Node 0
[Thu Apr 23 14:22:53 2026] SRAT: PXM 0 -> APIC 0x0008 -> Node 0
[Thu Apr 23 14:22:53 2026] SRAT: PXM 0 -> APIC 0x000a -> Node 0
[Thu Apr 23 14:22:53 2026] SRAT: PXM 0 -> APIC 0x000c -> Node 0
[Thu Apr 23 14:22:53 2026] SRAT: PXM 0 -> APIC 0x000e -> Node 0
[Thu Apr 23 14:22:53 2026] SRAT: PXM 0 -> APIC 0x0010 -> Node 0
[Thu Apr 23 14:22:53 2026] SRAT: PXM 0 -> APIC 0x0012 -> Node 0
[Thu Apr 23 14:22:53 2026] SRAT: PXM 0 -> APIC 0x0014 -> Node 0
[Thu Apr 23 14:22:53 2026] SRAT: PXM 0 -> APIC 0x0016 -> Node 0
[Thu Apr 23 14:22:53 2026] SRAT: PXM 0 -> APIC 0x0018 -> Node 0
[Thu Apr 23 14:22:53 2026] SRAT: PXM 0 -> APIC 0x001a -> Node 0
[Thu Apr 23 14:22:53 2026] SRAT: PXM 0 -> APIC 0x001c -> Node 0
[Thu Apr 23 14:22:53 2026] SRAT: PXM 0 -> APIC 0x001e -> Node 0
[Thu Apr 23 14:22:53 2026] SRAT: PXM 0 -> APIC 0x0020 -> Node 0
[Thu Apr 23 14:22:53 2026] SRAT: PXM 0 -> APIC 0x0022 -> Node 0
[Thu Apr 23 14:22:53 2026] SRAT: PXM 0 -> APIC 0x0024 -> Node 0
[Thu Apr 23 14:22:53 2026] SRAT: PXM 0 -> APIC 0x0026 -> Node 0
[Thu Apr 23 14:22:53 2026] SRAT: PXM 0 -> APIC 0x0028 -> Node 0
[Thu Apr 23 14:22:53 2026] SRAT: PXM 0 -> APIC 0x002a -> Node 0
[Thu Apr 23 14:22:53 2026] SRAT: PXM 0 -> APIC 0x002c -> Node 0
[Thu Apr 23 14:22:53 2026] SRAT: PXM 0 -> APIC 0x002e -> Node 0
[Thu Apr 23 14:22:53 2026] SRAT: PXM 0 -> APIC 0x0030 -> Node 0
[Thu Apr 23 14:22:53 2026] SRAT: PXM 0 -> APIC 0x0032 -> Node 0
[Thu Apr 23 14:22:53 2026] SRAT: PXM 0 -> APIC 0x0034 -> Node 0
[Thu Apr 23 14:22:53 2026] SRAT: PXM 0 -> APIC 0x0036 -> Node 0
[Thu Apr 23 14:22:53 2026] SRAT: PXM 0 -> APIC 0x0038 -> Node 0
[Thu Apr 23 14:22:53 2026] SRAT: PXM 0 -> APIC 0x003a -> Node 0
[Thu Apr 23 14:22:53 2026] SRAT: PXM 0 -> APIC 0x003c -> Node 0
[Thu Apr 23 14:22:53 2026] SRAT: PXM 0 -> APIC 0x003e -> Node 0
[Thu Apr 23 14:22:53 2026] SRAT: PXM 0 -> APIC 0x0040 -> Node 0
[Thu Apr 23 14:22:53 2026] SRAT: PXM 0 -> APIC 0x0042 -> Node 0
[Thu Apr 23 14:22:53 2026] SRAT: PXM 0 -> APIC 0x0044 -> Node 0
[Thu Apr 23 14:22:53 2026] SRAT: PXM 0 -> APIC 0x0046 -> Node 0
[Thu Apr 23 14:22:53 2026] SRAT: PXM 0 -> APIC 0x0048 -> Node 0
[Thu Apr 23 14:22:53 2026] SRAT: PXM 0 -> APIC 0x004a -> Node 0
[Thu Apr 23 14:22:53 2026] SRAT: PXM 0 -> APIC 0x004c -> Node 0
[Thu Apr 23 14:22:53 2026] SRAT: PXM 0 -> APIC 0x004e -> Node 0
[Thu Apr 23 14:22:53 2026] SRAT: PXM 0 -> APIC 0x0050 -> Node 0
[Thu Apr 23 14:22:53 2026] SRAT: PXM 0 -> APIC 0x0052 -> Node 0
[Thu Apr 23 14:22:53 2026] SRAT: PXM 0 -> APIC 0x0054 -> Node 0
[Thu Apr 23 14:22:53 2026] SRAT: PXM 0 -> APIC 0x0056 -> Node 0
[Thu Apr 23 14:22:53 2026] SRAT: PXM 0 -> APIC 0x0058 -> Node 0
[Thu Apr 23 14:22:53 2026] SRAT: PXM 0 -> APIC 0x005a -> Node 0
[Thu Apr 23 14:22:53 2026] SRAT: PXM 0 -> APIC 0x005c -> Node 0
[Thu Apr 23 14:22:53 2026] SRAT: PXM 0 -> APIC 0x005e -> Node 0
[Thu Apr 23 14:22:53 2026] SRAT: PXM 0 -> APIC 0x0060 -> Node 0
[Thu Apr 23 14:22:53 2026] SRAT: PXM 0 -> APIC 0x0062 -> Node 0
[Thu Apr 23 14:22:53 2026] SRAT: PXM 0 -> APIC 0x0064 -> Node 0
[Thu Apr 23 14:22:53 2026] SRAT: PXM 0 -> APIC 0x0066 -> Node 0
[Thu Apr 23 14:22:53 2026] SRAT: PXM 0 -> APIC 0x0068 -> Node 0
[Thu Apr 23 14:22:53 2026] SRAT: PXM 0 -> APIC 0x006a -> Node 0
[Thu Apr 23 14:22:53 2026] SRAT: PXM 0 -> APIC 0x006c -> Node 0
[Thu Apr 23 14:22:53 2026] SRAT: PXM 0 -> APIC 0x006e -> Node 0
[Thu Apr 23 14:22:53 2026] SRAT: PXM 0 -> APIC 0x0070 -> Node 0
[Thu Apr 23 14:22:53 2026] SRAT: PXM 0 -> APIC 0x0072 -> Node 0
[Thu Apr 23 14:22:53 2026] SRAT: PXM 0 -> APIC 0x0074 -> Node 0
[Thu Apr 23 14:22:53 2026] SRAT: PXM 0 -> APIC 0x0076 -> Node 0
[Thu Apr 23 14:22:53 2026] SRAT: PXM 0 -> APIC 0x0078 -> Node 0
[Thu Apr 23 14:22:53 2026] SRAT: PXM 0 -> APIC 0x007a -> Node 0
[Thu Apr 23 14:22:53 2026] SRAT: PXM 0 -> APIC 0x007c -> Node 0
[Thu Apr 23 14:22:53 2026] SRAT: PXM 0 -> APIC 0x007e -> Node 0
[Thu Apr 23 14:22:53 2026] SRAT: PXM 1 -> APIC 0x0200 -> Node 1
[Thu Apr 23 14:22:53 2026] SRAT: PXM 1 -> APIC 0x0202 -> Node 1
[Thu Apr 23 14:22:53 2026] SRAT: PXM 1 -> APIC 0x0204 -> Node 1
[Thu Apr 23 14:22:53 2026] SRAT: PXM 1 -> APIC 0x0206 -> Node 1
[Thu Apr 23 14:22:53 2026] SRAT: PXM 1 -> APIC 0x0208 -> Node 1
[Thu Apr 23 14:22:53 2026] SRAT: PXM 1 -> APIC 0x020a -> Node 1
[Thu Apr 23 14:22:53 2026] SRAT: PXM 1 -> APIC 0x020c -> Node 1
[Thu Apr 23 14:22:53 2026] SRAT: PXM 1 -> APIC 0x020e -> Node 1
[Thu Apr 23 14:22:53 2026] SRAT: PXM 1 -> APIC 0x0210 -> Node 1
[Thu Apr 23 14:22:53 2026] SRAT: PXM 1 -> APIC 0x0212 -> Node 1
[Thu Apr 23 14:22:53 2026] SRAT: PXM 1 -> APIC 0x0214 -> Node 1
[Thu Apr 23 14:22:53 2026] SRAT: PXM 1 -> APIC 0x0216 -> Node 1
[Thu Apr 23 14:22:53 2026] SRAT: PXM 1 -> APIC 0x0218 -> Node 1
[Thu Apr 23 14:22:53 2026] SRAT: PXM 1 -> APIC 0x021a -> Node 1
[Thu Apr 23 14:22:53 2026] SRAT: PXM 1 -> APIC 0x021c -> Node 1
[Thu Apr 23 14:22:53 2026] SRAT: PXM 1 -> APIC 0x021e -> Node 1
[Thu Apr 23 14:22:53 2026] SRAT: PXM 1 -> APIC 0x0220 -> Node 1
[Thu Apr 23 14:22:53 2026] SRAT: PXM 1 -> APIC 0x0222 -> Node 1
[Thu Apr 23 14:22:53 2026] SRAT: PXM 1 -> APIC 0x0224 -> Node 1
[Thu Apr 23 14:22:53 2026] SRAT: PXM 1 -> APIC 0x0226 -> Node 1
[Thu Apr 23 14:22:53 2026] SRAT: PXM 1 -> APIC 0x0228 -> Node 1
[Thu Apr 23 14:22:53 2026] SRAT: PXM 1 -> APIC 0x022a -> Node 1
[Thu Apr 23 14:22:53 2026] SRAT: PXM 1 -> APIC 0x022c -> Node 1
[Thu Apr 23 14:22:53 2026] SRAT: PXM 1 -> APIC 0x022e -> Node 1
[Thu Apr 23 14:22:53 2026] SRAT: PXM 1 -> APIC 0x0230 -> Node 1
[Thu Apr 23 14:22:53 2026] SRAT: PXM 1 -> APIC 0x0232 -> Node 1
[Thu Apr 23 14:22:53 2026] SRAT: PXM 1 -> APIC 0x0234 -> Node 1
[Thu Apr 23 14:22:53 2026] SRAT: PXM 1 -> APIC 0x0236 -> Node 1
[Thu Apr 23 14:22:53 2026] SRAT: PXM 1 -> APIC 0x0238 -> Node 1
[Thu Apr 23 14:22:53 2026] SRAT: PXM 1 -> APIC 0x023a -> Node 1
[Thu Apr 23 14:22:53 2026] SRAT: PXM 1 -> APIC 0x023c -> Node 1
[Thu Apr 23 14:22:53 2026] SRAT: PXM 1 -> APIC 0x023e -> Node 1
[Thu Apr 23 14:22:53 2026] SRAT: PXM 1 -> APIC 0x0240 -> Node 1
[Thu Apr 23 14:22:53 2026] SRAT: PXM 1 -> APIC 0x0242 -> Node 1
[Thu Apr 23 14:22:53 2026] SRAT: PXM 1 -> APIC 0x0244 -> Node 1
[Thu Apr 23 14:22:53 2026] SRAT: PXM 1 -> APIC 0x0246 -> Node 1
[Thu Apr 23 14:22:53 2026] SRAT: PXM 1 -> APIC 0x0248 -> Node 1
[Thu Apr 23 14:22:53 2026] SRAT: PXM 1 -> APIC 0x024a -> Node 1
[Thu Apr 23 14:22:53 2026] SRAT: PXM 1 -> APIC 0x024c -> Node 1
[Thu Apr 23 14:22:53 2026] SRAT: PXM 1 -> APIC 0x024e -> Node 1
[Thu Apr 23 14:22:53 2026] SRAT: PXM 1 -> APIC 0x0250 -> Node 1
[Thu Apr 23 14:22:53 2026] SRAT: PXM 1 -> APIC 0x0252 -> Node 1
[Thu Apr 23 14:22:53 2026] SRAT: PXM 1 -> APIC 0x0254 -> Node 1
[Thu Apr 23 14:22:53 2026] SRAT: PXM 1 -> APIC 0x0256 -> Node 1
[Thu Apr 23 14:22:53 2026] SRAT: PXM 1 -> APIC 0x0258 -> Node 1
[Thu Apr 23 14:22:53 2026] SRAT: PXM 1 -> APIC 0x025a -> Node 1
[Thu Apr 23 14:22:53 2026] SRAT: PXM 1 -> APIC 0x025c -> Node 1
[Thu Apr 23 14:22:53 2026] SRAT: PXM 1 -> APIC 0x025e -> Node 1
[Thu Apr 23 14:22:53 2026] SRAT: PXM 1 -> APIC 0x0260 -> Node 1
[Thu Apr 23 14:22:53 2026] SRAT: PXM 1 -> APIC 0x0262 -> Node 1
[Thu Apr 23 14:22:53 2026] SRAT: PXM 1 -> APIC 0x0264 -> Node 1
[Thu Apr 23 14:22:53 2026] SRAT: PXM 1 -> APIC 0x0266 -> Node 1
[Thu Apr 23 14:22:53 2026] SRAT: PXM 1 -> APIC 0x0268 -> Node 1
[Thu Apr 23 14:22:53 2026] SRAT: PXM 1 -> APIC 0x026a -> Node 1
[Thu Apr 23 14:22:53 2026] SRAT: PXM 1 -> APIC 0x026c -> Node 1
[Thu Apr 23 14:22:53 2026] SRAT: PXM 1 -> APIC 0x026e -> Node 1
[Thu Apr 23 14:22:53 2026] SRAT: PXM 1 -> APIC 0x0270 -> Node 1
[Thu Apr 23 14:22:53 2026] SRAT: PXM 1 -> APIC 0x0272 -> Node 1
[Thu Apr 23 14:22:53 2026] SRAT: PXM 1 -> APIC 0x0274 -> Node 1
[Thu Apr 23 14:22:53 2026] SRAT: PXM 1 -> APIC 0x0276 -> Node 1
[Thu Apr 23 14:22:53 2026] SRAT: PXM 1 -> APIC 0x0278 -> Node 1
[Thu Apr 23 14:22:53 2026] SRAT: PXM 1 -> APIC 0x027a -> Node 1
[Thu Apr 23 14:22:53 2026] SRAT: PXM 1 -> APIC 0x027c -> Node 1
[Thu Apr 23 14:22:53 2026] SRAT: PXM 1 -> APIC 0x027e -> Node 1
[Thu Apr 23 14:22:53 2026] ACPI: SRAT: Node 0 PXM 0 [mem 0x00000000-0x7fffffff]
[Thu Apr 23 14:22:53 2026] ACPI: SRAT: Node 0 PXM 0 [mem 0x100000000-0x207fffffff]
[Thu Apr 23 14:22:53 2026] ACPI: SRAT: Node 1 PXM 1 [mem 0x61000000000-0x62fffffffff]
[Thu Apr 23 14:22:53 2026] ACPI: SRAT: Node 2 PXM 14 [mem 0x63000000000-0x70f7fffffff] hotplug
[Thu Apr 23 14:22:53 2026] NUMA: Initialized distance table, cnt=3
[Thu Apr 23 14:22:53 2026] NUMA: Node 0 [mem 0x00000000-0x7fffffff] + [mem 0x100000000-0x207fffffff] -> [mem 0x00000000-0x207fffffff]
[Thu Apr 23 14:22:53 2026] NODE_DATA(0) allocated [mem 0x207efd5000-0x207effffff]
[Thu Apr 23 14:22:53 2026] NODE_DATA(1) allocated [mem 0x62ffffd3000-0x62fffffdfff]
[Thu Apr 23 14:22:53 2026] crashkernel low memory reserved: 0x39000000 - 0x49000000 (256 MB)
[Thu Apr 23 14:22:53 2026] crashkernel reserved: 0x0000062eff000000 - 0x0000062fff000000 (4096 MB)
[Thu Apr 23 14:22:53 2026] Zone ranges:
[Thu Apr 23 14:22:53 2026]   DMA      [mem 0x0000000000001000-0x0000000000ffffff]
[Thu Apr 23 14:22:53 2026]   DMA32    [mem 0x0000000001000000-0x00000000ffffffff]
[Thu Apr 23 14:22:53 2026]   Normal   [mem 0x0000000100000000-0x0000062fffffffff]
[Thu Apr 23 14:22:53 2026]   Device   empty
[Thu Apr 23 14:22:53 2026] Movable zone start for each node
[Thu Apr 23 14:22:53 2026] Early memory node ranges
[Thu Apr 23 14:22:53 2026]   node   0: [mem 0x0000000000001000-0x000000000009ffff]
[Thu Apr 23 14:22:53 2026]   node   0: [mem 0x0000000000100000-0x000000006177ffff]
[Thu Apr 23 14:22:53 2026]   node   0: [mem 0x000000006ddfe000-0x000000006ddfefff]
[Thu Apr 23 14:22:53 2026]   node   0: [mem 0x000000006de00000-0x00000000777fffff]
[Thu Apr 23 14:22:53 2026]   node   0: [mem 0x0000000100000000-0x000000207effffff]
[Thu Apr 23 14:22:53 2026]   node   1: [mem 0x0000061000000000-0x0000062fffffffff]
[Thu Apr 23 14:22:53 2026] Initmem setup node 0 [mem 0x0000000000001000-0x000000207effffff]
[Thu Apr 23 14:22:53 2026] Initmem setup node 1 [mem 0x0000061000000000-0x0000062fffffffff]
[Thu Apr 23 14:22:53 2026] Initmem setup node 2 as memoryless
[Thu Apr 23 14:22:53 2026] Initmem setup node 3 as memoryless
[Thu Apr 23 14:22:53 2026] Initmem setup node 4 as memoryless
[Thu Apr 23 14:22:53 2026] Initmem setup node 5 as memoryless
[Thu Apr 23 14:22:53 2026] Initmem setup node 6 as memoryless
[Thu Apr 23 14:22:53 2026] Initmem setup node 7 as memoryless
[Thu Apr 23 14:22:53 2026] Initmem setup node 8 as memoryless
[Thu Apr 23 14:22:53 2026] Initmem setup node 9 as memoryless
[Thu Apr 23 14:22:53 2026] Initmem setup node 10 as memoryless
[Thu Apr 23 14:22:53 2026] Initmem setup node 11 as memoryless
[Thu Apr 23 14:22:53 2026] Initmem setup node 12 as memoryless
[Thu Apr 23 14:22:53 2026] Initmem setup node 13 as memoryless
[Thu Apr 23 14:22:53 2026] Initmem setup node 14 as memoryless
[Thu Apr 23 14:22:53 2026] Initmem setup node 15 as memoryless
[Thu Apr 23 14:22:53 2026] Initmem setup node 16 as memoryless
[Thu Apr 23 14:22:53 2026] Initmem setup node 17 as memoryless
[Thu Apr 23 14:22:53 2026] Initmem setup node 18 as memoryless
[Thu Apr 23 14:22:53 2026] Initmem setup node 19 as memoryless
[Thu Apr 23 14:22:53 2026] Initmem setup node 20 as memoryless
[Thu Apr 23 14:22:53 2026] Initmem setup node 21 as memoryless
[Thu Apr 23 14:22:53 2026] Initmem setup node 22 as memoryless
[Thu Apr 23 14:22:53 2026] Initmem setup node 23 as memoryless
[Thu Apr 23 14:22:53 2026] Initmem setup node 24 as memoryless
[Thu Apr 23 14:22:53 2026] Initmem setup node 25 as memoryless
[Thu Apr 23 14:22:53 2026] On node 0, zone DMA: 1 pages in unavailable ranges
[Thu Apr 23 14:22:53 2026] On node 0, zone DMA: 96 pages in unavailable ranges
[Thu Apr 23 14:22:53 2026] On node 0, zone DMA32: 50814 pages in unavailable ranges
[Thu Apr 23 14:22:53 2026] On node 0, zone DMA32: 1 pages in unavailable ranges
[Thu Apr 23 14:22:53 2026] On node 0, zone Normal: 2048 pages in unavailable ranges
[Thu Apr 23 14:22:54 2026] On node 1, zone Normal: 4096 pages in unavailable ranges
[Thu Apr 23 14:22:54 2026] ACPI: PM-Timer IO Port: 0x508
[Thu Apr 23 14:22:54 2026] ACPI: X2APIC_NMI (uid[0xffffffff] high edge lint[0x1])
[Thu Apr 23 14:22:54 2026] ACPI: LAPIC_NMI (acpi_id[0xff] high edge lint[0x1])
[Thu Apr 23 14:22:54 2026] IOAPIC[0]: apic_id 8, version 32, address 0xfec00000, GSI 0-23
[Thu Apr 23 14:22:54 2026] ACPI: INT_SRC_OVR (bus 0 bus_irq 0 global_irq 2 dfl dfl)
[Thu Apr 23 14:22:54 2026] ACPI: INT_SRC_OVR (bus 0 bus_irq 9 global_irq 9 high level)
[Thu Apr 23 14:22:54 2026] ACPI: Using ACPI (MADT) for SMP configuration information
[Thu Apr 23 14:22:54 2026] ACPI: HPET id: 0x8086a701 base: 0xfed00000
[Thu Apr 23 14:22:54 2026] TSC deadline timer available
[Thu Apr 23 14:22:54 2026] smpboot: Allowing 128 CPUs, 0 hotplug CPUs
[Thu Apr 23 14:22:54 2026] PM: hibernation: Registered nosave memory: [mem 0x00000000-0x00000fff]
[Thu Apr 23 14:22:54 2026] PM: hibernation: Registered nosave memory: [mem 0x000a0000-0x000fffff]
[Thu Apr 23 14:22:54 2026] PM: hibernation: Registered nosave memory: [mem 0x569b7000-0x569b7fff]
[Thu Apr 23 14:22:54 2026] PM: hibernation: Registered nosave memory: [mem 0x61780000-0x6ddfdfff]
[Thu Apr 23 14:22:54 2026] PM: hibernation: Registered nosave memory: [mem 0x6ddff000-0x6ddfffff]
[Thu Apr 23 14:22:54 2026] PM: hibernation: Registered nosave memory: [mem 0x77800000-0xffffffff]
[Thu Apr 23 14:22:54 2026] PM: hibernation: Registered nosave memory: [mem 0x207f000000-0x60fffffffff]
[Thu Apr 23 14:22:54 2026] [mem 0x80000000-0xf682ffff] available for PCI devices
[Thu Apr 23 14:22:54 2026] Booting paravirtualized kernel on bare hardware
[Thu Apr 23 14:22:54 2026] clocksource: refined-jiffies: mask: 0xffffffff max_cycles: 0xffffffff, max_idle_ns: 1910969940391419 ns
[Thu Apr 23 14:22:54 2026] setup_percpu: NR_CPUS:8192 nr_cpumask_bits:128 nr_cpu_ids:128 nr_node_ids:26
[Thu Apr 23 14:22:54 2026] percpu: Embedded 85 pages/cpu s225280 r8192 d114688 u524288
[Thu Apr 23 14:22:54 2026] pcpu-alloc: s225280 r8192 d114688 u524288 alloc=1*2097152
[Thu Apr 23 14:22:54 2026] pcpu-alloc: [0] 000 001 002 003 [0] 004 005 006 007 
[Thu Apr 23 14:22:54 2026] pcpu-alloc: [0] 008 009 010 011 [0] 012 013 014 015 
[Thu Apr 23 14:22:54 2026] pcpu-alloc: [0] 016 017 018 019 [0] 020 021 022 023 
[Thu Apr 23 14:22:54 2026] pcpu-alloc: [0] 024 025 026 027 [0] 028 029 030 031 
[Thu Apr 23 14:22:54 2026] pcpu-alloc: [0] 032 033 034 035 [0] 036 037 038 039 
[Thu Apr 23 14:22:54 2026] pcpu-alloc: [0] 040 041 042 043 [0] 044 045 046 047 
[Thu Apr 23 14:22:54 2026] pcpu-alloc: [0] 048 049 050 051 [0] 052 053 054 055 
[Thu Apr 23 14:22:54 2026] pcpu-alloc: [0] 056 057 058 059 [0] 060 061 062 063 
[Thu Apr 23 14:22:54 2026] pcpu-alloc: [1] 064 065 066 067 [1] 068 069 070 071 
[Thu Apr 23 14:22:54 2026] pcpu-alloc: [1] 072 073 074 075 [1] 076 077 078 079 
[Thu Apr 23 14:22:54 2026] pcpu-alloc: [1] 080 081 082 083 [1] 084 085 086 087 
[Thu Apr 23 14:22:54 2026] pcpu-alloc: [1] 088 089 090 091 [1] 092 093 094 095 
[Thu Apr 23 14:22:54 2026] pcpu-alloc: [1] 096 097 098 099 [1] 100 101 102 103 
[Thu Apr 23 14:22:54 2026] pcpu-alloc: [1] 104 105 106 107 [1] 108 109 110 111 
[Thu Apr 23 14:22:54 2026] pcpu-alloc: [1] 112 113 114 115 [1] 116 117 118 119 
[Thu Apr 23 14:22:54 2026] pcpu-alloc: [1] 120 121 122 123 [1] 124 125 126 127 
[Thu Apr 23 14:22:54 2026] Kernel command line: BOOT_IMAGE=/boot/vmlinuz-6.8.0-106-generic root=UUID=f417519a-fbfe-4b20-b6bb-27e79387bf15 ro swapaccount=1 crashkernel=2G-4G:320M,4G-32G:512M,32G-64G:1024M,64G-128G:2048M,128G-:4096M
[Thu Apr 23 14:22:54 2026] random: crng init done
[Thu Apr 23 14:22:54 2026] printk: log_buf_len individual max cpu contribution: 4096 bytes
[Thu Apr 23 14:22:54 2026] printk: log_buf_len total cpu_extra contributions: 520192 bytes
[Thu Apr 23 14:22:54 2026] printk: log_buf_len min size: 262144 bytes
[Thu Apr 23 14:22:54 2026] printk: log_buf_len: 1048576 bytes
[Thu Apr 23 14:22:54 2026] printk: early log buf free: 225368(85%)
[Thu Apr 23 14:22:54 2026] Fallback order for Node 0: 0 1 
[Thu Apr 23 14:22:54 2026] Fallback order for Node 1: 1 0 
[Thu Apr 23 14:22:54 2026] Fallback order for Node 2: 1 0 
[Thu Apr 23 14:22:54 2026] Fallback order for Node 3: 0 1 
[Thu Apr 23 14:22:54 2026] Fallback order for Node 4: 1 0 
[Thu Apr 23 14:22:54 2026] Fallback order for Node 5: 0 1 
[Thu Apr 23 14:22:54 2026] Fallback order for Node 6: 1 0 
[Thu Apr 23 14:22:54 2026] Fallback order for Node 7: 0 1 
[Thu Apr 23 14:22:54 2026] Fallback order for Node 8: 1 0 
[Thu Apr 23 14:22:54 2026] Fallback order for Node 9: 0 1 
[Thu Apr 23 14:22:54 2026] Fallback order for Node 10: 1 0 
[Thu Apr 23 14:22:54 2026] Fallback order for Node 11: 0 1 
[Thu Apr 23 14:22:54 2026] Fallback order for Node 12: 1 0 
[Thu Apr 23 14:22:54 2026] Fallback order for Node 13: 0 1 
[Thu Apr 23 14:22:54 2026] Fallback order for Node 14: 1 0 
[Thu Apr 23 14:22:54 2026] Fallback order for Node 15: 0 1 
[Thu Apr 23 14:22:54 2026] Fallback order for Node 16: 1 0 
[Thu Apr 23 14:22:54 2026] Fallback order for Node 17: 0 1 
[Thu Apr 23 14:22:54 2026] Fallback order for Node 18: 1 0 
[Thu Apr 23 14:22:54 2026] Fallback order for Node 19: 0 1 
[Thu Apr 23 14:22:54 2026] Fallback order for Node 20: 1 0 
[Thu Apr 23 14:22:54 2026] Fallback order for Node 21: 0 1 
[Thu Apr 23 14:22:54 2026] Fallback order for Node 22: 1 0 
[Thu Apr 23 14:22:54 2026] Fallback order for Node 23: 0 1 
[Thu Apr 23 14:22:54 2026] Fallback order for Node 24: 1 0 
[Thu Apr 23 14:22:54 2026] Fallback order for Node 25: 0 1 
[Thu Apr 23 14:22:54 2026] Built 2 zonelists, mobility grouping on.  Total pages: 65971706
[Thu Apr 23 14:22:54 2026] Policy zone: Normal
[Thu Apr 23 14:22:54 2026] mem auto-init: stack:all(zero), heap alloc:on, heap free:off
[Thu Apr 23 14:22:54 2026] software IO TLB: area num 128.
[Thu Apr 23 14:22:56 2026] Memory: 259053796K/268076160K available (22528K kernel code, 4436K rwdata, 14408K rodata, 4920K init, 4792K bss, 9022104K reserved, 0K cma-reserved)
[Thu Apr 23 14:22:56 2026] SLUB: HWalign=64, Order=0-3, MinObjects=0, CPUs=128, Nodes=26
[Thu Apr 23 14:22:56 2026] ftrace: allocating 58280 entries in 228 pages
[Thu Apr 23 14:22:56 2026] ftrace: allocated 228 pages with 4 groups
[Thu Apr 23 14:22:56 2026] Dynamic Preempt: voluntary
[Thu Apr 23 14:22:56 2026] rcu: Preemptible hierarchical RCU implementation.
[Thu Apr 23 14:22:56 2026] rcu: 	RCU restricting CPUs from NR_CPUS=8192 to nr_cpu_ids=128.
[Thu Apr 23 14:22:56 2026] 	Trampoline variant of Tasks RCU enabled.
[Thu Apr 23 14:22:56 2026] 	Rude variant of Tasks RCU enabled.
[Thu Apr 23 14:22:56 2026] 	Tracing variant of Tasks RCU enabled.
[Thu Apr 23 14:22:56 2026] rcu: RCU calculated value of scheduler-enlistment delay is 100 jiffies.
[Thu Apr 23 14:22:56 2026] rcu: Adjusting geometry for rcu_fanout_leaf=16, nr_cpu_ids=128
[Thu Apr 23 14:22:56 2026] RCU Tasks: Setting shift to 7 and lim to 1 rcu_task_cb_adjust=1 rcu_task_cpu_ids=128.
[Thu Apr 23 14:22:56 2026] RCU Tasks Rude: Setting shift to 7 and lim to 1 rcu_task_cb_adjust=1 rcu_task_cpu_ids=128.
[Thu Apr 23 14:22:56 2026] RCU Tasks Trace: Setting shift to 7 and lim to 1 rcu_task_cb_adjust=1 rcu_task_cpu_ids=128.
[Thu Apr 23 14:22:56 2026] NR_IRQS: 524544, nr_irqs: 1448, preallocated irqs: 16
[Thu Apr 23 14:22:56 2026] rcu: srcu_init: Setting srcu_struct sizes to big.
[Thu Apr 23 14:22:56 2026] Console: colour dummy device 80x25
[Thu Apr 23 14:22:56 2026] printk: legacy console [tty0] enabled
[Thu Apr 23 14:22:56 2026] mempolicy: Enabling automatic NUMA balancing. Configure with numa_balancing= or the kernel.numa_balancing sysctl
[Thu Apr 23 14:22:56 2026] ACPI: Core revision 20230628
[Thu Apr 23 14:22:56 2026] clocksource: hpet: mask: 0xffffffff max_cycles: 0xffffffff, max_idle_ns: 76450417870 ns
[Thu Apr 23 14:22:56 2026] APIC: Switch to symmetric I/O mode setup
[Thu Apr 23 14:22:56 2026] DMAR: Host address width 52
[Thu Apr 23 14:22:56 2026] DMAR: DRHD base: 0x000000c3fe0000 flags: 0x0
[Thu Apr 23 14:22:56 2026] DMAR: dmar0: reg_base_addr c3fe0000 ver 7:0 cap f9ed008cee780c66 ecap 3bef9ea6f0efdf
[Thu Apr 23 14:22:56 2026] DMAR: DRHD base: 0x000000c47e0000 flags: 0x0
[Thu Apr 23 14:22:56 2026] DMAR: dmar1: reg_base_addr c47e0000 ver 7:0 cap f9ed008cee780c66 ecap 3bef9ea6f0efdf
[Thu Apr 23 14:22:56 2026] DMAR: DRHD base: 0x000000c4fe0000 flags: 0x0
[Thu Apr 23 14:22:56 2026] DMAR: dmar2: reg_base_addr c4fe0000 ver 7:0 cap f9ed008cee780c66 ecap 3bef9ea6f0efdf
[Thu Apr 23 14:22:56 2026] DMAR: DRHD base: 0x000000c57e0000 flags: 0x0
[Thu Apr 23 14:22:56 2026] DMAR: dmar3: reg_base_addr c57e0000 ver 7:0 cap f9ed008cee780c66 ecap 3bef9ea6f0efdf
[Thu Apr 23 14:22:56 2026] DMAR: DRHD base: 0x000000cdbc0000 flags: 0x0
[Thu Apr 23 14:22:56 2026] DMAR: dmar4: reg_base_addr cdbc0000 ver 7:0 cap f9ed008cee780c66 ecap 3bef9e86f0efdf
[Thu Apr 23 14:22:56 2026] DMAR: DRHD base: 0x000000d5fc0000 flags: 0x0
[Thu Apr 23 14:22:56 2026] DMAR: dmar5: reg_base_addr d5fc0000 ver 7:0 cap f9ed008cee780c66 ecap 3bef9e86f0efdf
[Thu Apr 23 14:22:56 2026] DMAR: DRHD base: 0x000000ddfc0000 flags: 0x0
[Thu Apr 23 14:22:56 2026] DMAR: dmar6: reg_base_addr ddfc0000 ver 7:0 cap f9ed008cee780c66 ecap 3bef9e86f0efdf
[Thu Apr 23 14:22:56 2026] DMAR: DRHD base: 0x000000e5fc0000 flags: 0x0
[Thu Apr 23 14:22:56 2026] DMAR: dmar7: reg_base_addr e5fc0000 ver 7:0 cap f9ed008cee780c66 ecap 3bef9e86f0efdf
[Thu Apr 23 14:22:56 2026] DMAR: DRHD base: 0x000000edfc0000 flags: 0x0
[Thu Apr 23 14:22:56 2026] DMAR: dmar8: reg_base_addr edfc0000 ver 7:0 cap f9ed008cee780c66 ecap 3bef9e86f0efdf
[Thu Apr 23 14:22:56 2026] DMAR: DRHD base: 0x000000f5fc0000 flags: 0x0
[Thu Apr 23 14:22:56 2026] DMAR: dmar9: reg_base_addr f5fc0000 ver 7:0 cap f9ed008cee780c66 ecap 3bef9e86f0efdf
[Thu Apr 23 14:22:56 2026] DMAR: DRHD base: 0x00000090fe0000 flags: 0x0
[Thu Apr 23 14:22:56 2026] DMAR: dmar10: reg_base_addr 90fe0000 ver 7:0 cap f9ed008cee780c66 ecap 3bef9ea6f0efdf
[Thu Apr 23 14:22:56 2026] DMAR: DRHD base: 0x000000917e0000 flags: 0x0
[Thu Apr 23 14:22:56 2026] DMAR: dmar11: reg_base_addr 917e0000 ver 7:0 cap f9ed008cee780c66 ecap 3bef9ea6f0efdf
[Thu Apr 23 14:22:56 2026] DMAR: DRHD base: 0x00000091fe0000 flags: 0x0
[Thu Apr 23 14:22:56 2026] DMAR: dmar12: reg_base_addr 91fe0000 ver 7:0 cap f9ed008cee780c66 ecap 3bef9ea6f0efdf
[Thu Apr 23 14:22:56 2026] DMAR: DRHD base: 0x0000009a3c0000 flags: 0x0
[Thu Apr 23 14:22:56 2026] DMAR: dmar13: reg_base_addr 9a3c0000 ver 7:0 cap f9ed008cee780c66 ecap 3bef9e86f0efdf
[Thu Apr 23 14:22:56 2026] DMAR: DRHD base: 0x000000a27c0000 flags: 0x0
[Thu Apr 23 14:22:56 2026] DMAR: dmar14: reg_base_addr a27c0000 ver 7:0 cap f9ed008cee780c66 ecap 3bef9e86f0efdf
[Thu Apr 23 14:22:56 2026] DMAR: DRHD base: 0x000000aabc0000 flags: 0x0
[Thu Apr 23 14:22:56 2026] DMAR: dmar15: reg_base_addr aabc0000 ver 7:0 cap f9ed008cee780c66 ecap 3bef9e86f0efdf
[Thu Apr 23 14:22:56 2026] DMAR: DRHD base: 0x000000b2fc0000 flags: 0x0
[Thu Apr 23 14:22:56 2026] DMAR: dmar16: reg_base_addr b2fc0000 ver 7:0 cap f9ed008cee780c66 ecap 3bef9e86f0efdf
[Thu Apr 23 14:22:56 2026] DMAR: DRHD base: 0x000000bafc0000 flags: 0x0
[Thu Apr 23 14:22:56 2026] DMAR: dmar17: reg_base_addr bafc0000 ver 7:0 cap f9ed008cee780c66 ecap 3bef9e86f0efdf
[Thu Apr 23 14:22:56 2026] DMAR: DRHD base: 0x000000c2fc0000 flags: 0x0
[Thu Apr 23 14:22:56 2026] DMAR: dmar18: reg_base_addr c2fc0000 ver 7:0 cap f9ed008cee780c66 ecap 3bef9e86f0efdf
[Thu Apr 23 14:22:56 2026] DMAR: DRHD base: 0x000000907e0000 flags: 0x0
[Thu Apr 23 14:22:56 2026] DMAR: dmar19: reg_base_addr 907e0000 ver 7:0 cap f9ed008cee780c66 ecap 3bef9ea6f0efdf
[Thu Apr 23 14:22:56 2026] DMAR: ATSR flags: 0x1
[Thu Apr 23 14:22:56 2026] DMAR: RHSA base: 0x000000907e0000 proximity domain: 0x0
[Thu Apr 23 14:22:56 2026] DMAR: RHSA base: 0x00000090fe0000 proximity domain: 0x0
[Thu Apr 23 14:22:56 2026] DMAR: RHSA base: 0x000000917e0000 proximity domain: 0x0
[Thu Apr 23 14:22:56 2026] DMAR: RHSA base: 0x00000091fe0000 proximity domain: 0x0
[Thu Apr 23 14:22:56 2026] DMAR: RHSA base: 0x0000009a3c0000 proximity domain: 0x0
[Thu Apr 23 14:22:56 2026] DMAR: RHSA base: 0x000000a27c0000 proximity domain: 0x0
[Thu Apr 23 14:22:56 2026] DMAR: RHSA base: 0x000000aabc0000 proximity domain: 0x0
[Thu Apr 23 14:22:56 2026] DMAR: RHSA base: 0x000000b2fc0000 proximity domain: 0x0
[Thu Apr 23 14:22:56 2026] DMAR: RHSA base: 0x000000bafc0000 proximity domain: 0x0
[Thu Apr 23 14:22:56 2026] DMAR: RHSA base: 0x000000c2fc0000 proximity domain: 0x0
[Thu Apr 23 14:22:56 2026] DMAR: RHSA base: 0x000000c3fe0000 proximity domain: 0x1
[Thu Apr 23 14:22:56 2026] DMAR: RHSA base: 0x000000c47e0000 proximity domain: 0x1
[Thu Apr 23 14:22:56 2026] DMAR: RHSA base: 0x000000c4fe0000 proximity domain: 0x1
[Thu Apr 23 14:22:56 2026] DMAR: RHSA base: 0x000000c57e0000 proximity domain: 0x1
[Thu Apr 23 14:22:56 2026] DMAR: RHSA base: 0x000000cdbc0000 proximity domain: 0x1
[Thu Apr 23 14:22:56 2026] DMAR: RHSA base: 0x000000d5fc0000 proximity domain: 0x1
[Thu Apr 23 14:22:56 2026] DMAR: RHSA base: 0x000000ddfc0000 proximity domain: 0x1
[Thu Apr 23 14:22:56 2026] DMAR: RHSA base: 0x000000e5fc0000 proximity domain: 0x1
[Thu Apr 23 14:22:56 2026] DMAR: RHSA base: 0x000000edfc0000 proximity domain: 0x1
[Thu Apr 23 14:22:56 2026] DMAR: RHSA base: 0x000000f5fc0000 proximity domain: 0x1
[Thu Apr 23 14:22:56 2026] DMAR: SATC flags: 0x0
[Thu Apr 23 14:22:56 2026] DMAR-IR: IOAPIC id 8 under DRHD base  0x907e0000 IOMMU 19
[Thu Apr 23 14:22:56 2026] DMAR-IR: HPET id 0 under DRHD base 0x907e0000
[Thu Apr 23 14:22:56 2026] DMAR-IR: Queued invalidation will be enabled to support x2apic and Intr-remapping.
[Thu Apr 23 14:22:56 2026] DMAR-IR: Enabled IRQ remapping in x2apic mode
[Thu Apr 23 14:22:56 2026] ..TIMER: vector=0x30 apic1=0 pin1=2 apic2=-1 pin2=-1
[Thu Apr 23 14:22:56 2026] clocksource: tsc-early: mask: 0xffffffffffffffff max_cycles: 0x22983777dd9, max_idle_ns: 440795300422 ns
[Thu Apr 23 14:22:56 2026] Calibrating delay loop (skipped), value calculated using timer frequency.. 4800.00 BogoMIPS (lpj=2400000)
[Thu Apr 23 14:22:56 2026] x86/cpu: SGX disabled by BIOS.
[Thu Apr 23 14:22:56 2026] CPU0: Thermal monitoring enabled (TM1)
[Thu Apr 23 14:22:56 2026] x86/cpu: User Mode Instruction Prevention (UMIP) activated
[Thu Apr 23 14:22:56 2026] process: using mwait in idle threads
[Thu Apr 23 14:22:56 2026] Last level iTLB entries: 4KB 0, 2MB 0, 4MB 0
[Thu Apr 23 14:22:56 2026] Last level dTLB entries: 4KB 0, 2MB 0, 4MB 0, 1GB 0
[Thu Apr 23 14:22:56 2026] Spectre V1 : Mitigation: usercopy/swapgs barriers and __user pointer sanitization
[Thu Apr 23 14:22:56 2026] Spectre V2 : Mitigation: Enhanced / Automatic IBRS
[Thu Apr 23 14:22:56 2026] Spectre V2 : mitigation: Enabling conditional Indirect Branch Prediction Barrier
[Thu Apr 23 14:22:56 2026] Speculative Store Bypass: Mitigation: Speculative Store Bypass disabled via prctl
[Thu Apr 23 14:22:56 2026] VMSCAPE: Mitigation: IBPB before exit to userspace
[Thu Apr 23 14:22:56 2026] x86/fpu: Supporting XSAVE feature 0x001: 'x87 floating point registers'
[Thu Apr 23 14:22:56 2026] x86/fpu: Supporting XSAVE feature 0x002: 'SSE registers'
[Thu Apr 23 14:22:56 2026] x86/fpu: Supporting XSAVE feature 0x004: 'AVX registers'
[Thu Apr 23 14:22:56 2026] x86/fpu: Supporting XSAVE feature 0x200: 'Protection Keys User registers'
[Thu Apr 23 14:22:56 2026] x86/fpu: Supporting XSAVE feature 0x400: 'PASID state'
[Thu Apr 23 14:22:56 2026] x86/fpu: Supporting XSAVE feature 0x800: 'Control-flow User registers'
[Thu Apr 23 14:22:56 2026] x86/fpu: xstate_offset[2]:  576, xstate_sizes[2]:  256
[Thu Apr 23 14:22:56 2026] x86/fpu: xstate_offset[9]:  832, xstate_sizes[9]:    8
[Thu Apr 23 14:22:56 2026] x86/fpu: xstate_offset[10]:  840, xstate_sizes[10]:    8
[Thu Apr 23 14:22:56 2026] x86/fpu: xstate_offset[11]:  848, xstate_sizes[11]:   16
[Thu Apr 23 14:22:56 2026] x86/fpu: Enabled xstate features 0xe07, context size is 864 bytes, using 'compacted' format.
[Thu Apr 23 14:22:56 2026] Freeing SMP alternatives memory: 48K
[Thu Apr 23 14:22:56 2026] pid_max: default: 131072 minimum: 1024
[Thu Apr 23 14:22:56 2026] LSM: initializing lsm=lockdown,capability,landlock,yama,apparmor,integrity
[Thu Apr 23 14:22:56 2026] landlock: Up and running.
[Thu Apr 23 14:22:56 2026] Yama: becoming mindful.
[Thu Apr 23 14:22:56 2026] AppArmor: AppArmor initialized
[Thu Apr 23 14:22:56 2026] Dentry cache hash table entries: 16777216 (order: 15, 134217728 bytes, vmalloc hugepage)
[Thu Apr 23 14:22:56 2026] Inode-cache hash table entries: 8388608 (order: 14, 67108864 bytes, vmalloc hugepage)
[Thu Apr 23 14:22:56 2026] Mount-cache hash table entries: 262144 (order: 9, 2097152 bytes, vmalloc)
[Thu Apr 23 14:22:56 2026] Mountpoint-cache hash table entries: 262144 (order: 9, 2097152 bytes, vmalloc)
[Thu Apr 23 14:22:56 2026] smpboot: CPU0: Intel(R) Xeon(R) 6710E (family: 0x6, model: 0xaf, stepping: 0x3)
[Thu Apr 23 14:22:56 2026] Performance Events: XSAVE Architectural LBR, PEBS fmt4+-baseline, PEBS-via-PT,  AnyThread deprecated, Crestmont events, 32-deep LBR, full-width counters, Intel PMU driver.
[Thu Apr 23 14:22:56 2026] ... version:                5
[Thu Apr 23 14:22:56 2026] ... bit width:              48
[Thu Apr 23 14:22:56 2026] ... generic registers:      8
[Thu Apr 23 14:22:56 2026] ... value mask:             0000ffffffffffff
[Thu Apr 23 14:22:56 2026] ... max period:             00007fffffffffff
[Thu Apr 23 14:22:56 2026] ... fixed-purpose events:   3
[Thu Apr 23 14:22:56 2026] ... event mask:             00000007000000ff
[Thu Apr 23 14:22:56 2026] signal: max sigframe size: 3632
[Thu Apr 23 14:22:56 2026] Estimated ratio of average max frequency by base frequency (times 1024): 1365
[Thu Apr 23 14:22:56 2026] rcu: Hierarchical SRCU implementation.
[Thu Apr 23 14:22:56 2026] rcu: 	Max phase no-delay instances is 400.
[Thu Apr 23 14:22:56 2026] NMI watchdog: Enabled. Permanently consumes one hw-PMU counter.
[Thu Apr 23 14:22:56 2026] smp: Bringing up secondary CPUs ...
[Thu Apr 23 14:22:56 2026] smpboot: x86: Booting SMP configuration:
[Thu Apr 23 14:22:56 2026] .... node   #0, CPUs:          #1   #2   #3   #4   #5   #6   #7   #8   #9  #10  #11  #12  #13  #14  #15  #16  #17  #18  #19  #20  #21  #22  #23  #24  #25  #26  #27  #28  #29  #30  #31  #32  #33  #34  #35  #36  #37  #38  #39  #40  #41  #42  #43  #44  #45  #46  #47  #48  #49  #50  #51  #52  #53  #54  #55  #56  #57  #58  #59  #60  #61  #62  #63
[Thu Apr 23 14:22:56 2026] .... node   #1, CPUs:    #64  #65  #66  #67  #68  #69  #70  #71  #72  #73  #74  #75  #76  #77  #78  #79  #80  #81  #82  #83  #84  #85  #86  #87  #88  #89  #90  #91  #92  #93  #94  #95  #96  #97  #98  #99 #100 #101 #102 #103 #104 #105 #106 #107 #108 #109 #110 #111 #112 #113 #114 #115 #116 #117 #118 #119 #120 #121 #122 #123 #124 #125 #126 #127
[Thu Apr 23 14:22:58 2026] smpboot: CPU 64 Converting physical 0 to logical die 1
[Thu Apr 23 14:23:00 2026] smp: Brought up 2 nodes, 128 CPUs
[Thu Apr 23 14:23:00 2026] smpboot: Max logical packages: 2
[Thu Apr 23 14:23:00 2026] smpboot: Total of 128 processors activated (614400.00 BogoMIPS)
[Thu Apr 23 14:23:01 2026] devtmpfs: initialized
[Thu Apr 23 14:23:01 2026] x86/mm: Memory block size: 2048MB
[Thu Apr 23 14:23:01 2026] ACPI: PM: Registering ACPI NVS region [mem 0x661f0000-0x67118fff] (15896576 bytes)
[Thu Apr 23 14:23:01 2026] clocksource: jiffies: mask: 0xffffffff max_cycles: 0xffffffff, max_idle_ns: 1911260446275000 ns
[Thu Apr 23 14:23:01 2026] futex hash table entries: 32768 (order: 9, 2097152 bytes, vmalloc)
[Thu Apr 23 14:23:01 2026] pinctrl core: initialized pinctrl subsystem
[Thu Apr 23 14:23:01 2026] PM: RTC time: 18:23:03, date: 2026-04-23
[Thu Apr 23 14:23:01 2026] NET: Registered PF_NETLINK/PF_ROUTE protocol family
[Thu Apr 23 14:23:01 2026] DMA: preallocated 4096 KiB GFP_KERNEL pool for atomic allocations
[Thu Apr 23 14:23:01 2026] DMA: preallocated 4096 KiB GFP_KERNEL|GFP_DMA pool for atomic allocations
[Thu Apr 23 14:23:01 2026] DMA: preallocated 4096 KiB GFP_KERNEL|GFP_DMA32 pool for atomic allocations
[Thu Apr 23 14:23:01 2026] audit: initializing netlink subsys (disabled)
[Thu Apr 23 14:23:01 2026] audit: type=2000 audit(1776968583.235:1): state=initialized audit_enabled=0 res=1
[Thu Apr 23 14:23:01 2026] thermal_sys: Registered thermal governor 'fair_share'
[Thu Apr 23 14:23:01 2026] thermal_sys: Registered thermal governor 'bang_bang'
[Thu Apr 23 14:23:01 2026] thermal_sys: Registered thermal governor 'step_wise'
[Thu Apr 23 14:23:01 2026] thermal_sys: Registered thermal governor 'user_space'
[Thu Apr 23 14:23:01 2026] thermal_sys: Registered thermal governor 'power_allocator'
[Thu Apr 23 14:23:01 2026] cpuidle: using governor ladder
[Thu Apr 23 14:23:01 2026] cpuidle: using governor menu
[Thu Apr 23 14:23:01 2026] ACPI FADT declares the system doesn't support PCIe ASPM, so disable it
[Thu Apr 23 14:23:01 2026] acpiphp: ACPI Hot Plug PCI Controller Driver version: 0.5
[Thu Apr 23 14:23:01 2026] PCI: ECAM [mem 0x80000000-0x8fffffff] (base 0x80000000) for domain 0000 [bus 00-ff]
[Thu Apr 23 14:23:01 2026] PCI: Using configuration type 1 for base access
[Thu Apr 23 14:23:01 2026] kprobes: kprobe jump-optimization is enabled. All kprobes are optimized if possible.
[Thu Apr 23 14:23:01 2026] HugeTLB: registered 1.00 GiB page size, pre-allocated 0 pages
[Thu Apr 23 14:23:01 2026] HugeTLB: 16380 KiB vmemmap can be freed for a 1.00 GiB page
[Thu Apr 23 14:23:01 2026] HugeTLB: registered 2.00 MiB page size, pre-allocated 0 pages
[Thu Apr 23 14:23:01 2026] HugeTLB: 28 KiB vmemmap can be freed for a 2.00 MiB page
[Thu Apr 23 14:23:01 2026] fbcon: Taking over console
[Thu Apr 23 14:23:01 2026] PRM: found 3 modules
[Thu Apr 23 14:23:01 2026] ACPI: Added _OSI(Module Device)
[Thu Apr 23 14:23:01 2026] ACPI: Added _OSI(Processor Device)
[Thu Apr 23 14:23:01 2026] ACPI: Added _OSI(Processor Aggregator Device)
[Thu Apr 23 14:23:01 2026] ACPI: 11 ACPI AML tables successfully acquired and loaded
[Thu Apr 23 14:23:01 2026] ACPI: Dynamic OEM Table Load:
[Thu Apr 23 14:23:01 2026] ACPI: Dynamic OEM Table Load:
[Thu Apr 23 14:23:01 2026] ACPI: Dynamic OEM Table Load:
[Thu Apr 23 14:23:02 2026] ACPI: _OSC evaluated successfully for all CPUs
[Thu Apr 23 14:23:02 2026] ACPI: Interpreter enabled
[Thu Apr 23 14:23:02 2026] ACPI: PM: (supports S0 S5)
[Thu Apr 23 14:23:02 2026] ACPI: Using IOAPIC for interrupt routing
[Thu Apr 23 14:23:02 2026] HEST: Table parsing has been initialized.
[Thu Apr 23 14:23:02 2026] GHES: APEI firmware first mode is enabled by APEI bit and WHEA _OSC.
[Thu Apr 23 14:23:02 2026] PCI: Using host bridge windows from ACPI; if necessary, use "pci=nocrs" and report a bug
[Thu Apr 23 14:23:02 2026] PCI: Ignoring E820 reservations for host bridge windows
[Thu Apr 23 14:23:02 2026] ACPI: Enabled 1 GPEs in block 00 to 7F
[Thu Apr 23 14:23:02 2026] ACPI: PCI Root Bridge [DI00] (domain 0000 [bus 00])
[Thu Apr 23 14:23:02 2026] acpi PNP0A08:00: _OSC: OS supports [ExtendedConfig ASPM ClockPM Segments MSI EDR HPX-Type3]
[Thu Apr 23 14:23:02 2026] acpi PNP0A08:00: _OSC: platform does not support [SHPCHotplug AER DPC]
[Thu Apr 23 14:23:02 2026] acpi PNP0A08:00: _OSC: OS now controls [PCIeHotplug PME PCIeCapability LTR]
[Thu Apr 23 14:23:02 2026] acpi PNP0A08:00: FADT indicates ASPM is unsupported, using BIOS configuration
[Thu Apr 23 14:23:02 2026] PCI host bridge to bus 0000:00
[Thu Apr 23 14:23:02 2026] pci_bus 0000:00: root bus resource [io  0x1000-0x1fff window]
[Thu Apr 23 14:23:02 2026] pci_bus 0000:00: root bus resource [mem 0x90000000-0x907dffff window]
[Thu Apr 23 14:23:02 2026] pci_bus 0000:00: root bus resource [mem 0x1e0500000000-0x1effffbfffff window]
[Thu Apr 23 14:23:02 2026] pci_bus 0000:00: root bus resource [io  0x0070-0x0077 window]
[Thu Apr 23 14:23:02 2026] pci_bus 0000:00: root bus resource [io  0x0780-0x079f window]
[Thu Apr 23 14:23:02 2026] pci_bus 0000:00: root bus resource [io  0x0400-0x041f window]
[Thu Apr 23 14:23:02 2026] pci_bus 0000:00: root bus resource [io  0x0500-0x05ff window]
[Thu Apr 23 14:23:02 2026] pci_bus 0000:00: root bus resource [mem 0xf6800000-0xf6803fff window]
[Thu Apr 23 14:23:02 2026] pci_bus 0000:00: root bus resource [mem 0xf6830000-0xf6830fff window]
[Thu Apr 23 14:23:02 2026] pci_bus 0000:00: root bus resource [mem 0xf7000000-0xf7ffffff window]
[Thu Apr 23 14:23:02 2026] pci_bus 0000:00: root bus resource [bus 00]
[Thu Apr 23 14:23:02 2026] pci 0000:00:00.0: [8086:09a2] type 00 class 0x088000 PCIe Root Complex Integrated Endpoint
[Thu Apr 23 14:23:02 2026] pci 0000:00:00.1: [8086:09a4] type 00 class 0x088000 PCIe Root Complex Integrated Endpoint
[Thu Apr 23 14:23:02 2026] pci 0000:00:00.2: [8086:09a3] type 00 class 0x088000 PCIe Root Complex Integrated Endpoint
[Thu Apr 23 14:23:02 2026] pci 0000:00:00.4: [8086:0b23] type 00 class 0x080700 PCIe Root Complex Event Collector
[Thu Apr 23 14:23:02 2026] pci 0000:00:01.0: [8086:0b25] type 00 class 0x088000 PCIe Root Complex Integrated Endpoint
[Thu Apr 23 14:23:02 2026] pci 0000:00:01.0: BAR 0 [mem 0x1effffa80000-0x1effffa9ffff 64bit pref]
[Thu Apr 23 14:23:02 2026] pci 0000:00:01.0: BAR 2 [mem 0x1effffa40000-0x1effffa7ffff 64bit pref]
[Thu Apr 23 14:23:02 2026] pci 0000:00:02.0: [8086:0cfe] type 00 class 0x088000 PCIe Root Complex Integrated Endpoint
[Thu Apr 23 14:23:02 2026] pci 0000:00:02.0: BAR 0 [mem 0x1effffaa0000-0x1effffaaffff 64bit pref]
[Thu Apr 23 14:23:02 2026] pci 0000:00:02.0: BAR 2 [mem 0x1effffa00000-0x1effffa3ffff 64bit pref]
[Thu Apr 23 14:23:02 2026] pci 0000:00:03.0: [8086:09a6] type 00 class 0x088000 PCIe Root Complex Integrated Endpoint
[Thu Apr 23 14:23:02 2026] pci 0000:00:03.0: BAR 0 [mem 0x90400000-0x904fffff]
[Thu Apr 23 14:23:02 2026] pci 0000:00:03.1: [8086:09a7] type 00 class 0x088000 PCIe Root Complex Integrated Endpoint
[Thu Apr 23 14:23:02 2026] pci 0000:00:03.1: BAR 0 [mem 0x90500000-0x90503fff]
[Thu Apr 23 14:23:02 2026] pci 0000:00:03.1: BAR 1 [mem 0x90200000-0x903fffff]
[Thu Apr 23 14:23:02 2026] pci 0000:00:1f.0: [8086:5795] type 00 class 0x060100 conventional PCI endpoint
[Thu Apr 23 14:23:02 2026] pci 0000:00:1f.4: [8086:5796] type 00 class 0x0c0500 conventional PCI endpoint
[Thu Apr 23 14:23:02 2026] pci 0000:00:1f.4: BAR 0 [mem 0x1effffb00000-0x1effffb000ff 64bit]
[Thu Apr 23 14:23:02 2026] pci 0000:00:1f.4: BAR 4 [io  0x0780-0x079f]
[Thu Apr 23 14:23:02 2026] pci 0000:00:1f.5: [8086:5794] type 00 class 0x0c8000 conventional PCI endpoint
[Thu Apr 23 14:23:02 2026] pci 0000:00:1f.5: BAR 0 [mem 0xf6830000-0xf6830fff]
[Thu Apr 23 14:23:02 2026] pci_bus 0000:00: on NUMA node 0
[Thu Apr 23 14:23:02 2026] ACPI: PCI Root Bridge [CP00] (domain 0000 [bus 01-02])
[Thu Apr 23 14:23:02 2026] acpi PNP0A08:01: _OSC: OS supports [ExtendedConfig ASPM ClockPM Segments MSI EDR HPX-Type3]
[Thu Apr 23 14:23:02 2026] acpi PNP0A08:01: _OSC: platform does not support [SHPCHotplug AER DPC]
[Thu Apr 23 14:23:02 2026] acpi PNP0A08:01: _OSC: OS now controls [PCIeHotplug PME PCIeCapability LTR]
[Thu Apr 23 14:23:02 2026] acpi PNP0A08:01: FADT indicates ASPM is unsupported, using BIOS configuration
[Thu Apr 23 14:23:02 2026] PCI host bridge to bus 0000:01
[Thu Apr 23 14:23:02 2026] pci_bus 0000:01: root bus resource [mem 0x1e0000000000-0x1e00ffffffff window]
[Thu Apr 23 14:23:02 2026] pci_bus 0000:01: root bus resource [bus 01-02]
[Thu Apr 23 14:23:02 2026] pci 0000:01:00.0: [8086:4944] type 00 class 0x0b4000 PCIe Root Complex Integrated Endpoint
[Thu Apr 23 14:23:02 2026] pci 0000:01:00.0: BAR 0 [mem 0x1e00ffa00000-0x1e00ffa7ffff 64bit]
[Thu Apr 23 14:23:02 2026] pci 0000:01:00.0: BAR 2 [mem 0x1e00ff000000-0x1e00ff7fffff 64bit]
[Thu Apr 23 14:23:02 2026] pci 0000:01:00.0: BAR 4 [mem 0x1e00ff800000-0x1e00ff9fffff 64bit]
[Thu Apr 23 14:23:02 2026] pci 0000:01:00.0: VF BAR 0 [mem 0x1e00ffb00000-0x1e00ffb07fff 64bit]
[Thu Apr 23 14:23:02 2026] pci 0000:01:00.0: VF BAR 0 [mem 0x1e00ffb00000-0x1e00ffb7ffff 64bit]: contains BAR 0 for 16 VFs
[Thu Apr 23 14:23:02 2026] pci 0000:01:00.0: VF BAR 2 [mem 0x1e00ffb80000-0x1e00ffb81fff 64bit]
[Thu Apr 23 14:23:02 2026] pci 0000:01:00.0: VF BAR 2 [mem 0x1e00ffb80000-0x1e00ffb9ffff 64bit]: contains BAR 2 for 16 VFs
[Thu Apr 23 14:23:02 2026] pci 0000:01:00.0: VF BAR 4 [mem 0x1e00ffa80000-0x1e00ffa87fff 64bit]
[Thu Apr 23 14:23:02 2026] pci 0000:01:00.0: VF BAR 4 [mem 0x1e00ffa80000-0x1e00ffafffff 64bit]: contains BAR 4 for 16 VFs
[Thu Apr 23 14:23:02 2026] pci_bus 0000:01: on NUMA node 0
[Thu Apr 23 14:23:02 2026] ACPI: PCI Root Bridge [HQ00] (domain 0000 [bus 03-04])
[Thu Apr 23 14:23:02 2026] acpi PNP0A08:02: _OSC: OS supports [ExtendedConfig ASPM ClockPM Segments MSI EDR HPX-Type3]
[Thu Apr 23 14:23:02 2026] acpi PNP0A08:02: _OSC: platform does not support [SHPCHotplug AER DPC]
[Thu Apr 23 14:23:02 2026] acpi PNP0A08:02: _OSC: OS now controls [PCIeHotplug PME PCIeCapability LTR]
[Thu Apr 23 14:23:02 2026] acpi PNP0A08:02: FADT indicates ASPM is unsupported, using BIOS configuration
[Thu Apr 23 14:23:02 2026] PCI host bridge to bus 0000:03
[Thu Apr 23 14:23:02 2026] pci_bus 0000:03: root bus resource [mem 0x1e0100000000-0x1e04ffffffff window]
[Thu Apr 23 14:23:02 2026] pci_bus 0000:03: root bus resource [bus 03-04]
[Thu Apr 23 14:23:02 2026] pci 0000:03:00.0: [8086:2714] type 00 class 0x0b4000 PCIe Root Complex Integrated Endpoint
[Thu Apr 23 14:23:02 2026] pci 0000:03:00.0: BAR 0 [mem 0x1e0440000000-0x1e0443ffffff 64bit pref]
[Thu Apr 23 14:23:02 2026] pci 0000:03:00.0: BAR 2 [mem 0x1e0300000000-0x1e03ffffffff 64bit pref]
[Thu Apr 23 14:23:02 2026] pci 0000:03:00.0: VF BAR 0 [mem 0x1e0400000000-0x1e0403ffffff 64bit pref]
[Thu Apr 23 14:23:02 2026] pci 0000:03:00.0: VF BAR 0 [mem 0x1e0400000000-0x1e043fffffff 64bit pref]: contains BAR 0 for 16 VFs
[Thu Apr 23 14:23:02 2026] pci_bus 0000:03: on NUMA node 0
[Thu Apr 23 14:23:02 2026] ACPI: PCI Root Bridge [DI01] (domain 0000 [bus 05])
[Thu Apr 23 14:23:02 2026] acpi PNP0A08:03: _OSC: OS supports [ExtendedConfig ASPM ClockPM Segments MSI EDR HPX-Type3]
[Thu Apr 23 14:23:02 2026] acpi PNP0A08:03: _OSC: platform does not support [SHPCHotplug AER DPC]
[Thu Apr 23 14:23:02 2026] acpi PNP0A08:03: _OSC: OS now controls [PCIeHotplug PME PCIeCapability LTR]
[Thu Apr 23 14:23:02 2026] acpi PNP0A08:03: FADT indicates ASPM is unsupported, using BIOS configuration
[Thu Apr 23 14:23:02 2026] PCI host bridge to bus 0000:05
[Thu Apr 23 14:23:02 2026] pci_bus 0000:05: root bus resource [mem 0x90800000-0x90fdffff window]
[Thu Apr 23 14:23:02 2026] pci_bus 0000:05: root bus resource [mem 0x1f0500000000-0x1fffffffffff window]
[Thu Apr 23 14:23:02 2026] pci_bus 0000:05: root bus resource [bus 05]
[Thu Apr 23 14:23:02 2026] pci 0000:05:00.0: [8086:09a2] type 00 class 0x088000 PCIe Root Complex Integrated Endpoint
[Thu Apr 23 14:23:02 2026] pci 0000:05:00.1: [8086:09a4] type 00 class 0x088000 PCIe Root Complex Integrated Endpoint
[Thu Apr 23 14:23:02 2026] pci 0000:05:00.2: [8086:09a3] type 00 class 0x088000 PCIe Root Complex Integrated Endpoint
[Thu Apr 23 14:23:02 2026] pci 0000:05:00.4: [8086:0b23] type 00 class 0x080700 PCIe Root Complex Event Collector
[Thu Apr 23 14:23:02 2026] pci_bus 0000:05: on NUMA node 0
[Thu Apr 23 14:23:02 2026] ACPI: PCI Root Bridge [CP01] (domain 0000 [bus 06-07])
[Thu Apr 23 14:23:02 2026] acpi PNP0A08:04: _OSC: OS supports [ExtendedConfig ASPM ClockPM Segments MSI EDR HPX-Type3]
[Thu Apr 23 14:23:02 2026] acpi PNP0A08:04: _OSC: platform does not support [SHPCHotplug AER DPC]
[Thu Apr 23 14:23:02 2026] acpi PNP0A08:04: _OSC: OS now controls [PCIeHotplug PME PCIeCapability LTR]
[Thu Apr 23 14:23:02 2026] acpi PNP0A08:04: FADT indicates ASPM is unsupported, using BIOS configuration
[Thu Apr 23 14:23:02 2026] PCI host bridge to bus 0000:06
[Thu Apr 23 14:23:02 2026] pci_bus 0000:06: root bus resource [mem 0x1f0000000000-0x1f00ffffffff window]
[Thu Apr 23 14:23:02 2026] pci_bus 0000:06: root bus resource [bus 06-07]
[Thu Apr 23 14:23:02 2026] pci 0000:06:00.0: [8086:4944] type 00 class 0x0b4000 PCIe Root Complex Integrated Endpoint
[Thu Apr 23 14:23:02 2026] pci 0000:06:00.0: BAR 0 [mem 0x1f00ffa00000-0x1f00ffa7ffff 64bit]
[Thu Apr 23 14:23:02 2026] pci 0000:06:00.0: BAR 2 [mem 0x1f00ff000000-0x1f00ff7fffff 64bit]
[Thu Apr 23 14:23:02 2026] pci 0000:06:00.0: BAR 4 [mem 0x1f00ff800000-0x1f00ff9fffff 64bit]
[Thu Apr 23 14:23:02 2026] pci 0000:06:00.0: VF BAR 0 [mem 0x1f00ffb00000-0x1f00ffb07fff 64bit]
[Thu Apr 23 14:23:02 2026] pci 0000:06:00.0: VF BAR 0 [mem 0x1f00ffb00000-0x1f00ffb7ffff 64bit]: contains BAR 0 for 16 VFs
[Thu Apr 23 14:23:02 2026] pci 0000:06:00.0: VF BAR 2 [mem 0x1f00ffb80000-0x1f00ffb81fff 64bit]
[Thu Apr 23 14:23:02 2026] pci 0000:06:00.0: VF BAR 2 [mem 0x1f00ffb80000-0x1f00ffb9ffff 64bit]: contains BAR 2 for 16 VFs
[Thu Apr 23 14:23:02 2026] pci 0000:06:00.0: VF BAR 4 [mem 0x1f00ffa80000-0x1f00ffa87fff 64bit]
[Thu Apr 23 14:23:02 2026] pci 0000:06:00.0: VF BAR 4 [mem 0x1f00ffa80000-0x1f00ffafffff 64bit]: contains BAR 4 for 16 VFs
[Thu Apr 23 14:23:02 2026] pci_bus 0000:06: on NUMA node 0
[Thu Apr 23 14:23:02 2026] ACPI: PCI Root Bridge [HQ01] (domain 0000 [bus 08-09])
[Thu Apr 23 14:23:02 2026] acpi PNP0A08:05: _OSC: OS supports [ExtendedConfig ASPM ClockPM Segments MSI EDR HPX-Type3]
[Thu Apr 23 14:23:02 2026] acpi PNP0A08:05: _OSC: platform does not support [SHPCHotplug AER DPC]
[Thu Apr 23 14:23:02 2026] acpi PNP0A08:05: _OSC: OS now controls [PCIeHotplug PME PCIeCapability LTR]
[Thu Apr 23 14:23:02 2026] acpi PNP0A08:05: FADT indicates ASPM is unsupported, using BIOS configuration
[Thu Apr 23 14:23:02 2026] PCI host bridge to bus 0000:08
[Thu Apr 23 14:23:02 2026] pci_bus 0000:08: root bus resource [mem 0x1f0100000000-0x1f04ffffffff window]
[Thu Apr 23 14:23:02 2026] pci_bus 0000:08: root bus resource [bus 08-09]
[Thu Apr 23 14:23:02 2026] pci 0000:08:00.0: [8086:2714] type 00 class 0x0b4000 PCIe Root Complex Integrated Endpoint
[Thu Apr 23 14:23:02 2026] pci 0000:08:00.0: BAR 0 [mem 0x1f0440000000-0x1f0443ffffff 64bit pref]
[Thu Apr 23 14:23:02 2026] pci 0000:08:00.0: BAR 2 [mem 0x1f0300000000-0x1f03ffffffff 64bit pref]
[Thu Apr 23 14:23:02 2026] pci 0000:08:00.0: VF BAR 0 [mem 0x1f0400000000-0x1f0403ffffff 64bit pref]
[Thu Apr 23 14:23:02 2026] pci 0000:08:00.0: VF BAR 0 [mem 0x1f0400000000-0x1f043fffffff 64bit pref]: contains BAR 0 for 16 VFs
[Thu Apr 23 14:23:02 2026] pci_bus 0000:08: on NUMA node 0
[Thu Apr 23 14:23:02 2026] ACPI: PCI Root Bridge [DI02] (domain 0000 [bus 0a])
[Thu Apr 23 14:23:02 2026] acpi PNP0A08:06: _OSC: OS supports [ExtendedConfig ASPM ClockPM Segments MSI EDR HPX-Type3]
[Thu Apr 23 14:23:02 2026] acpi PNP0A08:06: _OSC: platform does not support [SHPCHotplug AER DPC]
[Thu Apr 23 14:23:02 2026] acpi PNP0A08:06: _OSC: OS now controls [PCIeHotplug PME PCIeCapability LTR]
[Thu Apr 23 14:23:02 2026] acpi PNP0A08:06: FADT indicates ASPM is unsupported, using BIOS configuration
[Thu Apr 23 14:23:02 2026] PCI host bridge to bus 0000:0a
[Thu Apr 23 14:23:02 2026] pci_bus 0000:0a: root bus resource [mem 0x91000000-0x917dffff window]
[Thu Apr 23 14:23:02 2026] pci_bus 0000:0a: root bus resource [mem 0x200500000000-0x20ffffbfffff window]
[Thu Apr 23 14:23:02 2026] pci_bus 0000:0a: root bus resource [bus 0a]
[Thu Apr 23 14:23:02 2026] pci 0000:0a:00.0: [8086:09a2] type 00 class 0x088000 PCIe Root Complex Integrated Endpoint
[Thu Apr 23 14:23:02 2026] pci 0000:0a:00.1: [8086:09a4] type 00 class 0x088000 PCIe Root Complex Integrated Endpoint
[Thu Apr 23 14:23:02 2026] pci 0000:0a:00.2: [8086:09a3] type 00 class 0x088000 PCIe Root Complex Integrated Endpoint
[Thu Apr 23 14:23:02 2026] pci 0000:0a:00.4: [8086:0b23] type 00 class 0x080700 PCIe Root Complex Event Collector
[Thu Apr 23 14:23:02 2026] pci_bus 0000:0a: on NUMA node 0
[Thu Apr 23 14:23:02 2026] ACPI: PCI Root Bridge [CP02] (domain 0000 [bus 0b-0c])
[Thu Apr 23 14:23:02 2026] acpi PNP0A08:07: _OSC: OS supports [ExtendedConfig ASPM ClockPM Segments MSI EDR HPX-Type3]
[Thu Apr 23 14:23:02 2026] acpi PNP0A08:07: _OSC: platform does not support [SHPCHotplug AER DPC]
[Thu Apr 23 14:23:02 2026] acpi PNP0A08:07: _OSC: OS now controls [PCIeHotplug PME PCIeCapability LTR]
[Thu Apr 23 14:23:02 2026] acpi PNP0A08:07: FADT indicates ASPM is unsupported, using BIOS configuration
[Thu Apr 23 14:23:02 2026] PCI host bridge to bus 0000:0b
[Thu Apr 23 14:23:02 2026] pci_bus 0000:0b: root bus resource [mem 0x200000000000-0x2000ffffffff window]
[Thu Apr 23 14:23:02 2026] pci_bus 0000:0b: root bus resource [bus 0b-0c]
[Thu Apr 23 14:23:02 2026] pci 0000:0b:00.0: [8086:4944] type 00 class 0x0b4000 PCIe Root Complex Integrated Endpoint
[Thu Apr 23 14:23:02 2026] pci 0000:0b:00.0: BAR 0 [mem 0x2000ffa00000-0x2000ffa7ffff 64bit]
[Thu Apr 23 14:23:02 2026] pci 0000:0b:00.0: BAR 2 [mem 0x2000ff000000-0x2000ff7fffff 64bit]
[Thu Apr 23 14:23:02 2026] pci 0000:0b:00.0: BAR 4 [mem 0x2000ff800000-0x2000ff9fffff 64bit]
[Thu Apr 23 14:23:02 2026] pci 0000:0b:00.0: VF BAR 0 [mem 0x2000ffb00000-0x2000ffb07fff 64bit]
[Thu Apr 23 14:23:02 2026] pci 0000:0b:00.0: VF BAR 0 [mem 0x2000ffb00000-0x2000ffb7ffff 64bit]: contains BAR 0 for 16 VFs
[Thu Apr 23 14:23:02 2026] pci 0000:0b:00.0: VF BAR 2 [mem 0x2000ffb80000-0x2000ffb81fff 64bit]
[Thu Apr 23 14:23:02 2026] pci 0000:0b:00.0: VF BAR 2 [mem 0x2000ffb80000-0x2000ffb9ffff 64bit]: contains BAR 2 for 16 VFs
[Thu Apr 23 14:23:02 2026] pci 0000:0b:00.0: VF BAR 4 [mem 0x2000ffa80000-0x2000ffa87fff 64bit]
[Thu Apr 23 14:23:02 2026] pci 0000:0b:00.0: VF BAR 4 [mem 0x2000ffa80000-0x2000ffafffff 64bit]: contains BAR 4 for 16 VFs
[Thu Apr 23 14:23:02 2026] pci_bus 0000:0b: on NUMA node 0
[Thu Apr 23 14:23:02 2026] ACPI: PCI Root Bridge [HQ02] (domain 0000 [bus 0d-0e])
[Thu Apr 23 14:23:02 2026] acpi PNP0A08:08: _OSC: OS supports [ExtendedConfig ASPM ClockPM Segments MSI EDR HPX-Type3]
[Thu Apr 23 14:23:02 2026] acpi PNP0A08:08: _OSC: platform does not support [SHPCHotplug AER DPC]
[Thu Apr 23 14:23:02 2026] acpi PNP0A08:08: _OSC: OS now controls [PCIeHotplug PME PCIeCapability LTR]
[Thu Apr 23 14:23:02 2026] acpi PNP0A08:08: FADT indicates ASPM is unsupported, using BIOS configuration
[Thu Apr 23 14:23:02 2026] PCI host bridge to bus 0000:0d
[Thu Apr 23 14:23:02 2026] pci_bus 0000:0d: root bus resource [mem 0x200100000000-0x2004ffffffff window]
[Thu Apr 23 14:23:02 2026] pci_bus 0000:0d: root bus resource [bus 0d-0e]
[Thu Apr 23 14:23:02 2026] pci 0000:0d:00.0: [8086:2714] type 00 class 0x0b4000 PCIe Root Complex Integrated Endpoint
[Thu Apr 23 14:23:02 2026] pci 0000:0d:00.0: BAR 0 [mem 0x200440000000-0x200443ffffff 64bit pref]
[Thu Apr 23 14:23:02 2026] pci 0000:0d:00.0: BAR 2 [mem 0x200300000000-0x2003ffffffff 64bit pref]
[Thu Apr 23 14:23:02 2026] pci 0000:0d:00.0: VF BAR 0 [mem 0x200400000000-0x200403ffffff 64bit pref]
[Thu Apr 23 14:23:02 2026] pci 0000:0d:00.0: VF BAR 0 [mem 0x200400000000-0x20043fffffff 64bit pref]: contains BAR 0 for 16 VFs
[Thu Apr 23 14:23:02 2026] pci_bus 0000:0d: on NUMA node 0
[Thu Apr 23 14:23:02 2026] ACPI: PCI Root Bridge [DI03] (domain 0000 [bus 0f])
[Thu Apr 23 14:23:02 2026] acpi PNP0A08:09: _OSC: OS supports [ExtendedConfig ASPM ClockPM Segments MSI EDR HPX-Type3]
[Thu Apr 23 14:23:02 2026] acpi PNP0A08:09: _OSC: platform does not support [SHPCHotplug AER DPC]
[Thu Apr 23 14:23:02 2026] acpi PNP0A08:09: _OSC: OS now controls [PCIeHotplug PME PCIeCapability LTR]
[Thu Apr 23 14:23:02 2026] acpi PNP0A08:09: FADT indicates ASPM is unsupported, using BIOS configuration
[Thu Apr 23 14:23:02 2026] PCI host bridge to bus 0000:0f
[Thu Apr 23 14:23:02 2026] pci_bus 0000:0f: root bus resource [mem 0x91800000-0x91fdffff window]
[Thu Apr 23 14:23:02 2026] pci_bus 0000:0f: root bus resource [mem 0x210500000000-0x21ffffffffff window]
[Thu Apr 23 14:23:02 2026] pci_bus 0000:0f: root bus resource [bus 0f]
[Thu Apr 23 14:23:02 2026] pci 0000:0f:00.0: [8086:09a2] type 00 class 0x088000 PCIe Root Complex Integrated Endpoint
[Thu Apr 23 14:23:02 2026] pci 0000:0f:00.1: [8086:09a4] type 00 class 0x088000 PCIe Root Complex Integrated Endpoint
[Thu Apr 23 14:23:02 2026] pci 0000:0f:00.2: [8086:09a3] type 00 class 0x088000 PCIe Root Complex Integrated Endpoint
[Thu Apr 23 14:23:02 2026] pci 0000:0f:00.4: [8086:0b23] type 00 class 0x080700 PCIe Root Complex Event Collector
[Thu Apr 23 14:23:02 2026] pci 0000:0f:01.0: [8086:0b25] type 00 class 0x088000 PCIe Root Complex Integrated Endpoint
[Thu Apr 23 14:23:02 2026] pci 0000:0f:01.0: BAR 0 [mem 0x21fffff80000-0x21fffff9ffff 64bit pref]
[Thu Apr 23 14:23:02 2026] pci 0000:0f:01.0: BAR 2 [mem 0x21fffff40000-0x21fffff7ffff 64bit pref]
[Thu Apr 23 14:23:02 2026] pci 0000:0f:02.0: [8086:0cfe] type 00 class 0x088000 PCIe Root Complex Integrated Endpoint
[Thu Apr 23 14:23:02 2026] pci 0000:0f:02.0: BAR 0 [mem 0x21fffffa0000-0x21fffffaffff 64bit pref]
[Thu Apr 23 14:23:02 2026] pci 0000:0f:02.0: BAR 2 [mem 0x21fffff00000-0x21fffff3ffff 64bit pref]
[Thu Apr 23 14:23:02 2026] pci_bus 0000:0f: on NUMA node 0
[Thu Apr 23 14:23:02 2026] ACPI: PCI Root Bridge [CP03] (domain 0000 [bus 10-11])
[Thu Apr 23 14:23:02 2026] acpi PNP0A08:0a: _OSC: OS supports [ExtendedConfig ASPM ClockPM Segments MSI EDR HPX-Type3]
[Thu Apr 23 14:23:02 2026] acpi PNP0A08:0a: _OSC: platform does not support [SHPCHotplug AER DPC]
[Thu Apr 23 14:23:02 2026] acpi PNP0A08:0a: _OSC: OS now controls [PCIeHotplug PME PCIeCapability LTR]
[Thu Apr 23 14:23:02 2026] acpi PNP0A08:0a: FADT indicates ASPM is unsupported, using BIOS configuration
[Thu Apr 23 14:23:02 2026] PCI host bridge to bus 0000:10
[Thu Apr 23 14:23:02 2026] pci_bus 0000:10: root bus resource [mem 0x210000000000-0x2100ffffffff window]
[Thu Apr 23 14:23:02 2026] pci_bus 0000:10: root bus resource [bus 10-11]
[Thu Apr 23 14:23:02 2026] pci 0000:10:00.0: [8086:4944] type 00 class 0x0b4000 PCIe Root Complex Integrated Endpoint
[Thu Apr 23 14:23:02 2026] pci 0000:10:00.0: BAR 0 [mem 0x2100ffa00000-0x2100ffa7ffff 64bit]
[Thu Apr 23 14:23:02 2026] pci 0000:10:00.0: BAR 2 [mem 0x2100ff000000-0x2100ff7fffff 64bit]
[Thu Apr 23 14:23:02 2026] pci 0000:10:00.0: BAR 4 [mem 0x2100ff800000-0x2100ff9fffff 64bit]
[Thu Apr 23 14:23:02 2026] pci 0000:10:00.0: VF BAR 0 [mem 0x2100ffb00000-0x2100ffb07fff 64bit]
[Thu Apr 23 14:23:02 2026] pci 0000:10:00.0: VF BAR 0 [mem 0x2100ffb00000-0x2100ffb7ffff 64bit]: contains BAR 0 for 16 VFs
[Thu Apr 23 14:23:02 2026] pci 0000:10:00.0: VF BAR 2 [mem 0x2100ffb80000-0x2100ffb81fff 64bit]
[Thu Apr 23 14:23:02 2026] pci 0000:10:00.0: VF BAR 2 [mem 0x2100ffb80000-0x2100ffb9ffff 64bit]: contains BAR 2 for 16 VFs
[Thu Apr 23 14:23:02 2026] pci 0000:10:00.0: VF BAR 4 [mem 0x2100ffa80000-0x2100ffa87fff 64bit]
[Thu Apr 23 14:23:02 2026] pci 0000:10:00.0: VF BAR 4 [mem 0x2100ffa80000-0x2100ffafffff 64bit]: contains BAR 4 for 16 VFs
[Thu Apr 23 14:23:02 2026] pci_bus 0000:10: on NUMA node 0
[Thu Apr 23 14:23:02 2026] ACPI: PCI Root Bridge [HQ03] (domain 0000 [bus 12-13])
[Thu Apr 23 14:23:02 2026] acpi PNP0A08:0b: _OSC: OS supports [ExtendedConfig ASPM ClockPM Segments MSI EDR HPX-Type3]
[Thu Apr 23 14:23:02 2026] acpi PNP0A08:0b: _OSC: platform does not support [SHPCHotplug AER DPC]
[Thu Apr 23 14:23:02 2026] acpi PNP0A08:0b: _OSC: OS now controls [PCIeHotplug PME PCIeCapability LTR]
[Thu Apr 23 14:23:02 2026] acpi PNP0A08:0b: FADT indicates ASPM is unsupported, using BIOS configuration
[Thu Apr 23 14:23:02 2026] PCI host bridge to bus 0000:12
[Thu Apr 23 14:23:02 2026] pci_bus 0000:12: root bus resource [mem 0x210100000000-0x2104ffffffff window]
[Thu Apr 23 14:23:02 2026] pci_bus 0000:12: root bus resource [bus 12-13]
[Thu Apr 23 14:23:02 2026] pci 0000:12:00.0: [8086:2714] type 00 class 0x0b4000 PCIe Root Complex Integrated Endpoint
[Thu Apr 23 14:23:02 2026] pci 0000:12:00.0: BAR 0 [mem 0x210440000000-0x210443ffffff 64bit pref]
[Thu Apr 23 14:23:02 2026] pci 0000:12:00.0: BAR 2 [mem 0x210300000000-0x2103ffffffff 64bit pref]
[Thu Apr 23 14:23:02 2026] pci 0000:12:00.0: VF BAR 0 [mem 0x210400000000-0x210403ffffff 64bit pref]
[Thu Apr 23 14:23:02 2026] pci 0000:12:00.0: VF BAR 0 [mem 0x210400000000-0x21043fffffff 64bit pref]: contains BAR 0 for 16 VFs
[Thu Apr 23 14:23:02 2026] pci_bus 0000:12: on NUMA node 0
[Thu Apr 23 14:23:02 2026] ACPI: PCI Root Bridge [PC00] (domain 0000 [bus 14-28])
[Thu Apr 23 14:23:02 2026] acpi ACPI0016:00: _OSC: OS supports [ExtendedConfig ASPM ClockPM Segments MSI EDR HPX-Type3]
[Thu Apr 23 14:23:02 2026] acpi ACPI0016:00: _OSC: OS supports [CXL11PortRegAccess CXL20PortDevRegAccess CXLProtocolErrorReporting CXLNativeHot]
[Thu Apr 23 14:23:02 2026] acpi ACPI0016:00: _OSC: platform does not support [SHPCHotplug AER DPC]
[Thu Apr 23 14:23:02 2026] acpi ACPI0016:00: _OSC: CXL platform does not support [CXLMemErrorReporting]
[Thu Apr 23 14:23:02 2026] acpi ACPI0016:00: _OSC: OS now controls [PCIeHotplug PME PCIeCapability LTR]
[Thu Apr 23 14:23:02 2026] acpi ACPI0016:00: FADT indicates ASPM is unsupported, using BIOS configuration
[Thu Apr 23 14:23:02 2026] PCI host bridge to bus 0000:14
[Thu Apr 23 14:23:02 2026] pci_bus 0000:14: root bus resource [io  0x2000-0x3fff window]
[Thu Apr 23 14:23:02 2026] pci_bus 0000:14: root bus resource [mem 0x92000000-0x9a3bffff window]
[Thu Apr 23 14:23:02 2026] pci_bus 0000:14: root bus resource [mem 0x220000000000-0x22ffffffffff window]
[Thu Apr 23 14:23:02 2026] pci_bus 0000:14: root bus resource [bus 14-28]
[Thu Apr 23 14:23:02 2026] pci 0000:14:00.0: [8086:09a2] type 00 class 0x088000 PCIe Root Complex Integrated Endpoint
[Thu Apr 23 14:23:02 2026] pci 0000:14:00.1: [8086:09a4] type 00 class 0x088000 PCIe Root Complex Integrated Endpoint
[Thu Apr 23 14:23:02 2026] pci 0000:14:00.2: [8086:09a3] type 00 class 0x088000 PCIe Root Complex Integrated Endpoint
[Thu Apr 23 14:23:02 2026] pci 0000:14:00.4: [8086:0b23] type 00 class 0x080700 PCIe Root Complex Event Collector
[Thu Apr 23 14:23:02 2026] pci_bus 0000:14: on NUMA node 0
[Thu Apr 23 14:23:02 2026] ACPI: PCI Root Bridge [PC01] (domain 0000 [bus 29-39])
[Thu Apr 23 14:23:02 2026] acpi ACPI0016:02: _OSC: OS supports [ExtendedConfig ASPM ClockPM Segments MSI EDR HPX-Type3]
[Thu Apr 23 14:23:02 2026] acpi ACPI0016:02: _OSC: OS supports [CXL11PortRegAccess CXL20PortDevRegAccess CXLProtocolErrorReporting CXLNativeHot]
[Thu Apr 23 14:23:02 2026] acpi ACPI0016:02: _OSC: platform does not support [SHPCHotplug AER DPC]
[Thu Apr 23 14:23:02 2026] acpi ACPI0016:02: _OSC: CXL platform does not support [CXLMemErrorReporting]
[Thu Apr 23 14:23:02 2026] acpi ACPI0016:02: _OSC: OS now controls [PCIeHotplug PME PCIeCapability LTR]
[Thu Apr 23 14:23:02 2026] acpi ACPI0016:02: FADT indicates ASPM is unsupported, using BIOS configuration
[Thu Apr 23 14:23:02 2026] PCI host bridge to bus 0000:29
[Thu Apr 23 14:23:02 2026] pci_bus 0000:29: root bus resource [mem 0x000a0000-0x000bffff window]
[Thu Apr 23 14:23:02 2026] pci_bus 0000:29: root bus resource [io  0x4000-0x5fff window]
[Thu Apr 23 14:23:02 2026] pci_bus 0000:29: root bus resource [io  0x03b0-0x03bb window]
[Thu Apr 23 14:23:02 2026] pci_bus 0000:29: root bus resource [io  0x03c0-0x03df window]
[Thu Apr 23 14:23:02 2026] pci_bus 0000:29: root bus resource [mem 0x9a400000-0xa27bffff window]
[Thu Apr 23 14:23:02 2026] pci_bus 0000:29: root bus resource [mem 0x230000000000-0x23ffffffffff window]
[Thu Apr 23 14:23:02 2026] pci_bus 0000:29: root bus resource [bus 29-39]
[Thu Apr 23 14:23:02 2026] pci 0000:29:00.0: [8086:09a2] type 00 class 0x088000 PCIe Root Complex Integrated Endpoint
[Thu Apr 23 14:23:02 2026] pci 0000:29:00.1: [8086:09a4] type 00 class 0x088000 PCIe Root Complex Integrated Endpoint
[Thu Apr 23 14:23:02 2026] pci 0000:29:00.2: [8086:09a3] type 00 class 0x088000 PCIe Root Complex Integrated Endpoint
[Thu Apr 23 14:23:02 2026] pci 0000:29:00.4: [8086:0b23] type 00 class 0x080700 PCIe Root Complex Event Collector
[Thu Apr 23 14:23:02 2026] pci 0000:29:06.0: [8086:0db2] type 01 class 0x060400 PCIe Root Port
[Thu Apr 23 14:23:02 2026] pci 0000:29:06.0: BAR 0 [mem 0x23fffff10000-0x23fffff1ffff 64bit]
[Thu Apr 23 14:23:02 2026] pci 0000:29:06.0: PCI bridge to [bus 2a-2b]
[Thu Apr 23 14:23:02 2026] pci 0000:29:06.0:   bridge window [io  0x5000-0x5fff]
[Thu Apr 23 14:23:02 2026] pci 0000:29:06.0:   bridge window [mem 0xa0000000-0xa10fffff]
[Thu Apr 23 14:23:02 2026] pci 0000:29:06.0: enabling Extended Tags
[Thu Apr 23 14:23:02 2026] pci 0000:29:06.0: PME# supported from D0 D3hot D3cold
[Thu Apr 23 14:23:02 2026] pci 0000:29:06.0: PTM enabled (root), 2ns granularity
[Thu Apr 23 14:23:02 2026] pci 0000:29:09.0: [8086:0db9] type 01 class 0x060400 PCIe Root Port
[Thu Apr 23 14:23:02 2026] pci 0000:29:09.0: BAR 0 [mem 0x23fffff00000-0x23fffff0ffff 64bit]
[Thu Apr 23 14:23:02 2026] pci 0000:29:09.0: PCI bridge to [bus 2c]
[Thu Apr 23 14:23:02 2026] pci 0000:29:09.0:   bridge window [mem 0xa1200000-0xa12fffff]
[Thu Apr 23 14:23:02 2026] pci 0000:29:09.0: enabling Extended Tags
[Thu Apr 23 14:23:02 2026] pci 0000:29:09.0: PME# supported from D0 D3hot D3cold
[Thu Apr 23 14:23:02 2026] pci 0000:29:09.0: PTM enabled (root), 2ns granularity
[Thu Apr 23 14:23:02 2026] pci 0000:2a:00.0: [1a03:1150] type 01 class 0x060400 PCIe to PCI/PCI-X bridge
[Thu Apr 23 14:23:02 2026] pci 0000:2a:00.0: PCI bridge to [bus 2b]
[Thu Apr 23 14:23:02 2026] pci 0000:2a:00.0:   bridge window [io  0x5000-0x5fff]
[Thu Apr 23 14:23:02 2026] pci 0000:2a:00.0:   bridge window [mem 0xa0000000-0xa10fffff]
[Thu Apr 23 14:23:02 2026] pci 0000:2a:00.0: enabling Extended Tags
[Thu Apr 23 14:23:02 2026] pci 0000:2a:00.0: supports D1 D2
[Thu Apr 23 14:23:02 2026] pci 0000:2a:00.0: PME# supported from D0 D1 D2 D3hot D3cold
[Thu Apr 23 14:23:02 2026] pci 0000:29:06.0: PCI bridge to [bus 2a-2b]
[Thu Apr 23 14:23:02 2026] pci_bus 0000:2b: extended config space not accessible
[Thu Apr 23 14:23:02 2026] pci 0000:2b:00.0: [1a03:2000] type 00 class 0x030000 conventional PCI endpoint
[Thu Apr 23 14:23:02 2026] pci 0000:2b:00.0: BAR 0 [mem 0xa0000000-0xa0ffffff]
[Thu Apr 23 14:23:02 2026] pci 0000:2b:00.0: BAR 1 [mem 0xa1000000-0xa103ffff]
[Thu Apr 23 14:23:02 2026] pci 0000:2b:00.0: BAR 2 [io  0x5000-0x507f]
[Thu Apr 23 14:23:02 2026] pci 0000:2b:00.0: supports D1 D2
[Thu Apr 23 14:23:02 2026] pci 0000:2b:00.0: PME# supported from D0 D1 D2 D3hot D3cold
[Thu Apr 23 14:23:02 2026] pci 0000:2a:00.0: PCI bridge to [bus 2b]
[Thu Apr 23 14:23:02 2026] pci 0000:2c:00.0: [1912:0014] type 00 class 0x0c0330 PCIe Endpoint
[Thu Apr 23 14:23:02 2026] pci 0000:2c:00.0: BAR 0 [mem 0xa1200000-0xa1201fff 64bit]
[Thu Apr 23 14:23:02 2026] pci 0000:2c:00.0: PME# supported from D0 D3hot D3cold
[Thu Apr 23 14:23:02 2026] pci 0000:29:09.0: PCI bridge to [bus 2c]
[Thu Apr 23 14:23:02 2026] pci_bus 0000:29: on NUMA node 0
[Thu Apr 23 14:23:02 2026] ACPI: PCI Root Bridge [PC02] (domain 0000 [bus 3a-4a])
[Thu Apr 23 14:23:02 2026] acpi ACPI0016:04: _OSC: OS supports [ExtendedConfig ASPM ClockPM Segments MSI EDR HPX-Type3]
[Thu Apr 23 14:23:02 2026] acpi ACPI0016:04: _OSC: OS supports [CXL11PortRegAccess CXL20PortDevRegAccess CXLProtocolErrorReporting CXLNativeHot]
[Thu Apr 23 14:23:02 2026] acpi ACPI0016:04: _OSC: platform does not support [SHPCHotplug AER DPC]
[Thu Apr 23 14:23:02 2026] acpi ACPI0016:04: _OSC: CXL platform does not support [CXLMemErrorReporting]
[Thu Apr 23 14:23:02 2026] acpi ACPI0016:04: _OSC: OS now controls [PCIeHotplug PME PCIeCapability LTR]
[Thu Apr 23 14:23:02 2026] acpi ACPI0016:04: FADT indicates ASPM is unsupported, using BIOS configuration
[Thu Apr 23 14:23:02 2026] PCI host bridge to bus 0000:3a
[Thu Apr 23 14:23:02 2026] pci_bus 0000:3a: root bus resource [io  0x6000-0x7fff window]
[Thu Apr 23 14:23:02 2026] pci_bus 0000:3a: root bus resource [mem 0xa2800000-0xaabbffff window]
[Thu Apr 23 14:23:02 2026] pci_bus 0000:3a: root bus resource [mem 0x240000000000-0x24ffffffffff window]
[Thu Apr 23 14:23:02 2026] pci_bus 0000:3a: root bus resource [bus 3a-4a]
[Thu Apr 23 14:23:02 2026] pci 0000:3a:00.0: [8086:09a2] type 00 class 0x088000 PCIe Root Complex Integrated Endpoint
[Thu Apr 23 14:23:02 2026] pci 0000:3a:00.1: [8086:09a4] type 00 class 0x088000 PCIe Root Complex Integrated Endpoint
[Thu Apr 23 14:23:02 2026] pci 0000:3a:00.2: [8086:09a3] type 00 class 0x088000 PCIe Root Complex Integrated Endpoint
[Thu Apr 23 14:23:02 2026] pci 0000:3a:00.4: [8086:0b23] type 00 class 0x080700 PCIe Root Complex Event Collector
[Thu Apr 23 14:23:02 2026] pci 0000:3a:02.0: [8086:0db0] type 01 class 0x060400 PCIe Root Port
[Thu Apr 23 14:23:02 2026] pci 0000:3a:02.0: BAR 0 [mem 0x24fffff00000-0x24fffff0ffff 64bit]
[Thu Apr 23 14:23:02 2026] pci 0000:3a:02.0: PCI bridge to [bus 3b]
[Thu Apr 23 14:23:02 2026] pci 0000:3a:02.0:   bridge window [mem 0xaaa00000-0xaaafffff]
[Thu Apr 23 14:23:02 2026] pci 0000:3a:02.0:   bridge window [mem 0x24fffc000000-0x24fffeafffff 64bit pref]
[Thu Apr 23 14:23:02 2026] pci 0000:3a:02.0: PME# supported from D0 D3hot D3cold
[Thu Apr 23 14:23:02 2026] pci 0000:3a:02.0: PTM enabled (root), 2ns granularity
[Thu Apr 23 14:23:02 2026] pci 0000:3b:00.0: [8086:15ff] type 00 class 0x020000 PCIe Endpoint
[Thu Apr 23 14:23:02 2026] pci 0000:3b:00.0: BAR 0 [mem 0x24fffd000000-0x24fffdffffff 64bit pref]
[Thu Apr 23 14:23:02 2026] pci 0000:3b:00.0: BAR 3 [mem 0x24fffe808000-0x24fffe80ffff 64bit pref]
[Thu Apr 23 14:23:02 2026] pci 0000:3b:00.0: ROM [mem 0xaaa80000-0xaaafffff pref]
[Thu Apr 23 14:23:02 2026] pci 0000:3b:00.0: PME# supported from D0 D3hot D3cold
[Thu Apr 23 14:23:02 2026] pci 0000:3b:00.0: VF BAR 0 [mem 0x24fffe400000-0x24fffe40ffff 64bit pref]
[Thu Apr 23 14:23:02 2026] pci 0000:3b:00.0: VF BAR 0 [mem 0x24fffe400000-0x24fffe7fffff 64bit pref]: contains BAR 0 for 64 VFs
[Thu Apr 23 14:23:02 2026] pci 0000:3b:00.0: VF BAR 3 [mem 0x24fffe910000-0x24fffe913fff 64bit pref]
[Thu Apr 23 14:23:02 2026] pci 0000:3b:00.0: VF BAR 3 [mem 0x24fffe910000-0x24fffea0ffff 64bit pref]: contains BAR 3 for 64 VFs
[Thu Apr 23 14:23:02 2026] pci 0000:3b:00.1: [8086:15ff] type 00 class 0x020000 PCIe Endpoint
[Thu Apr 23 14:23:02 2026] pci 0000:3b:00.1: BAR 0 [mem 0x24fffc000000-0x24fffcffffff 64bit pref]
[Thu Apr 23 14:23:02 2026] pci 0000:3b:00.1: BAR 3 [mem 0x24fffe800000-0x24fffe807fff 64bit pref]
[Thu Apr 23 14:23:02 2026] pci 0000:3b:00.1: ROM [mem 0xaaa00000-0xaaa7ffff pref]
[Thu Apr 23 14:23:02 2026] pci 0000:3b:00.1: PME# supported from D0 D3hot D3cold
[Thu Apr 23 14:23:02 2026] pci 0000:3b:00.1: VF BAR 0 [mem 0x24fffe000000-0x24fffe00ffff 64bit pref]
[Thu Apr 23 14:23:02 2026] pci 0000:3b:00.1: VF BAR 0 [mem 0x24fffe000000-0x24fffe3fffff 64bit pref]: contains BAR 0 for 64 VFs
[Thu Apr 23 14:23:02 2026] pci 0000:3b:00.1: VF BAR 3 [mem 0x24fffe810000-0x24fffe813fff 64bit pref]
[Thu Apr 23 14:23:02 2026] pci 0000:3b:00.1: VF BAR 3 [mem 0x24fffe810000-0x24fffe90ffff 64bit pref]: contains BAR 3 for 64 VFs
[Thu Apr 23 14:23:02 2026] pci 0000:3a:02.0: PCI bridge to [bus 3b]
[Thu Apr 23 14:23:02 2026] pci_bus 0000:3a: on NUMA node 0
[Thu Apr 23 14:23:02 2026] ACPI: PCI Root Bridge [PC03] (domain 0000 [bus 4b-5b])
[Thu Apr 23 14:23:02 2026] acpi ACPI0016:06: _OSC: OS supports [ExtendedConfig ASPM ClockPM Segments MSI EDR HPX-Type3]
[Thu Apr 23 14:23:02 2026] acpi ACPI0016:06: _OSC: OS supports [CXL11PortRegAccess CXL20PortDevRegAccess CXLProtocolErrorReporting CXLNativeHot]
[Thu Apr 23 14:23:02 2026] acpi ACPI0016:06: _OSC: platform does not support [SHPCHotplug AER DPC]
[Thu Apr 23 14:23:02 2026] acpi ACPI0016:06: _OSC: CXL platform does not support [CXLMemErrorReporting]
[Thu Apr 23 14:23:02 2026] acpi ACPI0016:06: _OSC: OS now controls [PCIeHotplug PME PCIeCapability LTR]
[Thu Apr 23 14:23:02 2026] acpi ACPI0016:06: FADT indicates ASPM is unsupported, using BIOS configuration
[Thu Apr 23 14:23:02 2026] PCI host bridge to bus 0000:4b
[Thu Apr 23 14:23:02 2026] pci_bus 0000:4b: root bus resource [io  0x8000-0x8fff window]
[Thu Apr 23 14:23:02 2026] pci_bus 0000:4b: root bus resource [mem 0xaac00000-0xb2fbffff window]
[Thu Apr 23 14:23:02 2026] pci_bus 0000:4b: root bus resource [mem 0x250000000000-0x25ffffffffff window]
[Thu Apr 23 14:23:02 2026] pci_bus 0000:4b: root bus resource [bus 4b-5b]
[Thu Apr 23 14:23:02 2026] pci 0000:4b:00.0: [8086:09a2] type 00 class 0x088000 PCIe Root Complex Integrated Endpoint
[Thu Apr 23 14:23:02 2026] pci 0000:4b:00.1: [8086:09a4] type 00 class 0x088000 PCIe Root Complex Integrated Endpoint
[Thu Apr 23 14:23:02 2026] pci 0000:4b:00.2: [8086:09a3] type 00 class 0x088000 PCIe Root Complex Integrated Endpoint
[Thu Apr 23 14:23:02 2026] pci 0000:4b:00.4: [8086:0b23] type 00 class 0x080700 PCIe Root Complex Event Collector
[Thu Apr 23 14:23:02 2026] pci_bus 0000:4b: on NUMA node 0
[Thu Apr 23 14:23:02 2026] ACPI: PCI Root Bridge [PC04] (domain 0000 [bus 5c-6c])
[Thu Apr 23 14:23:02 2026] acpi ACPI0016:08: _OSC: OS supports [ExtendedConfig ASPM ClockPM Segments MSI EDR HPX-Type3]
[Thu Apr 23 14:23:02 2026] acpi ACPI0016:08: _OSC: OS supports [CXL11PortRegAccess CXL20PortDevRegAccess CXLProtocolErrorReporting CXLNativeHot]
[Thu Apr 23 14:23:02 2026] acpi ACPI0016:08: _OSC: platform does not support [SHPCHotplug AER DPC]
[Thu Apr 23 14:23:02 2026] acpi ACPI0016:08: _OSC: CXL platform does not support [CXLMemErrorReporting]
[Thu Apr 23 14:23:02 2026] acpi ACPI0016:08: _OSC: OS now controls [PCIeHotplug PME PCIeCapability LTR]
[Thu Apr 23 14:23:02 2026] acpi ACPI0016:08: FADT indicates ASPM is unsupported, using BIOS configuration
[Thu Apr 23 14:23:02 2026] PCI host bridge to bus 0000:5c
[Thu Apr 23 14:23:02 2026] pci_bus 0000:5c: root bus resource [io  0x9000-0x9fff window]
[Thu Apr 23 14:23:02 2026] pci_bus 0000:5c: root bus resource [mem 0xb3000000-0xbafbffff window]
[Thu Apr 23 14:23:02 2026] pci_bus 0000:5c: root bus resource [mem 0x260000000000-0x26ffffffffff window]
[Thu Apr 23 14:23:02 2026] pci_bus 0000:5c: root bus resource [bus 5c-6c]
[Thu Apr 23 14:23:02 2026] pci 0000:5c:00.0: [8086:09a2] type 00 class 0x088000 PCIe Root Complex Integrated Endpoint
