===== dmesg snapshot host=node0 boot_started_utc=20260422T004555Z boot_id=e66596e1-a2c6-4d58-80f4-d1779cbb52ce captured_utc=20260422T004655Z =====

[Tue Apr 21 17:44:19 2026] microcode: microcode updated early to revision 0x2007006, date = 2023-03-06
[Tue Apr 21 17:44:19 2026] Linux version 5.15.0-168-generic (buildd@lcy02-amd64-116) (gcc (Ubuntu 11.4.0-1ubuntu1~22.04.2) 11.4.0, GNU ld (GNU Binutils for Ubuntu) 2.38) #178-Ubuntu SMP Fri Jan 9 19:05:03 UTC 2026 (Ubuntu 5.15.0-168.178-generic 5.15.193)
[Tue Apr 21 17:44:19 2026] Command line: BOOT_IMAGE=/boot/vmlinuz-5.15.0-168-generic root=UUID=571337a8-0ea6-44bd-9cfc-6cb9719427c1 emulabcnet=00:5d:73:ef:d8:fe ro console=ttyS0,115200
[Tue Apr 21 17:44:19 2026] KERNEL supported cpus:
[Tue Apr 21 17:44:19 2026]   Intel GenuineIntel
[Tue Apr 21 17:44:19 2026]   AMD AuthenticAMD
[Tue Apr 21 17:44:19 2026]   Hygon HygonGenuine
[Tue Apr 21 17:44:19 2026]   Centaur CentaurHauls
[Tue Apr 21 17:44:19 2026]   zhaoxin   Shanghai  
[Tue Apr 21 17:44:19 2026] BIOS-provided physical RAM map:
[Tue Apr 21 17:44:19 2026] BIOS-e820: [mem 0x0000000000000000-0x000000000009abff] usable
[Tue Apr 21 17:44:19 2026] BIOS-e820: [mem 0x000000000009ac00-0x000000000009ffff] reserved
[Tue Apr 21 17:44:19 2026] BIOS-e820: [mem 0x00000000000e0000-0x00000000000fffff] reserved
[Tue Apr 21 17:44:19 2026] BIOS-e820: [mem 0x0000000000100000-0x0000000066d9ffff] usable
[Tue Apr 21 17:44:19 2026] BIOS-e820: [mem 0x0000000066da0000-0x00000000696f8fff] reserved
[Tue Apr 21 17:44:19 2026] BIOS-e820: [mem 0x00000000696f9000-0x000000006a05efff] usable
[Tue Apr 21 17:44:19 2026] BIOS-e820: [mem 0x000000006a05f000-0x000000006ae88fff] ACPI NVS
[Tue Apr 21 17:44:19 2026] BIOS-e820: [mem 0x000000006ae89000-0x000000006d055fff] reserved
[Tue Apr 21 17:44:19 2026] BIOS-e820: [mem 0x000000006d056000-0x000000006fffffff] usable
[Tue Apr 21 17:44:19 2026] BIOS-e820: [mem 0x0000000070000000-0x000000008fffffff] reserved
[Tue Apr 21 17:44:19 2026] BIOS-e820: [mem 0x00000000fd000000-0x00000000fe7fffff] reserved
[Tue Apr 21 17:44:19 2026] BIOS-e820: [mem 0x00000000fed20000-0x00000000fed44fff] reserved
[Tue Apr 21 17:44:19 2026] BIOS-e820: [mem 0x00000000ff000000-0x00000000ffffffff] reserved
[Tue Apr 21 17:44:19 2026] BIOS-e820: [mem 0x0000000100000000-0x000000303fffffff] usable
[Tue Apr 21 17:44:19 2026] NX (Execute Disable) protection: active
[Tue Apr 21 17:44:19 2026] SMBIOS 3.2 present.
[Tue Apr 21 17:44:19 2026] DMI: Cisco Systems Inc UCSC-C220-M5SX/UCSC-C220-M5SX, BIOS C220M5.4.2.3c.0.0129230853 01/29/2023
[Tue Apr 21 17:44:19 2026] tsc: Detected 2200.000 MHz processor
[Tue Apr 21 17:44:19 2026] e820: update [mem 0x00000000-0x00000fff] usable ==> reserved
[Tue Apr 21 17:44:19 2026] e820: remove [mem 0x000a0000-0x000fffff] usable
[Tue Apr 21 17:44:19 2026] last_pfn = 0x3040000 max_arch_pfn = 0x400000000
[Tue Apr 21 17:44:19 2026] x86/PAT: Configuration [0-7]: WB  WC  UC- UC  WB  WP  UC- WT  
[Tue Apr 21 17:44:19 2026] total RAM covered: 195520M
[Tue Apr 21 17:44:19 2026] Found optimal setting for mtrr clean up
[Tue Apr 21 17:44:19 2026]  gran_size: 64K 	chunk_size: 512M 	num_reg: 9  	lose cover RAM: 0G
[Tue Apr 21 17:44:19 2026] e820: update [mem 0x70000000-0x73ffffff] usable ==> reserved
[Tue Apr 21 17:44:19 2026] e820: update [mem 0x80000000-0xffffffff] usable ==> reserved
[Tue Apr 21 17:44:19 2026] last_pfn = 0x70000 max_arch_pfn = 0x400000000
[Tue Apr 21 17:44:19 2026] Using GB pages for direct mapping
[Tue Apr 21 17:44:19 2026] RAMDISK: [mem 0x2f799000-0x33bc3fff]
[Tue Apr 21 17:44:19 2026] ACPI: Early table checksum verification disabled
[Tue Apr 21 17:44:19 2026] ACPI: RSDP 0x00000000000F05A0 000024 (v02 Cisco0)
[Tue Apr 21 17:44:19 2026] ACPI: XSDT 0x000000006A9940C8 000114 (v01 Cisco0 CiscoUCS 01072009 AMI  00010013)
[Tue Apr 21 17:44:19 2026] ACPI: FACP 0x000000006AB2FDD0 000114 (v06 Cisco0 CiscoUCS 01072009 INTL 20091013)
[Tue Apr 21 17:44:19 2026] ACPI: DSDT 0x000000006A994278 19BB58 (v02 Cisco0 CiscoUCS 01072009 INTL 20091013)
[Tue Apr 21 17:44:19 2026] ACPI: FACS 0x000000006AE45080 000040
[Tue Apr 21 17:44:19 2026] ACPI: FPDT 0x000000006AB2FEE8 000044 (v01 Cisco0 CiscoUCS 01072009 AMI  00010013)
[Tue Apr 21 17:44:19 2026] ACPI: FIDT 0x000000006AB2FF30 00009C (v01 Cisco0 CiscoUCS 01072009 AMI  00010013)
[Tue Apr 21 17:44:19 2026] ACPI: SPMI 0x000000006AB2FFD0 000041 (v05 Cisco0 CiscoUCS 00000000 AMI. 00000000)
[Tue Apr 21 17:44:19 2026] ACPI: UEFI 0x000000006AB30018 00005C (v01 INTEL  RstUefiV 00000000      00000000)
[Tue Apr 21 17:44:19 2026] ACPI: SSDT 0x000000006AB30078 00046C (v02 INTEL  ADDRXLAT 00000001 INTL 20140828)
[Tue Apr 21 17:44:19 2026] ACPI: MCFG 0x000000006AB304E8 00003C (v01 Cisco0 CiscoUCS 01072009 MSFT 00000097)
[Tue Apr 21 17:44:19 2026] ACPI: HPET 0x000000006AB30528 000038 (v01 Cisco0 CiscoUCS 00000001 INTL 20091013)
[Tue Apr 21 17:44:19 2026] ACPI: APIC 0x000000006AB30560 000C5E (v03 Cisco0 CiscoUCS 00000000 INTL 20091013)
[Tue Apr 21 17:44:19 2026] ACPI: MIGT 0x000000006AB311C0 000040 (v01 Cisco0 CiscoUCS 00000000 INTL 20091013)
[Tue Apr 21 17:44:19 2026] ACPI: MSCT 0x000000006AB31200 000064 (v01 Cisco0 CiscoUCS 00000001 INTL 20091013)
[Tue Apr 21 17:44:19 2026] ACPI: PCAT 0x000000006AB31268 000088 (v02 Cisco0 CiscoUCS 00000002 INTL 20091013)
[Tue Apr 21 17:44:19 2026] ACPI: PCCT 0x000000006AB312F0 00006E (v01 Cisco0 CiscoUCS 00000002 INTL 20091013)
[Tue Apr 21 17:44:19 2026] ACPI: RASF 0x000000006AB31360 000030 (v01 Cisco0 CiscoUCS 00000001 INTL 20091013)
[Tue Apr 21 17:44:19 2026] ACPI: SLIT 0x000000006AB31390 00012C (v01 Cisco0 CiscoUCS 00000001 INTL 20091013)
[Tue Apr 21 17:44:19 2026] ACPI: SRAT 0x000000006AB314C0 0016B0 (v03 Cisco0 CiscoUCS 00000002 INTL 20091013)
[Tue Apr 21 17:44:19 2026] ACPI: SVOS 0x000000006AB32B70 000032 (v01 Cisco0 CiscoUCS 00000000 INTL 20091013)
[Tue Apr 21 17:44:19 2026] ACPI: WDDT 0x000000006AB32BA8 000040 (v01 Cisco0 CiscoUCS 00000000 INTL 20091013)
[Tue Apr 21 17:44:19 2026] ACPI: OEM4 0x000000006AB32BE8 0513F4 (v02 INTEL  CPU  CST 00003000 INTL 20140828)
[Tue Apr 21 17:44:19 2026] ACPI: OEM1 0x000000006AB83FE0 015174 (v02 INTEL  CPU EIST 00003000 INTL 20140828)
[Tue Apr 21 17:44:19 2026] ACPI: OEM2 0x000000006AB99158 017554 (v02 INTEL  CPU  HWP 00003000 INTL 20140828)
[Tue Apr 21 17:44:19 2026] ACPI: SSDT 0x000000006ABB06B0 019D00 (v02 INTEL  SSDT  PM 00004000 INTL 20140828)
[Tue Apr 21 17:44:19 2026] ACPI: SSDT 0x000000006ABCA3B0 00065B (v02 Cisco0 CiscoUCS 00000000 INTL 20091013)
[Tue Apr 21 17:44:19 2026] ACPI: SSDT 0x000000006ABCAA10 001B4E (v02 INTEL  SpsNm    00000002 INTL 20140828)
[Tue Apr 21 17:44:19 2026] ACPI: DMAR 0x000000006ABCC560 000270 (v01 Cisco0 CiscoUCS 00000001 INTL 20091013)
[Tue Apr 21 17:44:19 2026] ACPI: HEST 0x000000006ABCC7D0 0000A8 (v01 Cisco0 CiscoUCS 00000001 INTL 00000001)
[Tue Apr 21 17:44:19 2026] ACPI: BERT 0x000000006ABCC878 000030 (v01 Cisco0 CiscoUCS 00000001 INTL 00000001)
[Tue Apr 21 17:44:19 2026] ACPI: ERST 0x000000006ABCC8A8 000230 (v01 Cisco0 CiscoUCS 00000001 INTL 00000001)
[Tue Apr 21 17:44:19 2026] ACPI: EINJ 0x000000006ABCCAD8 000150 (v01 Cisco0 CiscoUCS 00000001 INTL 00000001)
[Tue Apr 21 17:44:19 2026] ACPI: WSMT 0x000000006ABCCC28 000028 (v01 Cisco0 CiscoUCS 01072009 AMI  00010013)
[Tue Apr 21 17:44:19 2026] ACPI: Reserving FACP table memory at [mem 0x6ab2fdd0-0x6ab2fee3]
[Tue Apr 21 17:44:19 2026] ACPI: Reserving DSDT table memory at [mem 0x6a994278-0x6ab2fdcf]
[Tue Apr 21 17:44:19 2026] ACPI: Reserving FACS table memory at [mem 0x6ae45080-0x6ae450bf]
[Tue Apr 21 17:44:19 2026] ACPI: Reserving FPDT table memory at [mem 0x6ab2fee8-0x6ab2ff2b]
[Tue Apr 21 17:44:19 2026] ACPI: Reserving FIDT table memory at [mem 0x6ab2ff30-0x6ab2ffcb]
[Tue Apr 21 17:44:19 2026] ACPI: Reserving SPMI table memory at [mem 0x6ab2ffd0-0x6ab30010]
[Tue Apr 21 17:44:19 2026] ACPI: Reserving UEFI table memory at [mem 0x6ab30018-0x6ab30073]
[Tue Apr 21 17:44:19 2026] ACPI: Reserving SSDT table memory at [mem 0x6ab30078-0x6ab304e3]
[Tue Apr 21 17:44:19 2026] ACPI: Reserving MCFG table memory at [mem 0x6ab304e8-0x6ab30523]
[Tue Apr 21 17:44:19 2026] ACPI: Reserving HPET table memory at [mem 0x6ab30528-0x6ab3055f]
[Tue Apr 21 17:44:19 2026] ACPI: Reserving APIC table memory at [mem 0x6ab30560-0x6ab311bd]
[Tue Apr 21 17:44:19 2026] ACPI: Reserving MIGT table memory at [mem 0x6ab311c0-0x6ab311ff]
[Tue Apr 21 17:44:19 2026] ACPI: Reserving MSCT table memory at [mem 0x6ab31200-0x6ab31263]
[Tue Apr 21 17:44:19 2026] ACPI: Reserving PCAT table memory at [mem 0x6ab31268-0x6ab312ef]
[Tue Apr 21 17:44:19 2026] ACPI: Reserving PCCT table memory at [mem 0x6ab312f0-0x6ab3135d]
[Tue Apr 21 17:44:19 2026] ACPI: Reserving RASF table memory at [mem 0x6ab31360-0x6ab3138f]
[Tue Apr 21 17:44:19 2026] ACPI: Reserving SLIT table memory at [mem 0x6ab31390-0x6ab314bb]
[Tue Apr 21 17:44:19 2026] ACPI: Reserving SRAT table memory at [mem 0x6ab314c0-0x6ab32b6f]
[Tue Apr 21 17:44:19 2026] ACPI: Reserving SVOS table memory at [mem 0x6ab32b70-0x6ab32ba1]
[Tue Apr 21 17:44:19 2026] ACPI: Reserving WDDT table memory at [mem 0x6ab32ba8-0x6ab32be7]
[Tue Apr 21 17:44:19 2026] ACPI: Reserving OEM4 table memory at [mem 0x6ab32be8-0x6ab83fdb]
[Tue Apr 21 17:44:19 2026] ACPI: Reserving OEM1 table memory at [mem 0x6ab83fe0-0x6ab99153]
[Tue Apr 21 17:44:19 2026] ACPI: Reserving OEM2 table memory at [mem 0x6ab99158-0x6abb06ab]
[Tue Apr 21 17:44:19 2026] ACPI: Reserving SSDT table memory at [mem 0x6abb06b0-0x6abca3af]
[Tue Apr 21 17:44:19 2026] ACPI: Reserving SSDT table memory at [mem 0x6abca3b0-0x6abcaa0a]
[Tue Apr 21 17:44:19 2026] ACPI: Reserving SSDT table memory at [mem 0x6abcaa10-0x6abcc55d]
[Tue Apr 21 17:44:19 2026] ACPI: Reserving DMAR table memory at [mem 0x6abcc560-0x6abcc7cf]
[Tue Apr 21 17:44:19 2026] ACPI: Reserving HEST table memory at [mem 0x6abcc7d0-0x6abcc877]
[Tue Apr 21 17:44:19 2026] ACPI: Reserving BERT table memory at [mem 0x6abcc878-0x6abcc8a7]
[Tue Apr 21 17:44:19 2026] ACPI: Reserving ERST table memory at [mem 0x6abcc8a8-0x6abccad7]
[Tue Apr 21 17:44:19 2026] ACPI: Reserving EINJ table memory at [mem 0x6abccad8-0x6abccc27]
[Tue Apr 21 17:44:19 2026] ACPI: Reserving WSMT table memory at [mem 0x6abccc28-0x6abccc4f]
[Tue Apr 21 17:44:19 2026] SRAT: PXM 0 -> APIC 0x00 -> Node 0
[Tue Apr 21 17:44:19 2026] SRAT: PXM 0 -> APIC 0x02 -> Node 0
[Tue Apr 21 17:44:19 2026] SRAT: PXM 0 -> APIC 0x04 -> Node 0
[Tue Apr 21 17:44:19 2026] SRAT: PXM 0 -> APIC 0x06 -> Node 0
[Tue Apr 21 17:44:19 2026] SRAT: PXM 0 -> APIC 0x08 -> Node 0
[Tue Apr 21 17:44:19 2026] SRAT: PXM 0 -> APIC 0x10 -> Node 0
[Tue Apr 21 17:44:19 2026] SRAT: PXM 0 -> APIC 0x12 -> Node 0
[Tue Apr 21 17:44:19 2026] SRAT: PXM 0 -> APIC 0x14 -> Node 0
[Tue Apr 21 17:44:19 2026] SRAT: PXM 0 -> APIC 0x16 -> Node 0
[Tue Apr 21 17:44:19 2026] SRAT: PXM 0 -> APIC 0x18 -> Node 0
[Tue Apr 21 17:44:19 2026] SRAT: PXM 1 -> APIC 0x20 -> Node 1
[Tue Apr 21 17:44:19 2026] SRAT: PXM 1 -> APIC 0x22 -> Node 1
[Tue Apr 21 17:44:19 2026] SRAT: PXM 1 -> APIC 0x24 -> Node 1
[Tue Apr 21 17:44:19 2026] SRAT: PXM 1 -> APIC 0x26 -> Node 1
[Tue Apr 21 17:44:19 2026] SRAT: PXM 1 -> APIC 0x28 -> Node 1
[Tue Apr 21 17:44:19 2026] SRAT: PXM 1 -> APIC 0x30 -> Node 1
[Tue Apr 21 17:44:19 2026] SRAT: PXM 1 -> APIC 0x32 -> Node 1
[Tue Apr 21 17:44:19 2026] SRAT: PXM 1 -> APIC 0x34 -> Node 1
[Tue Apr 21 17:44:19 2026] SRAT: PXM 1 -> APIC 0x36 -> Node 1
[Tue Apr 21 17:44:19 2026] SRAT: PXM 1 -> APIC 0x38 -> Node 1
[Tue Apr 21 17:44:19 2026] SRAT: PXM 0 -> APIC 0x01 -> Node 0
[Tue Apr 21 17:44:19 2026] SRAT: PXM 0 -> APIC 0x03 -> Node 0
[Tue Apr 21 17:44:19 2026] SRAT: PXM 0 -> APIC 0x05 -> Node 0
[Tue Apr 21 17:44:19 2026] SRAT: PXM 0 -> APIC 0x07 -> Node 0
[Tue Apr 21 17:44:19 2026] SRAT: PXM 0 -> APIC 0x09 -> Node 0
[Tue Apr 21 17:44:19 2026] SRAT: PXM 0 -> APIC 0x11 -> Node 0
[Tue Apr 21 17:44:19 2026] SRAT: PXM 0 -> APIC 0x13 -> Node 0
[Tue Apr 21 17:44:19 2026] SRAT: PXM 0 -> APIC 0x15 -> Node 0
[Tue Apr 21 17:44:19 2026] SRAT: PXM 0 -> APIC 0x17 -> Node 0
[Tue Apr 21 17:44:19 2026] SRAT: PXM 0 -> APIC 0x19 -> Node 0
[Tue Apr 21 17:44:19 2026] SRAT: PXM 1 -> APIC 0x21 -> Node 1
[Tue Apr 21 17:44:19 2026] SRAT: PXM 1 -> APIC 0x23 -> Node 1
[Tue Apr 21 17:44:19 2026] SRAT: PXM 1 -> APIC 0x25 -> Node 1
[Tue Apr 21 17:44:19 2026] SRAT: PXM 1 -> APIC 0x27 -> Node 1
[Tue Apr 21 17:44:19 2026] SRAT: PXM 1 -> APIC 0x29 -> Node 1
[Tue Apr 21 17:44:19 2026] SRAT: PXM 1 -> APIC 0x31 -> Node 1
[Tue Apr 21 17:44:19 2026] SRAT: PXM 1 -> APIC 0x33 -> Node 1
[Tue Apr 21 17:44:19 2026] SRAT: PXM 1 -> APIC 0x35 -> Node 1
[Tue Apr 21 17:44:19 2026] SRAT: PXM 1 -> APIC 0x37 -> Node 1
[Tue Apr 21 17:44:19 2026] SRAT: PXM 1 -> APIC 0x39 -> Node 1
[Tue Apr 21 17:44:19 2026] ACPI: SRAT: Node 0 PXM 0 [mem 0x00000000-0x7fffffff]
[Tue Apr 21 17:44:19 2026] ACPI: SRAT: Node 0 PXM 0 [mem 0x100000000-0x183fffffff]
[Tue Apr 21 17:44:19 2026] ACPI: SRAT: Node 1 PXM 1 [mem 0x1840000000-0x303fffffff]
[Tue Apr 21 17:44:19 2026] NUMA: Initialized distance table, cnt=2
[Tue Apr 21 17:44:19 2026] NUMA: Node 0 [mem 0x00000000-0x7fffffff] + [mem 0x100000000-0x183fffffff] -> [mem 0x00000000-0x183fffffff]
[Tue Apr 21 17:44:19 2026] NODE_DATA(0) allocated [mem 0x183ffd6000-0x183fffffff]
[Tue Apr 21 17:44:19 2026] NODE_DATA(1) allocated [mem 0x303ffd5000-0x303fffefff]
[Tue Apr 21 17:44:19 2026] Zone ranges:
[Tue Apr 21 17:44:19 2026]   DMA      [mem 0x0000000000001000-0x0000000000ffffff]
[Tue Apr 21 17:44:19 2026]   DMA32    [mem 0x0000000001000000-0x00000000ffffffff]
[Tue Apr 21 17:44:19 2026]   Normal   [mem 0x0000000100000000-0x000000303fffffff]
[Tue Apr 21 17:44:19 2026]   Device   empty
[Tue Apr 21 17:44:19 2026] Movable zone start for each node
[Tue Apr 21 17:44:19 2026] Early memory node ranges
[Tue Apr 21 17:44:19 2026]   node   0: [mem 0x0000000000001000-0x0000000000099fff]
[Tue Apr 21 17:44:19 2026]   node   0: [mem 0x0000000000100000-0x0000000066d9ffff]
[Tue Apr 21 17:44:19 2026]   node   0: [mem 0x00000000696f9000-0x000000006a05efff]
[Tue Apr 21 17:44:19 2026]   node   0: [mem 0x000000006d056000-0x000000006fffffff]
[Tue Apr 21 17:44:19 2026]   node   0: [mem 0x0000000100000000-0x000000183fffffff]
[Tue Apr 21 17:44:19 2026]   node   1: [mem 0x0000001840000000-0x000000303fffffff]
[Tue Apr 21 17:44:19 2026] Initmem setup node 0 [mem 0x0000000000001000-0x000000183fffffff]
[Tue Apr 21 17:44:19 2026] Initmem setup node 1 [mem 0x0000001840000000-0x000000303fffffff]
[Tue Apr 21 17:44:19 2026] On node 0, zone DMA: 1 pages in unavailable ranges
[Tue Apr 21 17:44:19 2026] On node 0, zone DMA: 102 pages in unavailable ranges
[Tue Apr 21 17:44:19 2026] On node 0, zone DMA32: 10585 pages in unavailable ranges
[Tue Apr 21 17:44:19 2026] On node 0, zone DMA32: 12279 pages in unavailable ranges
[Tue Apr 21 17:44:19 2026] ACPI: PM-Timer IO Port: 0x508
[Tue Apr 21 17:44:19 2026] ACPI: X2APIC_NMI (uid[0xffffffff] high level lint[0x1])
[Tue Apr 21 17:44:19 2026] ACPI: LAPIC_NMI (acpi_id[0xff] dfl edge lint[0x1])
[Tue Apr 21 17:44:19 2026] IOAPIC[0]: apic_id 8, version 32, address 0xfec00000, GSI 0-23
[Tue Apr 21 17:44:19 2026] IOAPIC[1]: apic_id 9, version 32, address 0xfec01000, GSI 24-31
[Tue Apr 21 17:44:19 2026] IOAPIC[2]: apic_id 10, version 32, address 0xfec08000, GSI 32-39
[Tue Apr 21 17:44:19 2026] IOAPIC[3]: apic_id 11, version 32, address 0xfec10000, GSI 40-47
[Tue Apr 21 17:44:19 2026] IOAPIC[4]: apic_id 12, version 32, address 0xfec18000, GSI 48-55
[Tue Apr 21 17:44:19 2026] IOAPIC[5]: apic_id 15, version 32, address 0xfec20000, GSI 72-79
[Tue Apr 21 17:44:19 2026] IOAPIC[6]: apic_id 16, version 32, address 0xfec28000, GSI 80-87
[Tue Apr 21 17:44:19 2026] IOAPIC[7]: apic_id 17, version 32, address 0xfec30000, GSI 88-95
[Tue Apr 21 17:44:19 2026] IOAPIC[8]: apic_id 18, version 32, address 0xfec38000, GSI 96-103
[Tue Apr 21 17:44:19 2026] ACPI: INT_SRC_OVR (bus 0 bus_irq 0 global_irq 2 dfl dfl)
[Tue Apr 21 17:44:19 2026] ACPI: INT_SRC_OVR (bus 0 bus_irq 9 global_irq 9 high level)
[Tue Apr 21 17:44:19 2026] ACPI: Using ACPI (MADT) for SMP configuration information
[Tue Apr 21 17:44:19 2026] ACPI: HPET id: 0x8086a701 base: 0xfed00000
[Tue Apr 21 17:44:19 2026] TSC deadline timer available
[Tue Apr 21 17:44:19 2026] smpboot: Allowing 40 CPUs, 0 hotplug CPUs
[Tue Apr 21 17:44:19 2026] PM: hibernation: Registered nosave memory: [mem 0x00000000-0x00000fff]
[Tue Apr 21 17:44:19 2026] PM: hibernation: Registered nosave memory: [mem 0x0009a000-0x000fffff]
[Tue Apr 21 17:44:19 2026] PM: hibernation: Registered nosave memory: [mem 0x66da0000-0x696f8fff]
[Tue Apr 21 17:44:19 2026] PM: hibernation: Registered nosave memory: [mem 0x6a05f000-0x6d055fff]
[Tue Apr 21 17:44:19 2026] PM: hibernation: Registered nosave memory: [mem 0x70000000-0xffffffff]
[Tue Apr 21 17:44:19 2026] [mem 0x90000000-0xfcffffff] available for PCI devices
[Tue Apr 21 17:44:19 2026] Booting paravirtualized kernel on bare hardware
[Tue Apr 21 17:44:19 2026] clocksource: refined-jiffies: mask: 0xffffffff max_cycles: 0xffffffff, max_idle_ns: 7645519600211568 ns
[Tue Apr 21 17:44:19 2026] setup_percpu: NR_CPUS:8192 nr_cpumask_bits:40 nr_cpu_ids:40 nr_node_ids:2
[Tue Apr 21 17:44:19 2026] percpu: Embedded 62 pages/cpu s217088 r8192 d28672 u262144
[Tue Apr 21 17:44:19 2026] pcpu-alloc: s217088 r8192 d28672 u262144 alloc=1*2097152
[Tue Apr 21 17:44:19 2026] pcpu-alloc: [0] 00 01 02 03 04 05 06 07 [0] 08 09 20 21 22 23 24 25 
[Tue Apr 21 17:44:19 2026] pcpu-alloc: [0] 26 27 28 29 -- -- -- -- [1] 10 11 12 13 14 15 16 17 
[Tue Apr 21 17:44:19 2026] pcpu-alloc: [1] 18 19 30 31 32 33 34 35 [1] 36 37 38 39 -- -- -- -- 
[Tue Apr 21 17:44:19 2026] Built 2 zonelists, mobility grouping on.  Total pages: 49199893
[Tue Apr 21 17:44:19 2026] Policy zone: Normal
[Tue Apr 21 17:44:19 2026] Kernel command line: BOOT_IMAGE=/boot/vmlinuz-5.15.0-168-generic root=UUID=571337a8-0ea6-44bd-9cfc-6cb9719427c1 emulabcnet=00:5d:73:ef:d8:fe ro console=ttyS0,115200
[Tue Apr 21 17:44:19 2026] Unknown kernel command line parameters "BOOT_IMAGE=/boot/vmlinuz-5.15.0-168-generic emulabcnet=00:5d:73:ef:d8:fe", will be passed to user space.
[Tue Apr 21 17:44:19 2026] printk: log_buf_len individual max cpu contribution: 4096 bytes
[Tue Apr 21 17:44:19 2026] printk: log_buf_len total cpu_extra contributions: 159744 bytes
[Tue Apr 21 17:44:19 2026] printk: log_buf_len min size: 262144 bytes
[Tue Apr 21 17:44:19 2026] printk: log_buf_len: 524288 bytes
[Tue Apr 21 17:44:19 2026] printk: early log buf free: 247496(94%)
[Tue Apr 21 17:44:19 2026] mem auto-init: stack:off, heap alloc:on, heap free:off
[Tue Apr 21 17:44:20 2026] Memory: 196591308K/199924004K available (16393K kernel code, 4398K rwdata, 10992K rodata, 3292K init, 18772K bss, 3332436K reserved, 0K cma-reserved)
[Tue Apr 21 17:44:20 2026] SLUB: HWalign=64, Order=0-3, MinObjects=0, CPUs=40, Nodes=2
[Tue Apr 21 17:44:20 2026] Kernel/User page tables isolation: enabled
[Tue Apr 21 17:44:20 2026] ftrace: allocating 50876 entries in 199 pages
[Tue Apr 21 17:44:20 2026] ftrace: allocated 199 pages with 5 groups
[Tue Apr 21 17:44:20 2026] rcu: Hierarchical RCU implementation.
[Tue Apr 21 17:44:20 2026] rcu: 	RCU restricting CPUs from NR_CPUS=8192 to nr_cpu_ids=40.
[Tue Apr 21 17:44:20 2026] 	Rude variant of Tasks RCU enabled.
[Tue Apr 21 17:44:20 2026] 	Tracing variant of Tasks RCU enabled.
[Tue Apr 21 17:44:20 2026] rcu: RCU calculated value of scheduler-enlistment delay is 25 jiffies.
[Tue Apr 21 17:44:20 2026] rcu: Adjusting geometry for rcu_fanout_leaf=16, nr_cpu_ids=40
[Tue Apr 21 17:44:20 2026] NR_IRQS: 524544, nr_irqs: 2104, preallocated irqs: 16
[Tue Apr 21 17:44:20 2026] random: crng init done
[Tue Apr 21 17:44:20 2026] Console: colour VGA+ 80x25
[Tue Apr 21 17:44:21 2026] printk: console [ttyS0] enabled
[Tue Apr 21 17:44:21 2026] mempolicy: Enabling automatic NUMA balancing. Configure with numa_balancing= or the kernel.numa_balancing sysctl
[Tue Apr 21 17:44:21 2026] ACPI: Core revision 20210730
[Tue Apr 21 17:44:21 2026] clocksource: hpet: mask: 0xffffffff max_cycles: 0xffffffff, max_idle_ns: 79635855245 ns
[Tue Apr 21 17:44:21 2026] APIC: Switch to symmetric I/O mode setup
[Tue Apr 21 17:44:21 2026] DMAR: Host address width 46
[Tue Apr 21 17:44:22 2026] DMAR: DRHD base: 0x000000d37fc000 flags: 0x0
[Tue Apr 21 17:44:22 2026] DMAR: dmar0: reg_base_addr d37fc000 ver 1:0 cap 8d2078c106f0466 ecap f020de
[Tue Apr 21 17:44:22 2026] DMAR: DRHD base: 0x000000e0ffc000 flags: 0x0
[Tue Apr 21 17:44:22 2026] DMAR: dmar1: reg_base_addr e0ffc000 ver 1:0 cap 8d2078c106f0466 ecap f020de
[Tue Apr 21 17:44:22 2026] DMAR: DRHD base: 0x000000ee7fc000 flags: 0x0
[Tue Apr 21 17:44:22 2026] DMAR: dmar2: reg_base_addr ee7fc000 ver 1:0 cap 8d2078c106f0466 ecap f020de
[Tue Apr 21 17:44:22 2026] DMAR: DRHD base: 0x000000fbffc000 flags: 0x0
[Tue Apr 21 17:44:22 2026] DMAR: dmar3: reg_base_addr fbffc000 ver 1:0 cap 8d2078c106f0466 ecap f020de
[Tue Apr 21 17:44:22 2026] DMAR: DRHD base: 0x000000aaffc000 flags: 0x0
[Tue Apr 21 17:44:22 2026] DMAR: dmar4: reg_base_addr aaffc000 ver 1:0 cap 8d2078c106f0466 ecap f020de
[Tue Apr 21 17:44:22 2026] DMAR: DRHD base: 0x000000b87fc000 flags: 0x0
[Tue Apr 21 17:44:22 2026] DMAR: dmar5: reg_base_addr b87fc000 ver 1:0 cap 8d2078c106f0466 ecap f020de
[Tue Apr 21 17:44:22 2026] DMAR: DRHD base: 0x000000c5ffc000 flags: 0x0
[Tue Apr 21 17:44:22 2026] DMAR: dmar6: reg_base_addr c5ffc000 ver 1:0 cap 8d2078c106f0466 ecap f020de
[Tue Apr 21 17:44:22 2026] DMAR: DRHD base: 0x0000009d7fc000 flags: 0x1
[Tue Apr 21 17:44:22 2026] DMAR: dmar7: reg_base_addr 9d7fc000 ver 1:0 cap 8d2078c106f0466 ecap f020de
[Tue Apr 21 17:44:22 2026] DMAR: RMRR base: 0x0000006cad0000 end: 0x0000006cae1fff
[Tue Apr 21 17:44:22 2026] DMAR: ATSR flags: 0x0
[Tue Apr 21 17:44:22 2026] DMAR: ATSR flags: 0x0
[Tue Apr 21 17:44:22 2026] DMAR: RHSA base: 0x0000009d7fc000 proximity domain: 0x0
[Tue Apr 21 17:44:22 2026] DMAR: RHSA base: 0x000000aaffc000 proximity domain: 0x0
[Tue Apr 21 17:44:22 2026] DMAR: RHSA base: 0x000000b87fc000 proximity domain: 0x0
[Tue Apr 21 17:44:22 2026] DMAR: RHSA base: 0x000000c5ffc000 proximity domain: 0x0
[Tue Apr 21 17:44:22 2026] DMAR: RHSA base: 0x000000d37fc000 proximity domain: 0x1
[Tue Apr 21 17:44:22 2026] DMAR: RHSA base: 0x000000e0ffc000 proximity domain: 0x1
[Tue Apr 21 17:44:22 2026] DMAR: RHSA base: 0x000000ee7fc000 proximity domain: 0x1
[Tue Apr 21 17:44:22 2026] DMAR: RHSA base: 0x000000fbffc000 proximity domain: 0x1
[Tue Apr 21 17:44:22 2026] DMAR-IR: IOAPIC id 12 under DRHD base  0xc5ffc000 IOMMU 6
[Tue Apr 21 17:44:22 2026] DMAR-IR: IOAPIC id 11 under DRHD base  0xb87fc000 IOMMU 5
[Tue Apr 21 17:44:22 2026] DMAR-IR: IOAPIC id 10 under DRHD base  0xaaffc000 IOMMU 4
[Tue Apr 21 17:44:22 2026] DMAR-IR: IOAPIC id 18 under DRHD base  0xfbffc000 IOMMU 3
[Tue Apr 21 17:44:22 2026] DMAR-IR: IOAPIC id 17 under DRHD base  0xee7fc000 IOMMU 2
[Tue Apr 21 17:44:22 2026] DMAR-IR: IOAPIC id 16 under DRHD base  0xe0ffc000 IOMMU 1
[Tue Apr 21 17:44:22 2026] DMAR-IR: IOAPIC id 15 under DRHD base  0xd37fc000 IOMMU 0
[Tue Apr 21 17:44:22 2026] DMAR-IR: IOAPIC id 8 under DRHD base  0x9d7fc000 IOMMU 7
[Tue Apr 21 17:44:22 2026] DMAR-IR: IOAPIC id 9 under DRHD base  0x9d7fc000 IOMMU 7
[Tue Apr 21 17:44:22 2026] DMAR-IR: HPET id 0 under DRHD base 0x9d7fc000
[Tue Apr 21 17:44:22 2026] DMAR-IR: Queued invalidation will be enabled to support x2apic and Intr-remapping.
[Tue Apr 21 17:44:22 2026] DMAR-IR: Enabled IRQ remapping in x2apic mode
[Tue Apr 21 17:44:22 2026] x2apic enabled
[Tue Apr 21 17:44:22 2026] Switched APIC routing to cluster x2apic.
[Tue Apr 21 17:44:22 2026] ..TIMER: vector=0x30 apic1=0 pin1=2 apic2=-1 pin2=-1
[Tue Apr 21 17:44:22 2026] clocksource: tsc-early: mask: 0xffffffffffffffff max_cycles: 0x1fb633008a4, max_idle_ns: 440795292230 ns
[Tue Apr 21 17:44:22 2026] Calibrating delay loop (skipped), value calculated using timer frequency.. 4400.00 BogoMIPS (lpj=8800000)
[Tue Apr 21 17:44:22 2026] CPU0: Thermal monitoring enabled (TM1)
[Tue Apr 21 17:44:22 2026] process: using mwait in idle threads
[Tue Apr 21 17:44:22 2026] Last level iTLB entries: 4KB 64, 2MB 8, 4MB 8
[Tue Apr 21 17:44:22 2026] Last level dTLB entries: 4KB 64, 2MB 32, 4MB 32, 1GB 4
[Tue Apr 21 17:44:22 2026] Spectre V1 : Mitigation: usercopy/swapgs barriers and __user pointer sanitization
[Tue Apr 21 17:44:22 2026] Spectre V2 : Mitigation: IBRS
[Tue Apr 21 17:44:22 2026] Spectre V2 : Spectre v2 / SpectreRSB: Filling RSB on context switch and VMEXIT
[Tue Apr 21 17:44:22 2026] RETBleed: Mitigation: IBRS
[Tue Apr 21 17:44:22 2026] Spectre V2 : mitigation: Enabling conditional Indirect Branch Prediction Barrier
[Tue Apr 21 17:44:22 2026] Spectre V2 : User space: Mitigation: STIBP via seccomp and prctl
[Tue Apr 21 17:44:22 2026] Speculative Store Bypass: Mitigation: Speculative Store Bypass disabled via prctl and seccomp
[Tue Apr 21 17:44:22 2026] MDS: Mitigation: Clear CPU buffers
[Tue Apr 21 17:44:22 2026] TAA: Mitigation: Clear CPU buffers
[Tue Apr 21 17:44:22 2026] MMIO Stale Data: Mitigation: Clear CPU buffers
[Tue Apr 21 17:44:22 2026] GDS: Mitigation: Microcode
[Tue Apr 21 17:44:22 2026] VMSCAPE: Mitigation: IBPB before exit to userspace
[Tue Apr 21 17:44:22 2026] x86/fpu: Supporting XSAVE feature 0x001: 'x87 floating point registers'
[Tue Apr 21 17:44:22 2026] x86/fpu: Supporting XSAVE feature 0x002: 'SSE registers'
[Tue Apr 21 17:44:22 2026] x86/fpu: Supporting XSAVE feature 0x004: 'AVX registers'
[Tue Apr 21 17:44:22 2026] x86/fpu: Supporting XSAVE feature 0x008: 'MPX bounds registers'
[Tue Apr 21 17:44:22 2026] x86/fpu: Supporting XSAVE feature 0x010: 'MPX CSR'
[Tue Apr 21 17:44:22 2026] x86/fpu: Supporting XSAVE feature 0x020: 'AVX-512 opmask'
[Tue Apr 21 17:44:22 2026] x86/fpu: Supporting XSAVE feature 0x040: 'AVX-512 Hi256'
[Tue Apr 21 17:44:22 2026] x86/fpu: Supporting XSAVE feature 0x080: 'AVX-512 ZMM_Hi256'
[Tue Apr 21 17:44:22 2026] x86/fpu: Supporting XSAVE feature 0x200: 'Protection Keys User registers'
[Tue Apr 21 17:44:22 2026] x86/fpu: xstate_offset[2]:  576, xstate_sizes[2]:  256
[Tue Apr 21 17:44:22 2026] x86/fpu: xstate_offset[3]:  832, xstate_sizes[3]:   64
[Tue Apr 21 17:44:22 2026] x86/fpu: xstate_offset[4]:  896, xstate_sizes[4]:   64
[Tue Apr 21 17:44:22 2026] x86/fpu: xstate_offset[5]:  960, xstate_sizes[5]:   64
[Tue Apr 21 17:44:22 2026] x86/fpu: xstate_offset[6]: 1024, xstate_sizes[6]:  512
[Tue Apr 21 17:44:22 2026] x86/fpu: xstate_offset[7]: 1536, xstate_sizes[7]: 1024
[Tue Apr 21 17:44:22 2026] x86/fpu: xstate_offset[9]: 2560, xstate_sizes[9]:    8
[Tue Apr 21 17:44:22 2026] x86/fpu: Enabled xstate features 0x2ff, context size is 2568 bytes, using 'compacted' format.
[Tue Apr 21 17:44:22 2026] Freeing SMP alternatives memory: 44K
[Tue Apr 21 17:44:22 2026] pid_max: default: 40960 minimum: 320
[Tue Apr 21 17:44:22 2026] LSM: Security Framework initializing
[Tue Apr 21 17:44:22 2026] landlock: Up and running.
[Tue Apr 21 17:44:22 2026] Yama: becoming mindful.
[Tue Apr 21 17:44:22 2026] AppArmor: AppArmor initialized
[Tue Apr 21 17:44:22 2026] Dentry cache hash table entries: 16777216 (order: 15, 134217728 bytes, vmalloc)
[Tue Apr 21 17:44:22 2026] Inode-cache hash table entries: 8388608 (order: 14, 67108864 bytes, vmalloc)
[Tue Apr 21 17:44:22 2026] Mount-cache hash table entries: 262144 (order: 9, 2097152 bytes, vmalloc)
[Tue Apr 21 17:44:22 2026] Mountpoint-cache hash table entries: 262144 (order: 9, 2097152 bytes, vmalloc)
[Tue Apr 21 17:44:22 2026] smpboot: Estimated ratio of average max frequency by base frequency (times 1024): 1303
[Tue Apr 21 17:44:22 2026] smpboot: CPU0: Intel(R) Xeon(R) Silver 4114 CPU @ 2.20GHz (family: 0x6, model: 0x55, stepping: 0x4)
[Tue Apr 21 17:44:22 2026] Performance Events: PEBS fmt3+, Skylake events, 32-deep LBR, full-width counters, Intel PMU driver.
[Tue Apr 21 17:44:22 2026] ... version:                4
[Tue Apr 21 17:44:22 2026] ... bit width:              48
[Tue Apr 21 17:44:22 2026] ... generic registers:      4
[Tue Apr 21 17:44:22 2026] ... value mask:             0000ffffffffffff
[Tue Apr 21 17:44:22 2026] ... max period:             00007fffffffffff
[Tue Apr 21 17:44:22 2026] ... fixed-purpose events:   3
[Tue Apr 21 17:44:22 2026] ... event mask:             000000070000000f
[Tue Apr 21 17:44:22 2026] signal: max sigframe size: 3632
[Tue Apr 21 17:44:22 2026] rcu: Hierarchical SRCU implementation.
[Tue Apr 21 17:44:22 2026] NMI watchdog: Enabled. Permanently consumes one hw-PMU counter.
[Tue Apr 21 17:44:22 2026] smp: Bringing up secondary CPUs ...
[Tue Apr 21 17:44:22 2026] x86: Booting SMP configuration:
[Tue Apr 21 17:44:22 2026] .... node  #0, CPUs:        #1  #2  #3  #4  #5  #6  #7  #8  #9
[Tue Apr 21 17:44:22 2026] .... node  #1, CPUs:   #10
[Tue Apr 21 17:44:20 2026] smpboot: CPU 10 Converting physical 0 to logical die 1
[Tue Apr 21 17:44:22 2026]  #11 #12 #13 #14 #15 #16 #17 #18 #19
[