===== dmesg snapshot host=node0 boot_started_utc=20260422T032427Z boot_id=62503c1c-026f-4d12-960b-226160d86543 captured_utc=20260422T032532Z =====

[Tue Apr 21 21:24:07 2026] microcode: microcode updated early to revision 0x700001c, date = 2021-06-12
[Tue Apr 21 21:24:07 2026] Linux version 5.15.0-168-generic (buildd@lcy02-amd64-116) (gcc (Ubuntu 11.4.0-1ubuntu1~22.04.2) 11.4.0, GNU ld (GNU Binutils for Ubuntu) 2.38) #178-Ubuntu SMP Fri Jan 9 19:05:03 UTC 2026 (Ubuntu 5.15.0-168.178-generic 5.15.193)
[Tue Apr 21 21:24:07 2026] Command line: BOOT_IMAGE=/boot/vmlinuz-5.15.0-168-generic root=UUID=571337a8-0ea6-44bd-9cfc-6cb9719427c1 emulabcnet=14:58:d0:58:1f:92 ro console=ttyS0,115200
[Tue Apr 21 21:24:07 2026] KERNEL supported cpus:
[Tue Apr 21 21:24:07 2026]   Intel GenuineIntel
[Tue Apr 21 21:24:07 2026]   AMD AuthenticAMD
[Tue Apr 21 21:24:07 2026]   Hygon HygonGenuine
[Tue Apr 21 21:24:07 2026]   Centaur CentaurHauls
[Tue Apr 21 21:24:07 2026]   zhaoxin   Shanghai  
[Tue Apr 21 21:24:07 2026] BIOS-provided physical RAM map:
[Tue Apr 21 21:24:07 2026] BIOS-e820: [mem 0x0000000000000000-0x0000000000092fff] usable
[Tue Apr 21 21:24:07 2026] BIOS-e820: [mem 0x0000000000093000-0x0000000000093fff] reserved
[Tue Apr 21 21:24:07 2026] BIOS-e820: [mem 0x0000000000094000-0x000000000009ffff] usable
[Tue Apr 21 21:24:07 2026] BIOS-e820: [mem 0x0000000000100000-0x000000006b3a0fff] usable
[Tue Apr 21 21:24:07 2026] BIOS-e820: [mem 0x000000006b3a1000-0x000000006b9a0fff] reserved
[Tue Apr 21 21:24:07 2026] BIOS-e820: [mem 0x000000006b9a1000-0x000000006b9a1fff] usable
[Tue Apr 21 21:24:07 2026] BIOS-e820: [mem 0x000000006b9a2000-0x000000006ba22fff] reserved
[Tue Apr 21 21:24:07 2026] BIOS-e820: [mem 0x000000006ba23000-0x00000000784fefff] usable
[Tue Apr 21 21:24:07 2026] BIOS-e820: [mem 0x00000000784ff000-0x00000000791fefff] reserved
[Tue Apr 21 21:24:07 2026] BIOS-e820: [mem 0x00000000791ff000-0x000000007b5fefff] ACPI NVS
[Tue Apr 21 21:24:07 2026] BIOS-e820: [mem 0x000000007b5ff000-0x000000007b7fefff] ACPI data
[Tue Apr 21 21:24:07 2026] BIOS-e820: [mem 0x000000007b7ff000-0x000000007b7fffff] usable
[Tue Apr 21 21:24:07 2026] BIOS-e820: [mem 0x0000000080000000-0x000000008fffffff] reserved
[Tue Apr 21 21:24:07 2026] BIOS-e820: [mem 0x0000000100000000-0x000000107fffffff] usable
[Tue Apr 21 21:24:07 2026] NX (Execute Disable) protection: active
[Tue Apr 21 21:24:07 2026] e820: update [mem 0x770cb018-0x770f7057] usable ==> usable
[Tue Apr 21 21:24:07 2026] e820: update [mem 0x770cb018-0x770f7057] usable ==> usable
[Tue Apr 21 21:24:07 2026] e820: update [mem 0x770c2018-0x770ca057] usable ==> usable
[Tue Apr 21 21:24:07 2026] e820: update [mem 0x770c2018-0x770ca057] usable ==> usable
[Tue Apr 21 21:24:07 2026] e820: update [mem 0x770b7018-0x770c1257] usable ==> usable
[Tue Apr 21 21:24:07 2026] e820: update [mem 0x770b7018-0x770c1257] usable ==> usable
[Tue Apr 21 21:24:07 2026] extended physical RAM map:
[Tue Apr 21 21:24:07 2026] reserve setup_data: [mem 0x0000000000000000-0x0000000000092fff] usable
[Tue Apr 21 21:24:07 2026] reserve setup_data: [mem 0x0000000000093000-0x0000000000093fff] reserved
[Tue Apr 21 21:24:07 2026] reserve setup_data: [mem 0x0000000000094000-0x000000000009ffff] usable
[Tue Apr 21 21:24:07 2026] reserve setup_data: [mem 0x0000000000100000-0x000000006b3a0fff] usable
[Tue Apr 21 21:24:07 2026] reserve setup_data: [mem 0x000000006b3a1000-0x000000006b9a0fff] reserved
[Tue Apr 21 21:24:07 2026] reserve setup_data: [mem 0x000000006b9a1000-0x000000006b9a1fff] usable
[Tue Apr 21 21:24:07 2026] reserve setup_data: [mem 0x000000006b9a2000-0x000000006ba22fff] reserved
[Tue Apr 21 21:24:07 2026] reserve setup_data: [mem 0x000000006ba23000-0x00000000770b7017] usable
[Tue Apr 21 21:24:07 2026] reserve setup_data: [mem 0x00000000770b7018-0x00000000770c1257] usable
[Tue Apr 21 21:24:07 2026] reserve setup_data: [mem 0x00000000770c1258-0x00000000770c2017] usable
[Tue Apr 21 21:24:07 2026] reserve setup_data: [mem 0x00000000770c2018-0x00000000770ca057] usable
[Tue Apr 21 21:24:07 2026] reserve setup_data: [mem 0x00000000770ca058-0x00000000770cb017] usable
[Tue Apr 21 21:24:07 2026] reserve setup_data: [mem 0x00000000770cb018-0x00000000770f7057] usable
[Tue Apr 21 21:24:07 2026] reserve setup_data: [mem 0x00000000770f7058-0x00000000784fefff] usable
[Tue Apr 21 21:24:07 2026] reserve setup_data: [mem 0x00000000784ff000-0x00000000791fefff] reserved
[Tue Apr 21 21:24:07 2026] reserve setup_data: [mem 0x00000000791ff000-0x000000007b5fefff] ACPI NVS
[Tue Apr 21 21:24:07 2026] reserve setup_data: [mem 0x000000007b5ff000-0x000000007b7fefff] ACPI data
[Tue Apr 21 21:24:07 2026] reserve setup_data: [mem 0x000000007b7ff000-0x000000007b7fffff] usable
[Tue Apr 21 21:24:07 2026] reserve setup_data: [mem 0x0000000080000000-0x000000008fffffff] reserved
[Tue Apr 21 21:24:07 2026] reserve setup_data: [mem 0x0000000100000000-0x000000107fffffff] usable
[Tue Apr 21 21:24:07 2026] efi: EFI v2.40 by HP
[Tue Apr 21 21:24:07 2026] efi: ACPI=0x7b7fe000 ACPI 2.0=0x7b7fe014 SMBIOS=0x788da000 RNG=0x7b7d9f98 
[Tue Apr 21 21:24:07 2026] random: crng init done
[Tue Apr 21 21:24:07 2026] secureboot: Secure boot disabled
[Tue Apr 21 21:24:07 2026] SMBIOS 2.8 present.
[Tue Apr 21 21:24:07 2026] DMI: HP ProLiant m510 Server Cartridge/ProLiant m510 Server Cartridge, BIOS H05 05/09/2016
[Tue Apr 21 21:24:07 2026] tsc: Fast TSC calibration using PIT
[Tue Apr 21 21:24:07 2026] tsc: Detected 1995.419 MHz processor
[Tue Apr 21 21:24:07 2026] e820: update [mem 0x00000000-0x00000fff] usable ==> reserved
[Tue Apr 21 21:24:07 2026] e820: remove [mem 0x000a0000-0x000fffff] usable
[Tue Apr 21 21:24:07 2026] last_pfn = 0x1080000 max_arch_pfn = 0x400000000
[Tue Apr 21 21:24:07 2026] x86/PAT: Configuration [0-7]: WB  WC  UC- UC  WB  WP  UC- WT  
[Tue Apr 21 21:24:07 2026] last_pfn = 0x7b800 max_arch_pfn = 0x400000000
[Tue Apr 21 21:24:07 2026] Using GB pages for direct mapping
[Tue Apr 21 21:24:07 2026] secureboot: Secure boot disabled
[Tue Apr 21 21:24:07 2026] RAMDISK: [mem 0x5fda5000-0x641cffff]
[Tue Apr 21 21:24:07 2026] ACPI: Early table checksum verification disabled
[Tue Apr 21 21:24:07 2026] ACPI: RSDP 0x000000007B7FE014 000024 (v02 HP    )
[Tue Apr 21 21:24:07 2026] ACPI: XSDT 0x000000007B7E8188 0000F4 (v01 HP     ProLiant 00000001      01000013)
[Tue Apr 21 21:24:07 2026] ACPI: FACP 0x000000007B7F5000 00010C (v05 HP     ProLiant 00000001 HP   00000001)
[Tue Apr 21 21:24:07 2026] ACPI: DSDT 0x000000007B7E2000 004EB5 (v02 HP     DSDT     00000002 HPAG 00020000)
[Tue Apr 21 21:24:07 2026] ACPI: FACS 0x000000007B581000 000040
[Tue Apr 21 21:24:07 2026] ACPI: UEFI 0x000000007B5B9000 000042 (v01 HP     ProLiant 00000002      01000013)
[Tue Apr 21 21:24:07 2026] ACPI: MCEJ 0x000000007B7FC000 000130 (v01 HP     ProLiant 00000001 INTL 0100000D)
[Tue Apr 21 21:24:07 2026] ACPI: SSDT 0x000000007B7FB000 000064 (v02 HP     SpsNvs   00000002 INTL 20130328)
[Tue Apr 21 21:24:07 2026] ACPI: HEST 0x000000007B7FA000 0000A8 (v01 HP     ProLiant 00000001 INTL 00000001)
[Tue Apr 21 21:24:07 2026] ACPI: BERT 0x000000007B7F9000 000030 (v01 HP     ProLiant 00000001 INTL 00000001)
[Tue Apr 21 21:24:07 2026] ACPI: ERST 0x000000007B7F8000 000230 (v01 HP     ProLiant 00000001 INTL 00000001)
[Tue Apr 21 21:24:07 2026] ACPI: EINJ 0x000000007B7F7000 000150 (v01 HP     ProLiant 00000001 INTL 00000001)
[Tue Apr 21 21:24:07 2026] ACPI: BGRT 0x000000007B7F6000 000038 (v01 HP     ProLiant 00000002 HP   01000013)
[Tue Apr 21 21:24:07 2026] ACPI: HPET 0x000000007B7F4000 000038 (v01 HP     ProLiant 00000001 HP   00000001)
[Tue Apr 21 21:24:07 2026] ACPI: PMCT 0x000000007B7F3000 000064 (v01 HP     ProLiant 00000001 HP   00000001)
[Tue Apr 21 21:24:07 2026] ACPI: WDDT 0x000000007B7F2000 000040 (v01 HP     ProLiant 00000001 HP   00000001)
[Tue Apr 21 21:24:07 2026] ACPI: APIC 0x000000007B7F1000 00021E (v03 HP     ProLiant 00000001 HP   00000001)
[Tue Apr 21 21:24:07 2026] ACPI: MCFG 0x000000007B7F0000 00003C (v01 HP     ProLiant 00000001 HP   00000001)
[Tue Apr 21 21:24:07 2026] ACPI: SLIT 0x000000007B7EF000 00002D (v01 HP     ProLiant 00000001 HP   00000001)
[Tue Apr 21 21:24:07 2026] ACPI: SRAT 0x000000007B7EE000 0001D8 (v03 HP     ProLiant 00000001 HP   00000001)
[Tue Apr 21 21:24:07 2026] ACPI: SPMI 0x000000007B7ED000 000041 (v05 HP     ProLiant 00000001 HP   00000001)
[Tue Apr 21 21:24:07 2026] ACPI: RASF 0x000000007B7EC000 000030 (v01 HP     ProLiant 00000001 HP   00000001)
[Tue Apr 21 21:24:07 2026] ACPI: SPCR 0x000000007B7EB000 000050 (v01 HP     ProLiant 00000001 HP   00000001)
[Tue Apr 21 21:24:07 2026] ACPI: MSCT 0x000000007B7EA000 00004E (v01 HP     ProLiant 00000001 HP   00000001)
[Tue Apr 21 21:24:07 2026] ACPI: BDAT 0x000000007B7E9000 000030 (v01 HP     ProLiant 00000001 HP   00000001)
[Tue Apr 21 21:24:07 2026] ACPI: PCCT 0x000000007B7FD000 00006E (v01 HP     ProLiant 00000001 HP   00000001)
[Tue Apr 21 21:24:07 2026] ACPI: DMAR 0x000000007B7E7000 0001C0 (v01 HP     ProLiant 00000001 HP   00000001)
[Tue Apr 21 21:24:07 2026] ACPI: SSDT 0x000000007B7DC000 005473 (v02 HP     PCISSDT  00000002 HPAG 00020000)
[Tue Apr 21 21:24:07 2026] ACPI: SSDT 0x000000007B7DB000 0001CB (v02 HP     TIMESSDT 00000002 HPAG 00020000)
[Tue Apr 21 21:24:07 2026] ACPI: SSDT 0x000000007B7DA000 0002F2 (v01 HP     pmab     00000001 INTL 20130328)
[Tue Apr 21 21:24:07 2026] ACPI: Reserving FACP table memory at [mem 0x7b7f5000-0x7b7f510b]
[Tue Apr 21 21:24:07 2026] ACPI: Reserving DSDT table memory at [mem 0x7b7e2000-0x7b7e6eb4]
[Tue Apr 21 21:24:07 2026] ACPI: Reserving FACS table memory at [mem 0x7b581000-0x7b58103f]
[Tue Apr 21 21:24:07 2026] ACPI: Reserving UEFI table memory at [mem 0x7b5b9000-0x7b5b9041]
[Tue Apr 21 21:24:07 2026] ACPI: Reserving MCEJ table memory at [mem 0x7b7fc000-0x7b7fc12f]
[Tue Apr 21 21:24:07 2026] ACPI: Reserving SSDT table memory at [mem 0x7b7fb000-0x7b7fb063]
[Tue Apr 21 21:24:07 2026] ACPI: Reserving HEST table memory at [mem 0x7b7fa000-0x7b7fa0a7]
[Tue Apr 21 21:24:07 2026] ACPI: Reserving BERT table memory at [mem 0x7b7f9000-0x7b7f902f]
[Tue Apr 21 21:24:07 2026] ACPI: Reserving ERST table memory at [mem 0x7b7f8000-0x7b7f822f]
[Tue Apr 21 21:24:07 2026] ACPI: Reserving EINJ table memory at [mem 0x7b7f7000-0x7b7f714f]
[Tue Apr 21 21:24:07 2026] ACPI: Reserving BGRT table memory at [mem 0x7b7f6000-0x7b7f6037]
[Tue Apr 21 21:24:07 2026] ACPI: Reserving HPET table memory at [mem 0x7b7f4000-0x7b7f4037]
[Tue Apr 21 21:24:07 2026] ACPI: Reserving PMCT table memory at [mem 0x7b7f3000-0x7b7f3063]
[Tue Apr 21 21:24:07 2026] ACPI: Reserving WDDT table memory at [mem 0x7b7f2000-0x7b7f203f]
[Tue Apr 21 21:24:07 2026] ACPI: Reserving APIC table memory at [mem 0x7b7f1000-0x7b7f121d]
[Tue Apr 21 21:24:07 2026] ACPI: Reserving MCFG table memory at [mem 0x7b7f0000-0x7b7f003b]
[Tue Apr 21 21:24:07 2026] ACPI: Reserving SLIT table memory at [mem 0x7b7ef000-0x7b7ef02c]
[Tue Apr 21 21:24:07 2026] ACPI: Reserving SRAT table memory at [mem 0x7b7ee000-0x7b7ee1d7]
[Tue Apr 21 21:24:07 2026] ACPI: Reserving SPMI table memory at [mem 0x7b7ed000-0x7b7ed040]
[Tue Apr 21 21:24:07 2026] ACPI: Reserving RASF table memory at [mem 0x7b7ec000-0x7b7ec02f]
[Tue Apr 21 21:24:07 2026] ACPI: Reserving SPCR table memory at [mem 0x7b7eb000-0x7b7eb04f]
[Tue Apr 21 21:24:07 2026] ACPI: Reserving MSCT table memory at [mem 0x7b7ea000-0x7b7ea04d]
[Tue Apr 21 21:24:07 2026] ACPI: Reserving BDAT table memory at [mem 0x7b7e9000-0x7b7e902f]
[Tue Apr 21 21:24:07 2026] ACPI: Reserving PCCT table memory at [mem 0x7b7fd000-0x7b7fd06d]
[Tue Apr 21 21:24:07 2026] ACPI: Reserving DMAR table memory at [mem 0x7b7e7000-0x7b7e71bf]
[Tue Apr 21 21:24:07 2026] ACPI: Reserving SSDT table memory at [mem 0x7b7dc000-0x7b7e1472]
[Tue Apr 21 21:24:07 2026] ACPI: Reserving SSDT table memory at [mem 0x7b7db000-0x7b7db1ca]
[Tue Apr 21 21:24:07 2026] ACPI: Reserving SSDT table memory at [mem 0x7b7da000-0x7b7da2f1]
[Tue Apr 21 21:24:07 2026] SRAT: PXM 0 -> APIC 0x0000 -> Node 0
[Tue Apr 21 21:24:07 2026] SRAT: PXM 0 -> APIC 0x0002 -> Node 0
[Tue Apr 21 21:24:07 2026] SRAT: PXM 0 -> APIC 0x0004 -> Node 0
[Tue Apr 21 21:24:07 2026] SRAT: PXM 0 -> APIC 0x0006 -> Node 0
[Tue Apr 21 21:24:07 2026] SRAT: PXM 0 -> APIC 0x0008 -> Node 0
[Tue Apr 21 21:24:07 2026] SRAT: PXM 0 -> APIC 0x000a -> Node 0
[Tue Apr 21 21:24:07 2026] SRAT: PXM 0 -> APIC 0x000c -> Node 0
[Tue Apr 21 21:24:07 2026] SRAT: PXM 0 -> APIC 0x000e -> Node 0
[Tue Apr 21 21:24:07 2026] SRAT: PXM 0 -> APIC 0x0001 -> Node 0
[Tue Apr 21 21:24:07 2026] SRAT: PXM 0 -> APIC 0x0003 -> Node 0
[Tue Apr 21 21:24:07 2026] SRAT: PXM 0 -> APIC 0x0005 -> Node 0
[Tue Apr 21 21:24:07 2026] SRAT: PXM 0 -> APIC 0x0007 -> Node 0
[Tue Apr 21 21:24:07 2026] SRAT: PXM 0 -> APIC 0x0009 -> Node 0
[Tue Apr 21 21:24:07 2026] SRAT: PXM 0 -> APIC 0x000b -> Node 0
[Tue Apr 21 21:24:07 2026] SRAT: PXM 0 -> APIC 0x000d -> Node 0
[Tue Apr 21 21:24:07 2026] SRAT: PXM 0 -> APIC 0x000f -> Node 0
[Tue Apr 21 21:24:07 2026] ACPI: SRAT: Node 0 PXM 0 [mem 0x00000000-0x107fffffff]
[Tue Apr 21 21:24:07 2026] NUMA: Initialized distance table, cnt=1
[Tue Apr 21 21:24:07 2026] NODE_DATA(0) allocated [mem 0x107ffd5000-0x107fffefff]
[Tue Apr 21 21:24:07 2026] Zone ranges:
[Tue Apr 21 21:24:07 2026]   DMA      [mem 0x0000000000001000-0x0000000000ffffff]
[Tue Apr 21 21:24:07 2026]   DMA32    [mem 0x0000000001000000-0x00000000ffffffff]
[Tue Apr 21 21:24:07 2026]   Normal   [mem 0x0000000100000000-0x000000107fffffff]
[Tue Apr 21 21:24:07 2026]   Device   empty
[Tue Apr 21 21:24:07 2026] Movable zone start for each node
[Tue Apr 21 21:24:07 2026] Early memory node ranges
[Tue Apr 21 21:24:07 2026]   node   0: [mem 0x0000000000001000-0x0000000000092fff]
[Tue Apr 21 21:24:07 2026]   node   0: [mem 0x0000000000094000-0x000000000009ffff]
[Tue Apr 21 21:24:07 2026]   node   0: [mem 0x0000000000100000-0x000000006b3a0fff]
[Tue Apr 21 21:24:07 2026]   node   0: [mem 0x000000006b9a1000-0x000000006b9a1fff]
[Tue Apr 21 21:24:07 2026]   node   0: [mem 0x000000006ba23000-0x00000000784fefff]
[Tue Apr 21 21:24:07 2026]   node   0: [mem 0x000000007b7ff000-0x000000007b7fffff]
[Tue Apr 21 21:24:07 2026]   node   0: [mem 0x0000000100000000-0x000000107fffffff]
[Tue Apr 21 21:24:07 2026] Initmem setup node 0 [mem 0x0000000000001000-0x000000107fffffff]
[Tue Apr 21 21:24:07 2026] On node 0, zone DMA: 1 pages in unavailable ranges
[Tue Apr 21 21:24:07 2026] On node 0, zone DMA: 1 pages in unavailable ranges
[Tue Apr 21 21:24:07 2026] On node 0, zone DMA: 96 pages in unavailable ranges
[Tue Apr 21 21:24:07 2026] On node 0, zone DMA32: 1536 pages in unavailable ranges
[Tue Apr 21 21:24:07 2026] On node 0, zone DMA32: 129 pages in unavailable ranges
[Tue Apr 21 21:24:07 2026] On node 0, zone DMA32: 13056 pages in unavailable ranges
[Tue Apr 21 21:24:07 2026] On node 0, zone Normal: 18432 pages in unavailable ranges
[Tue Apr 21 21:24:07 2026] ACPI: PM-Timer IO Port: 0x408
[Tue Apr 21 21:24:07 2026] ACPI: X2APIC_NMI (uid[0x00] high level lint[0x1])
[Tue Apr 21 21:24:07 2026] ACPI: X2APIC_NMI (uid[0x01] high level lint[0x1])
[Tue Apr 21 21:24:07 2026] ACPI: X2APIC_NMI (uid[0x02] high level lint[0x1])
[Tue Apr 21 21:24:07 2026] ACPI: X2APIC_NMI (uid[0x03] high level lint[0x1])
[Tue Apr 21 21:24:07 2026] ACPI: X2APIC_NMI (uid[0x04] high level lint[0x1])
[Tue Apr 21 21:24:07 2026] ACPI: X2APIC_NMI (uid[0x05] high level lint[0x1])
[Tue Apr 21 21:24:07 2026] ACPI: X2APIC_NMI (uid[0x06] high level lint[0x1])
[Tue Apr 21 21:24:07 2026] ACPI: X2APIC_NMI (uid[0x07] high level lint[0x1])
[Tue Apr 21 21:24:07 2026] ACPI: X2APIC_NMI (uid[0x08] high level lint[0x1])
[Tue Apr 21 21:24:07 2026] ACPI: X2APIC_NMI (uid[0x09] high level lint[0x1])
[Tue Apr 21 21:24:07 2026] ACPI: X2APIC_NMI (uid[0x0a] high level lint[0x1])
[Tue Apr 21 21:24:07 2026] ACPI: X2APIC_NMI (uid[0x0b] high level lint[0x1])
[Tue Apr 21 21:24:07 2026] ACPI: X2APIC_NMI (uid[0x0c] high level lint[0x1])
[Tue Apr 21 21:24:07 2026] ACPI: X2APIC_NMI (uid[0x0d] high level lint[0x1])
[Tue Apr 21 21:24:07 2026] ACPI: X2APIC_NMI (uid[0x0e] high level lint[0x1])
[Tue Apr 21 21:24:07 2026] ACPI: X2APIC_NMI (uid[0x0f] high level lint[0x1])
[Tue Apr 21 21:24:07 2026] ACPI: LAPIC_NMI (acpi_id[0xff] high level lint[0x1])
[Tue Apr 21 21:24:07 2026] IOAPIC[0]: apic_id 8, version 32, address 0xfec00000, GSI 0-23
[Tue Apr 21 21:24:07 2026] IOAPIC[1]: apic_id 9, version 32, address 0xfec01000, GSI 24-47
[Tue Apr 21 21:24:07 2026] ACPI: INT_SRC_OVR (bus 0 bus_irq 0 global_irq 2 dfl dfl)
[Tue Apr 21 21:24:07 2026] ACPI: INT_SRC_OVR (bus 0 bus_irq 9 global_irq 9 high level)
[Tue Apr 21 21:24:07 2026] ACPI: Using ACPI (MADT) for SMP configuration information
[Tue Apr 21 21:24:07 2026] ACPI: HPET id: 0x8086a701 base: 0xfed00000
[Tue Apr 21 21:24:07 2026] e820: update [mem 0x70e8b000-0x70ebbfff] usable ==> reserved
[Tue Apr 21 21:24:07 2026] ACPI: SPCR: SPCR table version 1
[Tue Apr 21 21:24:07 2026] ACPI: SPCR: Unexpected SPCR Access Width.  Defaulting to byte size
[Tue Apr 21 21:24:07 2026] ACPI: SPCR: console: uart,mmio,0x0,115200
[Tue Apr 21 21:24:07 2026] TSC deadline timer available
[Tue Apr 21 21:24:07 2026] smpboot: Allowing 16 CPUs, 0 hotplug CPUs
[Tue Apr 21 21:24:07 2026] PM: hibernation: Registered nosave memory: [mem 0x00000000-0x00000fff]
[Tue Apr 21 21:24:07 2026] PM: hibernation: Registered nosave memory: [mem 0x00093000-0x00093fff]
[Tue Apr 21 21:24:07 2026] PM: hibernation: Registered nosave memory: [mem 0x000a0000-0x000fffff]
[Tue Apr 21 21:24:07 2026] PM: hibernation: Registered nosave memory: [mem 0x6b3a1000-0x6b9a0fff]
[Tue Apr 21 21:24:07 2026] PM: hibernation: Registered nosave memory: [mem 0x6b9a2000-0x6ba22fff]
[Tue Apr 21 21:24:07 2026] PM: hibernation: Registered nosave memory: [mem 0x70e8b000-0x70ebbfff]
[Tue Apr 21 21:24:07 2026] PM: hibernation: Registered nosave memory: [mem 0x784ff000-0x7b7fefff]
[Tue Apr 21 21:24:07 2026] PM: hibernation: Registered nosave memory: [mem 0x7b800000-0xffffffff]
[Tue Apr 21 21:24:07 2026] [mem 0x90000000-0xffffffff] available for PCI devices
[Tue Apr 21 21:24:07 2026] Booting paravirtualized kernel on bare hardware
[Tue Apr 21 21:24:07 2026] clocksource: refined-jiffies: mask: 0xffffffff max_cycles: 0xffffffff, max_idle_ns: 7645519600211568 ns
[Tue Apr 21 21:24:07 2026] setup_percpu: NR_CPUS:8192 nr_cpumask_bits:16 nr_cpu_ids:16 nr_node_ids:1
[Tue Apr 21 21:24:07 2026] percpu: Embedded 62 pages/cpu s217088 r8192 d28672 u262144
[Tue Apr 21 21:24:07 2026] pcpu-alloc: s217088 r8192 d28672 u262144 alloc=1*2097152
[Tue Apr 21 21:24:07 2026] pcpu-alloc: [0] 00 01 02 03 04 05 06 07 [0] 08 09 10 11 12 13 14 15 
[Tue Apr 21 21:24:07 2026] Built 1 zonelists, mobility grouping on.  Total pages: 16482181
[Tue Apr 21 21:24:07 2026] Policy zone: Normal
[Tue Apr 21 21:24:07 2026] Kernel command line: BOOT_IMAGE=/boot/vmlinuz-5.15.0-168-generic root=UUID=571337a8-0ea6-44bd-9cfc-6cb9719427c1 emulabcnet=14:58:d0:58:1f:92 ro console=ttyS0,115200
[Tue Apr 21 21:24:07 2026] Unknown kernel command line parameters "BOOT_IMAGE=/boot/vmlinuz-5.15.0-168-generic emulabcnet=14:58:d0:58:1f:92", will be passed to user space.
[Tue Apr 21 21:24:07 2026] Dentry cache hash table entries: 8388608 (order: 14, 67108864 bytes, linear)
[Tue Apr 21 21:24:07 2026] Inode-cache hash table entries: 4194304 (order: 13, 33554432 bytes, linear)
[Tue Apr 21 21:24:07 2026] mem auto-init: stack:off, heap alloc:on, heap free:off
[Tue Apr 21 21:24:07 2026] Memory: 65468936K/66975860K available (16393K kernel code, 4398K rwdata, 10992K rodata, 3292K init, 18772K bss, 1506664K reserved, 0K cma-reserved)
[Tue Apr 21 21:24:07 2026] SLUB: HWalign=64, Order=0-3, MinObjects=0, CPUs=16, Nodes=1
[Tue Apr 21 21:24:07 2026] Kernel/User page tables isolation: enabled
[Tue Apr 21 21:24:07 2026] ftrace: allocating 50876 entries in 199 pages
[Tue Apr 21 21:24:08 2026] ftrace: allocated 199 pages with 5 groups
[Tue Apr 21 21:24:08 2026] rcu: Hierarchical RCU implementation.
[Tue Apr 21 21:24:08 2026] rcu: 	RCU restricting CPUs from NR_CPUS=8192 to nr_cpu_ids=16.
[Tue Apr 21 21:24:08 2026] 	Rude variant of Tasks RCU enabled.
[Tue Apr 21 21:24:08 2026] 	Tracing variant of Tasks RCU enabled.
[Tue Apr 21 21:24:08 2026] rcu: RCU calculated value of scheduler-enlistment delay is 25 jiffies.
[Tue Apr 21 21:24:08 2026] rcu: Adjusting geometry for rcu_fanout_leaf=16, nr_cpu_ids=16
[Tue Apr 21 21:24:08 2026] NR_IRQS: 524544, nr_irqs: 960, preallocated irqs: 16
[Tue Apr 21 21:24:08 2026] Console: colour dummy device 80x25
[Tue Apr 21 21:24:10 2026] printk: console [ttyS0] enabled
[Tue Apr 21 21:24:10 2026] ACPI: Core revision 20210730
[Tue Apr 21 21:24:10 2026] clocksource: hpet: mask: 0xffffffff max_cycles: 0xffffffff, max_idle_ns: 133484882848 ns
[Tue Apr 21 21:24:10 2026] APIC: Switch to symmetric I/O mode setup
[Tue Apr 21 21:24:10 2026] DMAR: Host address width 46
[Tue Apr 21 21:24:10 2026] DMAR: DRHD base: 0x000000fbffc000 flags: 0x1
[Tue Apr 21 21:24:10 2026] DMAR: dmar0: reg_base_addr fbffc000 ver 1:0 cap 8d2078c106f0466 ecap f020de
[Tue Apr 21 21:24:10 2026] DMAR: RMRR base: 0x0000007916d000 end: 0x0000007916ffff
[Tue Apr 21 21:24:10 2026] DMAR: RMRR base: 0x000000791ed000 end: 0x000000791f0fff
[Tue Apr 21 21:24:10 2026] DMAR: RMRR base: 0x000000791d7000 end: 0x000000791ecfff
[Tue Apr 21 21:24:10 2026] DMAR: RMRR base: 0x000000791c4000 end: 0x000000791d4fff
[Tue Apr 21 21:24:10 2026] DMAR: RMRR base: 0x000000791d5000 end: 0x000000791d6fff
[Tue Apr 21 21:24:10 2026] DMAR: ATSR flags: 0x0
[Tue Apr 21 21:24:10 2026] DMAR-IR: IOAPIC id 8 under DRHD base  0xfbffc000 IOMMU 0
[Tue Apr 21 21:24:10 2026] DMAR-IR: IOAPIC id 9 under DRHD base  0xfbffc000 IOMMU 0
[Tue Apr 21 21:24:10 2026] DMAR-IR: HPET id 0 under DRHD base 0xfbffc000
[Tue Apr 21 21:24:10 2026] DMAR-IR: Queued invalidation will be enabled to support x2apic and Intr-remapping.
[Tue Apr 21 21:24:10 2026] DMAR-IR: Enabled IRQ remapping in x2apic mode
[Tue Apr 21 21:24:10 2026] x2apic enabled
[Tue Apr 21 21:24:10 2026] Switched APIC routing to cluster x2apic.
[Tue Apr 21 21:24:10 2026] ..TIMER: vector=0x30 apic1=0 pin1=2 apic2=-1 pin2=-1
[Tue Apr 21 21:24:10 2026] clocksource: tsc-early: mask: 0xffffffffffffffff max_cycles: 0x39868ddb163, max_idle_ns: 881590671718 ns
[Tue Apr 21 21:24:10 2026] Calibrating delay loop (skipped), value calculated using timer frequency.. 3990.83 BogoMIPS (lpj=7981676)
[Tue Apr 21 21:24:10 2026] CPU0: Thermal monitoring enabled (TM1)
[Tue Apr 21 21:24:10 2026] process: using mwait in idle threads
[Tue Apr 21 21:24:10 2026] Last level iTLB entries: 4KB 64, 2MB 8, 4MB 8
[Tue Apr 21 21:24:10 2026] Last level dTLB entries: 4KB 64, 2MB 32, 4MB 32, 1GB 4
[Tue Apr 21 21:24:10 2026] Spectre V1 : Mitigation: usercopy/swapgs barriers and __user pointer sanitization
[Tue Apr 21 21:24:10 2026] Spectre V2 : Mitigation: Retpolines
[Tue Apr 21 21:24:10 2026] Spectre V2 : Spectre v2 / SpectreRSB: Filling RSB on context switch and VMEXIT
[Tue Apr 21 21:24:10 2026] Spectre V2 : Enabling Restricted Speculation for firmware calls
[Tue Apr 21 21:24:10 2026] Spectre V2 : mitigation: Enabling conditional Indirect Branch Prediction Barrier
[Tue Apr 21 21:24:10 2026] Spectre V2 : User space: Mitigation: STIBP via seccomp and prctl
[Tue Apr 21 21:24:10 2026] Speculative Store Bypass: Mitigation: Speculative Store Bypass disabled via prctl and seccomp
[Tue Apr 21 21:24:10 2026] MDS: Mitigation: Clear CPU buffers
[Tue Apr 21 21:24:10 2026] TAA: Mitigation: Clear CPU buffers
[Tue Apr 21 21:24:10 2026] MMIO Stale Data: Mitigation: Clear CPU buffers
[Tue Apr 21 21:24:10 2026] VMSCAPE: Mitigation: IBPB before exit to userspace
[Tue Apr 21 21:24:10 2026] x86/fpu: Supporting XSAVE feature 0x001: 'x87 floating point registers'
[Tue Apr 21 21:24:10 2026] x86/fpu: Supporting XSAVE feature 0x002: 'SSE registers'
[Tue Apr 21 21:24:10 2026] x86/fpu: Supporting XSAVE feature 0x004: 'AVX registers'
[Tue Apr 21 21:24:10 2026] x86/fpu: xstate_offset[2]:  576, xstate_sizes[2]:  256
[Tue Apr 21 21:24:10 2026] x86/fpu: Enabled xstate features 0x7, context size is 832 bytes, using 'standard' format.
[Tue Apr 21 21:24:11 2026] Freeing SMP alternatives memory: 44K
[Tue Apr 21 21:24:11 2026] pid_max: default: 32768 minimum: 301
[Tue Apr 21 21:24:11 2026] LSM: Security Framework initializing
[Tue Apr 21 21:24:11 2026] landlock: Up and running.
[Tue Apr 21 21:24:11 2026] Yama: becoming mindful.
[Tue Apr 21 21:24:11 2026] AppArmor: AppArmor initialized
[Tue Apr 21 21:24:11 2026] Mount-cache hash table entries: 131072 (order: 8, 1048576 bytes, linear)
[Tue Apr 21 21:24:11 2026] Mountpoint-cache hash table entries: 131072 (order: 8, 1048576 bytes, linear)
[Tue Apr 21 21:24:11 2026] smpboot: Estimated ratio of average max frequency by base frequency (times 1024): 1280
[Tue Apr 21 21:24:11 2026] smpboot: CPU0: Intel(R) Xeon(R) CPU D-1548 @ 2.00GHz (family: 0x6, model: 0x56, stepping: 0x3)
[Tue Apr 21 21:24:11 2026] Performance Events: PEBS fmt2+, Broadwell events, 16-deep LBR, full-width counters, Broken BIOS detected, complain to your hardware vendor.
[Tue Apr 21 21:24:11 2026] [Firmware Bug]: the BIOS has corrupted hw-PMU resources (MSR 38d is 330)
[Tue Apr 21 21:24:11 2026] Intel PMU driver.
[Tue Apr 21 21:24:11 2026] ... version:                3
[Tue Apr 21 21:24:11 2026] ... bit width:              48
[Tue Apr 21 21:24:11 2026] ... generic registers:      4
[Tue Apr 21 21:24:11 2026] ... value mask:             0000ffffffffffff
[Tue Apr 21 21:24:11 2026] ... max period:             00007fffffffffff
[Tue Apr 21 21:24:11 2026] ... fixed-purpose events:   3
[Tue Apr 21 21:24:11 2026] ... event mask:             000000070000000f
[Tue Apr 21 21:24:11 2026] signal: max sigframe size: 1776
[Tue Apr 21 21:24:11 2026] rcu: Hierarchical SRCU implementation.
[Tue Apr 21 21:24:11 2026] NMI watchdog: Enabled. Permanently consumes one hw-PMU counter.
[Tue Apr 21 21:24:11 2026] smp: Bringing up secondary CPUs ...
[Tue Apr 21 21:24:11 2026] x86: Booting SMP configuration:
[Tue Apr 21 21:24:11 2026] .... node  #0, CPUs:        #1  #2  #3  #4  #5  #6  #7  #8
[Tue Apr 21 21:24:11 2026] MDS CPU bug present and SMT on, data leak possible. See https://www.kernel.org/doc/html/latest/admin-guide/hw-vuln/mds.html for more details.
[Tue Apr 21 21:24:11 2026] TAA CPU bug present and SMT on, data leak possible. See https://www.kernel.org/doc/html/latest/admin-guide/hw-vuln/tsx_async_abort.html for more details.
[Tue Apr 21 21:24:11 2026] MMIO Stale Data CPU bug present and SMT on, data leak possible. See https://www.kernel.org/doc/html/latest/admin-guide/hw-vuln/processor_mmio_stale_data.html for more details.
[Tue Apr 21 21:24:11 2026] VMSCAPE: SMT on, STIBP is required for full protection. See https://www.kernel.org/doc/html/latest/admin-guide/hw-vuln/vmscape.html for more details.
[Tue Apr 21 21:24:11 2026]   #9 #10 #11 #12 #13 #14 #15
[Tue Apr 21 21:24:11 2026] smp: Brought up 1 node, 16 CPUs
[Tue Apr 21 21:24:11 2026] smpboot: Max logical packages: 1
[Tue Apr 21 21:24:11 2026] smpboot: Total of 16 processors activated (63853.40 BogoMIPS)
[Tue Apr 21 21:24:11 2026] devtmpfs: initialized
[Tue Apr 21 21:24:11 2026] x86/mm: Memory block size: 2048MB
[Tue Apr 21 21:24:11 2026] ACPI: PM: Registering ACPI NVS region [mem 0x791ff000-0x7b5fefff] (37748736 bytes)
[Tue Apr 21 21:24:11 2026] clocksource: jiffies: mask: 0xffffffff max_cycles: 0xffffffff, max_idle_ns: 7645041785100000 ns
[Tue Apr 21 21:24:11 2026] futex hash table entries: 4096 (order: 6, 262144 bytes, linear)
[Tue Apr 21 21:24:11 2026] pinctrl core: initialized pinctrl subsystem
[Tue Apr 21 21:24:11 2026] NET: Registered PF_NETLINK/PF_ROUTE protocol family
[Tue Apr 21 21:24:11 2026] DMA: preallocated 4096 KiB GFP_KERNEL pool for atomic allocations
[Tue Apr 21 21:24:11 2026] DMA: preallocated 4096 KiB GFP_KERNEL|GFP_DMA pool for atomic allocations
[Tue Apr 21 21:24:11 2026] DMA: preallocated 4096 KiB GFP_KERNEL|GFP_DMA32 pool for atomic allocations
[Tue Apr 21 21:24:11 2026] audit: initializing netlink subsys (disabled)
[Tue Apr 21 21:24:11 2026] audit: type=2000 audit(1776828242.336:1): state=initialized audit_enabled=0 res=1
[Tue Apr 21 21:24:11 2026] thermal_sys: Registered thermal governor 'fair_share'
[Tue Apr 21 21:24:11 2026] thermal_sys: Registered thermal governor 'bang_bang'
[Tue Apr 21 21:24:11 2026] thermal_sys: Registered thermal governor 'step_wise'
[Tue Apr 21 21:24:11 2026] thermal_sys: Registered thermal governor 'user_space'
[Tue Apr 21 21:24:11 2026] thermal_sys: Registered thermal governor 'power_allocator'
[Tue Apr 21 21:24:11 2026] cpuidle: using governor ladder
[Tue Apr 21 21:24:11 2026] cpuidle: using governor menu
[Tue Apr 21 21:24:11 2026] Detected 1 PCC Subspaces
[Tue Apr 21 21:24:11 2026] Registering PCC driver as Mailbox controller
[Tue Apr 21 21:24:11 2026] ACPI FADT declares the system doesn't support PCIe ASPM, so disable it
[Tue Apr 21 21:24:11 2026] ACPI: bus type PCI registered
[Tue Apr 21 21:24:11 2026] acpiphp: ACPI Hot Plug PCI Controller Driver version: 0.5
[Tue Apr 21 21:24:11 2026] PCI: MMCONFIG for domain 0000 [bus 00-ff] at [mem 0x80000000-0x8fffffff] (base 0x80000000)
[Tue Apr 21 21:24:11 2026] PCI: MMCONFIG at [mem 0x80000000-0x8fffffff] reserved in E820
[Tue Apr 21 21:24:11 2026] PCI: Using configuration type 1 for base access
[Tue Apr 21 21:24:11 2026] kprobes: kprobe jump-optimization is enabled. All kprobes are optimized if possible.
[Tue Apr 21 21:24:11 2026] HugeTLB registered 1.00 GiB page size, pre-allocated 0 pages
[Tue Apr 21 21:24:11 2026] HugeTLB registered 2.00 MiB page size, pre-allocated 0 pages
[Tue Apr 21 21:24:11 2026] ACPI: Added _OSI(Module Device)
[Tue Apr 21 21:24:11 2026] ACPI: Added _OSI(Processor Device)
[Tue Apr 21 21:24:11 2026] ACPI: Added _OSI(Processor Aggregator Device)
[Tue Apr 21 21:24:11 2026] ACPI: Added _OSI(Linux-Dell-Video)
[Tue Apr 21 21:24:11 2026] ACPI: Added _OSI(Linux-Lenovo-NV-HDMI-Audio)
[Tue Apr 21 21:24:11 2026] ACPI: Added _OSI(Linux-HPI-Hybrid-Graphics)
[Tue Apr 21 21:24:11 2026] ACPI: 5 ACPI AML tables successfully acquired and loaded
[Tue Apr 21 21:24:11 2026] ACPI: Interpreter enabled
[Tue Apr 21 21:24:11 2026] ACPI: PM: (supports S0 S5)
[Tue Apr 21 21:24:11 2026] ACPI: Using IOAPIC for interrupt routing
[Tue Apr 21 21:24:11 2026] HEST: Table parsing has been initialized.
[Tue Apr 21 21:24:11 2026] GHES: APEI firmware first mode is enabled by APEI bit and WHEA _OSC.
[Tue Apr 21 21:24:11 2026] PCI: Using host bridge windows from ACPI; if necessary, use "pci=nocrs" and report a bug
[Tue Apr 21 21:24:11 2026] PCI: Using E820 reservations for host bridge windows
[Tue Apr 21 21:24:11 2026] ACPI: Enabled 10 GPEs in block 00 to 3F
[Tue Apr 21 21:24:11 2026] ACPI: PCI Root Bridge [UNC0] (domain 0000 [bus ff])
[Tue Apr 21 21:24:11 2026] acpi PNP0A03:00: _OSC: OS supports [ExtendedConfig ASPM ClockPM Segments MSI EDR HPX-Type3]
[Tue Apr 21 21:24:11 2026] PCI host bridge to bus 0000:ff
[Tue Apr 21 21:24:11 2026] pci_bus 0000:ff: root bus resource [bus ff]
[Tue Apr 21 21:24:11 2026] pci 0000:ff:0b.0: [8086:6f81] type 00 class 0x088000
[Tue Apr 21 21:24:11 2026] pci 0000:ff:0b.1: [8086:6f36] type 00 class 0x110100
[Tue Apr 21 21:24:11 2026] pci 0000:ff:0b.2: [8086:6f37] type 00 class 0x110100
[Tue Apr 21 21:24:11 2026] pci 0000:ff:0b.3: [8086:6f76] type 00 class 0x088000
[Tue Apr 21 21:24:11 2026] pci 0000:ff:0c.0: [8086:6fe0] type 00 class 0x088000
[Tue Apr 21 21:24:11 2026] pci 0000:ff:0c.1: [8086:6fe1] type 00 class 0x088000
[Tue Apr 21 21:24:11 2026] pci 0000:ff:0c.2: [8086:6fe2] type 00 class 0x088000
[Tue Apr 21 21:24:11 2026] pci 0000:ff:0c.3: [8086:6fe3] type 00 class 0x088000
[Tue Apr 21 21:24:11 2026] pci 0000:ff:0c.4: [8086:6fe4] type 00 class 0x088000
[Tue Apr 21 21:24:11 2026] pci 0000:ff:0c.5: [8086:6fe5] type 00 class 0x088000
[Tue Apr 21 21:24:11 2026] pci 0000:ff:0c.6: [8086:6fe6] type 00 class 0x088000
[Tue Apr 21 21:24:11 2026] pci 0000:ff:0c.7: [8086:6fe7] type 00 class 0x088000
[Tue Apr 21 21:24:11 2026] pci 0000:ff:0f.0: [8086:6ff8] type 00 class 0x088000
[Tue Apr 21 21:24:11 2026] pci 0000:ff:0f.4: [8086:6ffc] type 00 class 0x088000
[Tue Apr 21 21:24:11 2026] pci 0000:ff:0f.5: [8086:6ffd] type 00 class 0x088000
[Tue Apr 21 21:24:11 2026] pci 0000:ff:0f.6: [8086:6ffe] type 00 class 0x088000
[Tue Apr 21 21:24:11 2026] pci 0000:ff:10.0: [8086:6f1d] type 00 class 0x088000
[Tue Apr 21 21:24:11 2026] pci 0000:ff:10.1: [8086:6f34] type 00 class 0x110100
[Tue Apr 21 21:24:11 2026] pci 0000:ff:10.5: [8086:6f1e] type 00 class 0x088000
[Tue Apr 21 21:24:11 2026] pci 0000:ff:10.6: [8086:6f7d] type 00 class 0x110100
[Tue Apr 21 21:24:11 2026] pci 0000:ff:10.7: [8086:6f1f] type 00 class 0x088000
[Tue Apr 21 21:24:11 2026] pci 0000:ff:12.0: [8086:6fa0] type 00 class 0x088000
[Tue Apr 21 21:24:11 2026] pci 0000:ff:12.1: [8086:6f30] type 00 class 0x110100
[Tue Apr 21 21:24:11 2026] pci 0000:ff:12.2: [8086:6f70] type 00 class 0x088000
[Tue Apr 21 21:24:11 2026] pci 0000:ff:13.0: [8086:6fa8] type 00 class 0x088000
[Tue Apr 21 21:24:11 2026] pci 0000:ff:13.1: [8086:6f71] type 00 class 0x088000
[Tue Apr 21 21:24:11 2026] pci 0000:ff:13.2: [8086:6faa] type 00 class 0x088000
[Tue Apr 21 21:24:11 2026] pci 0000:ff:13.3: [8086:6fab] type 00 class 0x088000
[Tue Apr 21 21:24:11 2026] pci 0000:ff:13.4: [8086:6fac] type 00 class 0x088000
[Tue Apr 21 21:24:11 2026] pci 0000:ff:13.5: [8086:6fad] type 00 class 0x088000
[Tue Apr 21 21:24:11 2026] pci 0000:ff:13.6: [8086:6fae] type 00 class 0x088000
[Tue Apr 21 21:24:11 2026] pci 0000:ff:13.7: [8086:6faf] type 00 class 0x088000
[Tue Apr 21 21:24:11 2026] pci 0000:ff:14.0: [8086:6fb0] type 00 class 0x088000
[Tue Apr 21 21:24:11 2026] pci 0000:ff:14.1: [8086:6fb1] type 00 class 0x088000
[Tue Apr 21 21:24:11 2026] pci 0000:ff:14.2: [8086:6fb2] type 00 class 0x088000
[Tue Apr 21 21:24:11 2026] pci 0000:ff:14.3: [8086:6fb3] type 00 class 0x088000
[Tue Apr 21 21:24:11 2026] pci 0000:ff:14.4: [8086:6fbc] type 00 class 0x088000
[Tue Apr 21 21:24:11 2026] pci 0000:ff:14.5: [8086:6fbd] type 00 class 0x088000
[Tue Apr 21 21:24:11 2026] pci 0000:ff:14.6: [8086:6fbe] type 00 class 0x088000
[Tue Apr 21 21:24:11 2026] pci 0000:ff:14.7: [8086:6fbf] type 00 class 0x088000
[Tue Apr 21 21:24:11 2026] pci 0000:ff:15.0: [8086:6fb4] type 00 class 0x088000
[Tue Apr 21 21:24:11 2026] pci 0000:ff:15.1: [8086:6fb5] type 00 class 0x088000
[Tue Apr 21 21:24:11 2026] pci 0000:ff:15.2: [8086:6fb6] type 00 class 0x088000
[Tue Apr 21 21:24:11 2026] pci 0000:ff:15.3: [8086:6fb7] type 00 class 0x088000
[Tue Apr 21 21:24:11 2026] pci 0000:ff:1e.0: [8086:6f98] type 00 class 0x088000
[Tue Apr 21 21:24:11 2026] pci 0000:ff:1e.1: [8086:6f99] type 00 class 0x088000
[Tue Apr 21 21:24:11 2026] pci 0000:ff:1e.2: [8086:6f9a] type 00 class 0x088000
[Tue Apr 21 21:24:11 2026] pci 0000:ff:1e.3: [8086:6fc0] type 00 class 0x088000
[Tue Apr 21 21:24:11 2026] pci 0000:ff:1e.4: [8086:6f9c] type 00 class 0x088000
[Tue Apr 21 21:24:11 2026] pci 0000:ff:1f.0: [8086:6f88] type 00 class 0x088000
[Tue Apr 21 21:24:11 2026] pci 0000:ff:1f.2: [8086:6f8a] type 00 class 0x088000
[Tue Apr 21 21:24:11 2026] ACPI: PCI Root Bridge [PCI0] (domain 0000 [bus 00-fe])
[Tue Apr 21 21:24:11 2026] acpi PNP0A08:00: _OSC: OS supports [ExtendedConfig ASPM ClockPM Segments MSI EDR HPX-Type3]
[Tue Apr 21 21:24:11 2026] acpi PNP0A08:00: _OSC: platform does not support [SHPCHotplug AER LTR DPC]
[Tue Apr 21 21:24:11 2026] acpi PNP0A08:00: _OSC: OS now controls [PCIeHotplug PME PCIeCapability]
[Tue Apr 21 21:24:11 2026] acpi PNP0A08:00: FADT indicates ASPM is unsupported, using BIOS configuration
[Tue Apr 21 21:24:11 2026] PCI host bridge to bus 0000:00
[Tue Apr 21 21:24:11 2026] pci_bus 0000:00: root bus resource [mem 0x000c4000-0x000cbfff window]
[Tue Apr 21 21:24:11 2026] pci_bus 0000:00: root bus resource [io  0x0000-0x03af window]
[Tue Apr 21 21:24:11 2026] pci_bus 0000:00: root bus resource [io  0x03e0-0x0cf7 window]
[Tue Apr 21 21:24:11 2026] pci_bus 0000:00: root bus resource [io  0x03b0-0x03bb window]
[Tue Apr 21 21:24:11 2026] pci_bus 0000:00: root bus resource [io  0x03c0-0x03df window]
[Tue Apr 21 21:24:11 2026] pci_bus 0000:00: root bus resource [mem 0x000a0000-0x000bffff window]
[Tue Apr 21 21:24:11 2026] pci_bus 0000:00: root bus resource [io  0x1000-0xffff window]
[Tue Apr 21 21:24:11 2026] pci_bus 0000:00: root bus resource [mem 0x90000000-0xfbffbfff window]
[Tue Apr 21 21:24:11 2026] pci_bus 0000:00: root bus resource [mem 0x38000000000-0x39fffffffff window]
[Tue Apr 21 21:24:11 2026] pci_bus 0000:00: root bus resource [bus 00-fe]
[Tue Apr 21 21:24:11 2026] pci 0000:00:00.0: [8086:6f00] type 00 class 0x060000
[Tue Apr 21 21:24:11 2026] pci 0000:00:01.0: [8086:6f02] type 01 class 0x060400
[Tue Apr 21 21:24:11 2026] pci 0000:00:01.0: enabling Extended Tags
[Tue Apr 21 21:24:11 2026] pci 0000:00:01.0: PME# supported from D0 D3hot D3cold
[Tue Apr 21 21:24:11 2026] pci 0000:00:01.1: [8086:6f03] type 01 class 0x060400
[Tue Apr 21 21:24:11 2026] pci 0000:00:01.1: PME# supported from D0 D3hot D3cold
[Tue Apr 21 21:24:11 2026] pci 0000:00:02.0: [8086:6f04] type 01 class 0x060400
[Tue Apr 21 21:24:11 2026] pci 0000:00:02.0: PME# supported from D0 D3hot D3cold
[Tue Apr 21 21:24:11 2026] pci 0000:00:02.1: [8086:6f05] type 01 class 0x060400
[Tue Apr 21 21:24:11 2026] pci 0000:00:02.1: PME# supported from D0 D3hot D3cold
[Tue Apr 21 21:24:11 2026] pci 0000:00:02.2: [8086:6f06] type 01 class 0x060400
[Tue Apr 21 21:24:11 2026] pci 0000:00:02.2: enabling Extended Tags
[Tue Apr 21 21:24:11 2026] pci 0000:00:02.2: PME# supported from D0 D3hot D3cold
[Tue Apr 21 21:24:11 2026] pci 0000:00:02.3: [8086:6f07] type 01 class 0x060400
[Tue Apr 21 21:24:11 2026] pci 0000:00:02.3: PME# supported from D0 D3hot D3cold
[Tue Apr 21 21:24:11 2026] pci 0000:00:03.0: [8086:6f08] type 01 class 0x060400
[Tue Apr 21 21:24:11 2026] pci 0000:00:03.0: enabling Extended Tags
[Tue Apr 21 21:24:11 2026] pci 0000:00:03.0: PME# supported from D0 D3hot D3cold
[Tue Apr 21 21:24:11 2026] pci 0000:00:03.1: [8086:6f09] type 01 class 0x060400
[Tue Apr 21 21:24:11 2026] pci 0000:00:03.1: enabling Extended Tags
[Tue Apr 21 21:24:11 2026] pci 0000:00:03.1: PME# supported from D0 D3hot D3cold
[Tue Apr 21 21:24:11 2026] pci 0000:00:03.2: [8086:6f0a] type 01 class 0x060400
[Tue Apr 21 21:24:11 2026] pci 0000:00:03.2: PME# supported from D0 D3hot D3cold
[Tue Apr 21 21:24:11 2026] pci 0000:00:03.3: [8086:6f0b] type 01 class 0x060400
[Tue Apr 21 21:24:11 2026] pci 0000:00:03.3: enabling Extended Tags
[Tue Apr 21 21:24:11 2026] pci 0000:00:03.3: PME# supported from D0 D3hot D3cold
[Tue Apr 21 21:24:11 2026] pci 0000:00:05.0: [8086:6f28] type 00 class 0x088000
[Tue Apr 21 21:24:11 2026] pci 0000:00:05.1: [8086:6f29] type 00 class 0x088000
[Tue Apr 21 21:24:11 2026] pci 0000:00:05.2: [8086:6f2a] type 00 class 0x088000
[Tue Apr 21 21:24:11 2026] pci 0000:00:05.4: [8086:6f2c] type 00 class 0x080020
[Tue Apr 21 21:24:11 2026] pci 0000:00:05.4: reg 0x10: [mem 0x93b02000-0x93b02fff]
[Tue Apr 21 21:24:11 2026] pci 0000:00:1c.0: [8086:8c10] type 01 class 0x060400
[Tue Apr 21 21:24:11 2026] pci 0000:00:1c.0: PME# supported from D0 D3hot D3cold
[Tue Apr 21 21:24:11 2026] pci 0000:00:1c.4: [8086:8c18] type 01 class 0x060400
[Tue Apr 21 21:24:11 2026] pci 0000:00:1c.4: PME# supported from D0 D3hot D3cold
[Tue Apr 21 21:24:11 2026] pci 0000:00:1c.6: [8086:8c1c] type 01 class 0x060400
[Tue Apr 21 21:24:11 2026] pci 0000:00:1c.6: PME# supported from D0 D3hot D3cold
[Tue Apr 21 21:24:11 2026] pci 0000:00:1c.7: [8086:8c1e] type 01 class 0x060400
[Tue Apr 21 21:24:11 2026] pci 0000:00:1c.7: PME# supported from D0 D3hot D3cold
[Tue Apr 21 21:24:11 2026] pci 0000:00:1d.0: [8086:8c26] type 00 class 0x0c0320
[Tue Apr 21 21:24:11 2026] pci 0000:00:1d.0: reg 0x10: [mem 0x93b00000-0x93b003ff]
[Tue Apr 21 21:24:11 2026] pci 0000:00:1d.0: PME# supported from D0 D3hot D3cold
[Tue Apr 21 21:24:11 2026] pci 0000:00:1f.0: [8086:8c54] type 00 class 0x060100
[Tue Apr 21 21:24:11 2026] pci 0000:00:1f.3: [8086:8c22] type 00 class 0x0c0500
[Tue Apr 21 21:24:11 2026] pci 0000:00:1f.3: reg 0x10: [mem 0x39fff801000-0x39fff8010ff 64bit]
[Tue Apr 21 21:24:11 2026] pci 0000:00:1f.3: reg 0x20: [io  0x2000-0x201f]
[Tue Apr 21 21:24:11 2026] pci 0000:00:1f.6: [8086:8c24] type 00 class 0x118000
[Tue Apr 21 21:24:11 2026] pci 0000:00:1f.6: reg 0x10: [mem 0x39fff800000-0x39fff800fff 64bit]
[Tue Apr 21 21:24:11 2026] pci 0000:09:00.0: [15b3:1007] type 00 class 0x020000
[Tue Apr 21 21:24:11 2026] pci 0000:09:00.0: reg 0x10: [mem 0x93800000-0x938fffff 64bit]
[Tue Apr 21 21:24:11 2026] pci 0000:09:00.0: reg 0x18: [mem 0x93000000-0x937fffff 64bit pref]
[Tue Apr 21 21:24:11 2026] pci 0000:09:00.0: reg 0x30: [mem 0x00000000-0x000fffff pref]
[Tue Apr 21 21:24:11 2026] pci 0000:09:00.0: reg 0x134: [mem 0x39ff7800000-0x39ff7ffffff 64bit pref]
[Tue Apr 21 21:24:11 2026] pci 0000:09:00.0: VF(n) BAR2 space: [mem 0x39ff7800000-0x39fff7fffff 64bit pref] (contains BAR2 for 16 VFs)
[Tue Apr 21 21:24:11 2026] pci 0000:00:01.0: PCI bridge to [bus 09]
[Tue Apr 21 21:24:11 2026] pci 0000:00:01.0:   bridge window [mem 0x93000000-0x938fffff]
[Tue Apr 21 21:24:11 2026] pci 0000:00:01.0:   bridge window [mem 0x39ff7800000-0x39fff7fffff 64bit pref]
[Tue Apr 21 21:24:11 2026] pci 0000:00:01.1: PCI bridge to [bus 0a]
[Tue Apr 21 21:24:11 2026] pci 0000:05:00.0: [8086:6f50] type 00 class 0x088000
[Tue Apr 21 21:24:11 2026] pci 0000:05:00.0: reg 0x10: [mem 0x93a00000-0x93a01fff 64bit]
[Tue Apr 21 21:24:11 2026] pci 0000:05:00.1: [8086:6f51] type 00 class 0x088000
[Tue Apr 21 21:24:11 2026] pci 0000:05:00.1: reg 0x10: [mem 0x93a02000-0x93a03fff 64bit]
[Tue Apr 21 21:24:11 2026] pci 0000:05:00.2: [8086:6f52] type 00 class 0x088000
[Tue Apr 21 21:24:11 2026] pci 0000:05:00.2: reg 0x10: [mem 0x93a04000-0x93a05fff 64bit]
[Tue Apr 21 21:24:11 2026] pci 0000:05:00.3: [8086:6f53] type 00 class 0x088000
[Tue Apr 21 21:24:11 2026] pci 0000:05:00.3: reg 0x10: [mem 0x93a06000-0x93a07fff 64bit]
[Tue Apr 21 21:24:11 2026] pci 0000:00:02.0: PCI bridge to [bus 05]
[Tue Apr 21 21:24:11 2026] pci 0000:00:02.0:   bridge window [mem 0x93a00000-0x93afffff]
[Tue Apr 21 21:24:11 2026] pci 0000:00:02.1: PCI bridge to [bus 06]
[Tue Apr 21 21:24:11 2026] pci 0000:00:02.2: PCI bridge to [bus 07]
[Tue Apr 21 21:24:11 2026] pci 0000:00:02.3: PCI bridge to [bus 08]
[Tue Apr 21 21:24:11 2026] pci 0000:00:03.0: PCI bridge to [bus 0b]
[Tue Apr 21 21:24:11 2026] pci 0000:00:03.1: PCI bridge to [bus 0c]
[Tue Apr 21 21:24:11 2026] pci 0000:0d:00.0: [1179:010f] type 00 class 0x010802
[Tue Apr 21 21:24:11 2026] pci 0000:0d:00.0: reg 0x10: [mem 0x93900000-0x93903fff 64bit]
[Tue Apr 21 21:24:11 2026] pci 0000:00:03.2: PCI bridge to [bus 0d]
[Tue Apr 21 21:24:11 2026] pci 0000:00:03.2:   bridge window [mem 0x93900000-0x939fffff]
[Tue Apr 21 21:24:11 2026] pci 0000:00:03.3: PCI bridge to [bus 10]
[Tue Apr 21 21:24:11 2026] pci 0000:00:1c.0: PCI bridge to [bus 02]
[Tue Apr 21 21:24:11 2026] pci 0000:00:1c.4: PCI bridge to [bus 03]
[Tue Apr 21 21:24:11 2026] pci 0000:00:1c.6: PCI bridge to [bus 04]
[Tue Apr 21 21:24:11 2026] pci 0000:01:00.0: [103c:3306] type 00 class 0x088000
[Tue Apr 21 21:24:11 2026] pci 0000:01:00.0: reg 0x10: [io  0x1200-0x12ff]
[Tue Apr 21 21:24:11 2026] pci 0000:01:00.0: reg 0x14: [mem 0x92a8d000-0x92a8d1ff]
[Tue Apr 21 21:24:11 2026] pci 0000:01:00.0: reg 0x18: [io  0x1100-0x11ff]
[Tue Apr 21 21:24:11 2026] pci 0000:01:00.1: [102b:0533] type 00 class 0x030000
[Tue Apr 21 21:24:11 2026] pci 0000:01:00.1: reg 0x10: [mem 0x91000000-0x91ffffff pref]
[Tue Apr 21 21:24:11 2026] pci 0000:01:00.1: reg 0x14: [mem 0x92a88000-0x92a8bfff]
[Tue Apr 21 21:24:11 2026] pci 0000:01:00.1: reg 0x18: [mem 0x92000000-0x927fffff]
[Tue Apr 21 21:24:11 2026] pci 0000:01:00.1: BAR 0: assigned to efifb
[Tue Apr 21 21:24:11 2026] pci 0000:01:00.1: Video device with shadowed ROM at [mem 0x000c0000-0x000dffff]
[Tue Apr 21 21:24:11 2026] pci 0000:01:00.2: [103c:3307] type 00 class 0x088000
[Tue Apr 21 21:24:11 2026] pci 0000:01:00.2: reg 0x10: [io  0x1000-0x10ff]
[Tue Apr 21 21:24:11 2026] pci 0000:01:00.2: reg 0x14: [mem 0x92a8c000-0x92a8c0ff]
[Tue Apr 21 21:24:11 2026] pci 0000:01:00.2: reg 0x18: [mem 0x92900000-0x929fffff]
[Tue Apr 21 21:24:11 2026] pci 0000:01:00.2: reg 0x1c: [mem 0x92a00000-0x92a7ffff]
[Tue Apr 21 21:24:11 2026] pci 0000:01:00.2: reg 0x20: [mem 0x92a80000-0x92a87fff]
[Tue Apr 21 21:24:11 2026] pci 0000:01:00.2: reg 0x24: [mem 0x92800000-0x928fffff]
[Tue Apr 21 21:24:11 2026] pci 0000:01:00.2: reg 0x30: [mem 0x00000000-0x0000ffff pref]
[Tue Apr 21 21:24:11 2026] pci 0000:01:00.2: PME# supported from D0 D3hot D3cold
[Tue Apr 21 21:24:11 2026] pci 0000:01:00.4: [103c:3300] type 00 class 0x0c0300
[Tue Apr 21 21:24:11 2026] pci 0000:01:00.4: reg 0x20: [io  0x1300-0x131f]
[Tue Apr 21 21:24:11 2026] pci 0000:00:1c.7: PCI bridge to [bus 01]
[Tue Apr 21 21:24:11 2026] pci 0000:00:1c.7:   bridge window [io  0x1000-0x1fff]
[Tue Apr 21 21:24:11 2026] pci 0000:00:1c.7:   bridge window [mem 0x90000000-0x92afffff]
[Tue Apr 21 21:24:11 2026] pci_bus 0000:00: on NUMA node 0
[Tue Apr 21 21:24:11 2026] ACPI: PCI: Interrupt link LNKA configured for IRQ 0
[Tue Apr 21 21:24:11 2026] ACPI: PCI: Interrupt link LNKA disabled
[Tue Apr 21 21:24:11 2026] ACPI: PCI: Interrupt link LNKB configured for IRQ 0
[Tue Apr 21 21:24:11 2026] ACPI: PCI: Interrupt link LNKB disabled
[Tue Apr 21 21:24:11 2026] ACPI: PCI: Interrupt link LNKC configured for IRQ 0
[Tue Apr 21 21:24:11 2026] ACPI: PCI: Interrupt link LNKC disabled
[Tue Apr 21 21:24:11 2026] ACPI: PCI: Interrupt link LNKD configured for IRQ 0
[Tue Apr 21 21:24:11 2026] ACPI: PCI: Interrupt link LNKD disabled
[Tue Apr 21 21:24:11 2026] ACPI: PCI: Interrupt link LNKE configured for IRQ 0
[Tue Apr 21 21:24:11 2026] ACPI: PCI: Interrupt link LNKE disabled
[Tue Apr 21 21:24:11 2026] ACPI: PCI: Interrupt link LNKF configured for IRQ 0
[Tue Apr 21 21:24:11 2026] ACPI: PCI: Interrupt link LNKF disabled
[Tue Apr 21 21:24:11 2026] ACPI: PCI: Interrupt link LNKG configured for IRQ 0
[Tue Apr 21 21:24:11 2026] ACPI: PCI: Interrupt link LNKG disabled
[Tue Apr 21 21:24:11 2026] ACPI: PCI: Interrupt link LNKH configured for IRQ 0
[Tue Apr 21 21:24:11 2026] ACPI: PCI: Interrupt link LNKH disabled
[Tue Apr 21 21:24:11 2026] iommu: Default domain type: Translated 
[Tue Apr 21 21:24:11 2026] iommu: DMA domain TLB invalidation policy: lazy mode 
[Tue Apr 21 21:24:11 2026] SCSI subsystem initialized
[Tue Apr 21 21:24:11 2026] libata version 3.00 loaded.
[Tue Apr 21 21:24:11 2026] pci 0000:01:00.1: vgaarb: setting as boot VGA device
[Tue Apr 21 21:24:11 2026] pci 0000:01:00.1: vgaarb: VGA device added: decodes=io+mem,owns=io+mem,locks=none
[Tue Apr 21 21:24:11 2026] pci 0000:01:00.1: vgaarb: bridge control possible
[Tue Apr 21 21:24:11 2026] vgaarb: loaded
[Tue Apr 21 21:24:11 2026] ACPI: bus type USB registered
[Tue Apr 21 21:24:11 2026] usbcore: registered new interface driver usbfs
[Tue Apr 21 21:24:11 2026] usbcore: registered new interface driver hub
[Tue Apr 21 21:24:11 2026] usbcore: registered new device driver usb
[Tue Apr 21 21:24:11 2026] pps_core: LinuxPPS API ver. 1 registered
[Tue Apr 21 21:24:11 2026] pps_core: Software ver. 5.3.6 - Copyright 2005-2007 Rodolfo Giometti <giometti@linux.it>
[Tue Apr 21 21:24:11 2026] PTP clock support registered
[Tue Apr 21 21:24:11 2026] EDAC MC: Ver: 3.0.0
[Tue Apr 21 21:24:11 2026] Registered efivars operations
[Tue Apr 21 21:24:11 2026] NetLabel: Initializing
[Tue Apr 21 21:24:11 2026] NetLabel:  domain hash size = 128
[Tue Apr 21 21:24:11 2026] NetLabel:  protocols = UNLABELED CIPSOv4 CALIPSO
[Tue Apr 21 21:24:11 2026] NetLabel:  unlabeled traffic allowed by default
[Tue Apr 21 21:24:11 2026] PCI: Using ACPI for IRQ routing
[Tue Apr 21 21:24:11 2026] PCI: pci_cache_line_size set to 64 bytes
[Tue Apr 21 21:24:11 2026] e820: reserve RAM buffer [mem 0x00093000-0x0009ffff]
[Tue Apr 21 21:24:11 2026] e820: reserve RAM buffer [mem 0x6b3a1000-0x6bffffff]
[Tue Apr 21 21:24:11 2026] e820: reserve RAM buffer [mem 0x6b9a2000-0x6bffffff]
[Tue Apr 21 21:24:11 2026] e820: reserve RAM buffer [mem 0x70e8b000-0x73ffffff]
[Tue Apr 21 21:24:11 2026] e820: reserve RAM buffer [mem 0x770b7018-0x77ffffff]
[Tue Apr 21 21:24:11 2026] e820: reserve RAM buffer [mem 0x770c2018-0x77ffffff]
[Tue Apr 21 21:24:11 2026] e820: reserve RAM buffer [mem 0x770cb018-0x77ffffff]
[Tue Apr 21 21:24:11 2026] e820: reserve RAM buffer [mem 0x784ff000-0x7bffffff]
[Tue Apr 21 21:24:11 2026] e820: reserve RAM buffer [mem 0x7b800000-0x7bffffff]
[Tue Apr 21 21:24:11 2026] hpet0: at MMIO 0xfed00000, IRQs 2, 8, 0, 0, 0, 0, 0, 0
[Tue Apr 21 21:24:11 2026] hpet0: 8 comparators, 64-bit 14.318180 MHz counter
[Tue Apr 21 21:24:11 2026] clocksource: Switched to clocksource tsc-early
[Tue Apr 21 21:24:11 2026] VFS: Disk quotas dquot_6.6.0
[Tue Apr 21 21:24:11 2026] VFS: Dquot-cache hash table entries: 512 (order 0, 4096 bytes)
[Tue Apr 21 21:24:11 2026] AppArmor: AppArmor Filesystem Enabled
[Tue Apr 21 21:24:11 2026] pnp: PnP ACPI init
[Tue Apr 21 21:24:11 2026] system 00:01: [io  0x0500-0x053f] has been reserved
[Tue Apr 21 21:24:11 2026] system 00:01: [io  0x0400-0x047f] has been reserved
[Tue Apr 21 21:24:11 2026] system 00:01: [io  0x0540-0x057f] has been reserved
[Tue Apr 21 21:24:11 2026] system 00:01: [io  0x0600-0x061f] has been reserved
[Tue Apr 21 21:24:11 2026] system 00:01: [io  0x0880-0x0883] has been reserved
[Tue Apr 21 21:24:11 2026] system 00:01: [io  0x0800-0x081f] has been reserved
[Tue Apr 21 21:24:11 2026] system 00:01: [mem 0xfed1c000-0xfed3ffff] has been reserved
[Tue Apr 21 21:24:11 2026] system 00:01: [mem 0xfed45000-0xfed8bfff] has been reserved
[Tue Apr 21 21:24:11 2026] system 00:01: [mem 0xff000000-0xffffffff] has been reserved
[Tue Apr 21 21:24:11 2026] system 00:01: [mem 0xfee00000-0xfeefffff] has been reserved
[Tue Apr 21 21:24:11 2026] system 00:01: [mem 0xfed12000-0xfed1200f] has been reserved
[Tue Apr 21 21:24:11 2026] system 00:01: [mem 0xfed12010-0xfed1201f] has been reserved
[Tue Apr 21 21:24:11 2026] system 00:01: [mem 0xfed1b000-0xfed1bfff] has been reserved
[Tue Apr 21 21:24:11 2026] pnp: PnP ACPI: found 3 devices
[Tue Apr 21 21:24:11 2026] clocksource: acpi_pm: mask: 0xffffff max_cycles: 0xffffff, max_idle_ns: 2085701024 ns
[Tue Apr 21 21:24:11 2026] NET: Registered PF_INET protocol family
[Tue Apr 21 21:24:11 2026] IP idents hash table entries: 262144 (order: 9, 2097152 bytes, linear)
[Tue Apr 21 21:24:11 2026] tcp_listen_portaddr_hash hash table entries: 32768 (order: 7, 524288 bytes, linear)
[Tue Apr 21 21:24:11 2026] Table-perturb hash table entries: 65536 (order: 6, 262144 bytes, linear)
[Tue Apr 21 21:24:11 2026] TCP established hash table entries: 524288 (order: 10, 4194304 bytes, linear)
[Tue Apr 21 21:24:11 2026] TCP bind hash table entries: 65536 (order: 8, 1048576 bytes, linear)
[Tue Apr 21 21:24:11 2026] TCP: Hash tables configured (established 524288 bind 65536)
[Tue Apr 21 21:24:11 2026] MPTCP token hash table entries: 65536 (order: 8, 1572864 bytes, linear)
[Tue Apr 21 21:24:11 2026] UDP hash table entries: 32768 (order: 8, 1048576 bytes, linear)
[Tue Apr 21 21:24:11 2026] UDP-Lite hash table entries: 32768 (order: 8, 1048576 bytes, linear)
[Tue Apr 21 21:24:11 2026] NET: Registered PF_UNIX/PF_LOCAL protocol family
[Tue Apr 21 21:24:11 2026] NET: Registered PF_XDP protocol family
[Tue Apr 21 21:24:11 2026] pci 0000:09:00.0: BAR 6: no space for [mem size 0x00100000 pref]
[Tue Apr 21 21:24:11 2026] pci 0000:09:00.0: BAR 6: failed to assign [mem size 0x00100000 pref]
[Tue Apr 21 21:24:11 2026] pci 0000:00:01.0: PCI bridge to [bus 09]
[Tue Apr 21 21:24:11 2026] pci 0000:00:01.0:   bridge window [mem 0x93000000-0x938fffff]
[Tue Apr 21 21:24:11 2026] pci 0000:00:01.0:   bridge window [mem 0x39ff7800000-0x39fff7fffff 64bit pref]
[Tue Apr 21 21:24:12 2026] pci 0000:00:01.1: PCI bridge to [bus 0a]
[Tue Apr 21 21:24:12 2026] pci 0000:00:02.0: PCI bridge to [bus 05]
[Tue Apr 21 21:24:12 2026] pci 0000:00:02.0:   bridge window [mem 0x93a00000-0x93afffff]
[Tue Apr 21 21:24:12 2026] pci 0000:00:02.1: PCI bridge to [bus 06]
[Tue Apr 21 21:24:12 2026] pci 0000:00:02.2: PCI bridge to [bus 07]
[Tue Apr 21 21:24:12 2026] pci 0000:00:02.3: PCI bridge to [bus 08]
[Tue Apr 21 21:24:12 2026] pci 0000:00:03.0: PCI bridge to [bus 0b]
[Tue Apr 21 21:24:12 2026] pci 0000:00:03.1: PCI bridge to [bus 0c]
[Tue Apr 21 21:24:12 2026] pci 0000:00:03.2: PCI bridge to [bus 0d]
[Tue Apr 21 21:24:12 2026] pci 0000:00:03.2:   bridge window [mem 0x93900000-0x939fffff]
[Tue Apr 21 21:24:12 2026] pci 0000:00:03.3: PCI bridge to [bus 10]
[Tue Apr 21 21:24:12 2026] pci 0000:00:1c.0: PCI bridge to [bus 02]
[Tue Apr 21 21:24:12 2026] pci 0000:00:1c.4: PCI bridge to [bus 03]
[Tue Apr 21 21:24:12 2026] pci 0000:00:1c.6: PCI bridge to [bus 04]
[Tue Apr 21 21:24:12 2026] pci 0000:01:00.2: BAR 6: assigned [mem 0x90000000-0x9000ffff pref]
[Tue Apr 21 21:24:12 2026] pci 0000:00:1c.7: PCI bridge to [bus 01]
[Tue Apr 21 21:24:12 2026] pci 0000:00:1c.7:   bridge window [io  0x1000-0x1fff]
[Tue Apr 21 21:24:12 2026] pci 0000:00:1c.7:   bridge window [mem 0x90000000-0x92afffff]
[Tue Apr 21 21:24:12 2026] pci_bus 0000:00: resource 4 [mem 0x000c4000-0x000cbfff window]
[Tue Apr 21 21:24:12 2026] pci_bus 0000:00: resource 5 [io  0x0000-0x03af window]
[Tue Apr 21 21:24:12 2026] pci_bus 0000:00: resource 6 [io  0x03e0-0x0cf7 window]
[Tue Apr 21 21:24:12 2026] pci_bus 0000:00: resource 7 [io  0x03b0-0x03bb window]
[Tue Apr 21 21:24:12 2026] pci_bus 0000:00: resource 8 [io  0x03c0-0x03df window]
[Tue Apr 21 21:24:12 2026] pci_bus 0000:00: resource 9 [mem 0x000a0000-0x000bffff window]
[Tue Apr 21 21:24:12 2026] pci_bus 0000:00: resource 10 [io  0x1000-0xffff window]
[Tue Apr 21 21:24:12 2026] pci_bus 0000:00: resource 11 [mem 0x90000000-0xfbffbfff window]
[Tue Apr 21 21:24:12 2026] pci_bus 0000:00: resource 12 [mem 0x38000000000-0x39fffffffff window]
[Tue Apr 21 21:24:12 2026] pci_bus 0000:09: resource 1 [mem 0x93000000-0x938fffff]
[Tue Apr 21 21:24:12 2026] pci_bus 0000:09: resource 2 [mem 0x39ff7800000-0x39fff7fffff 64bit pref]
[Tue Apr 21 21:24:12 2026] pci_bus 0000:05: resource 1 [mem 0x93a00000-0x93afffff]
[Tue Apr 21 21:24:12 2026] pci_bus 0000:0d: resource 1 [mem 0x93900000-0x939fffff]
[Tue Apr 21 21:24:12 2026] pci_bus 0000:01: resource 0 [io  0x1000-0x1fff]
[Tue Apr 21 21:24:12 2026] pci_bus 0000:01: resource 1 [mem 0x90000000-0x92afffff]
[Tue Apr 21 21:24:12 2026] pci 0000:00:05.0: disabled boot interrupts on device [8086:6f28]
[Tue Apr 21 21:24:12 2026] pci 0000:00:1c.7: can't derive routing for PCI INT D
[Tue Apr 21 21:24:12 2026] pci 0000:00:1c.7: PCI INT D: not connected
[Tue Apr 21 21:24:12 2026] PCI: CLS 64 bytes, default 64
[Tue Apr 21 21:24:12 2026] PCI-DMA: Using software bounce buffering for IO (SWIOTLB)
[Tue Apr 21 21:24:12 2026] Trying to unpack rootfs image as initramfs...
[Tue Apr 21 21:24:12 2026] software IO TLB: mapped [mem 0x00000000673a1000-0x000000006b3a1000] (64MB)
[Tue Apr 21 21:24:12 2026] Initialise system trusted keyrings
[Tue Apr 21 21:24:12 2026] Key type blacklist registered
[Tue Apr 21 21:24:12 2026] workingset: timestamp_bits=36 max_order=24 bucket_order=0
[Tue Apr 21 21:24:12 2026] zbud: loaded
[Tue Apr 21 21:24:12 2026] squashfs: version 4.0 (2009/01/31) Phillip Lougher
[Tue Apr 21 21:24:12 2026] fuse: init (API version 7.34)
[Tue Apr 21 21:24:12 2026] integrity: Platform Keyring initialized
[Tue Apr 21 21:24:12 2026] Key type asymmetric registered
[Tue Apr 21 21:24:12 2026] Asymmetric key parser 'x509' registered
[Tue Apr 21 21:24:12 2026] Block layer SCSI generic (bsg) driver version 0.4 loaded (major 243)
[Tue Apr 21 21:24:12 2026] io scheduler mq-deadline registered
[Tue Apr 21 21:24:12 2026] pcieport 0000:00:01.0: PME: Signaling with IRQ 25
[Tue Apr 21 21:24:12 2026] pcieport 0000:00:01.1: PME: Signaling with IRQ 26
[Tue Apr 21 21:24:12 2026] pcieport 0000:00:02.0: PME: Signaling with IRQ 28
[Tue Apr 21 21:24:12 2026] pcieport 0000:00:02.1: PME: Signaling with IRQ 29
[Tue Apr 21 21:24:12 2026] pcieport 0000:00:02.2: PME: Signaling with IRQ 30
[Tue Apr 21 21:24:12 2026] pcieport 0000:00:02.3: PME: Signaling with IRQ 31
[Tue Apr 21 21:24:12 2026] pcieport 0000:00:03.0: PME: Signaling with IRQ 33
[Tue Apr 21 21:24:12 2026] pcieport 0000:00:03.1: PME: Signaling with IRQ 34
[Tue Apr 21 21:24:12 2026] pcieport 0000:00:03.2: PME: Signaling with IRQ 35
[Tue Apr 21 21:24:12 2026] pcieport 0000:00:03.3: PME: Signaling with IRQ 36
[Tue Apr 21 21:24:12 2026] pcieport 0000:00:1c.0: can't derive routing for PCI INT A
[Tue Apr 21 21:24:12 2026] pcieport 0000:00:1c.0: PCI INT A: not connected
[Tue Apr 21 21:24:12 2026] pcieport 0000:00:1c.0: PME: Signaling with IRQ 37
[Tue Apr 21 21:24:12 2026] pcieport 0000:00:1c.4: can't derive routing for PCI INT A
[Tue Apr 21 21:24:12 2026] pcieport 0000:00:1c.4: PCI INT A: not connected
[Tue Apr 21 21:24:12 2026] pcieport 0000:00:1c.4: PME: Signaling with IRQ 38
[Tue Apr 21 21:24:12 2026] pcieport 0000:00:1c.6: can't derive routing for PCI INT C
[Tue Apr 21 21:24:12 2026] pcieport 0000:00:1c.6: PCI INT C: not connected
[Tue Apr 21 21:24:12 2026] pcieport 0000:00:1c.6: PME: Signaling with IRQ 39
[Tue Apr 21 21:24:12 2026] pcieport 0000:00:1c.7: PME: Signaling with IRQ 40
[Tue Apr 21 21:24:12 2026] shpchp: Standard Hot Plug PCI Controller Driver version: 0.4
[Tue Apr 21 21:24:12 2026] Monitor-Mwait will be used to enter C-1 state
[Tue Apr 21 21:24:12 2026] Monitor-Mwait will be used to enter C-2 state
[Tue Apr 21 21:24:12 2026] ACPI: \_SB_.SCK0.C000: Found 2 idle states
[Tue Apr 21 21:24:12 2026] input: Power Button as /devices/LNXSYSTM:00/LNXPWRBN:00/input/input0
[Tue Apr 21 21:24:12 2026] ACPI: button: Power Button [PWRF]
[Tue Apr 21 21:24:12 2026] ERST: Error Record Serialization Table (ERST) support is initialized.
[Tue Apr 21 21:24:12 2026] pstore: Registered erst as persistent store backend
[Tue Apr 21 21:24:12 2026] Serial: 8250/16550 driver, 32 ports, IRQ sharing enabled
[Tue Apr 21 21:24:12 2026] 00:02: ttyS0 at I/O 0x3f8 (irq = 4, base_baud = 115200) is a 16550A
[Tue Apr 21 21:24:13 2026] Linux agpgart interface v0.103
[Tue Apr 21 21:24:13 2026] loop: module loaded
[Tue Apr 21 21:24:13 2026] tun: Universal TUN/TAP device driver, 1.6
[Tue Apr 21 21:24:13 2026] PPP generic driver version 2.4.2
[Tue Apr 21 21:24:13 2026] VFIO - User Level meta-driver version: 0.3
[Tue Apr 21 21:24:13 2026] ehci_hcd: USB 2.0 'Enhanced' Host Controller (EHCI) Driver
[Tue Apr 21 21:24:13 2026] ehci-pci: EHCI PCI platform driver
[Tue Apr 21 21:24:13 2026] ehci-pci 0000:00:1d.0: EHCI Host Controller
[Tue Apr 21 21:24:13 2026] ehci-pci 0000:00:1d.0: new USB bus registered, assigned bus number 1
[Tue Apr 21 21:24:13 2026] ehci-pci 0000:00:1d.0: debug port 2
[Tue Apr 21 21:24:13 2026] ehci-pci 0000:00:1d.0: irq 18, io mem 0x93b00000
[Tue Apr 21 21:24:13 2026] ehci-pci 0000:00:1d.0: USB 2.0 started, EHCI 1.00
[Tue Apr 21 21:24:13 2026] usb usb1: New USB device found, idVendor=1d6b, idProduct=0002, bcdDevice= 5.15
[Tue Apr 21 21:24:13 2026] usb usb1: New USB device strings: Mfr=3, Product=2, SerialNumber=1
[Tue Apr 21 21:24:13 2026] usb usb1: Product: EHCI Host Controller
[Tue Apr 21 21:24:13 2026] usb usb1: Manufacturer: Linux 5.15.0-168-generic ehci_hcd
[Tue Apr 21 21:24:13 2026] usb usb1: SerialNumber: 0000:00:1d.0
[Tue Apr 21 21:24:13 2026] hub 1-0:1.0: USB hub found
[Tue Apr 21 21:24:13 2026] hub 1-0:1.0: 2 ports detected
[Tue Apr 21 21:24:13 2026] ehci-platform: EHCI generic platform driver
[Tue Apr 21 21:24:13 2026] ohci_hcd: USB 1.1 'Open' Host Controller (OHCI) Driver
[Tue Apr 21 21:24:13 2026] ohci-pci: OHCI PCI platform driver
[Tue Apr 21 21:24:13 2026] ohci-platform: OHCI generic platform driver
[Tue Apr 21 21:24:13 2026] uhci_hcd: USB Universal Host Controller Interface driver
[Tue Apr 21 21:24:13 2026] uhci_hcd 0000:01:00.4: UHCI Host Controller
[Tue Apr 21 21:24:13 2026] uhci_hcd 0000:01:00.4: new USB bus registered, assigned bus number 2
[Tue Apr 21 21:24:13 2026] uhci_hcd 0000:01:00.4: detected 8 ports
[Tue Apr 21 21:24:13 2026] uhci_hcd 0000:01:00.4: port count misdetected? forcing to 2 ports
[Tue Apr 21 21:24:13 2026] uhci_hcd 0000:01:00.4: irq 41, io base 0x00001300
[Tue Apr 21 21:24:13 2026] usb usb2: New USB device found, idVendor=1d6b, idProduct=0001, bcdDevice= 5.15
[Tue Apr 21 21:24:13 2026] usb usb2: New USB device strings: Mfr=3, Product=2, SerialNumber=1
[Tue Apr 21 21:24:13 2026] usb usb2: Product: UHCI Host Controller
[Tue Apr 21 21:24:13 2026] usb usb2: Manufacturer: Linux 5.15.0-168-generic uhci_hcd
[Tue Apr 21 21:24:13 2026] usb usb2: SerialNumber: 0000:01:00.4
[Tue Apr 21 21:24:13 2026] hub 2-0:1.0: USB hub found
[Tue Apr 21 21:24:13 2026] hub 2-0:1.0: 2 ports detected
[Tue Apr 21 21:24:13 2026] i8042: PNP: No PS/2 controller found.
[Tue Apr 21 21:24:13 2026] i8042: Probing ports directly.
[Tue Apr 21 21:24:13 2026] Freeing initrd memory: 69804K
[Tue Apr 21 21:24:13 2026] usb 1-1: new high-speed USB device number 2 using ehci-pci
[Tue Apr 21 21:24:14 2026] i8042: Can't read CTR while initializing i8042
[Tue Apr 21 21:24:14 2026] i8042: probe of i8042 failed with error -5
[Tue Apr 21 21:24:14 2026] tsc: Refined TSC clocksource calibration: 1995.379 MHz
[Tue Apr 21 21:24:14 2026] mousedev: PS/2 mouse device common for all mice
[Tue Apr 21 21:24:14 2026] clocksource: tsc: mask: 0xffffffffffffffff max_cycles: 0x398642b8c65, max_idle_ns: 881590773603 ns
[Tue Apr 21 21:24:14 2026] rtc_cmos 00:00: RTC can wake from S4
[Tue Apr 21 21:24:14 2026] clocksource: Switched to clocksource tsc
[Tue Apr 21 21:24:14 2026] rtc_cmos 00:00: registered as rtc0
[Tue Apr 21 21:24:14 2026] rtc_cmos 00:00: setting system clock to 2026-04-22T03:24:11 UTC (1776828251)
[Tue Apr 21 21:24:14 2026] rtc_cmos 00:00: alarms up to one month, y3k, 114 bytes nvram
[Tue Apr 21 21:24:14 2026] i2c_dev: i2c /dev entries driver
[Tue Apr 21 21:24:14 2026] device-mapper: core: CONFIG_IMA_DISABLE_HTABLE is disabled. Duplicate IMA measurements will not be recorded in the IMA log.
[Tue Apr 21 21:24:14 2026] device-mapper: uevent: version 1.0.3
[Tue Apr 21 21:24:14 2026] device-mapper: ioctl: 4.45.0-ioctl (2021-03-22) initialised: dm-devel@redhat.com
[Tue Apr 21 21:24:14 2026] intel_pstate: Intel P-state driver initializing
[Tue Apr 21 21:24:14 2026] ledtrig-cpu: registered to indicate activity on CPUs
[Tue Apr 21 21:24:14 2026] efifb: probing for efifb
[Tue Apr 21 21:24:14 2026] efifb: framebuffer at 0x91000000, using 3072k, total 3072k
[Tue Apr 21 21:24:14 2026] efifb: mode is 1024x768x32, linelength=4096, pages=1
[Tue Apr 21 21:24:14 2026] efifb: scrolling: redraw
[Tue Apr 21 21:24:14 2026] efifb: Truecolor: size=8:8:8:8, shift=24:16:8:0
[Tue Apr 21 21:24:14 2026] fbcon: Deferring console take-over
[Tue Apr 21 21:24:14 2026] fb0: EFI VGA frame buffer device
[Tue Apr 21 21:24:14 2026] EFI Variables Facility v0.08 2004-May-17
[Tue Apr 21 21:24:14 2026] drop_monitor: Initializing network drop monitor service
[Tue Apr 21 21:24:14 2026] NET: Registered PF_INET6 protocol family
[Tue Apr 21 21:24:14 2026] Segment Routing with IPv6
[Tue Apr 21 21:24:14 2026] In-situ OAM (IOAM) with IPv6
[Tue Apr 21 21:24:14 2026] NET: Registered PF_PACKET protocol family
[Tue Apr 21 21:24:14 2026] Key type dns_resolver registered
[Tue Apr 21 21:24:14 2026] microcode: sig=0x50663, pf=0x10, revision=0x700001c
[Tue Apr 21 21:24:14 2026] microcode: Microcode Update Driver: v2.2.
[Tue Apr 21 21:24:14 2026] resctrl: L3 allocation detected
[Tue Apr 21 21:24:14 2026] usb 1-1: New USB device found, idVendor=8087, idProduct=8000, bcdDevice= 0.05
[Tue Apr 21 21:24:14 2026] resctrl: L3 monitoring detected
[Tue Apr 21 21:24:14 2026] IPI shorthand broadcast: enabled
[Tue Apr 21 21:24:14 2026] usb 1-1: New USB device strings: Mfr=0, Product=0, SerialNumber=0
[Tue Apr 21 21:24:14 2026] sched_clock: Marking stable (4561790713, 2864639355)->(10811169255, -3384739187)
[Tue Apr 21 21:24:14 2026] hub 1-1:1.0: USB hub found
[Tue Apr 21 21:24:14 2026] registered taskstats version 1
[Tue Apr 21 21:24:14 2026] Loading compiled-in X.509 certificates
[Tue Apr 21 21:24:14 2026] hub 1-1:1.0: 4 ports detected
[Tue Apr 21 21:24:14 2026] Loaded X.509 cert 'Build time autogenerated kernel key: f152561eb05f1b12f36dac47de18b09053caa018'
[Tue Apr 21 21:24:14 2026] Loaded X.509 cert 'Canonical Ltd. Live Patch Signing 2025 Kmod: d541cef61dc7e793b7eb7e899970a2eef0b5dc8c'
[Tue Apr 21 21:24:14 2026] Loaded X.509 cert 'Canonical Ltd. Live Patch Signing: 14df34d1a87cf37625abec039ef2bf521249b969'
[Tue Apr 21 21:24:14 2026] Loaded X.509 cert 'Canonical Ltd. Kernel Module Signing: 88f752e560a1e0737e31163a466ad7b70a850c19'
[Tue Apr 21 21:24:14 2026] blacklist: Loading compiled-in revocation X.509 certificates
[Tue Apr 21 21:24:14 2026] Loaded X.509 cert 'Canonical Ltd. Secure Boot Signing: 61482aa2830d0ab2ad5af10b7250da9033ddcef0'
[Tue Apr 21 21:24:14 2026] Loaded X.509 cert 'Canonical Ltd. Secure Boot Signing (2017): 242ade75ac4a15e50d50c84b0d45ff3eae707a03'
[Tue Apr 21 21:24:14 2026] Loaded X.509 cert 'Canonical Ltd. Secure Boot Signing (ESM 2018): 365188c1d374d6b07c3c8f240f8ef722433d6a8b'
[Tue Apr 21 21:24:14 2026] Loaded X.509 cert 'Canonical Ltd. Secure Boot Signing (2019): c0746fd6c5da3ae827864651ad66ae47fe24b3e8'
[Tue Apr 21 21:24:14 2026] Loaded X.509 cert 'Canonical Ltd. Secure Boot Signing (2021 v1): a8d54bbb3825cfb94fa13c9f8a594a195c107b8d'
[Tue Apr 21 21:24:14 2026] Loaded X.509 cert 'Canonical Ltd. Secure Boot Signing (2021 v2): 4cf046892d6fd3c9a5b03f98d845f90851dc6a8c'
[Tue Apr 21 21:24:14 2026] Loaded X.509 cert 'Canonical Ltd. Secure Boot Signing (2021 v3): 100437bb6de6e469b581e61cd66bce3ef4ed53af'
[Tue Apr 21 21:24:14 2026] Loaded X.509 cert 'Canonical Ltd. Secure Boot Signing (Ubuntu Core 2019): c1d57b8f6b743f23ee41f4f7ee292f06eecadfb9'
[Tue Apr 21 21:24:14 2026] zswap: loaded using pool lzo/zbud
[Tue Apr 21 21:24:14 2026] Key type .fscrypt registered
[Tue Apr 21 21:24:14 2026] Key type fscrypt-provisioning registered
[Tue Apr 21 21:24:14 2026] pstore: Using crash dump compression: deflate
[Tue Apr 21 21:24:14 2026] Key type encrypted registered
[Tue Apr 21 21:24:14 2026] AppArmor: AppArmor sha1 policy hashing enabled
[Tue Apr 21 21:24:14 2026] integrity: Loading X.509 certificate: UEFI:db
[Tue Apr 21 21:24:14 2026] integrity: Loaded X.509 cert 'Hewlett-Packard Company: HP UEFI Secure Boot 2013 DB key: 1d7cf2c2b92673f69c8ee1ec7063967ab9b62bec'
[Tue Apr 21 21:24:14 2026] integrity: Loading X.509 certificate: UEFI:db
[Tue Apr 21 21:24:14 2026] integrity: Loaded X.509 cert 'Microsoft Corporation UEFI CA 2011: 13adbf4309bd82709c8cd54f316ed522988a1bd4'
[Tue Apr 21 21:24:14 2026] usb 1-1.4: new high-speed USB device number 3 using ehci-pci
[Tue Apr 21 21:24:14 2026] integrity: Loading X.509 certificate: UEFI:db
[Tue Apr 21 21:24:14 2026] integrity: Loaded X.509 cert 'Microsoft Windows Production PCA 2011: a92902398e16c49778cd90f99e4f9ae17c55af53'
[Tue Apr 21 21:24:14 2026] integrity: Loading X.509 certificate: UEFI:db
[Tue Apr 21 21:24:14 2026] integrity: Loaded X.509 cert 'SUSE Linux Enterprise Secure Boot Signkey: 3fb077b6cebc6ff2522e1c148c57c777c788e3e7'
[Tue Apr 21 21:24:14 2026] ima: No TPM chip found, activating TPM-bypass!
[Tue Apr 21 21:24:14 2026] Loading compiled-in module X.509 certificates
[Tue Apr 21 21:24:14 2026] Loaded X.509 cert 'Build time autogenerated kernel key: f152561eb05f1b12f36dac47de18b09053caa018'
[Tue Apr 21 21:24:14 2026] ima: Allocated hash algorithm: sha1
[Tue Apr 21 21:24:14 2026] ima: No architecture policies found
[Tue Apr 21 21:24:14 2026] evm: Initialising EVM extended attributes:
[Tue Apr 21 21:24:14 2026] evm: security.selinux
[Tue Apr 21 21:24:14 2026] evm: security.SMACK64
[Tue Apr 21 21:24:14 2026] evm: security.SMACK64EXEC
[Tue Apr 21 21:24:15 2026] usb 1-1.4: New USB device found, idVendor=0424, idProduct=2660, bcdDevice= 8.01
[Tue Apr 21 21:24:15 2026] evm: security.SMACK64TRANSMUTE
[Tue Apr 21 21:24:15 2026] usb 1-1.4: New USB device strings: Mfr=0, Product=0, SerialNumber=0
[Tue Apr 21 21:24:15 2026] evm: security.SMACK64MMAP
[Tue Apr 21 21:24:15 2026] evm: security.apparmor
[Tue Apr 21 21:24:15 2026] evm: security.ima
[Tue Apr 21 21:24:15 2026] evm: security.capability
[Tue Apr 21 21:24:15 2026] evm: HMAC attrs: 0x1
[Tue Apr 21 21:24:15 2026] RAS: Correctable Errors collector initialized.
[Tue Apr 21 21:24:15 2026] hub 1-1.4:1.0: USB hub found
[Tue Apr 21 21:24:15 2026] clk: Disabling unused clocks
[Tue Apr 21 21:24:15 2026] hub 1-1.4:1.0: 2 ports detected
[Tue Apr 21 21:24:15 2026] Freeing unused decrypted memory: 2036K
[Tue Apr 21 21:24:15 2026] Freeing unused kernel image (initmem) memory: 3292K
[Tue Apr 21 21:24:15 2026] Write protecting the kernel read-only data: 30720k
[Tue Apr 21 21:24:15 2026] Freeing unused kernel image (text/rodata gap) memory: 2036K
[Tue Apr 21 21:24:15 2026] Freeing unused kernel image (rodata/data gap) memory: 1296K
[Tue Apr 21 21:24:15 2026] x86/mm: Checked W+X mappings: passed, no W+X pages found.
[Tue Apr 21 21:24:15 2026] x86/mm: Checking user space page tables
[Tue Apr 21 21:24:15 2026] x86/mm: Checked W+X mappings: passed, no W+X pages found.
[Tue Apr 21 21:24:15 2026] Run /init as init process
[Tue Apr 21 21:24:15 2026]   with arguments:
[Tue Apr 21 21:24:15 2026]     /init
[Tue Apr 21 21:24:15 2026]   with environment:
[Tue Apr 21 21:24:15 2026]     HOME=/
[Tue Apr 21 21:24:15 2026]     TERM=linux
[Tue Apr 21 21:24:15 2026]     BOOT_IMAGE=/boot/vmlinuz-5.15.0-168-generic
[Tue Apr 21 21:24:15 2026]     emulabcnet=14:58:d0:58:1f:92
[Tue Apr 21 21:24:15 2026] ACPI Warning: SystemIO range 0x0000000000000500-0x000000000000052F conflicts with OpRegion 0x000000000000052C-0x000000000000052D (\GPIV) (20210730/utaddress-204)
[Tue Apr 21 21:24:15 2026] ACPI: OSL: Resource conflict; ACPI support missing from driver?
[Tue Apr 21 21:24:15 2026] mlx4_core: Mellanox ConnectX core driver v4.0-0
[Tue Apr 21 21:24:15 2026] mlx4_core: Initializing 0000:09:00.0
[Tue Apr 21 21:24:15 2026] i801_smbus 0000:00:1f.3: enabling device (0000 -> 0003)
[Tue Apr 21 21:24:15 2026] nvme nvme0: pci function 0000:0d:00.0
[Tue Apr 21 21:24:15 2026] i801_smbus 0000:00:1f.3: SMBus using PCI interrupt
[Tue Apr 21 21:24:15 2026] gpio_ich gpio_ich.2.auto: GPIO from 948 to 1023
[Tue Apr 21 21:24:15 2026] nvme nvme0: 7/0/0 default/read/poll queues
[Tue Apr 21 21:24:15 2026] i2c i2c-0: 4/4 memory slots populated (from DMI)
[Tue Apr 21 21:24:15 2026]  nvme0n1: p1 p2 p3 p99
[Tue Apr 21 21:24:21 2026] mlx4_core 0000:09:00.0: DMFS high rate steer mode is: disabled performance optimized steering
[Tue Apr 21 21:24:21 2026] mlx4_core 0000:09:00.0: 63.008 Gb/s available PCIe bandwidth (8.0 GT/s PCIe x8 link)
[Tue Apr 21 21:24:22 2026] mlx4_en: Mellanox ConnectX HCA Ethernet driver v4.0-0
[Tue Apr 21 21:24:22 2026] mlx4_en 0000:09:00.0: Activating port:1
[Tue Apr 21 21:24:22 2026] mlx4_en: 0000:09:00.0: Port 1: Using 16 TX rings
[Tue Apr 21 21:24:22 2026] mlx4_en: 0000:09:00.0: Port 1: Using 16 RX rings
[Tue Apr 21 21:24:22 2026] mlx4_en: 0000:09:00.0: Port 1: Initializing port
[Tue Apr 21 21:24:22 2026] mlx4_en 0000:09:00.0: registered PHC clock
[Tue Apr 21 21:24:22 2026] mlx4_en 0000:09:00.0: Activating port:2
[Tue Apr 21 21:24:22 2026] mlx4_core 0000:09:00.0 eno1: renamed from eth0
[Tue Apr 21 21:24:22 2026] mlx4_en: 0000:09:00.0: Port 2: Using 16 TX rings
[Tue Apr 21 21:24:22 2026] mlx4_en: 0000:09:00.0: Port 2: Using 16 RX rings
[Tue Apr 21 21:24:22 2026] mlx4_en: 0000:09:00.0: Port 2: Initializing port
[Tue Apr 21 21:24:22 2026] raid6: avx2x4   gen() 14060 MB/s
[Tue Apr 21 21:24:22 2026] raid6: avx2x4   xor()  8196 MB/s
[Tue Apr 21 21:24:22 2026] raid6: avx2x2   gen() 18364 MB/s
[Tue Apr 21 21:24:22 2026] raid6: avx2x2   xor() 11359 MB/s
[Tue Apr 21 21:24:22 2026] raid6: avx2x1   gen() 17061 MB/s
[Tue Apr 21 21:24:22 2026] raid6: avx2x1   xor()  9955 MB/s
[Tue Apr 21 21:24:22 2026] raid6: sse2x4   gen() 10565 MB/s
[Tue Apr 21 21:24:23 2026] raid6: sse2x4   xor()  6589 MB/s
[Tue Apr 21 21:24:23 2026] raid6: sse2x2   gen() 13130 MB/s
[Tue Apr 21 21:24:23 2026] raid6: sse2x2   xor()  8309 MB/s
[Tue Apr 21 21:24:23 2026] raid6: sse2x1   gen() 11357 MB/s
[Tue Apr 21 21:24:23 2026] raid6: sse2x1   xor()  7490 MB/s
[Tue Apr 21 21:24:23 2026] raid6: using algorithm avx2x2 gen() 18364 MB/s
[Tue Apr 21 21:24:23 2026] raid6: .... xor() 11359 MB/s, rmw enabled
[Tue Apr 21 21:24:23 2026] raid6: using avx2x2 recovery algorithm
[Tue Apr 21 21:24:23 2026] xor: automatically using best checksumming function   avx       
[Tue Apr 21 21:24:23 2026] <mlx4_ib> mlx4_ib_add: mlx4_ib: Mellanox ConnectX InfiniBand driver v4.0-0
[Tue Apr 21 21:24:23 2026] mlx4_core 0000:09:00.0 eno1d1: renamed from eth0
[Tue Apr 21 21:24:23 2026] async_tx: api initialized (async)
[Tue Apr 21 21:24:23 2026] <mlx4_ib> mlx4_ib_add: counter index 2 for port 1 allocated 1
[Tue Apr 21 21:24:23 2026] <mlx4_ib> mlx4_ib_add: counter index 3 for port 2 allocated 1
[Tue Apr 21 21:24:23 2026] EXT4-fs (nvme0n1p3): mounting ext3 file system using the ext4 subsystem
[Tue Apr 21 21:24:23 2026] EXT4-fs (nvme0n1p3): mounted filesystem with ordered data mode. Opts: (null). Quota mode: none.
[Tue Apr 21 21:24:23 2026] systemd[1]: Inserted module 'autofs4'
[Tue Apr 21 21:24:24 2026] systemd[1]: systemd 249.11-0ubuntu3.16 running in system mode (+PAM +AUDIT +SELINUX +APPARMOR +IMA +SMACK +SECCOMP +GCRYPT +GNUTLS +OPENSSL +ACL +BLKID +CURL +ELFUTILS +FIDO2 +IDN2 -IDN +IPTC +KMOD +LIBCRYPTSETUP +LIBFDISK +PCRE2 -PWQUALITY -P11KIT -QRENCODE +BZIP2 +LZ4 +XZ +ZLIB +ZSTD -XKBCOMMON +UTMP +SYSVINIT default-hierarchy=unified)
[Tue Apr 21 21:24:24 2026] systemd[1]: Detected architecture x86-64.
[Tue Apr 21 21:24:24 2026] systemd[1]: Hostname set to <localhost>.
[Tue Apr 21 21:24:24 2026] systemd[1]: Configuration file /run/systemd/system/netplan-ovs-cleanup.service is marked world-inaccessible. This has no effect as configuration data is accessible via APIs without restrictions. Proceeding anyway.
[Tue Apr 21 21:24:24 2026] systemd[1]: Queued start job for default target Graphical Interface.
[Tue Apr 21 21:24:24 2026] systemd[1]: Created slice Slice /system/modprobe.
[Tue Apr 21 21:24:24 2026] systemd[1]: Created slice Slice /system/serial-getty.
[Tue Apr 21 21:24:24 2026] systemd[1]: Created slice Slice /system/systemd-fsck.
[Tue Apr 21 21:24:24 2026] systemd[1]: Created slice User and Session Slice.
[Tue Apr 21 21:24:24 2026] systemd[1]: Started ntp-systemd-netif.path.
[Tue Apr 21 21:24:24 2026] systemd[1]: Started Dispatch Password Requests to Console Directory Watch.
[Tue Apr 21 21:24:24 2026] systemd[1]: Started Forward Password Requests to Wall Directory Watch.
[Tue Apr 21 21:24:24 2026] systemd[1]: Set up automount Arbitrary Executable File Formats File System Automount Point.
[Tue Apr 21 21:24:24 2026] systemd[1]: Reached target Local Encrypted Volumes.
[Tue Apr 21 21:24:24 2026] systemd[1]: Reached target Path Units.
[Tue Apr 21 21:24:24 2026] systemd[1]: Reached target Slice Units.
[Tue Apr 21 21:24:25 2026] systemd[1]: Reached target Local Verity Protected Volumes.
[Tue Apr 21 21:24:25 2026] systemd[1]: Listening on Device-mapper event daemon FIFOs.
[Tue Apr 21 21:24:25 2026] systemd[1]: Listening on LVM2 poll daemon socket.
[Tue Apr 21 21:24:25 2026] systemd[1]: Listening on RPCbind Server Activation Socket.
[Tue Apr 21 21:24:25 2026] systemd[1]: Listening on Syslog Socket.
[Tue Apr 21 21:24:25 2026] systemd[1]: Listening on fsck to fsckd communication Socket.
[Tue Apr 21 21:24:25 2026] systemd[1]: Listening on initctl Compatibility Named Pipe.
[Tue Apr 21 21:24:25 2026] systemd[1]: Listening on Journal Audit Socket.
[Tue Apr 21 21:24:25 2026] systemd[1]: Listening on Journal Socket (/dev/log).
[Tue Apr 21 21:24:25 2026] systemd[1]: Listening on Journal Socket.
[Tue Apr 21 21:24:25 2026] systemd[1]: Listening on udev Control Socket.
[Tue Apr 21 21:24:25 2026] systemd[1]: Listening on udev Kernel Socket.
[Tue Apr 21 21:24:25 2026] systemd[1]: Mounting Huge Pages File System...
[Tue Apr 21 21:24:25 2026] systemd[1]: Mounting POSIX Message Queue File System...
[Tue Apr 21 21:24:25 2026] systemd[1]: Mounting Kernel Debug File System...
[Tue Apr 21 21:24:25 2026] systemd[1]: Mounting Kernel Trace File System...
[Tue Apr 21 21:24:25 2026] systemd[1]: Starting Journal Service...
[Tue Apr 21 21:24:25 2026] systemd[1]: Condition check resulted in Kernel Module supporting RPCSEC_GSS being skipped.
[Tue Apr 21 21:24:25 2026] systemd[1]: Starting Set the console keyboard layout...
[Tue Apr 21 21:24:25 2026] systemd[1]: Starting Create List of Static Device Nodes...
[Tue Apr 21 21:24:25 2026] systemd[1]: Starting Monitoring of LVM2 mirrors, snapshots etc. using dmeventd or progress polling...
[Tue Apr 21 21:24:25 2026] systemd[1]: Starting Load Kernel Module configfs...
[Tue Apr 21 21:24:25 2026] systemd[1]: Starting Load Kernel Module drm...
[Tue Apr 21 21:24:25 2026] systemd[1]: Starting Load Kernel Module efi_pstore...
[Tue Apr 21 21:24:25 2026] pstore: ignoring unexpected backend 'efi'
[Tue Apr 21 21:24:25 2026] systemd[1]: Starting Load Kernel Module fuse...
[Tue Apr 21 21:24:26 2026] systemd[1]: Condition check resulted in OpenVSwitch configuration for cleanup being skipped.
[Tue Apr 21 21:24:26 2026] systemd[1]: Condition check resulted in File System Check on Root Device being skipped.
[Tue Apr 21 21:24:26 2026] systemd[1]: Starting Load Kernel Modules...
[Tue Apr 21 21:24:26 2026] systemd[1]: Starting Remount Root and Kernel File Systems...
[Tue Apr 21 21:24:26 2026] EXT4-fs (nvme0n1p3): re-mounted. Opts: (null). Quota mode: none.
[Tue Apr 21 21:24:26 2026] systemd[1]: Starting Coldplug All udev Devices...
[Tue Apr 21 21:24:26 2026] systemd[1]: Started Journal Service.
[Tue Apr 21 21:24:26 2026] systemd-journald[410]: Received client request to flush runtime journal.
[Tue Apr 21 21:24:26 2026] power_meter ACPI000D:00: Found ACPI power meter.
[Tue Apr 21 21:24:26 2026] power_meter ACPI000D:00: Ignoring unsafe software power cap!
[Tue Apr 21 21:24:26 2026] power_meter ACPI000D:00: hwmon_device_register() is deprecated. Please convert the driver to use hwmon_device_register_with_info().
[Tue Apr 21 21:24:26 2026] acpi-tad ACPI000E:00: Unsupported capabilities
[Tue Apr 21 21:24:26 2026] IPMI message handler: version 39.2
[Tue Apr 21 21:24:26 2026] ipmi device interface
[Tue Apr 21 21:24:26 2026] ipmi_si: IPMI System Interface driver
[Tue Apr 21 21:24:26 2026] ipmi_si dmi-ipmi-si.0: ipmi_platform: probing via SMBIOS
[Tue Apr 21 21:24:26 2026] ipmi_platform: ipmi_si: SMBIOS: io 0xca2 regsize 1 spacing 1 irq 0
[Tue Apr 21 21:24:26 2026] ipmi_si: Adding SMBIOS-specified kcs state machine
[Tue Apr 21 21:24:26 2026] ipmi_si IPI0001:00: ipmi_platform: probing via ACPI
[Tue Apr 21 21:24:26 2026] ipmi_si IPI0001:00: ipmi_platform: [io  0x0ca2-0x0ca3] regsize 1 spacing 1 irq 0
[Tue Apr 21 21:24:26 2026] dca service started, version 1.12.1
[Tue Apr 21 21:24:26 2026] ipmi_si dmi-ipmi-si.0: Removing SMBIOS-specified kcs state machine in favor of ACPI
[Tue Apr 21 21:24:26 2026] ipmi_si: Adding ACPI-specified kcs state machine
[Tue Apr 21 21:24:26 2026] ipmi_si: Trying ACPI-specified kcs state machine at i/o address 0xca2, slave address 0x20, irq 0
[Tue Apr 21 21:24:26 2026] ioatdma: Intel(R) QuickData Technology Driver 5.00
[Tue Apr 21 21:24:26 2026] intel_pch_thermal 0000:00:1f.6: enabling device (0000 -> 0002)
[Tue Apr 21 21:24:27 2026] mgag200 0000:01:00.1: vgaarb: deactivate vga console
[Tue Apr 21 21:24:27 2026] RAPL PMU: API unit is 2^-32 Joules, 2 fixed counters, 655360 ms ovfl timer
[Tue Apr 21 21:24:27 2026] RAPL PMU: hw unit of domain package 2^-14 Joules
[Tue Apr 21 21:24:27 2026] RAPL PMU: hw unit of domain dram 2^-16 Joules
[Tue Apr 21 21:24:27 2026] [drm] Initialized mgag200 1.0.0 20110418 for 0000:01:00.1 on minor 0
[Tue Apr 21 21:24:27 2026] fbcon: mgag200drmfb (fb0) is primary device
[Tue Apr 21 21:24:27 2026] fbcon: Deferring console take-over
[Tue Apr 21 21:24:27 2026] mgag200 0000:01:00.1: [drm] fb0: mgag200drmfb frame buffer device
[Tue Apr 21 21:24:27 2026] cryptd: max_cpu_qlen set to 1000
[Tue Apr 21 21:24:27 2026] AVX2 version of gcm_enc/dec engaged.
[Tue Apr 21 21:24:27 2026] AES CTR mode by8 optimization enabled
[Tue Apr 21 21:24:27 2026] Adding 8388928k swap on /dev/nvme0n1p99.  Priority:-2 extents:1 across:8388928k SSFS
[Tue Apr 21 21:24:27 2026] EDAC sbridge: Seeking for: PCI ID 8086:6fa0
[Tue Apr 21 21:24:27 2026] EDAC sbridge: Seeking for: PCI ID 8086:6fa0
[Tue Apr 21 21:24:27 2026] EDAC sbridge: Seeking for: PCI ID 8086:6f60
[Tue Apr 21 21:24:27 2026] EDAC sbridge: Seeking for: PCI ID 8086:6fa8
[Tue Apr 21 21:24:27 2026] EDAC sbridge: Seeking for: PCI ID 8086:6fa8
[Tue Apr 21 21:24:27 2026] EDAC sbridge: Seeking for: PCI ID 8086:6f71
[Tue Apr 21 21:24:27 2026] EDAC sbridge: Seeking for: PCI ID 8086:6f71
[Tue Apr 21 21:24:27 2026] EDAC sbridge: Seeking for: PCI ID 8086:6faa
[Tue Apr 21 21:24:27 2026] EDAC sbridge: Seeking for: PCI ID 8086:6faa
[Tue Apr 21 21:24:27 2026] EDAC sbridge: Seeking for: PCI ID 8086:6fab
[Tue Apr 21 21:24:27 2026] EDAC sbridge: Seeking for: PCI ID 8086:6fab
[Tue Apr 21 21:24:27 2026] EDAC sbridge: Seeking for: PCI ID 8086:6fac
[Tue Apr 21 21:24:27 2026] EDAC sbridge: Seeking for: PCI ID 8086:6fac
[Tue Apr 21 21:24:27 2026] EDAC sbridge: Seeking for: PCI ID 8086:6fad
[Tue Apr 21 21:24:27 2026] EDAC sbridge: Seeking for: PCI ID 8086:6fad
[Tue Apr 21 21:24:27 2026] EDAC sbridge: Seeking for: PCI ID 8086:6f68
[Tue Apr 21 21:24:27 2026] EDAC sbridge: Seeking for: PCI ID 8086:6f79
[Tue Apr 21 21:24:27 2026] EDAC sbridge: Seeking for: PCI ID 8086:6f6a
[Tue Apr 21 21:24:27 2026] EDAC sbridge: Seeking for: PCI ID 8086:6f6b
[Tue Apr 21 21:24:27 2026] EDAC sbridge: Seeking for: PCI ID 8086:6f6c
[Tue Apr 21 21:24:27 2026] EDAC sbridge: Seeking for: PCI ID 8086:6f6d
[Tue Apr 21 21:24:27 2026] EDAC sbridge: Seeking for: PCI ID 8086:6ffc
[Tue Apr 21 21:24:27 2026] EDAC sbridge: Seeking for: PCI ID 8086:6ffc
[Tue Apr 21 21:24:27 2026] EDAC sbridge: Seeking for: PCI ID 8086:6ffd
[Tue Apr 21 21:24:27 2026] EDAC sbridge: Seeking for: PCI ID 8086:6ffd
[Tue Apr 21 21:24:27 2026] EDAC sbridge: Seeking for: PCI ID 8086:6faf
[Tue Apr 21 21:24:27 2026] EDAC sbridge: Seeking for: PCI ID 8086:6faf
[Tue Apr 21 21:24:27 2026] EDAC MC0: Giving out device to module sb_edac controller Broadwell SrcID#0_Ha#0: DEV 0000:ff:12.0 (INTERRUPT)
[Tue Apr 21 21:24:27 2026] EDAC sbridge:  Ver: 1.1.2 
[Tue Apr 21 21:24:27 2026] ipmi_si IPI0001:00: The BMC does not support clearing the recv irq bit, compensating, but the BMC needs to be fixed.
[Tue Apr 21 21:24:27 2026] intel_rapl_common: Found RAPL domain package
[Tue Apr 21 21:24:27 2026] intel_rapl_common: Found RAPL domain dram
[Tue Apr 21 21:24:27 2026] audit: type=1400 audit(1776828264.732:2): apparmor="STATUS" operation="profile_load" profile="unconfined" name="lsb_release" pid=653 comm="apparmor_parser"
[Tue Apr 21 21:24:27 2026] audit: type=1400 audit(1776828264.736:3): apparmor="STATUS" operation="profile_load" profile="unconfined" name="tcpdump" pid=657 comm="apparmor_parser"
[Tue Apr 21 21:24:27 2026] audit: type=1400 audit(1776828264.736:4): apparmor="STATUS" operation="profile_load" profile="unconfined" name="/usr/bin/man" pid=656 comm="apparmor_parser"
[Tue Apr 21 21:24:27 2026] audit: type=1400 audit(1776828264.736:5): apparmor="STATUS" operation="profile_load" profile="unconfined" name="man_filter" pid=656 comm="apparmor_parser"
[Tue Apr 21 21:24:27 2026] audit: type=1400 audit(1776828264.736:6): apparmor="STATUS" operation="profile_load" profile="unconfined" name="man_groff" pid=656 comm="apparmor_parser"
[Tue Apr 21 21:24:27 2026] audit: type=1400 audit(1776828264.736:7): apparmor="STATUS" operation="profile_load" profile="unconfined" name="/usr/sbin/ntpd" pid=658 comm="apparmor_parser"
[Tue Apr 21 21:24:27 2026] audit: type=1400 audit(1776828264.736:8): apparmor="STATUS" operation="profile_load" profile="unconfined" name="nvidia_modprobe" pid=654 comm="apparmor_parser"
[Tue Apr 21 21:24:27 2026] audit: type=1400 audit(1776828264.736:9): apparmor="STATUS" operation="profile_load" profile="unconfined" name="nvidia_modprobe//kmod" pid=654 comm="apparmor_parser"
[Tue Apr 21 21:24:27 2026] audit: type=1400 audit(1776828264.744:10): apparmor="STATUS" operation="profile_load" profile="unconfined" name="/usr/lib/NetworkManager/nm-dhcp-client.action" pid=655 comm="apparmor_parser"
[Tue Apr 21 21:24:27 2026] audit: type=1400 audit(1776828264.744:11): apparmor="STATUS" operation="profile_load" profile="unconfined" name="/usr/lib/NetworkManager/nm-dhcp-helper" pid=655 comm="apparmor_parser"
[Tue Apr 21 21:24:27 2026] ipmi_si IPI0001:00: IPMI message handler: Found new BMC (man_id: 0x00000b, prod_id: 0x2101, dev_id: 0x14)
[Tue Apr 21 21:24:27 2026] ipmi_si IPI0001:00: IPMI kcs interface initialized
[Tue Apr 21 21:24:27 2026] ipmi_ssif: IPMI SSIF Interface driver
[Tue Apr 21 21:24:27 2026] RPC: Registered named UNIX socket transport module.
[Tue Apr 21 21:24:27 2026] RPC: Registered udp transport module.
[Tue Apr 21 21:24:27 2026] RPC: Registered tcp transport module.
[Tue Apr 21 21:24:27 2026] RPC: Registered tcp NFSv4.1 backchannel transport module.
[Tue Apr 21 21:24:27 2026] mlx4_en: eno1: Steering Mode 1
[Tue Apr 21 21:24:27 2026] mlx4_en: eno1: Link Up
[Tue Apr 21 21:24:27 2026] IPv6: ADDRCONF(NETDEV_CHANGE): eno1: link becomes ready
[Tue Apr 21 21:24:30 2026] ipod: loading out-of-tree module taints kernel.
[Tue Apr 21 21:24:30 2026] ipod: module verification failed: signature and/or required key missing - tainting kernel
[Tue Apr 21 21:24:30 2026] initializing IPOD
[Tue Apr 21 21:24:31 2026] FS-Cache: Loaded
[Tue Apr 21 21:24:31 2026] FS-Cache: Netfs 'nfs' registered for caching
[Tue Apr 21 21:24:32 2026] fbcon: Taking over console
[Tue Apr 21 21:24:32 2026] mgag200 0000:01:00.1: [drm] drm_plane_enable_fb_damage_clips() not called
[Tue Apr 21 21:24:33 2026] Console: switching to colour frame buffer device 128x48
