===== dmesg snapshot host=node0 boot_started_utc=20260423T014435Z boot_id=e66596e1-a2c6-4d58-80f4-d1779cbb52ce captured_utc=20260423T014512Z =====

[Tue Apr 21 17:44:19 2026] microcode: microcode updated early to revision 0x2007006, date = 2023-03-06
[Tue Apr 21 17:44:19 2026] Linux version 5.15.0-168-generic (buildd@lcy02-amd64-116) (gcc (Ubuntu 11.4.0-1ubuntu1~22.04.2) 11.4.0, GNU ld (GNU Binutils for Ubuntu) 2.38) #178-Ubuntu SMP Fri Jan 9 19:05:03 UTC 2026 (Ubuntu 5.15.0-168.178-generic 5.15.193)
[Tue Apr 21 17:44:19 2026] Command line: BOOT_IMAGE=/boot/vmlinuz-5.15.0-168-generic root=UUID=571337a8-0ea6-44bd-9cfc-6cb9719427c1 emulabcnet=00:5d:73:ef:d8:fe ro console=ttyS0,115200
[Tue Apr 21 17:44:19 2026] KERNEL supported cpus:
[Tue Apr 21 17:44:19 2026]   Intel GenuineIntel
[Tue Apr 21 17:44:19 2026]   AMD AuthenticAMD
[Tue Apr 21 17:44:19 2026]   Hygon HygonGenuine
[Tue Apr 21 17:44:19 2026]   Centaur CentaurHauls
[Tue Apr 21 17:44:19 2026]   zhaoxin   Shanghai  
[Tue Apr 21 17:44:19 2026] BIOS-provided physical RAM map:
[Tue Apr 21 17:44:19 2026] BIOS-e820: [mem 0x0000000000000000-0x000000000009abff] usable
[Tue Apr 21 17:44:19 2026] BIOS-e820: [mem 0x000000000009ac00-0x000000000009ffff] reserved
[Tue Apr 21 17:44:19 2026] BIOS-e820: [mem 0x00000000000e0000-0x00000000000fffff] reserved
[Tue Apr 21 17:44:19 2026] BIOS-e820: [mem 0x0000000000100000-0x0000000066d9ffff] usable
[Tue Apr 21 17:44:19 2026] BIOS-e820: [mem 0x0000000066da0000-0x00000000696f8fff] reserved
[Tue Apr 21 17:44:19 2026] BIOS-e820: [mem 0x00000000696f9000-0x000000006a05efff] usable
[Tue Apr 21 17:44:19 2026] BIOS-e820: [mem 0x000000006a05f000-0x000000006ae88fff] ACPI NVS
[Tue Apr 21 17:44:19 2026] BIOS-e820: [mem 0x000000006ae89000-0x000000006d055fff] reserved
[Tue Apr 21 17:44:19 2026] BIOS-e820: [mem 0x000000006d056000-0x000000006fffffff] usable
[Tue Apr 21 17:44:19 2026] BIOS-e820: [mem 0x0000000070000000-0x000000008fffffff] reserved
[Tue Apr 21 17:44:19 2026] BIOS-e820: [mem 0x00000000fd000000-0x00000000fe7fffff] reserved
[Tue Apr 21 17:44:19 2026] BIOS-e820: [mem 0x00000000fed20000-0x00000000fed44fff] reserved
[Tue Apr 21 17:44:19 2026] BIOS-e820: [mem 0x00000000ff000000-0x00000000ffffffff] reserved
[Tue Apr 21 17:44:19 2026] BIOS-e820: [mem 0x0000000100000000-0x000000303fffffff] usable
[Tue Apr 21 17:44:19 2026] NX (Execute Disable) protection: active
[Tue Apr 21 17:44:19 2026] SMBIOS 3.2 present.
[Tue Apr 21 17:44:19 2026] DMI: Cisco Systems Inc UCSC-C220-M5SX/UCSC-C220-M5SX, BIOS C220M5.4.2.3c.0.0129230853 01/29/2023
[Tue Apr 21 17:44:19 2026] tsc: Detected 2200.000 MHz processor
[Tue Apr 21 17:44:19 2026] e820: update [mem 0x00000000-0x00000fff] usable ==> reserved
[Tue Apr 21 17:44:19 2026] e820: remove [mem 0x000a0000-0x000fffff] usable
[Tue Apr 21 17:44:19 2026] last_pfn = 0x3040000 max_arch_pfn = 0x400000000
[Tue Apr 21 17:44:19 2026] x86/PAT: Configuration [0-7]: WB  WC  UC- UC  WB  WP  UC- WT  
[Tue Apr 21 17:44:19 2026] total RAM covered: 195520M
[Tue Apr 21 17:44:19 2026] Found optimal setting for mtrr clean up
[Tue Apr 21 17:44:19 2026]  gran_size: 64K 	chunk_size: 512M 	num_reg: 9  	lose cover RAM: 0G
[Tue Apr 21 17:44:19 2026] e820: update [mem 0x70000000-0x73ffffff] usable ==> reserved
[Tue Apr 21 17:44:19 2026] e820: update [mem 0x80000000-0xffffffff] usable ==> reserved
[Tue Apr 21 17:44:19 2026] last_pfn = 0x70000 max_arch_pfn = 0x400000000
[Tue Apr 21 17:44:19 2026] Using GB pages for direct mapping
[Tue Apr 21 17:44:19 2026] RAMDISK: [mem 0x2f799000-0x33bc3fff]
[Tue Apr 21 17:44:19 2026] ACPI: Early table checksum verification disabled
[Tue Apr 21 17:44:19 2026] ACPI: RSDP 0x00000000000F05A0 000024 (v02 Cisco0)
[Tue Apr 21 17:44:19 2026] ACPI: XSDT 0x000000006A9940C8 000114 (v01 Cisco0 CiscoUCS 01072009 AMI  00010013)
[Tue Apr 21 17:44:19 2026] ACPI: FACP 0x000000006AB2FDD0 000114 (v06 Cisco0 CiscoUCS 01072009 INTL 20091013)
[Tue Apr 21 17:44:19 2026] ACPI: DSDT 0x000000006A994278 19BB58 (v02 Cisco0 CiscoUCS 01072009 INTL 20091013)
[Tue Apr 21 17:44:19 2026] ACPI: FACS 0x000000006AE45080 000040
[Tue Apr 21 17:44:19 2026] ACPI: FPDT 0x000000006AB2FEE8 000044 (v01 Cisco0 CiscoUCS 01072009 AMI  00010013)
[Tue Apr 21 17:44:19 2026] ACPI: FIDT 0x000000006AB2FF30 00009C (v01 Cisco0 CiscoUCS 01072009 AMI  00010013)
[Tue Apr 21 17:44:19 2026] ACPI: SPMI 0x000000006AB2FFD0 000041 (v05 Cisco0 CiscoUCS 00000000 AMI. 00000000)
[Tue Apr 21 17:44:19 2026] ACPI: UEFI 0x000000006AB30018 00005C (v01 INTEL  RstUefiV 00000000      00000000)
[Tue Apr 21 17:44:19 2026] ACPI: SSDT 0x000000006AB30078 00046C (v02 INTEL  ADDRXLAT 00000001 INTL 20140828)
[Tue Apr 21 17:44:19 2026] ACPI: MCFG 0x000000006AB304E8 00003C (v01 Cisco0 CiscoUCS 01072009 MSFT 00000097)
[Tue Apr 21 17:44:19 2026] ACPI: HPET 0x000000006AB30528 000038 (v01 Cisco0 CiscoUCS 00000001 INTL 20091013)
[Tue Apr 21 17:44:19 2026] ACPI: APIC 0x000000006AB30560 000C5E (v03 Cisco0 CiscoUCS 00000000 INTL 20091013)
[Tue Apr 21 17:44:19 2026] ACPI: MIGT 0x000000006AB311C0 000040 (v01 Cisco0 CiscoUCS 00000000 INTL 20091013)
[Tue Apr 21 17:44:19 2026] ACPI: MSCT 0x000000006AB31200 000064 (v01 Cisco0 CiscoUCS 00000001 INTL 20091013)
[Tue Apr 21 17:44:19 2026] ACPI: PCAT 0x000000006AB31268 000088 (v02 Cisco0 CiscoUCS 00000002 INTL 20091013)
[Tue Apr 21 17:44:19 2026] ACPI: PCCT 0x000000006AB312F0 00006E (v01 Cisco0 CiscoUCS 00000002 INTL 20091013)
[Tue Apr 21 17:44:19 2026] ACPI: RASF 0x000000006AB31360 000030 (v01 Cisco0 CiscoUCS 00000001 INTL 20091013)
[Tue Apr 21 17:44:19 2026] ACPI: SLIT 0x000000006AB31390 00012C (v01 Cisco0 CiscoUCS 00000001 INTL 20091013)
[Tue Apr 21 17:44:19 2026] ACPI: SRAT 0x000000006AB314C0 0016B0 (v03 Cisco0 CiscoUCS 00000002 INTL 20091013)
[Tue Apr 21 17:44:19 2026] ACPI: SVOS 0x000000006AB32B70 000032 (v01 Cisco0 CiscoUCS 00000000 INTL 20091013)
[Tue Apr 21 17:44:19 2026] ACPI: WDDT 0x000000006AB32BA8 000040 (v01 Cisco0 CiscoUCS 00000000 INTL 20091013)
[Tue Apr 21 17:44:19 2026] ACPI: OEM4 0x000000006AB32BE8 0513F4 (v02 INTEL  CPU  CST 00003000 INTL 20140828)
[Tue Apr 21 17:44:19 2026] ACPI: OEM1 0x000000006AB83FE0 015174 (v02 INTEL  CPU EIST 00003000 INTL 20140828)
[Tue Apr 21 17:44:19 2026] ACPI: OEM2 0x000000006AB99158 017554 (v02 INTEL  CPU  HWP 00003000 INTL 20140828)
[Tue Apr 21 17:44:19 2026] ACPI: SSDT 0x000000006ABB06B0 019D00 (v02 INTEL  SSDT  PM 00004000 INTL 20140828)
[Tue Apr 21 17:44:19 2026] ACPI: SSDT 0x000000006ABCA3B0 00065B (v02 Cisco0 CiscoUCS 00000000 INTL 20091013)
[Tue Apr 21 17:44:19 2026] ACPI: SSDT 0x000000006ABCAA10 001B4E (v02 INTEL  SpsNm    00000002 INTL 20140828)
[Tue Apr 21 17:44:19 2026] ACPI: DMAR 0x000000006ABCC560 000270 (v01 Cisco0 CiscoUCS 00000001 INTL 20091013)
[Tue Apr 21 17:44:19 2026] ACPI: HEST 0x000000006ABCC7D0 0000A8 (v01 Cisco0 CiscoUCS 00000001 INTL 00000001)
[Tue Apr 21 17:44:19 2026] ACPI: BERT 0x000000006ABCC878 000030 (v01 Cisco0 CiscoUCS 00000001 INTL 00000001)
[Tue Apr 21 17:44:19 2026] ACPI: ERST 0x000000006ABCC8A8 000230 (v01 Cisco0 CiscoUCS 00000001 INTL 00000001)
[Tue Apr 21 17:44:19 2026] ACPI: EINJ 0x000000006ABCCAD8 000150 (v01 Cisco0 CiscoUCS 00000001 INTL 00000001)
[Tue Apr 21 17:44:19 2026] ACPI: WSMT 0x000000006ABCCC28 000028 (v01 Cisco0 CiscoUCS 01072009 AMI  00010013)
[Tue Apr 21 17:44:19 2026] ACPI: Reserving FACP table memory at [mem 0x6ab2fdd0-0x6ab2fee3]
[Tue Apr 21 17:44:19 2026] ACPI: Reserving DSDT table memory at [mem 0x6a994278-0x6ab2fdcf]
[Tue Apr 21 17:44:19 2026] ACPI: Reserving FACS table memory at [mem 0x6ae45080-0x6ae450bf]
[Tue Apr 21 17:44:19 2026] ACPI: Reserving FPDT table memory at [mem 0x6ab2fee8-0x6ab2ff2b]
[Tue Apr 21 17:44:19 2026] ACPI: Reserving FIDT table memory at [mem 0x6ab2ff30-0x6ab2ffcb]
[Tue Apr 21 17:44:19 2026] ACPI: Reserving SPMI table memory at [mem 0x6ab2ffd0-0x6ab30010]
[Tue Apr 21 17:44:19 2026] ACPI: Reserving UEFI table memory at [mem 0x6ab30018-0x6ab30073]
[Tue Apr 21 17:44:19 2026] ACPI: Reserving SSDT table memory at [mem 0x6ab30078-0x6ab304e3]
[Tue Apr 21 17:44:19 2026] ACPI: Reserving MCFG table memory at [mem 0x6ab304e8-0x6ab30523]
[Tue Apr 21 17:44:19 2026] ACPI: Reserving HPET table memory at [mem 0x6ab30528-0x6ab3055f]
[Tue Apr 21 17:44:19 2026] ACPI: Reserving APIC table memory at [mem 0x6ab30560-0x6ab311bd]
[Tue Apr 21 17:44:19 2026] ACPI: Reserving MIGT table memory at [mem 0x6ab311c0-0x6ab311ff]
[Tue Apr 21 17:44:19 2026] ACPI: Reserving MSCT table memory at [mem 0x6ab31200-0x6ab31263]
[Tue Apr 21 17:44:19 2026] ACPI: Reserving PCAT table memory at [mem 0x6ab31268-0x6ab312ef]
[Tue Apr 21 17:44:19 2026] ACPI: Reserving PCCT table memory at [mem 0x6ab312f0-0x6ab3135d]
[Tue Apr 21 17:44:19 2026] ACPI: Reserving RASF table memory at [mem 0x6ab31360-0x6ab3138f]
[Tue Apr 21 17:44:19 2026] ACPI: Reserving SLIT table memory at [mem 0x6ab31390-0x6ab314bb]
[Tue Apr 21 17:44:19 2026] ACPI: Reserving SRAT table memory at [mem 0x6ab314c0-0x6ab32b6f]
[Tue Apr 21 17:44:19 2026] ACPI: Reserving SVOS table memory at [mem 0x6ab32b70-0x6ab32ba1]
[Tue Apr 21 17:44:19 2026] ACPI: Reserving WDDT table memory at [mem 0x6ab32ba8-0x6ab32be7]
[Tue Apr 21 17:44:19 2026] ACPI: Reserving OEM4 table memory at [mem 0x6ab32be8-0x6ab83fdb]
[Tue Apr 21 17:44:19 2026] ACPI: Reserving OEM1 table memory at [mem 0x6ab83fe0-0x6ab99153]
[Tue Apr 21 17:44:19 2026] ACPI: Reserving OEM2 table memory at [mem 0x6ab99158-0x6abb06ab]
[Tue Apr 21 17:44:19 2026] ACPI: Reserving SSDT table memory at [mem 0x6abb06b0-0x6abca3af]
[Tue Apr 21 17:44:19 2026] ACPI: Reserving SSDT table memory at [mem 0x6abca3b0-0x6abcaa0a]
[Tue Apr 21 17:44:19 2026] ACPI: Reserving SSDT table memory at [mem 0x6abcaa10-0x6abcc55d]
[Tue Apr 21 17:44:19 2026] ACPI: Reserving DMAR table memory at [mem 0x6abcc560-0x6abcc7cf]
[Tue Apr 21 17:44:19 2026] ACPI: Reserving HEST table memory at [mem 0x6abcc7d0-0x6abcc877]
[Tue Apr 21 17:44:19 2026] ACPI: Reserving BERT table memory at [mem 0x6abcc878-0x6abcc8a7]
[Tue Apr 21 17:44:19 2026] ACPI: Reserving ERST table memory at [mem 0x6abcc8a8-0x6abccad7]
[Tue Apr 21 17:44:19 2026] ACPI: Reserving EINJ table memory at [mem 0x6abccad8-0x6abccc27]
[Tue Apr 21 17:44:19 2026] ACPI: Reserving WSMT table memory at [mem 0x6abccc28-0x6abccc4f]
[Tue Apr 21 17:44:19 2026] SRAT: PXM 0 -> APIC 0x00 -> Node 0
[Tue Apr 21 17:44:19 2026] SRAT: PXM 0 -> APIC 0x02 -> Node 0
[Tue Apr 21 17:44:19 2026] SRAT: PXM 0 -> APIC 0x04 -> Node 0
[Tue Apr 21 17:44:19 2026] SRAT: PXM 0 -> APIC 0x06 -> Node 0
[Tue Apr 21 17:44:19 2026] SRAT: PXM 0 -> APIC 0x08 -> Node 0
[Tue Apr 21 17:44:19 2026] SRAT: PXM 0 -> APIC 0x10 -> Node 0
[Tue Apr 21 17:44:19 2026] SRAT: PXM 0 -> APIC 0x12 -> Node 0
[Tue Apr 21 17:44:19 2026] SRAT: PXM 0 -> APIC 0x14 -> Node 0
[Tue Apr 21 17:44:19 2026] SRAT: PXM 0 -> APIC 0x16 -> Node 0
[Tue Apr 21 17:44:19 2026] SRAT: PXM 0 -> APIC 0x18 -> Node 0
[Tue Apr 21 17:44:19 2026] SRAT: PXM 1 -> APIC 0x20 -> Node 1
[Tue Apr 21 17:44:19 2026] SRAT: PXM 1 -> APIC 0x22 -> Node 1
[Tue Apr 21 17:44:19 2026] SRAT: PXM 1 -> APIC 0x24 -> Node 1
[Tue Apr 21 17:44:19 2026] SRAT: PXM 1 -> APIC 0x26 -> Node 1
[Tue Apr 21 17:44:19 2026] SRAT: PXM 1 -> APIC 0x28 -> Node 1
[Tue Apr 21 17:44:19 2026] SRAT: PXM 1 -> APIC 0x30 -> Node 1
[Tue Apr 21 17:44:19 2026] SRAT: PXM 1 -> APIC 0x32 -> Node 1
[Tue Apr 21 17:44:19 2026] SRAT: PXM 1 -> APIC 0x34 -> Node 1
[Tue Apr 21 17:44:19 2026] SRAT: PXM 1 -> APIC 0x36 -> Node 1
[Tue Apr 21 17:44:19 2026] SRAT: PXM 1 -> APIC 0x38 -> Node 1
[Tue Apr 21 17:44:19 2026] SRAT: PXM 0 -> APIC 0x01 -> Node 0
[Tue Apr 21 17:44:19 2026] SRAT: PXM 0 -> APIC 0x03 -> Node 0
[Tue Apr 21 17:44:19 2026] SRAT: PXM 0 -> APIC 0x05 -> Node 0
[Tue Apr 21 17:44:19 2026] SRAT: PXM 0 -> APIC 0x07 -> Node 0
[Tue Apr 21 17:44:19 2026] SRAT: PXM 0 -> APIC 0x09 -> Node 0
[Tue Apr 21 17:44:19 2026] SRAT: PXM 0 -> APIC 0x11 -> Node 0
[Tue Apr 21 17:44:19 2026] SRAT: PXM 0 -> APIC 0x13 -> Node 0
[Tue Apr 21 17:44:19 2026] SRAT: PXM 0 -> APIC 0x15 -> Node 0
[Tue Apr 21 17:44:19 2026] SRAT: PXM 0 -> APIC 0x17 -> Node 0
[Tue Apr 21 17:44:19 2026] SRAT: PXM 0 -> APIC 0x19 -> Node 0
[Tue Apr 21 17:44:19 2026] SRAT: PXM 1 -> APIC 0x21 -> Node 1
[Tue Apr 21 17:44:19 2026] SRAT: PXM 1 -> APIC 0x23 -> Node 1
[Tue Apr 21 17:44:19 2026] SRAT: PXM 1 -> APIC 0x25 -> Node 1
[Tue Apr 21 17:44:19 2026] SRAT: PXM 1 -> APIC 0x27 -> Node 1
[Tue Apr 21 17:44:19 2026] SRAT: PXM 1 -> APIC 0x29 -> Node 1
[Tue Apr 21 17:44:19 2026] SRAT: PXM 1 -> APIC 0x31 -> Node 1
[Tue Apr 21 17:44:19 2026] SRAT: PXM 1 -> APIC 0x33 -> Node 1
[Tue Apr 21 17:44:19 2026] SRAT: PXM 1 -> APIC 0x35 -> Node 1
[Tue Apr 21 17:44:19 2026] SRAT: PXM 1 -> APIC 0x37 -> Node 1
[Tue Apr 21 17:44:19 2026] SRAT: PXM 1 -> APIC 0x39 -> Node 1
[Tue Apr 21 17:44:19 2026] ACPI: SRAT: Node 0 PXM 0 [mem 0x00000000-0x7fffffff]
[Tue Apr 21 17:44:19 2026] ACPI: SRAT: Node 0 PXM 0 [mem 0x100000000-0x183fffffff]
[Tue Apr 21 17:44:19 2026] ACPI: SRAT: Node 1 PXM 1 [mem 0x1840000000-0x303fffffff]
[Tue Apr 21 17:44:19 2026] NUMA: Initialized distance table, cnt=2
[Tue Apr 21 17:44:19 2026] NUMA: Node 0 [mem 0x00000000-0x7fffffff] + [mem 0x100000000-0x183fffffff] -> [mem 0x00000000-0x183fffffff]
[Tue Apr 21 17:44:19 2026] NODE_DATA(0) allocated [mem 0x183ffd6000-0x183fffffff]
[Tue Apr 21 17:44:19 2026] NODE_DATA(1) allocated [mem 0x303ffd5000-0x303fffefff]
[Tue Apr 21 17:44:19 2026] Zone ranges:
[Tue Apr 21 17:44:19 2026]   DMA      [mem 0x0000000000001000-0x0000000000ffffff]
[Tue Apr 21 17:44:19 2026]   DMA32    [mem 0x0000000001000000-0x00000000ffffffff]
[Tue Apr 21 17:44:19 2026]   Normal   [mem 0x0000000100000000-0x000000303fffffff]
[Tue Apr 21 17:44:19 2026]   Device   empty
[Tue Apr 21 17:44:19 2026] Movable zone start for each node
[Tue Apr 21 17:44:19 2026] Early memory node ranges
[Tue Apr 21 17:44:19 2026]   node   0: [mem 0x0000000000001000-0x0000000000099fff]
[Tue Apr 21 17:44:19 2026]   node   0: [mem 0x0000000000100000-0x0000000066d9ffff]
[Tue Apr 21 17:44:19 2026]   node   0: [mem 0x00000000696f9000-0x000000006a05efff]
[Tue Apr 21 17:44:19 2026]   node   0: [mem 0x000000006d056000-0x000000006fffffff]
[Tue Apr 21 17:44:19 2026]   node   0: [mem 0x0000000100000000-0x000000183fffffff]
[Tue Apr 21 17:44:19 2026]   node   1: [mem 0x0000001840000000-0x000000303fffffff]
[Tue Apr 21 17:44:19 2026] Initmem setup node 0 [mem 0x0000000000001000-0x000000183fffffff]
[Tue Apr 21 17:44:19 2026] Initmem setup node 1 [mem 0x0000001840000000-0x000000303fffffff]
[Tue Apr 21 17:44:19 2026] On node 0, zone DMA: 1 pages in unavailable ranges
[Tue Apr 21 17:44:19 2026] On node 0, zone DMA: 102 pages in unavailable ranges
[Tue Apr 21 17:44:19 2026] On node 0, zone DMA32: 10585 pages in unavailable ranges
[Tue Apr 21 17:44:19 2026] On node 0, zone DMA32: 12279 pages in unavailable ranges
[Tue Apr 21 17:44:19 2026] ACPI: PM-Timer IO Port: 0x508
[Tue Apr 21 17:44:19 2026] ACPI: X2APIC_NMI (uid[0xffffffff] high level lint[0x1])
[Tue Apr 21 17:44:19 2026] ACPI: LAPIC_NMI (acpi_id[0xff] dfl edge lint[0x1])
[Tue Apr 21 17:44:19 2026] IOAPIC[0]: apic_id 8, version 32, address 0xfec00000, GSI 0-23
[Tue Apr 21 17:44:19 2026] IOAPIC[1]: apic_id 9, version 32, address 0xfec01000, GSI 24-31
[Tue Apr 21 17:44:19 2026] IOAPIC[2]: apic_id 10, version 32, address 0xfec08000, GSI 32-39
[Tue Apr 21 17:44:19 2026] IOAPIC[3]: apic_id 11, version 32, address 0xfec10000, GSI 40-47
[Tue Apr 21 17:44:19 2026] IOAPIC[4]: apic_id 12, version 32, address 0xfec18000, GSI 48-55
[Tue Apr 21 17:44:19 2026] IOAPIC[5]: apic_id 15, version 32, address 0xfec20000, GSI 72-79
[Tue Apr 21 17:44:19 2026] IOAPIC[6]: apic_id 16, version 32, address 0xfec28000, GSI 80-87
[Tue Apr 21 17:44:19 2026] IOAPIC[7]: apic_id 17, version 32, address 0xfec30000, GSI 88-95
[Tue Apr 21 17:44:19 2026] IOAPIC[8]: apic_id 18, version 32, address 0xfec38000, GSI 96-103
[Tue Apr 21 17:44:19 2026] ACPI: INT_SRC_OVR (bus 0 bus_irq 0 global_irq 2 dfl dfl)
[Tue Apr 21 17:44:19 2026] ACPI: INT_SRC_OVR (bus 0 bus_irq 9 global_irq 9 high level)
[Tue Apr 21 17:44:19 2026] ACPI: Using ACPI (MADT) for SMP configuration information
[Tue Apr 21 17:44:19 2026] ACPI: HPET id: 0x8086a701 base: 0xfed00000
[Tue Apr 21 17:44:19 2026] TSC deadline timer available
[Tue Apr 21 17:44:19 2026] smpboot: Allowing 40 CPUs, 0 hotplug CPUs
[Tue Apr 21 17:44:19 2026] PM: hibernation: Registered nosave memory: [mem 0x00000000-0x00000fff]
[Tue Apr 21 17:44:19 2026] PM: hibernation: Registered nosave memory: [mem 0x0009a000-0x000fffff]
[Tue Apr 21 17:44:19 2026] PM: hibernation: Registered nosave memory: [mem 0x66da0000-0x696f8fff]
[Tue Apr 21 17:44:19 2026] PM: hibernation: Registered nosave memory: [mem 0x6a05f000-0x6d055fff]
[Tue Apr 21 17:44:19 2026] PM: hibernation: Registered nosave memory: [mem 0x70000000-0xffffffff]
[Tue Apr 21 17:44:19 2026] [mem 0x90000000-0xfcffffff] available for PCI devices
[Tue Apr 21 17:44:19 2026] Booting paravirtualized kernel on bare hardware
[Tue Apr 21 17:44:19 2026] clocksource: refined-jiffies: mask: 0xffffffff max_cycles: 0xffffffff, max_idle_ns: 7645519600211568 ns
[Tue Apr 21 17:44:19 2026] setup_percpu: NR_CPUS:8192 nr_cpumask_bits:40 nr_cpu_ids:40 nr_node_ids:2
[Tue Apr 21 17:44:19 2026] percpu: Embedded 62 pages/cpu s217088 r8192 d28672 u262144
[Tue Apr 21 17:44:19 2026] pcpu-alloc: s217088 r8192 d28672 u262144 alloc=1*2097152
[Tue Apr 21 17:44:19 2026] pcpu-alloc: [0] 00 01 02 03 04 05 06 07 [0] 08 09 20 21 22 23 24 25 
[Tue Apr 21 17:44:19 2026] pcpu-alloc: [0] 26 27 28 29 -- -- -- -- [1] 10 11 12 13 14 15 16 17 
[Tue Apr 21 17:44:19 2026] pcpu-alloc: [1] 18 19 30 31 32 33 34 35 [1] 36 37 38 39 -- -- -- -- 
[Tue Apr 21 17:44:19 2026] Built 2 zonelists, mobility grouping on.  Total pages: 49199893
[Tue Apr 21 17:44:19 2026] Policy zone: Normal
[Tue Apr 21 17:44:19 2026] Kernel command line: BOOT_IMAGE=/boot/vmlinuz-5.15.0-168-generic root=UUID=571337a8-0ea6-44bd-9cfc-6cb9719427c1 emulabcnet=00:5d:73:ef:d8:fe ro console=ttyS0,115200
[Tue Apr 21 17:44:19 2026] Unknown kernel command line parameters "BOOT_IMAGE=/boot/vmlinuz-5.15.0-168-generic emulabcnet=00:5d:73:ef:d8:fe", will be passed to user space.
[Tue Apr 21 17:44:19 2026] printk: log_buf_len individual max cpu contribution: 4096 bytes
[Tue Apr 21 17:44:19 2026] printk: log_buf_len total cpu_extra contributions: 159744 bytes
[Tue Apr 21 17:44:19 2026] printk: log_buf_len min size: 262144 bytes
[Tue Apr 21 17:44:19 2026] printk: log_buf_len: 524288 bytes
[Tue Apr 21 17:44:19 2026] printk: early log buf free: 247496(94%)
[Tue Apr 21 17:44:19 2026] mem auto-init: stack:off, heap alloc:on, heap free:off
[Tue Apr 21 17:44:20 2026] Memory: 196591308K/199924004K available (16393K kernel code, 4398K rwdata, 10992K rodata, 3292K init, 18772K bss, 3332436K reserved, 0K cma-reserved)
[Tue Apr 21 17:44:20 2026] SLUB: HWalign=64, Order=0-3, MinObjects=0, CPUs=40, Nodes=2
[Tue Apr 21 17:44:20 2026] Kernel/User page tables isolation: enabled
[Tue Apr 21 17:44:20 2026] ftrace: allocating 50876 entries in 199 pages
[Tue Apr 21 17:44:20 2026] ftrace: allocated 199 pages with 5 groups
[Tue Apr 21 17:44:20 2026] rcu: Hierarchical RCU implementation.
[Tue Apr 21 17:44:20 2026] rcu: 	RCU restricting CPUs from NR_CPUS=8192 to nr_cpu_ids=40.
[Tue Apr 21 17:44:20 2026] 	Rude variant of Tasks RCU enabled.
[Tue Apr 21 17:44:20 2026] 	Tracing variant of Tasks RCU enabled.
[Tue Apr 21 17:44:20 2026] rcu: RCU calculated value of scheduler-enlistment delay is 25 jiffies.
[Tue Apr 21 17:44:20 2026] rcu: Adjusting geometry for rcu_fanout_leaf=16, nr_cpu_ids=40
[Tue Apr 21 17:44:20 2026] NR_IRQS: 524544, nr_irqs: 2104, preallocated irqs: 16
[Tue Apr 21 17:44:20 2026] random: crng init done
[Tue Apr 21 17:44:20 2026] Console: colour VGA+ 80x25
[Tue Apr 21 17:44:21 2026] printk: console [ttyS0] enabled
[Tue Apr 21 17:44:21 2026] mempolicy: Enabling automatic NUMA balancing. Configure with numa_balancing= or the kernel.numa_balancing sysctl
[Tue Apr 21 17:44:21 2026] ACPI: Core revision 20210730
[Tue Apr 21 17:44:21 2026] clocksource: hpet: mask: 0xffffffff max_cycles: 0xffffffff, max_idle_ns: 79635855245 ns
[Tue Apr 21 17:44:21 2026] APIC: Switch to symmetric I/O mode setup
[Tue Apr 21 17:44:21 2026] DMAR: Host address width 46
[Tue Apr 21 17:44:22 2026] DMAR: DRHD base: 0x000000d37fc000 flags: 0x0
[Tue Apr 21 17:44:22 2026] DMAR: dmar0: reg_base_addr d37fc000 ver 1:0 cap 8d2078c106f0466 ecap f020de
[Tue Apr 21 17:44:22 2026] DMAR: DRHD base: 0x000000e0ffc000 flags: 0x0
[Tue Apr 21 17:44:22 2026] DMAR: dmar1: reg_base_addr e0ffc000 ver 1:0 cap 8d2078c106f0466 ecap f020de
[Tue Apr 21 17:44:22 2026] DMAR: DRHD base: 0x000000ee7fc000 flags: 0x0
[Tue Apr 21 17:44:22 2026] DMAR: dmar2: reg_base_addr ee7fc000 ver 1:0 cap 8d2078c106f0466 ecap f020de
[Tue Apr 21 17:44:22 2026] DMAR: DRHD base: 0x000000fbffc000 flags: 0x0
[Tue Apr 21 17:44:22 2026] DMAR: dmar3: reg_base_addr fbffc000 ver 1:0 cap 8d2078c106f0466 ecap f020de
[Tue Apr 21 17:44:22 2026] DMAR: DRHD base: 0x000000aaffc000 flags: 0x0
[Tue Apr 21 17:44:22 2026] DMAR: dmar4: reg_base_addr aaffc000 ver 1:0 cap 8d2078c106f0466 ecap f020de
[Tue Apr 21 17:44:22 2026] DMAR: DRHD base: 0x000000b87fc000 flags: 0x0
[Tue Apr 21 17:44:22 2026] DMAR: dmar5: reg_base_addr b87fc000 ver 1:0 cap 8d2078c106f0466 ecap f020de
[Tue Apr 21 17:44:22 2026] DMAR: DRHD base: 0x000000c5ffc000 flags: 0x0
[Tue Apr 21 17:44:22 2026] DMAR: dmar6: reg_base_addr c5ffc000 ver 1:0 cap 8d2078c106f0466 ecap f020de
[Tue Apr 21 17:44:22 2026] DMAR: DRHD base: 0x0000009d7fc000 flags: 0x1
[Tue Apr 21 17:44:22 2026] DMAR: dmar7: reg_base_addr 9d7fc000 ver 1:0 cap 8d2078c106f0466 ecap f020de
[Tue Apr 21 17:44:22 2026] DMAR: RMRR base: 0x0000006cad0000 end: 0x0000006cae1fff
[Tue Apr 21 17:44:22 2026] DMAR: ATSR flags: 0x0
[Tue Apr 21 17:44:22 2026] DMAR: ATSR flags: 0x0
[Tue Apr 21 17:44:22 2026] DMAR: RHSA base: 0x0000009d7fc000 proximity domain: 0x0
[Tue Apr 21 17:44:22 2026] DMAR: RHSA base: 0x000000aaffc000 proximity domain: 0x0
[Tue Apr 21 17:44:22 2026] DMAR: RHSA base: 0x000000b87fc000 proximity domain: 0x0
[Tue Apr 21 17:44:22 2026] DMAR: RHSA base: 0x000000c5ffc000 proximity domain: 0x0
[Tue Apr 21 17:44:22 2026] DMAR: RHSA base: 0x000000d37fc000 proximity domain: 0x1
[Tue Apr 21 17:44:22 2026] DMAR: RHSA base: 0x000000e0ffc000 proximity domain: 0x1
[Tue Apr 21 17:44:22 2026] DMAR: RHSA base: 0x000000ee7fc000 proximity domain: 0x1
[Tue Apr 21 17:44:22 2026] DMAR: RHSA base: 0x000000fbffc000 proximity domain: 0x1
[Tue Apr 21 17:44:22 2026] DMAR-IR: IOAPIC id 12 under DRHD base  0xc5ffc000 IOMMU 6
[Tue Apr 21 17:44:22 2026] DMAR-IR: IOAPIC id 11 under DRHD base  0xb87fc000 IOMMU 5
[Tue Apr 21 17:44:22 2026] DMAR-IR: IOAPIC id 10 under DRHD base  0xaaffc000 IOMMU 4
[Tue Apr 21 17:44:22 2026] DMAR-IR: IOAPIC id 18 under DRHD base  0xfbffc000 IOMMU 3
[Tue Apr 21 17:44:22 2026] DMAR-IR: IOAPIC id 17 under DRHD base  0xee7fc000 IOMMU 2
[Tue Apr 21 17:44:22 2026] DMAR-IR: IOAPIC id 16 under DRHD base  0xe0ffc000 IOMMU 1
[Tue Apr 21 17:44:22 2026] DMAR-IR: IOAPIC id 15 under DRHD base  0xd37fc000 IOMMU 0
[Tue Apr 21 17:44:22 2026] DMAR-IR: IOAPIC id 8 under DRHD base  0x9d7fc000 IOMMU 7
[Tue Apr 21 17:44:22 2026] DMAR-IR: IOAPIC id 9 under DRHD base  0x9d7fc000 IOMMU 7
[Tue Apr 21 17:44:22 2026] DMAR-IR: HPET id 0 under DRHD base 0x9d7fc000
[Tue Apr 21 17:44:22 2026] DMAR-IR: Queued invalidation will be enabled to support x2apic and Intr-remapping.
[Tue Apr 21 17:44:22 2026] DMAR-IR: Enabled IRQ remapping in x2apic mode
[Tue Apr 21 17:44:22 2026] x2apic enabled
[Tue Apr 21 17:44:22 2026] Switched APIC routing to cluster x2apic.
[Tue Apr 21 17:44:22 2026] ..TIMER: vector=0x30 apic1=0 pin1=2 apic2=-1 pin2=-1
[Tue Apr 21 17:44:22 2026] clocksource: tsc-early: mask: 0xffffffffffffffff max_cycles: 0x1fb633008a4, max_idle_ns: 440795292230 ns
[Tue Apr 21 17:44:22 2026] Calibrating delay loop (skipped), value calculated using timer frequency.. 4400.00 BogoMIPS (lpj=8800000)
[Tue Apr 21 17:44:22 2026] CPU0: Thermal monitoring enabled (TM1)
[Tue Apr 21 17:44:22 2026] process: using mwait in idle threads
[Tue Apr 21 17:44:22 2026] Last level iTLB entries: 4KB 64, 2MB 8, 4MB 8
[Tue Apr 21 17:44:22 2026] Last level dTLB entries: 4KB 64, 2MB 32, 4MB 32, 1GB 4
[Tue Apr 21 17:44:22 2026] Spectre V1 : Mitigation: usercopy/swapgs barriers and __user pointer sanitization
[Tue Apr 21 17:44:22 2026] Spectre V2 : Mitigation: IBRS
[Tue Apr 21 17:44:22 2026] Spectre V2 : Spectre v2 / SpectreRSB: Filling RSB on context switch and VMEXIT
[Tue Apr 21 17:44:22 2026] RETBleed: Mitigation: IBRS
[Tue Apr 21 17:44:22 2026] Spectre V2 : mitigation: Enabling conditional Indirect Branch Prediction Barrier
[Tue Apr 21 17:44:22 2026] Spectre V2 : User space: Mitigation: STIBP via seccomp and prctl
[Tue Apr 21 17:44:22 2026] Speculative Store Bypass: Mitigation: Speculative Store Bypass disabled via prctl and seccomp
[Tue Apr 21 17:44:22 2026] MDS: Mitigation: Clear CPU buffers
[Tue Apr 21 17:44:22 2026] TAA: Mitigation: Clear CPU buffers
[Tue Apr 21 17:44:22 2026] MMIO Stale Data: Mitigation: Clear CPU buffers
[Tue Apr 21 17:44:22 2026] GDS: Mitigation: Microcode
[Tue Apr 21 17:44:22 2026] VMSCAPE: Mitigation: IBPB before exit to userspace
[Tue Apr 21 17:44:22 2026] x86/fpu: Supporting XSAVE feature 0x001: 'x87 floating point registers'
[Tue Apr 21 17:44:22 2026] x86/fpu: Supporting XSAVE feature 0x002: 'SSE registers'
[Tue Apr 21 17:44:22 2026] x86/fpu: Supporting XSAVE feature 0x004: 'AVX registers'
[Tue Apr 21 17:44:22 2026] x86/fpu: Supporting XSAVE feature 0x008: 'MPX bounds registers'
[Tue Apr 21 17:44:22 2026] x86/fpu: Supporting XSAVE feature 0x010: 'MPX CSR'
[Tue Apr 21 17:44:22 2026] x86/fpu: Supporting XSAVE feature 0x020: 'AVX-512 opmask'
[Tue Apr 21 17:44:22 2026] x86/fpu: Supporting XSAVE feature 0x040: 'AVX-512 Hi256'
[Tue Apr 21 17:44:22 2026] x86/fpu: Supporting XSAVE feature 0x080: 'AVX-512 ZMM_Hi256'
[Tue Apr 21 17:44:22 2026] x86/fpu: Supporting XSAVE feature 0x200: 'Protection Keys User registers'
[Tue Apr 21 17:44:22 2026] x86/fpu: xstate_offset[2]:  576, xstate_sizes[2]:  256
[Tue Apr 21 17:44:22 2026] x86/fpu: xstate_offset[3]:  832, xstate_sizes[3]:   64
[Tue Apr 21 17:44:22 2026] x86/fpu: xstate_offset[4]:  896, xstate_sizes[4]:   64
[Tue Apr 21 17:44:22 2026] x86/fpu: xstate_offset[5]:  960, xstate_sizes[5]:   64
[Tue Apr 21 17:44:22 2026] x86/fpu: xstate_offset[6]: 1024, xstate_sizes[6]:  512
[Tue Apr 21 17:44:22 2026] x86/fpu: xstate_offset[7]: 1536, xstate_sizes[7]: 1024
[Tue Apr 21 17:44:22 2026] x86/fpu: xstate_offset[9]: 2560, xstate_sizes[9]:    8
[Tue Apr 21 17:44:22 2026] x86/fpu: Enabled xstate features 0x2ff, context size is 2568 bytes, using 'compacted' format.
[Tue Apr 21 17:44:22 2026] Freeing SMP alternatives memory: 44K
[Tue Apr 21 17:44:22 2026] pid_max: default: 40960 minimum: 320
[Tue Apr 21 17:44:22 2026] LSM: Security Framework initializing
[Tue Apr 21 17:44:22 2026] landlock: Up and running.
[Tue Apr 21 17:44:22 2026] Yama: becoming mindful.
[Tue Apr 21 17:44:22 2026] AppArmor: AppArmor initialized
[Tue Apr 21 17:44:22 2026] Dentry cache hash table entries: 16777216 (order: 15, 134217728 bytes, vmalloc)
[Tue Apr 21 17:44:22 2026] Inode-cache hash table entries: 8388608 (order: 14, 67108864 bytes, vmalloc)
[Tue Apr 21 17:44:22 2026] Mount-cache hash table entries: 262144 (order: 9, 2097152 bytes, vmalloc)
[Tue Apr 21 17:44:22 2026] Mountpoint-cache hash table entries: 262144 (order: 9, 2097152 bytes, vmalloc)
[Tue Apr 21 17:44:22 2026] smpboot: Estimated ratio of average max frequency by base frequency (times 1024): 1303
[Tue Apr 21 17:44:22 2026] smpboot: CPU0: Intel(R) Xeon(R) Silver 4114 CPU @ 2.20GHz (family: 0x6, model: 0x55, stepping: 0x4)
[Tue Apr 21 17:44:22 2026] Performance Events: PEBS fmt3+, Skylake events, 32-deep LBR, full-width counters, Intel PMU driver.
[Tue Apr 21 17:44:22 2026] ... version:                4
[Tue Apr 21 17:44:22 2026] ... bit width:              48
[Tue Apr 21 17:44:22 2026] ... generic registers:      4
[Tue Apr 21 17:44:22 2026] ... value mask:             0000ffffffffffff
[Tue Apr 21 17:44:22 2026] ... max period:             00007fffffffffff
[Tue Apr 21 17:44:22 2026] ... fixed-purpose events:   3
[Tue Apr 21 17:44:22 2026] ... event mask:             000000070000000f
[Tue Apr 21 17:44:22 2026] signal: max sigframe size: 3632
[Tue Apr 21 17:44:22 2026] rcu: Hierarchical SRCU implementation.
[Tue Apr 21 17:44:22 2026] NMI watchdog: Enabled. Permanently consumes one hw-PMU counter.
[Tue Apr 21 17:44:22 2026] smp: Bringing up secondary CPUs ...
[Tue Apr 21 17:44:22 2026] x86: Booting SMP configuration:
[Tue Apr 21 17:44:22 2026] .... node  #0, CPUs:        #1  #2  #3  #4  #5  #6  #7  #8  #9
[Tue Apr 21 17:44:22 2026] .... node  #1, CPUs:   #10
[Tue Apr 21 17:44:20 2026] smpboot: CPU 10 Converting physical 0 to logical die 1
[Tue Apr 21 17:44:22 2026]  #11 #12 #13 #14 #15 #16 #17 #18 #19
[Tue Apr 21 17:44:22 2026] .... node  #0, CPUs:   #20
[Tue Apr 21 17:44:22 2026] MDS CPU bug present and SMT on, data leak possible. See https://www.kernel.org/doc/html/latest/admin-guide/hw-vuln/mds.html for more details.
[Tue Apr 21 17:44:22 2026] TAA CPU bug present and SMT on, data leak possible. See https://www.kernel.org/doc/html/latest/admin-guide/hw-vuln/tsx_async_abort.html for more details.
[Tue Apr 21 17:44:22 2026] MMIO Stale Data CPU bug present and SMT on, data leak possible. See https://www.kernel.org/doc/html/latest/admin-guide/hw-vuln/processor_mmio_stale_data.html for more details.
[Tue Apr 21 17:44:22 2026] VMSCAPE: SMT on, STIBP is required for full protection. See https://www.kernel.org/doc/html/latest/admin-guide/hw-vuln/vmscape.html for more details.
[Tue Apr 21 17:44:22 2026]  #21 #22 #23 #24 #25 #26 #27 #28 #29
[Tue Apr 21 17:44:22 2026] .... node  #1, CPUs:   #30 #31 #32 #33 #34 #35 #36 #37 #38 #39
[Tue Apr 21 17:44:22 2026] smp: Brought up 2 nodes, 40 CPUs
[Tue Apr 21 17:44:22 2026] smpboot: Max logical packages: 2
[Tue Apr 21 17:44:22 2026] smpboot: Total of 40 processors activated (176042.86 BogoMIPS)
[Tue Apr 21 17:44:23 2026] devtmpfs: initialized
[Tue Apr 21 17:44:23 2026] x86/mm: Memory block size: 2048MB
[Tue Apr 21 17:44:23 2026] ACPI: PM: Registering ACPI NVS region [mem 0x6a05f000-0x6ae88fff] (14852096 bytes)
[Tue Apr 21 17:44:23 2026] clocksource: jiffies: mask: 0xffffffff max_cycles: 0xffffffff, max_idle_ns: 7645041785100000 ns
[Tue Apr 21 17:44:23 2026] futex hash table entries: 16384 (order: 8, 1048576 bytes, vmalloc)
[Tue Apr 21 17:44:23 2026] pinctrl core: initialized pinctrl subsystem
[Tue Apr 21 17:44:23 2026] PM: RTC time: 22:44:21, date: 2026-04-21
[Tue Apr 21 17:44:23 2026] NET: Registered PF_NETLINK/PF_ROUTE protocol family
[Tue Apr 21 17:44:23 2026] DMA: preallocated 4096 KiB GFP_KERNEL pool for atomic allocations
[Tue Apr 21 17:44:23 2026] DMA: preallocated 4096 KiB GFP_KERNEL|GFP_DMA pool for atomic allocations
[Tue Apr 21 17:44:23 2026] DMA: preallocated 4096 KiB GFP_KERNEL|GFP_DMA32 pool for atomic allocations
[Tue Apr 21 17:44:23 2026] audit: initializing netlink subsys (disabled)
[Tue Apr 21 17:44:23 2026] audit: type=2000 audit(1776811458.928:1): state=initialized audit_enabled=0 res=1
[Tue Apr 21 17:44:23 2026] thermal_sys: Registered thermal governor 'fair_share'
[Tue Apr 21 17:44:23 2026] thermal_sys: Registered thermal governor 'bang_bang'
[Tue Apr 21 17:44:23 2026] thermal_sys: Registered thermal governor 'step_wise'
[Tue Apr 21 17:44:23 2026] thermal_sys: Registered thermal governor 'user_space'
[Tue Apr 21 17:44:23 2026] thermal_sys: Registered thermal governor 'power_allocator'
[Tue Apr 21 17:44:23 2026] cpuidle: using governor ladder
[Tue Apr 21 17:44:23 2026] cpuidle: using governor menu
[Tue Apr 21 17:44:23 2026] Detected 1 PCC Subspaces
[Tue Apr 21 17:44:23 2026] Registering PCC driver as Mailbox controller
[Tue Apr 21 17:44:23 2026] ACPI FADT declares the system doesn't support PCIe ASPM, so disable it
[Tue Apr 21 17:44:23 2026] ACPI: bus type PCI registered
[Tue Apr 21 17:44:23 2026] acpiphp: ACPI Hot Plug PCI Controller Driver version: 0.5
[Tue Apr 21 17:44:23 2026] PCI: MMCONFIG for domain 0000 [bus 00-ff] at [mem 0x80000000-0x8fffffff] (base 0x80000000)
[Tue Apr 21 17:44:23 2026] PCI: MMCONFIG at [mem 0x80000000-0x8fffffff] reserved in E820
[Tue Apr 21 17:44:23 2026] PCI: Using configuration type 1 for base access
[Tue Apr 21 17:44:23 2026] ENERGY_PERF_BIAS: Set to 'normal', was 'performance'
[Tue Apr 21 17:44:23 2026] kprobes: kprobe jump-optimization is enabled. All kprobes are optimized if possible.
[Tue Apr 21 17:44:23 2026] HugeTLB registered 1.00 GiB page size, pre-allocated 0 pages
[Tue Apr 21 17:44:23 2026] HugeTLB registered 2.00 MiB page size, pre-allocated 0 pages
[Tue Apr 21 17:44:23 2026] ACPI: Added _OSI(Module Device)
[Tue Apr 21 17:44:23 2026] ACPI: Added _OSI(Processor Device)
[Tue Apr 21 17:44:23 2026] ACPI: Added _OSI(Processor Aggregator Device)
[Tue Apr 21 17:44:23 2026] ACPI: Added _OSI(Linux-Dell-Video)
[Tue Apr 21 17:44:23 2026] ACPI: Added _OSI(Linux-Lenovo-NV-HDMI-Audio)
[Tue Apr 21 17:44:23 2026] ACPI: Added _OSI(Linux-HPI-Hybrid-Graphics)
[Tue Apr 21 17:44:23 2026] ACPI: 5 ACPI AML tables successfully acquired and loaded
[Tue Apr 21 17:44:23 2026] ACPI: [Firmware Bug]: BIOS _OSI(Linux) query ignored
[Tue Apr 21 17:44:23 2026] ACPI: Dynamic OEM Table Load:
[Tue Apr 21 17:44:23 2026] ACPI: Dynamic OEM Table Load:
[Tue Apr 21 17:44:23 2026] ACPI: Dynamic OEM Table Load:
[Tue Apr 21 17:44:23 2026] ACPI: Interpreter enabled
[Tue Apr 21 17:44:23 2026] ACPI: PM: (supports S0 S5)
[Tue Apr 21 17:44:23 2026] ACPI: Using IOAPIC for interrupt routing
[Tue Apr 21 17:44:23 2026] HEST: Table parsing has been initialized.
[Tue Apr 21 17:44:23 2026] GHES: APEI firmware first mode is enabled by APEI bit and WHEA _OSC.
[Tue Apr 21 17:44:23 2026] PCI: Using host bridge windows from ACPI; if necessary, use "pci=nocrs" and report a bug
[Tue Apr 21 17:44:23 2026] PCI: Using E820 reservations for host bridge windows
[Tue Apr 21 17:44:23 2026] ACPI: Enabled 6 GPEs in block 00 to 7F
[Tue Apr 21 17:44:23 2026] ACPI: PCI Root Bridge [PC00] (domain 0000 [bus 00-16])
[Tue Apr 21 17:44:23 2026] acpi PNP0A08:00: _OSC: OS supports [ExtendedConfig ASPM ClockPM Segments MSI EDR HPX-Type3]
[Tue Apr 21 17:44:23 2026] acpi PNP0A08:00: _OSC: platform does not support [SHPCHotplug AER LTR DPC]
[Tue Apr 21 17:44:23 2026] acpi PNP0A08:00: _OSC: OS now controls [PCIeHotplug PME PCIeCapability]
[Tue Apr 21 17:44:23 2026] acpi PNP0A08:00: FADT indicates ASPM is unsupported, using BIOS configuration
[Tue Apr 21 17:44:23 2026] PCI host bridge to bus 0000:00
[Tue Apr 21 17:44:23 2026] pci_bus 0000:00: root bus resource [io  0x0000-0x03af window]
[Tue Apr 21 17:44:23 2026] pci_bus 0000:00: root bus resource [io  0x03e0-0x0cf7 window]
[Tue Apr 21 17:44:23 2026] pci_bus 0000:00: root bus resource [io  0x03b0-0x03bb window]
[Tue Apr 21 17:44:23 2026] pci_bus 0000:00: root bus resource [io  0x03c0-0x03df window]
[Tue Apr 21 17:44:23 2026] pci_bus 0000:00: root bus resource [io  0x1000-0x3fff window]
[Tue Apr 21 17:44:23 2026] pci_bus 0000:00: root bus resource [mem 0x000a0000-0x000bffff window]
[Tue Apr 21 17:44:23 2026] pci_bus 0000:00: root bus resource [mem 0x000c4000-0x000c7fff window]
[Tue Apr 21 17:44:23 2026] pci_bus 0000:00: root bus resource [mem 0xfe010000-0xfe010fff window]
[Tue Apr 21 17:44:23 2026] pci_bus 0000:00: root bus resource [mem 0x90000000-0x9d7fffff window]
[Tue Apr 21 17:44:23 2026] pci_bus 0000:00: root bus resource [mem 0x30000000000-0x33fffffffff window]
[Tue Apr 21 17:44:23 2026] pci_bus 0000:00: root bus resource [bus 00-16]
[Tue Apr 21 17:44:23 2026] pci 0000:00:00.0: [8086:2020] type 00 class 0x060000
[Tue Apr 21 17:44:23 2026] pci 0000:00:04.0: [8086:2021] type 00 class 0x088000
[Tue Apr 21 17:44:23 2026] pci 0000:00:04.0: reg 0x10: [mem 0x33ffff2c000-0x33ffff2ffff 64bit]
[Tue Apr 21 17:44:23 2026] pci 0000:00:04.1: [8086:2021] type 00 class 0x088000
[Tue Apr 21 17:44:23 2026] pci 0000:00:04.1: reg 0x10: [mem 0x33ffff28000-0x33ffff2bfff 64bit]
[Tue Apr 21 17:44:23 2026] pci 0000:00:04.2: [8086:2021] type 00 class 0x088000
[Tue Apr 21 17:44:23 2026] pci 0000:00:04.2: reg 0x10: [mem 0x33ffff24000-0x33ffff27fff 64bit]
[Tue Apr 21 17:44:23 2026] pci 0000:00:04.3: [8086:2021] type 00 class 0x088000
[Tue Apr 21 17:44:23 2026] pci 0000:00:04.3: reg 0x10: [mem 0x33ffff20000-0x33ffff23fff 64bit]
[Tue Apr 21 17:44:24 2026] pci 0000:00:04.4: [8086:2021] type 00 class 0x088000
[Tue Apr 21 17:44:24 2026] pci 0000:00:04.4: reg 0x10: [mem 0x33ffff1c000-0x33ffff1ffff 64bit]
[Tue Apr 21 17:44:24 2026] pci 0000:00:04.5: [8086:2021] type 00 class 0x088000
[Tue Apr 21 17:44:24 2026] pci 0000:00:04.5: reg 0x10: [mem 0x33ffff18000-0x33ffff1bfff 64bit]
[Tue Apr 21 17:44:24 2026] pci 0000:00:04.6: [8086:2021] type 00 class 0x088000
[Tue Apr 21 17:44:24 2026] pci 0000:00:04.6: reg 0x10: [mem 0x33ffff14000-0x33ffff17fff 64bit]
[Tue Apr 21 17:44:24 2026] pci 0000:00:04.7: [8086:2021] type 00 class 0x088000
[Tue Apr 21 17:44:24 2026] pci 0000:00:04.7: reg 0x10: [mem 0x33ffff10000-0x33ffff13fff 64bit]
[Tue Apr 21 17:44:24 2026] pci 0000:00:05.0: [8086:2024] type 00 class 0x088000
[Tue Apr 21 17:44:24 2026] pci 0000:00:05.2: [8086:2025] type 00 class 0x088000
[Tue Apr 21 17:44:24 2026] pci 0000:00:05.4: [8086:2026] type 00 class 0x080020
[Tue Apr 21 17:44:24 2026] pci 0000:00:05.4: reg 0x10: [mem 0x9ca87000-0x9ca87fff]
[Tue Apr 21 17:44:24 2026] pci 0000:00:08.0: [8086:2014] type 00 class 0x088000
[Tue Apr 21 17:44:24 2026] pci 0000:00:08.1: [8086:2015] type 00 class 0x110100
[Tue Apr 21 17:44:24 2026] pci 0000:00:08.2: [8086:2016] type 00 class 0x088000
[Tue Apr 21 17:44:24 2026] pci 0000:00:11.0: [8086:a1ec] type 00 class 0xff0000
[Tue Apr 21 17:44:24 2026] pci 0000:00:11.0: device has non-compliant BARs; disabling IO/MEM decoding
[Tue Apr 21 17:44:24 2026] pci 0000:00:11.5: [8086:a1d2] type 00 class 0x010601
[Tue Apr 21 17:44:24 2026] pci 0000:00:11.5: reg 0x10: [mem 0x9ca84000-0x9ca85fff]
[Tue Apr 21 17:44:24 2026] pci 0000:00:11.5: reg 0x14: [mem 0x9ca86000-0x9ca860ff]
[Tue Apr 21 17:44:24 2026] pci 0000:00:11.5: reg 0x18: [io  0x3030-0x3037]
[Tue Apr 21 17:44:24 2026] pci 0000:00:11.5: reg 0x1c: [io  0x3020-0x3023]
[Tue Apr 21 17:44:24 2026] pci 0000:00:11.5: reg 0x20: [io  0x3000-0x301f]
[Tue Apr 21 17:44:24 2026] pci 0000:00:11.5: reg 0x24: [mem 0x9ca00000-0x9ca7ffff]
[Tue Apr 21 17:44:24 2026] pci 0000:00:11.5: PME# supported from D3hot
[Tue Apr 21 17:44:24 2026] pci 0000:00:14.0: [8086:a1af] type 00 class 0x0c0330
[Tue Apr 21 17:44:24 2026] pci 0000:00:14.0: reg 0x10: [mem 0x33ffff00000-0x33ffff0ffff 64bit]
[Tue Apr 21 17:44:24 2026] pci 0000:00:14.0: PME# supported from D3hot D3cold
[Tue Apr 21 17:44:24 2026] pci 0000:00:14.2: [8086:a1b1] type 00 class 0x118000
[Tue Apr 21 17:44:24 2026] pci 0000:00:14.2: reg 0x10: [mem 0x33ffff33000-0x33ffff33fff 64bit]
[Tue Apr 21 17:44:24 2026] pci 0000:00:16.0: [8086:a1ba] type 00 class 0x078000
[Tue Apr 21 17:44:24 2026] pci 0000:00:16.0: reg 0x10: [mem 0x33ffff32000-0x33ffff32fff 64bit]
[Tue Apr 21 17:44:24 2026] pci 0000:00:16.0: PME# supported from D3hot
[Tue Apr 21 17:44:24 2026] pci 0000:00:16.1: [8086:a1bb] type 00 class 0x078000
[Tue Apr 21 17:44:24 2026] pci 0000:00:16.1: reg 0x10: [mem 0x33ffff31000-0x33ffff31fff 64bit]
[Tue Apr 21 17:44:24 2026] pci 0000:00:16.1: PME# supported from D3hot
[Tue Apr 21 17:44:24 2026] pci 0000:00:16.4: [8086:a1be] type 00 class 0x078000
[Tue Apr 21 17:44:24 2026] pci 0000:00:16.4: reg 0x10: [mem 0x33ffff30000-0x33ffff30fff 64bit]
[Tue Apr 21 17:44:24 2026] pci 0000:00:16.4: PME# supported from D3hot
[Tue Apr 21 17:44:24 2026] pci 0000:00:1c.0: [8086:a190] type 01 class 0x060400
[Tue Apr 21 17:44:24 2026] pci 0000:00:1c.0: PME# supported from D0 D3hot D3cold
[Tue Apr 21 17:44:24 2026] pci 0000:00:1c.4: [8086:a194] type 01 class 0x060400
[Tue Apr 21 17:44:24 2026] pci 0000:00:1c.4: PME# supported from D0 D3hot D3cold
[Tue Apr 21 17:44:24 2026] pci 0000:00:1f.0: [8086:a1c1] type 00 class 0x060100
[Tue Apr 21 17:44:24 2026] pci 0000:00:1f.2: [8086:a1a1] type 00 class 0x058000
[Tue Apr 21 17:44:24 2026] pci 0000:00:1f.2: reg 0x10: [mem 0x9ca80000-0x9ca83fff]
[Tue Apr 21 17:44:24 2026] pci 0000:00:1f.5: [8086:a1a4] type 00 class 0x0c8000
[Tue Apr 21 17:44:24 2026] pci 0000:00:1f.5: reg 0x10: [mem 0xfe010000-0xfe010fff]
[Tue Apr 21 17:44:24 2026] pci 0000:00:1c.0: PCI bridge to [bus 01]
[Tue Apr 21 17:44:24 2026] pci 0000:02:00.0: [19a2:0120] type 01 class 0x060400
[Tue Apr 21 17:44:24 2026] pci 0000:02:00.0: reg 0x10: [mem 0x9c900000-0x9c900fff 64bit]
[Tue Apr 21 17:44:24 2026] pci 0000:00:1c.4: PCI bridge to [bus 02-03]
[Tue Apr 21 17:44:24 2026] pci 0000:00:1c.4:   bridge window [mem 0x9b000000-0x9c9fffff]
[Tue Apr 21 17:44:24 2026] pci_bus 0000:03: extended config space not accessible
[Tue Apr 21 17:44:24 2026] pci 0000:03:00.0: [102b:0522] type 00 class 0x030000
[Tue Apr 21 17:44:24 2026] pci 0000:03:00.0: reg 0x10: [mem 0x9b000000-0x9bffffff]
[Tue Apr 21 17:44:24 2026] pci 0000:03:00.0: reg 0x14: [mem 0x9c810000-0x9c813fff]
[Tue Apr 21 17:44:24 2026] pci 0000:03:00.0: reg 0x18: [mem 0x9c000000-0x9c7fffff]
[Tue Apr 21 17:44:24 2026] pci 0000:03:00.0: reg 0x30: [mem 0x9c800000-0x9c80ffff pref]
[Tue Apr 21 17:44:24 2026] pci 0000:03:00.0: Video device with shadowed ROM at [mem 0x000c0000-0x000dffff]
[Tue Apr 21 17:44:24 2026] pci 0000:02:00.0: PCI bridge to [bus 03]
[Tue Apr 21 17:44:24 2026] pci 0000:02:00.0:   bridge window [mem 0x9b000000-0x9c8fffff]
[Tue Apr 21 17:44:24 2026] pci 0000:02:00.0:   bridge window [mem 0x00000000-0x000fffff pref]
[Tue Apr 21 17:44:24 2026] pci_bus 0000:00: on NUMA node 0
[Tue Apr 21 17:44:24 2026] ACPI: PCI Root Bridge [PC01] (domain 0000 [bus 17-39])
[Tue Apr 21 17:44:24 2026] acpi PNP0A08:01: _OSC: OS supports [ExtendedConfig ASPM ClockPM Segments MSI EDR HPX-Type3]
[Tue Apr 21 17:44:24 2026] acpi PNP0A08:01: _OSC: platform does not support [SHPCHotplug AER LTR DPC]
[Tue Apr 21 17:44:24 2026] acpi PNP0A08:01: _OSC: OS now controls [PCIeHotplug PME PCIeCapability]
[Tue Apr 21 17:44:24 2026] acpi PNP0A08:01: FADT indicates ASPM is unsupported, using BIOS configuration
[Tue Apr 21 17:44:24 2026] PCI host bridge to bus 0000:17
[Tue Apr 21 17:44:24 2026] pci_bus 0000:17: root bus resource [io  0x4000-0x5fff window]
[Tue Apr 21 17:44:24 2026] pci_bus 0000:17: root bus resource [mem 0x9d800000-0xaaffffff window]
[Tue Apr 21 17:44:24 2026] pci_bus 0000:17: root bus resource [mem 0x34000000000-0x37fffffffff window]
[Tue Apr 21 17:44:24 2026] pci_bus 0000:17: root bus resource [bus 17-39]
[Tue Apr 21 17:44:24 2026] pci 0000:17:05.0: [8086:2034] type 00 class 0x088000
[Tue Apr 21 17:44:24 2026] pci 0000:17:05.2: [8086:2035] type 00 class 0x088000
[Tue Apr 21 17:44:24 2026] pci 0000:17:05.4: [8086:2036] type 00 class 0x080020
[Tue Apr 21 17:44:24 2026] pci 0000:17:05.4: reg 0x10: [mem 0xaaf00000-0xaaf00fff]
[Tue Apr 21 17:44:24 2026] pci 0000:17:08.0: [8086:208d] type 00 class 0x088000
[Tue Apr 21 17:44:24 2026] pci 0000:17:08.1: [8086:208d] type 00 class 0x088000
[Tue Apr 21 17:44:24 2026] pci 0000:17:08.2: [8086:208d] type 00 class 0x088000
[Tue Apr 21 17:44:24 2026] pci 0000:17:08.3: [8086:208d] type 00 class 0x088000
[Tue Apr 21 17:44:24 2026] pci 0000:17:08.4: [8086:208d] type 00 class 0x088000
[Tue Apr 21 17:44:24 2026] pci 0000:17:08.5: [8086:208d] type 00 class 0x088000
[Tue Apr 21 17:44:24 2026] pci 0000:17:08.6: [8086:208d] type 00 class 0x088000
[Tue Apr 21 17:44:24 2026] pci 0000:17:08.7: [8086:208d] type 00 class 0x088000
[Tue Apr 21 17:44:24 2026] pci 0000:17:09.0: [8086:208d] type 00 class 0x088000
[Tue Apr 21 17:44:24 2026] pci 0000:17:09.1: [8086:208d] type 00 class 0x088000
[Tue Apr 21 17:44:24 2026] pci 0000:17:0e.0: [8086:208e] type 00 class 0x088000
[Tue Apr 21 17:44:24 2026] pci 0000:17:0e.1: [8086:208e] type 00 class 0x088000
[Tue Apr 21 17:44:24 2026] pci 0000:17:0e.2: [8086:208e] type 00 class 0x088000
[Tue Apr 21 17:44:24 2026] pci 0000:17:0e.3: [8086:208e] type 00 class 0x088000
[Tue Apr 21 17:44:24 2026] pci 0000:17:0e.4: [8086:208e] type 00 class 0x088000
[Tue Apr 21 17:44:24 2026] pci 0000:17:0e.5: [8086:208e] type 00 class 0x088000
[Tue Apr 21 17:44:24 2026] pci 0000:17:0e.6: [8086:208e] type 00 class 0x088000
[Tue Apr 21 17:44:24 2026] pci 0000:17:0e.7: [8086:208e] type 00 class 0x088000
[Tue Apr 21 17:44:24 2026] pci 0000:17:0f.0: [8086:208e] type 00 class 0x088000
[Tue Apr 21 17:44:24 2026] pci 0000:17:0f.1: [8086:208e] type 00 class 0x088000
[Tue Apr 21 17:44:24 2026] pci 0000:17:1d.0: [8086:2054] type 00 class 0x088000
[Tue Apr 21 17:44:24 2026] pci 0000:17:1d.1: [8086:2055] type 00 class 0x088000
[Tue Apr 21 17:44:24 2026] pci 0000:17:1d.2: [8086:2056] type 00 class 0x088000
[Tue Apr 21 17:44:24 2026] pci 0000:17:1d.3: [8086:2057] type 00 class 0x088000
[Tue Apr 21 17:44:24 2026] pci 0000:17:1e.0: [8086:2080] type 00 class 0x088000
[Tue Apr 21 17:44:24 2026] pci 0000:17:1e.1: [8086:2081] type 00 class 0x088000
[Tue Apr 21 17:44:24 2026] pci 0000:17:1e.2: [8086:2082] type 00 class 0x088000
[Tue Apr 21 17:44:24 2026] pci 0000:17:1e.3: [8086:2083] type 00 class 0x088000
[Tue Apr 21 17:44:24 2026] pci 0000:17:1e.4: [8086:2084] type 00 class 0x088000
[Tue Apr 21 17:44:24 2026] pci 0000:17:1e.5: [8086:2085] type 00 class 0x088000
[Tue Apr 21 17:44:24 2026] pci 0000:17:1e.6: [8086:2086] type 00 class 0x088000
[Tue Apr 21 17:44:24 2026] pci_bus 0000:17: on NUMA node 0
[Tue Apr 21 17:44:24 2026] ACPI: PCI Root Bridge [PC02] (domain 0000 [bus 3a-5c])
[Tue Apr 21 17:44:24 2026] acpi PNP0A08:02: _OSC: OS supports [ExtendedConfig ASPM ClockPM Segments MSI EDR HPX-Type3]
[Tue Apr 21 17:44:24 2026] acpi PNP0A08:02: _OSC: platform does not support [SHPCHotplug AER LTR DPC]
[Tue Apr 21 17:44:24 2026] acpi PNP0A08:02: _OSC: OS now controls [PCIeHotplug PME PCIeCapability]
[Tue Apr 21 17:44:24 2026] acpi PNP0A08:02: FADT indicates ASPM is unsupported, using BIOS configuration
[Tue Apr 21 17:44:24 2026] PCI host bridge to bus 0000:3a
[Tue Apr 21 17:44:24 2026] pci_bus 0000:3a: root bus resource [io  0x6000-0x7fff window]
[Tue Apr 21 17:44:24 2026] pci_bus 0000:3a: root bus resource [mem 0xab000000-0xb87fffff window]
[Tue Apr 21 17:44:24 2026] pci_bus 0000:3a: root bus resource [mem 0x38000000000-0x3bfffffffff window]
[Tue Apr 21 17:44:24 2026] pci_bus 0000:3a: root bus resource [bus 3a-5c]
[Tue Apr 21 17:44:24 2026] pci 0000:3a:00.0: [8086:2030] type 01 class 0x060400
[Tue Apr 21 17:44:24 2026] pci 0000:3a:00.0: enabling Extended Tags
[Tue Apr 21 17:44:24 2026] pci 0000:3a:00.0: PME# supported from D0 D3hot D3cold
[Tue Apr 21 17:44:24 2026] pci 0000:3a:02.0: [8086:2032] type 01 class 0x060400
[Tue Apr 21 17:44:24 2026] pci 0000:3a:02.0: PME# supported from D0 D3hot D3cold
[Tue Apr 21 17:44:24 2026] pci 0000:3a:05.0: [8086:2034] type 00 class 0x088000
[Tue Apr 21 17:44:24 2026] pci 0000:3a:05.2: [8086:2035] type 00 class 0x088000
[Tue Apr 21 17:44:24 2026] pci 0000:3a:05.4: [8086:2036] type 00 class 0x080020
[Tue Apr 21 17:44:24 2026] pci 0000:3a:05.4: reg 0x10: [mem 0xb8700000-0xb8700fff]
[Tue Apr 21 17:44:24 2026] pci 0000:3a:08.0: [8086:2066] type 00 class 0x088000
[Tue Apr 21 17:44:24 2026] pci 0000:3a:09.0: [8086:2066] type 00 class 0x088000
[Tue Apr 21 17:44:24 2026] pci 0000:3a:0a.0: [8086:2040] type 00 class 0x088000
[Tue Apr 21 17:44:24 2026] pci 0000:3a:0a.1: [8086:2041] type 00 class 0x088000
[Tue Apr 21 17:44:24 2026] pci 0000:3a:0a.2: [8086:2042] type 00 class 0x088000
[Tue Apr 21 17:44:24 2026] pci 0000:3a:0a.3: [8086:2043] type 00 class 0x088000
[Tue Apr 21 17:44:24 2026] pci 0000:3a:0a.4: [8086:2044] type 00 class 0x088000
[Tue Apr 21 17:44:24 2026] pci 0000:3a:0a.5: [8086:2045] type 00 class 0x088000
[Tue Apr 21 17:44:24 2026] pci 0000:3a:0a.6: [8086:2046] type 00 class 0x088000
[Tue Apr 21 17:44:24 2026] pci 0000:3a:0a.7: [8086:2047] type 00 class 0x088000
[Tue Apr 21 17:44:24 2026] pci 0000:3a:0b.0: [8086:2048] type 00 class 0x088000
[Tue Apr 21 17:44:25 2026] pci 0000:3a:0b.1: [8086:2049] type 00 class 0x088000
[Tue Apr 21 17:44:25 2026] pci 0000:3a:0b.2: [8086:204a] type 00 class 0x088000
[Tue Apr 21 17:44:25 2026] pci 0000:3a:0b.3: [8086:204b] type 00 class 0x088000
[Tue Apr 21 17:44:25 2026] pci 0000:3a:0c.0: [8086:2040] type 00 class 0x088000
[Tue Apr 21 17:44:25 2026] pci 0000:3a:0c.1: [8086:2041] type 00 class 0x088000
[Tue Apr 21 17:44:25 2026] pci 0000:3a:0c.2: [8086:2042] type 00 class 0x088000
[Tue Apr 21 17:44:25 2026] pci 0000:3a:0c.3: [8086:2043] type 00 class 0x088000
[Tue Apr 21 17:44:25 2026] pci 0000:3a:0c.4: [8086:2044] type 00 class 0x088000
[Tue Apr 21 17:44:25 2026] pci 0000:3a:0c.5: [8086:2045] type 00 class 0x088000
[Tue Apr 21 17:44:25 2026] pci 0000:3a:0c.6: [8086:2046] type 00 class 0x088000
[Tue Apr 21 17:44:25 2026] pci 0000:3a:0c.7: [8086:2047] type 00 class 0x088000
[Tue Apr 21 17:44:25 2026] pci 0000:3a:0d.0: [8086:2048] type 00 class 0x088000
[Tue Apr 21 17:44:25 2026] pci 0000:3a:0d.1: [8086:2049] type 00 class 0x088000
[Tue Apr 21 17:44:25 2026] pci 0000:3a:0d.2: [8086:204a] type 00 class 0x088000
[Tue Apr 21 17:44:25 2026] pci 0000:3a:0d.3: [8086:204b] type 00 class 0x088000
[Tue Apr 21 17:44:25 2026] pci 0000:3b:00.0: [8086:1563] type 00 class 0x020000
[Tue Apr 21 17:44:25 2026] pci 0000:3b:00.0: reg 0x10: [mem 0xb7800000-0xb7bfffff 64bit pref]
[Tue Apr 21 17:44:25 2026] pci 0000:3b:00.0: reg 0x20: [mem 0xb7c04000-0xb7c07fff 64bit pref]
[Tue Apr 21 17:44:25 2026] pci 0000:3b:00.0: reg 0x30: [mem 0xb8080000-0xb80fffff pref]
[Tue Apr 21 17:44:25 2026] pci 0000:3b:00.0: PME# supported from D0 D3hot D3cold
[Tue Apr 21 17:44:25 2026] pci 0000:3b:00.0: reg 0x184: [mem 0xb8400000-0xb8403fff 64bit]
[Tue Apr 21 17:44:25 2026] pci 0000:3b:00.0: VF(n) BAR0 space: [mem 0xb8400000-0xb84fffff 64bit] (contains BAR0 for 64 VFs)
[Tue Apr 21 17:44:25 2026] pci 0000:3b:00.0: reg 0x190: [mem 0xb8300000-0xb8303fff 64bit]
[Tue Apr 21 17:44:25 2026] pci 0000:3b:00.0: VF(n) BAR3 space: [mem 0xb8300000-0xb83fffff 64bit] (contains BAR3 for 64 VFs)
[Tue Apr 21 17:44:25 2026] pci 0000:3b:00.1: [8086:1563] type 00 class 0x020000
[Tue Apr 21 17:44:25 2026] pci 0000:3b:00.1: reg 0x10: [mem 0xb7400000-0xb77fffff 64bit pref]
[Tue Apr 21 17:44:25 2026] pci 0000:3b:00.1: reg 0x20: [mem 0xb7c00000-0xb7c03fff 64bit pref]
[Tue Apr 21 17:44:25 2026] pci 0000:3b:00.1: reg 0x30: [mem 0xb8000000-0xb807ffff pref]
[Tue Apr 21 17:44:25 2026] pci 0000:3b:00.1: PME# supported from D0 D3hot D3cold
[Tue Apr 21 17:44:25 2026] pci 0000:3b:00.1: reg 0x184: [mem 0xb8200000-0xb8203fff 64bit]
[Tue Apr 21 17:44:25 2026] pci 0000:3b:00.1: VF(n) BAR0 space: [mem 0xb8200000-0xb82fffff 64bit] (contains BAR0 for 64 VFs)
[Tue Apr 21 17:44:25 2026] pci 0000:3b:00.1: reg 0x190: [mem 0xb8100000-0xb8103fff 64bit]
[Tue Apr 21 17:44:25 2026] pci 0000:3b:00.1: VF(n) BAR3 space: [mem 0xb8100000-0xb81fffff 64bit] (contains BAR3 for 64 VFs)
[Tue Apr 21 17:44:25 2026] pci 0000:3a:00.0: PCI bridge to [bus 3b]
[Tue Apr 21 17:44:25 2026] pci 0000:3a:00.0:   bridge window [mem 0xb8000000-0xb84fffff]
[Tue Apr 21 17:44:25 2026] pci 0000:3a:00.0:   bridge window [mem 0xb7400000-0xb7cfffff 64bit pref]
[Tue Apr 21 17:44:25 2026] pci 0000:3c:00.0: [1000:00ab] type 00 class 0x010700
[Tue Apr 21 17:44:25 2026] pci 0000:3c:00.0: reg 0x10: [mem 0xb7f00000-0xb7ffffff 64bit pref]
[Tue Apr 21 17:44:25 2026] pci 0000:3c:00.0: reg 0x18: [mem 0xb7e00000-0xb7efffff 64bit pref]
[Tue Apr 21 17:44:25 2026] pci 0000:3c:00.0: reg 0x20: [mem 0xb8500000-0xb85fffff]
[Tue Apr 21 17:44:25 2026] pci 0000:3c:00.0: reg 0x24: [io  0x7000-0x70ff]
[Tue Apr 21 17:44:25 2026] pci 0000:3c:00.0: reg 0x30: [mem 0x00000000-0x0007ffff pref]
[Tue Apr 21 17:44:25 2026] pci 0000:3c:00.0: supports D1 D2
[Tue Apr 21 17:44:25 2026] pci 0000:3a:02.0: PCI bridge to [bus 3c]
[Tue Apr 21 17:44:25 2026] pci 0000:3a:02.0:   bridge window [io  0x7000-0x7fff]
[Tue Apr 21 17:44:25 2026] pci 0000:3a:02.0:   bridge window [mem 0xb8500000-0xb86fffff]
[Tue Apr 21 17:44:25 2026] pci 0000:3a:02.0:   bridge window [mem 0xb7e00000-0xb7ffffff 64bit pref]
[Tue Apr 21 17:44:25 2026] pci_bus 0000:3a: on NUMA node 0
[Tue Apr 21 17:44:25 2026] ACPI: PCI Root Bridge [PC03] (domain 0000 [bus 5d-7f])
[Tue Apr 21 17:44:25 2026] acpi PNP0A08:03: _OSC: OS supports [ExtendedConfig ASPM ClockPM Segments MSI EDR HPX-Type3]
[Tue Apr 21 17:44:25 2026] acpi PNP0A08:03: _OSC: platform does not support [SHPCHotplug AER LTR DPC]
[Tue Apr 21 17:44:25 2026] acpi PNP0A08:03: _OSC: OS now controls [PCIeHotplug PME PCIeCapability]
[Tue Apr 21 17:44:25 2026] acpi PNP0A08:03: FADT indicates ASPM is unsupported, using BIOS configuration
[Tue Apr 21 17:44:25 2026] PCI host bridge to bus 0000:5d
[Tue Apr 21 17:44:25 2026] pci_bus 0000:5d: root bus resource [io  0x8000-0x9fff window]
[Tue Apr 21 17:44:25 2026] pci_bus 0000:5d: root bus resource [mem 0xb8800000-0xc5ffffff window]
[Tue Apr 21 17:44:25 2026] pci_bus 0000:5d: root bus resource [mem 0x3c000000000-0x3ffffffffff window]
[Tue Apr 21 17:44:25 2026] pci_bus 0000:5d: root bus resource [bus 5d-7f]
[Tue Apr 21 17:44:25 2026] pci 0000:5d:00.0: [8086:2030] type 01 class 0x060400
[Tue Apr 21 17:44:25 2026] pci 0000:5d:00.0: PME# supported from D0 D3hot D3cold
[Tue Apr 21 17:44:25 2026] pci 0000:5d:05.0: [8086:2034] type 00 class 0x088000
[Tue Apr 21 17:44:25 2026] pci 0000:5d:05.2: [8086:2035] type 00 class 0x088000
[Tue Apr 21 17:44:25 2026] pci 0000:5d:05.4: [8086:2036] type 00 class 0x080020
[Tue Apr 21 17:44:25 2026] pci 0000:5d:05.4: reg 0x10: [mem 0xc5f00000-0xc5f00fff]
[Tue Apr 21 17:44:25 2026] pci 0000:5d:0e.0: [8086:2058] type 00 class 0x110100
[Tue Apr 21 17:44:25 2026] pci 0000:5d:0e.1: [8086:2059] type 00 class 0x088000
[Tue Apr 21 17:44:25 2026] pci 0000:5d:0f.0: [8086:2058] type 00 class 0x110100
[Tue Apr 21 17:44:25 2026] pci 0000:5d:0f.1: [8086:2059] type 00 class 0x088000
[Tue Apr 21 17:44:25 2026] pci 0000:5d:12.0: [8086:204c] type 00 class 0x110100
[Tue Apr 21 17:44:25 2026] pci 0000:5d:12.1: [8086:204d] type 00 class 0x110100
[Tue Apr 21 17:44:25 2026] pci 0000:5d:12.2: [8086:204e] type 00 class 0x088000
[Tue Apr 21 17:44:25 2026] pci 0000:5d:15.0: [8086:2018] type 00 class 0x088000
[Tue Apr 21 17:44:25 2026] pci 0000:5d:16.0: [8086:2018] type 00 class 0x088000
[Tue Apr 21 17:44:25 2026] pci 0000:5d:16.4: [8086:2018] type 00 class 0x088000
[Tue Apr 21 17:44:25 2026] pci 0000:5e:00.0: [8086:1572] type 00 class 0x020000
[Tue Apr 21 17:44:25 2026] pci 0000:5e:00.0: reg 0x10: [mem 0xc4800000-0xc4ffffff 64bit pref]
[Tue Apr 21 17:44:25 2026] pci 0000:5e:00.0: reg 0x1c: [mem 0xc5808000-0xc580ffff 64bit pref]
[Tue Apr 21 17:44:25 2026] pci 0000:5e:00.0: reg 0x30: [mem 0xc5e80000-0xc5efffff pref]
[Tue Apr 21 17:44:25 2026] pci 0000:5e:00.0: PME# supported from D0 D3hot D3cold
[Tue Apr 21 17:44:25 2026] pci 0000:5e:00.0: reg 0x184: [mem 0xc5400000-0xc540ffff 64bit pref]
[Tue Apr 21 17:44:25 2026] pci 0000:5e:00.0: VF(n) BAR0 space: [mem 0xc5400000-0xc57fffff 64bit pref] (contains BAR0 for 64 VFs)
[Tue Apr 21 17:44:25 2026] pci 0000:5e:00.0: reg 0x190: [mem 0xc5910000-0xc5913fff 64bit pref]
[Tue Apr 21 17:44:25 2026] pci 0000:5e:00.0: VF(n) BAR3 space: [mem 0xc5910000-0xc5a0ffff 64bit pref] (contains BAR3 for 64 VFs)
[Tue Apr 21 17:44:25 2026] pci 0000:5e:00.1: [8086:1572] type 00 class 0x020000
[Tue Apr 21 17:44:25 2026] pci 0000:5e:00.1: reg 0x10: [mem 0xc4000000-0xc47fffff 64bit pref]
[Tue Apr 21 17:44:25 2026] pci 0000:5e:00.1: reg 0x1c: [mem 0xc5800000-0xc5807fff 64bit pref]
[Tue Apr 21 17:44:25 2026] pci 0000:5e:00.1: reg 0x30: [mem 0xc5e00000-0xc5e7ffff pref]
[Tue Apr 21 17:44:25 2026] pci 0000:5e:00.1: PME# supported from D0 D3hot D3cold
[Tue Apr 21 17:44:25 2026] pci 0000:5e:00.1: reg 0x184: [mem 0xc5000000-0xc500ffff 64bit pref]
[Tue Apr 21 17:44:25 2026] pci 0000:5e:00.1: VF(n) BAR0 space: [mem 0xc5000000-0xc53fffff 64bit pref] (contains BAR0 for 64 VFs)
[Tue Apr 21 17:44:25 2026] pci 0000:5e:00.1: reg 0x190: [mem 0xc5810000-0xc5813fff 64bit pref]
[Tue Apr 21 17:44:25 2026] pci 0000:5e:00.1: VF(n) BAR3 space: [mem 0xc5810000-0xc590ffff 64bit pref] (contains BAR3 for 64 VFs)
[Tue Apr 21 17:44:25 2026] pci 0000:5d:00.0: PCI bridge to [bus 5e]
[Tue Apr 21 17:44:25 2026] pci 0000:5d:00.0:   bridge window [mem 0xc5e00000-0xc5efffff]
[Tue Apr 21 17:44:25 2026] pci 0000:5d:00.0:   bridge window [mem 0xc4000000-0xc5afffff 64bit pref]
[Tue Apr 21 17:44:25 2026] pci_bus 0000:5d: on NUMA node 0
[Tue Apr 21 17:44:25 2026] ACPI: PCI Root Bridge [PC06] (domain 0000 [bus 80-84])
[Tue Apr 21 17:44:25 2026] acpi PNP0A08:06: _OSC: OS supports [ExtendedConfig ASPM ClockPM Segments MSI EDR HPX-Type3]
[Tue Apr 21 17:44:25 2026] acpi PNP0A08:06: _OSC: platform does not support [SHPCHotplug AER LTR DPC]
[Tue Apr 21 17:44:25 2026] acpi PNP0A08:06: _OSC: OS now controls [PCIeHotplug PME PCIeCapability]
[Tue Apr 21 17:44:25 2026] acpi PNP0A08:06: FADT indicates ASPM is unsupported, using BIOS configuration
[Tue Apr 21 17:44:25 2026] acpiphp: Slot [8191-10] registered
[Tue Apr 21 17:44:25 2026] PCI host bridge to bus 0000:80
[Tue Apr 21 17:44:25 2026] pci_bus 0000:80: root bus resource [io  0xa000-0xafff window]
[Tue Apr 21 17:44:25 2026] pci_bus 0000:80: root bus resource [mem 0xc6000000-0xd37fffff window]
[Tue Apr 21 17:44:25 2026] pci_bus 0000:80: root bus resource [mem 0x40000000000-0x43fffffffff window]
[Tue Apr 21 17:44:25 2026] pci_bus 0000:80: root bus resource [bus 80-84]
[Tue Apr 21 17:44:25 2026] pci 0000:80:04.0: [8086:2021] type 00 class 0x088000
[Tue Apr 21 17:44:25 2026] pci 0000:80:04.0: reg 0x10: [mem 0x43ffff1c000-0x43ffff1ffff 64bit]
[Tue Apr 21 17:44:25 2026] pci 0000:80:04.1: [8086:2021] type 00 class 0x088000
[Tue Apr 21 17:44:25 2026] pci 0000:80:04.1: reg 0x10: [mem 0x43ffff18000-0x43ffff1bfff 64bit]
[Tue Apr 21 17:44:25 2026] pci 0000:80:04.2: [8086:2021] type 00 class 0x088000
[Tue Apr 21 17:44:25 2026] pci 0000:80:04.2: reg 0x10: [mem 0x43ffff14000-0x43ffff17fff 64bit]
[Tue Apr 21 17:44:25 2026] pci 0000:80:04.3: [8086:2021] type 00 class 0x088000
[Tue Apr 21 17:44:25 2026] pci 0000:80:04.3: reg 0x10: [mem 0x43ffff10000-0x43ffff13fff 64bit]
[Tue Apr 21 17:44:25 2026] pci 0000:80:04.4: [8086:2021] type 00 class 0x088000
[Tue Apr 21 17:44:25 2026] pci 0000:80:04.4: reg 0x10: [mem 0x43ffff0c000-0x43ffff0ffff 64bit]
[Tue Apr 21 17:44:25 2026] pci 0000:80:04.5: [8086:2021] type 00 class 0x088000
[Tue Apr 21 17:44:25 2026] pci 0000:80:04.5: reg 0x10: [mem 0x43ffff08000-0x43ffff0bfff 64bit]
[Tue Apr 21 17:44:25 2026] pci 0000:80:04.6: [8086:2021] type 00 class 0x088000
[Tue Apr 21 17:44:25 2026] pci 0000:80:04.6: reg 0x10: [mem 0x43ffff04000-0x43ffff07fff 64bit]
[Tue Apr 21 17:44:25 2026] pci 0000:80:04.7: [8086:2021] type 00 class 0x088000
[Tue Apr 21 17:44:25 2026] pci 0000:80:04.7: reg 0x10: [mem 0x43ffff00000-0x43ffff03fff 64bit]
[Tue Apr 21 17:44:25 2026] pci 0000:80:05.0: [8086:2024] type 00 class 0x088000
[Tue Apr 21 17:44:25 2026] pci 0000:80:05.2: [8086:2025] type 00 class 0x088000
[Tue Apr 21 17:44:25 2026] pci 0000:80:05.4: [8086:2026] type 00 class 0x080020
[Tue Apr 21 17:44:25 2026] pci 0000:80:05.4: reg 0x10: [mem 0xd3700000-0xd3700fff]
[Tue Apr 21 17:44:25 2026] pci 0000:80:08.0: [8086:2014] type 00 class 0x088000
[Tue Apr 21 17:44:25 2026] pci 0000:80:08.1: [8086:2015] type 00 class 0x110100
[Tue Apr 21 17:44:25 2026] pci 0000:80:08.2: [8086:2016] type 00 class 0x088000
[Tue Apr 21 17:44:25 2026] pci_bus 0000:80: on NUMA node 1
[Tue Apr 21 17:44:25 2026] ACPI: PCI Root Bridge [PC07] (domain 0000 [bus 85-ad])
[Tue Apr 21 17:44:25 2026] acpi PNP0A08:07: _OSC: OS supports [ExtendedConfig ASPM ClockPM Segments MSI EDR HPX-Type3]
[Tue Apr 21 17:44:25 2026] acpi PNP0A08:07: _OSC: platform does not support [SHPCHotplug AER LTR DPC]
[Tue Apr 21 17:44:26 2026] acpi PNP0A08:07: _OSC: OS now controls [PCIeHotplug PME PCIeCapability]
[Tue Apr 21 17:44:26 2026] acpi PNP0A08:07: FADT indicates ASPM is unsupported, using BIOS configuration
[Tue Apr 21 17:44:26 2026] acpiphp: Slot [8191-14] registered
[Tue Apr 21 17:44:26 2026] acpiphp: Slot [8191-9] registered
[Tue Apr 21 17:44:26 2026] acpiphp: Slot [8191-11] registered
[Tue Apr 21 17:44:26 2026] acpiphp: Slot [8191-12] registered
[Tue Apr 21 17:44:26 2026] PCI host bridge to bus 0000:85
[Tue Apr 21 17:44:26 2026] pci_bus 0000:85: root bus resource [io  0xb000-0xcfff window]
[Tue Apr 21 17:44:26 2026] pci_bus 0000:85: root bus resource [mem 0xd3800000-0xe0ffffff window]
[Tue Apr 21 17:44:26 2026] pci_bus 0000:85: root bus resource [mem 0x44000000000-0x47fffffffff window]
[Tue Apr 21 17:44:26 2026] pci_bus 0000:85: root bus resource [bus 85-ad]
[Tue Apr 21 17:44:26 2026] pci 0000:85:05.0: [8086:2034] type 00 class 0x088000
[Tue Apr 21 17:44:26 2026] pci 0000:85:05.2: [8086:2035] type 00 class 0x088000
[Tue Apr 21 17:44:26 2026] pci 0000:85:05.4: [8086:2036] type 00 class 0x080020
[Tue Apr 21 17:44:26 2026] pci 0000:85:05.4: reg 0x10: [mem 0xe0f00000-0xe0f00fff]
[Tue Apr 21 17:44:26 2026] pci 0000:85:08.0: [8086:208d] type 00 class 0x088000
[Tue Apr 21 17:44:26 2026] pci 0000:85:08.1: [8086:208d] type 00 class 0x088000
[Tue Apr 21 17:44:26 2026] pci 0000:85:08.2: [8086:208d] type 00 class 0x088000
[Tue Apr 21 17:44:26 2026] pci 0000:85:08.3: [8086:208d] type 00 class 0x088000
[Tue Apr 21 17:44:26 2026] pci 0000:85:08.4: [8086:208d] type 00 class 0x088000
[Tue Apr 21 17:44:26 2026] pci 0000:85:08.5: [8086:208d] type 00 class 0x088000
[Tue Apr 21 17:44:26 2026] pci 0000:85:08.6: [8086:208d] type 00 class 0x088000
[Tue Apr 21 17:44:26 2026] pci 0000:85:08.7: [8086:208d] type 00 class 0x088000
[Tue Apr 21 17:44:26 2026] pci 0000:85:09.0: [8086:208d] type 00 class 0x088000
[Tue Apr 21 17:44:26 2026] pci 0000:85:09.1: [8086:208d] type 00 class 0x088000
[Tue Apr 21 17:44:26 2026] pci 0000:85:0e.0: [8086:208e] type 00 class 0x088000
[Tue Apr 21 17:44:26 2026] pci 0000:85:0e.1: [8086:208e] type 00 class 0x088000
[Tue Apr 21 17:44:26 2026] pci 0000:85:0e.2: [8086:208e] type 00 class 0x088000
[Tue Apr 21 17:44:26 2026] pci 0000:85:0e.3: [8086:208e] type 00 class 0x088000
[Tue Apr 21 17:44:26 2026] pci 0000:85:0e.4: [8086:208e] type 00 class 0x088000
[Tue Apr 21 17:44:26 2026] pci 0000:85:0e.5: [8086:208e] type 00 class 0x088000
[Tue Apr 21 17:44:26 2026] pci 0000:85:0e.6: [8086:208e] type 00 class 0x088000
[Tue Apr 21 17:44:26 2026] pci 0000:85:0e.7: [8086:208e] type 00 class 0x088000
[Tue Apr 21 17:44:26 2026] pci 0000:85:0f.0: [8086:208e] type 00 class 0x088000
[Tue Apr 21 17:44:26 2026] pci 0000:85:0f.1: [8086:208e] type 00 class 0x088000
[Tue Apr 21 17:44:26 2026] pci 0000:85:1d.0: [8086:2054] type 00 class 0x088000
[Tue Apr 21 17:44:26 2026] pci 0000:85:1d.1: [8086:2055] type 00 class 0x088000
[Tue Apr 21 17:44:26 2026] pci 0000:85:1d.2: [8086:2056] type 00 class 0x088000
[Tue Apr 21 17:44:26 2026] pci 0000:85:1d.3: [8086:2057] type 00 class 0x088000
[Tue Apr 21 17:44:26 2026] pci 0000:85:1e.0: [8086:2080] type 00 class 0x088000
[Tue Apr 21 17:44:26 2026] pci 0000:85:1e.1: [8086:2081] type 00 class 0x088000
[Tue Apr 21 17:44:26 2026] pci 0000:85:1e.2: [8086:2082] type 00 class 0x088000
[Tue Apr 21 17:44:26 2026] pci 0000:85:1e.3: [8086:2083] type 00 class 0x088000
[Tue Apr 21 17:44:26 2026] pci 0000:85:1e.4: [8086:2084] type 00 class 0x088000
[Tue Apr 21 17:44:26 2026] pci 0000:85:1e.5: [8086:2085] type 00 class 0x088000
[Tue Apr 21 17:44:26 2026] pci 0000:85:1e.6: [8086:2086] type 00 class 0x088000
[Tue Apr 21 17:44:26 2026] pci_bus 0000:85: on NUMA node 1
[Tue Apr 21 17:44:26 2026] ACPI: PCI Root Bridge [PC08] (domain 0000 [bus ae-d6])
[Tue Apr 21 17:44:26 2026] acpi PNP0A08:08: _OSC: OS supports [ExtendedConfig ASPM ClockPM Segments MSI EDR HPX-Type3]
[Tue Apr 21 17:44:26 2026] acpi PNP0A08:08: _OSC: platform does not support [SHPCHotplug AER LTR DPC]
[Tue Apr 21 17:44:26 2026] acpi PNP0A08:08: _OSC: OS now controls [PCIeHotplug PME PCIeCapability]
[Tue Apr 21 17:44:26 2026] acpi PNP0A08:08: FADT indicates ASPM is unsupported, using BIOS configuration
[Tue Apr 21 17:44:26 2026] acpiphp: Slot [8191-16] registered
[Tue Apr 21 17:44:26 2026] acpiphp: Slot [8191-13] registered
[Tue Apr 21 17:44:26 2026] acpiphp: Slot [2] registered
[Tue Apr 21 17:44:26 2026] acpiphp: Slot [1-2] registered
[Tue Apr 21 17:44:26 2026] PCI host bridge to bus 0000:ae
[Tue Apr 21 17:44:26 2026] pci_bus 0000:ae: root bus resource [io  0xd000-0xefff window]
[Tue Apr 21 17:44:26 2026] pci_bus 0000:ae: root bus resource [mem 0xe1000000-0xee7fffff window]
[Tue Apr 21 17:44:26 2026] pci_bus 0000:ae: root bus resource [mem 0x48000000000-0x4bfffffffff window]
[Tue Apr 21 17:44:26 2026] pci_bus 0000:ae: root bus resource [bus ae-d6]
[Tue Apr 21 17:44:26 2026] pci 0000:ae:02.0: [8086:2032] type 01 class 0x060400
[Tue Apr 21 17:44:26 2026] pci 0000:ae:02.0: enabling Extended Tags
[Tue Apr 21 17:44:26 2026] pci 0000:ae:02.0: PME# supported from D0 D3hot D3cold
[Tue Apr 21 17:44:26 2026] pci 0000:ae:03.0: [8086:2033] type 01 class 0x060400
[Tue Apr 21 17:44:26 2026] pci 0000:ae:03.0: enabling Extended Tags
[Tue Apr 21 17:44:26 2026] pci 0000:ae:03.0: PME# supported from D0 D3hot D3cold
[Tue Apr 21 17:44:26 2026] pci 0000:ae:05.0: [8086:2034] type 00 class 0x088000
[Tue Apr 21 17:44:26 2026] pci 0000:ae:05.2: [8086:2035] type 00 class 0x088000
[Tue Apr 21 17:44:26 2026] pci 0000:ae:05.4: [8086:2036] type 00 class 0x080020
[Tue Apr 21 17:44:26 2026] pci 0000:ae:05.4: reg 0x10: [mem 0xee000000-0xee000fff]
[Tue Apr 21 17:44:26 2026] pci 0000:ae:08.0: [8086:2066] type 00 class 0x088000
[Tue Apr 21 17:44:26 2026] pci 0000:ae:09.0: [8086:2066] type 00 class 0x088000
[Tue Apr 21 17:44:26 2026] pci 0000:ae:0a.0: [8086:2040] type 00 class 0x088000
[Tue Apr 21 17:44:26 2026] pci 0000:ae:0a.1: [8086:2041] type 00 class 0x088000
[Tue Apr 21 17:44:26 2026] pci 0000:ae:0a.2: [8086:2042] type 00 class 0x088000
[Tue Apr 21 17:44:26 2026] pci 0000:ae:0a.3: [8086:2043] type 00 class 0x088000
[Tue Apr 21 17:44:26 2026] pci 0000:ae:0a.4: [8086:2044] type 00 class 0x088000
[Tue Apr 21 17:44:26 2026] pci 0000:ae:0a.5: [8086:2045] type 00 class 0x088000
[Tue Apr 21 17:44:26 2026] pci 0000:ae:0a.6: [8086:2046] type 00 class 0x088000
[Tue Apr 21 17:44:26 2026] pci 0000:ae:0a.7: [8086:2047] type 00 class 0x088000
[Tue Apr 21 17:44:26 2026] pci 0000:ae:0b.0: [8086:2048] type 00 class 0x088000
[Tue Apr 21 17:44:26 2026] pci 0000:ae:0b.1: [8086:2049] type 00 class 0x088000
[Tue Apr 21 17:44:26 2026] pci 0000:ae:0b.2: [8086:204a] type 00 class 0x088000
[Tue Apr 21 17:44:26 2026] pci 0000:ae:0b.3: [8086:204b] type 00 class 0x088000
[Tue Apr 21 17:44:26 2026] pci 0000:ae:0c.0: [8086:2040] type 00 class 0x088000
[Tue Apr 21 17:44:26 2026] pci 0000:ae:0c.1: [8086:2041] type 00 class 0x088000
[Tue Apr 21 17:44:26 2026] pci 0000:ae:0c.2: [8086:2042] type 00 class 0x088000
[Tue Apr 21 17:44:26 2026] pci 0000:ae:0c.3: [8086:2043] type 00 class 0x088000
[Tue Apr 21 17:44:26 2026] pci 0000:ae:0c.4: [8086:2044] type 00 class 0x088000
[Tue Apr 21 17:44:26 2026] pci 0000:ae:0c.5: [8086:2045] type 00 class 0x088000
[Tue Apr 21 17:44:26 2026] pci 0000:ae:0c.6: [8086:2046] type 00 class 0x088000
[Tue Apr 21 17:44:26 2026] pci 0000:ae:0c.7: [8086:2047] type 00 class 0x088000
[Tue Apr 21 17:44:26 2026] pci 0000:ae:0d.0: [8086:2048] type 00 class 0x088000
[Tue Apr 21 17:44:26 2026] pci 0000:ae:0d.1: [8086:2049] type 00 class 0x088000
[Tue Apr 21 17:44:26 2026] pci 0000:ae:0d.2: [8086:204a] type 00 class 0x088000
[Tue Apr 21 17:44:26 2026] pci 0000:ae:0d.3: [8086:204b] type 00 class 0x088000
[Tue Apr 21 17:44:26 2026] pci 0000:ae:02.0: PCI bridge to [bus af]
[Tue Apr 21 17:44:26 2026] pci 0000:ae:02.0:   bridge window [io  0xe000-0xefff]
[Tue Apr 21 17:44:26 2026] pci 0000:ae:02.0:   bridge window [mem 0xed000000-0xedffffff]
[Tue Apr 21 17:44:26 2026] pci 0000:ae:02.0:   bridge window [mem 0x4bfff000000-0x4bfffffffff 64bit pref]
[Tue Apr 21 17:44:26 2026] pci 0000:ae:03.0: PCI bridge to [bus b0]
[Tue Apr 21 17:44:26 2026] pci 0000:ae:03.0:   bridge window [io  0xd000-0xdfff]
[Tue Apr 21 17:44:26 2026] pci 0000:ae:03.0:   bridge window [mem 0xec000000-0xecffffff]
[Tue Apr 21 17:44:26 2026] pci 0000:ae:03.0:   bridge window [mem 0x4bffe000000-0x4bffeffffff 64bit pref]
[Tue Apr 21 17:44:26 2026] pci_bus 0000:ae: on NUMA node 1
[Tue Apr 21 17:44:26 2026] ACPI: PCI Root Bridge [PC09] (domain 0000 [bus d7-ff])
[Tue Apr 21 17:44:26 2026] acpi PNP0A08:09: _OSC: OS supports [ExtendedConfig ASPM ClockPM Segments MSI EDR HPX-Type3]
[Tue Apr 21 17:44:26 2026] acpi PNP0A08:09: _OSC: platform does not support [SHPCHotplug AER LTR DPC]
[Tue Apr 21 17:44:26 2026] acpi PNP0A08:09: _OSC: OS now controls [PCIeHotplug PME PCIeCapability]
[Tue Apr 21 17:44:26 2026] acpi PNP0A08:09: FADT indicates ASPM is unsupported, using BIOS configuration
[Tue Apr 21 17:44:26 2026] acpiphp: Slot [2-2] registered
[Tue Apr 21 17:44:26 2026] acpiphp: Slot [8191-19] registered
[Tue Apr 21 17:44:26 2026] acpiphp: Slot [8191-15] registered
[Tue Apr 21 17:44:26 2026] acpiphp: Slot [8191-17] registered
[Tue Apr 21 17:44:26 2026] PCI host bridge to bus 0000:d7
[Tue Apr 21 17:44:26 2026] pci_bus 0000:d7: root bus resource [io  0xf000-0xffff window]
[Tue Apr 21 17:44:26 2026] pci_bus 0000:d7: root bus resource [mem 0xee800000-0xfbffffff window]
[Tue Apr 21 17:44:26 2026] pci_bus 0000:d7: root bus resource [mem 0x4c000000000-0x4ffffffffff window]
[Tue Apr 21 17:44:26 2026] pci_bus 0000:d7: root bus resource [bus d7-ff]
[Tue Apr 21 17:44:26 2026] pci 0000:d7:00.0: [8086:2030] type 01 class 0x060400
[Tue Apr 21 17:44:26 2026] pci 0000:d7:00.0: PME# supported from D0 D3hot D3cold
[Tue Apr 21 17:44:26 2026] pci 0000:d7:05.0: [8086:2034] type 00 class 0x088000
[Tue Apr 21 17:44:26 2026] pci 0000:d7:05.2: [8086:2035] type 00 class 0x088000
[Tue Apr 21 17:44:26 2026] pci 0000:d7:05.4: [8086:2036] type 00 class 0x080020
[Tue Apr 21 17:44:26 2026] pci 0000:d7:05.4: reg 0x10: [mem 0xfbf00000-0xfbf00fff]
[Tue Apr 21 17:44:26 2026] pci 0000:d7:0e.0: [8086:2058] type 00 class 0x110100
[Tue Apr 21 17:44:26 2026] pci 0000:d7:0e.1: [8086:2059] type 00 class 0x088000
[Tue Apr 21 17:44:26 2026] pci 0000:d7:0f.0: [8086:2058] type 00 class 0x110100
[Tue Apr 21 17:44:26 2026] pci 0000:d7:0f.1: [8086:2059] type 00 class 0x088000
[Tue Apr 21 17:44:26 2026] pci 0000:d7:12.0: [8086:204c] type 00 class 0x110100
[Tue Apr 21 17:44:26 2026] pci 0000:d7:12.1: [8086:204d] type 00 class 0x110100
[Tue Apr 21 17:44:26 2026] pci 0000:d7:12.2: [8086:204e] type 00 class 0x088000
[Tue Apr 21 17:44:26 2026] pci 0000:d7:15.0: [8086:2018] type 00 class 0x088000
[Tue Apr 21 17:44:26 2026] pci 0000:d7:16.0: [8086:2018] type 00 class 0x088000
[Tue Apr 21 17:44:26 2026] pci 0000:d7:16.4: [8086:2018] type 00 class 0x088000
[Tue Apr 21 17:44:26 2026] pci 0000:d8:00.0: [14e4:d802] type 00 class 0x020000
[Tue Apr 21 17:44:26 2026] pci 0000:d8:00.0: reg 0x10: [mem 0x4fffff70000-0x4fffff7ffff 64bit pref]
[Tue Apr 21 17:44:26 2026] pci 0000:d8:00.0: reg 0x18: [mem 0x4ffffe00000-0x4ffffefffff 64bit pref]
[Tue Apr 21 17:44:26 2026] pci 0000:d8:00.0: reg 0x20: [mem 0x4fffff8e000-0x4fffff8ffff 64bit pref]
[Tue Apr 21 17:44:26 2026] pci 0000:d8:00.0: reg 0x30: [mem 0xfbe80000-0xfbefffff pref]
[Tue Apr 21 17:44:26 2026] pci 0000:d8:00.0: PME# supported from D0 D3hot D3cold
[Tue Apr 21 17:44:26 2026] pci 0000:d8:00.1: [14e4:d802] type 00 class 0x020000
[Tue Apr 21 17:44:26 2026] pci 0000:d8:00.1: reg 0x10: [mem 0x4fffff60000-0x4fffff6ffff 64bit pref]
[Tue Apr 21 17:44:26 2026] pci 0000:d8:00.1: reg 0x18: [mem 0x4ffffd00000-0x4ffffdfffff 64bit pref]
[Tue Apr 21 17:44:27 2026] pci 0000:d8:00.1: reg 0x20: [mem 0x4fffff8c000-0x4fffff8dfff 64bit pref]
[Tue Apr 21 17:44:27 2026] pci 0000:d8:00.1: reg 0x30: [mem 0xfbe00000-0xfbe7ffff pref]
[Tue Apr 21 17:44:27 2026] pci 0000:d8:00.1: PME# supported from D0 D3hot D3cold
[Tue Apr 21 17:44:27 2026] pci 0000:d8:00.2: [14e4:d802] type 00 class 0x020000
[Tue Apr 21 17:44:27 2026] pci 0000:d8:00.2: reg 0x10: [mem 0x4fffff50000-0x4fffff5ffff 64bit pref]
[Tue Apr 21 17:44:27 2026] pci 0000:d8:00.2: reg 0x18: [mem 0x4ffffc00000-0x4ffffcfffff 64bit pref]
[Tue Apr 21 17:44:27 2026] pci 0000:d8:00.2: reg 0x20: [mem 0x4fffff8a000-0x4fffff8bfff 64bit pref]
[Tue Apr 21 17:44:27 2026] pci 0000:d8:00.2: reg 0x30: [mem 0xfbd80000-0xfbdfffff pref]
[Tue Apr 21 17:44:27 2026] pci 0000:d8:00.2: PME# supported from D0 D3hot D3cold
[Tue Apr 21 17:44:27 2026] pci 0000:d8:00.3: [14e4:d802] type 00 class 0x020000
[Tue Apr 21 17:44:27 2026] pci 0000:d8:00.3: reg 0x10: [mem 0x4fffff40000-0x4fffff4ffff 64bit pref]
[Tue Apr 21 17:44:27 2026] pci 0000:d8:00.3: reg 0x18: [mem 0x4ffffb00000-0x4ffffbfffff 64bit pref]
[Tue Apr 21 17:44:27 2026] pci 0000:d8:00.3: reg 0x20: [mem 0x4fffff88000-0x4fffff89fff 64bit pref]
[Tue Apr 21 17:44:27 2026] pci 0000:d8:00.3: reg 0x30: [mem 0xfbd00000-0xfbd7ffff pref]
[Tue Apr 21 17:44:27 2026] pci 0000:d8:00.3: PME# supported from D0 D3hot D3cold
[Tue Apr 21 17:44:27 2026] pci 0000:d8:00.4: [14e4:d802] type 00 class 0x020000
[Tue Apr 21 17:44:27 2026] pci 0000:d8:00.4: reg 0x10: [mem 0x4fffff30000-0x4fffff3ffff 64bit pref]
[Tue Apr 21 17:44:27 2026] pci 0000:d8:00.4: reg 0x18: [mem 0x4ffffa00000-0x4ffffafffff 64bit pref]
[Tue Apr 21 17:44:27 2026] pci 0000:d8:00.4: reg 0x20: [mem 0x4fffff86000-0x4fffff87fff 64bit pref]
[Tue Apr 21 17:44:27 2026] pci 0000:d8:00.4: reg 0x30: [mem 0xfbc80000-0xfbcfffff pref]
[Tue Apr 21 17:44:27 2026] pci 0000:d8:00.4: PME# supported from D0 D3hot D3cold
[Tue Apr 21 17:44:27 2026] pci 0000:d8:00.5: [14e4:d802] type 00 class 0x020000
[Tue Apr 21 17:44:27 2026] pci 0000:d8:00.5: reg 0x10: [mem 0x4fffff20000-0x4fffff2ffff 64bit pref]
[Tue Apr 21 17:44:27 2026] pci 0000:d8:00.5: reg 0x18: [mem 0x4ffff900000-0x4ffff9fffff 64bit pref]
[Tue Apr 21 17:44:27 2026] pci 0000:d8:00.5: reg 0x20: [mem 0x4fffff84000-0x4fffff85fff 64bit pref]
[Tue Apr 21 17:44:27 2026] pci 0000:d8:00.5: reg 0x30: [mem 0xfbc00000-0xfbc7ffff pref]
[Tue Apr 21 17:44:27 2026] pci 0000:d8:00.5: PME# supported from D0 D3hot D3cold
[Tue Apr 21 17:44:27 2026] pci 0000:d8:00.6: [14e4:d802] type 00 class 0x020000
[Tue Apr 21 17:44:27 2026] pci 0000:d8:00.6: reg 0x10: [mem 0x4fffff10000-0x4fffff1ffff 64bit pref]
[Tue Apr 21 17:44:27 2026] pci 0000:d8:00.6: reg 0x18: [mem 0x4ffff800000-0x4ffff8fffff 64bit pref]
[Tue Apr 21 17:44:27 2026] pci 0000:d8:00.6: reg 0x20: [mem 0x4fffff82000-0x4fffff83fff 64bit pref]
[Tue Apr 21 17:44:27 2026] pci 0000:d8:00.6: reg 0x30: [mem 0xfbb80000-0xfbbfffff pref]
[Tue Apr 21 17:44:27 2026] pci 0000:d8:00.6: PME# supported from D0 D3hot D3cold
[Tue Apr 21 17:44:27 2026] pci 0000:d8:00.7: [14e4:d802] type 00 class 0x020000
[Tue Apr 21 17:44:27 2026] pci 0000:d8:00.7: reg 0x10: [mem 0x4fffff00000-0x4fffff0ffff 64bit pref]
[Tue Apr 21 17:44:27 2026] pci 0000:d8:00.7: reg 0x18: [mem 0x4ffff700000-0x4ffff7fffff 64bit pref]
[Tue Apr 21 17:44:27 2026] pci 0000:d8:00.7: reg 0x20: [mem 0x4fffff80000-0x4fffff81fff 64bit pref]
[Tue Apr 21 17:44:27 2026] pci 0000:d8:00.7: reg 0x30: [mem 0xfbb00000-0xfbb7ffff pref]
[Tue Apr 21 17:44:27 2026] pci 0000:d8:00.7: PME# supported from D0 D3hot D3cold
[Tue Apr 21 17:44:27 2026] pci 0000:d7:00.0: PCI bridge to [bus d8]
[Tue Apr 21 17:44:27 2026] pci 0000:d7:00.0:   bridge window [mem 0xfbb00000-0xfbefffff]
[Tue Apr 21 17:44:27 2026] pci 0000:d7:00.0:   bridge window [mem 0x4ffff700000-0x4ffffffffff 64bit pref]
[Tue Apr 21 17:44:27 2026] pci_bus 0000:d7: on NUMA node 1
[Tue Apr 21 17:44:27 2026] ACPI: PCI: Interrupt link LNKA configured for IRQ 11
[Tue Apr 21 17:44:27 2026] ACPI: PCI: Interrupt link LNKB configured for IRQ 10
[Tue Apr 21 17:44:27 2026] ACPI: PCI: Interrupt link LNKC configured for IRQ 11
[Tue Apr 21 17:44:27 2026] ACPI: PCI: Interrupt link LNKD configured for IRQ 11
[Tue Apr 21 17:44:27 2026] ACPI: PCI: Interrupt link LNKE configured for IRQ 11
[Tue Apr 21 17:44:27 2026] ACPI: PCI: Interrupt link LNKF configured for IRQ 11
[Tue Apr 21 17:44:27 2026] ACPI: PCI: Interrupt link LNKG configured for IRQ 11
[Tue Apr 21 17:44:27 2026] ACPI: PCI: Interrupt link LNKH configured for IRQ 11
[Tue Apr 21 17:44:27 2026] iommu: Default domain type: Translated 
[Tue Apr 21 17:44:27 2026] iommu: DMA domain TLB invalidation policy: lazy mode 
[Tue Apr 21 17:44:27 2026] SCSI subsystem initialized
[Tue Apr 21 17:44:27 2026] libata version 3.00 loaded.
[Tue Apr 21 17:44:27 2026] pci 0000:03:00.0: vgaarb: setting as boot VGA device
[Tue Apr 21 17:44:27 2026] pci 0000:03:00.0: vgaarb: VGA device added: decodes=io+mem,owns=io+mem,locks=none
[Tue Apr 21 17:44:27 2026] pci 0000:03:00.0: vgaarb: bridge control possible
[Tue Apr 21 17:44:27 2026] vgaarb: loaded
[Tue Apr 21 17:44:27 2026] ACPI: bus type USB registered
[Tue Apr 21 17:44:27 2026] usbcore: registered new interface driver usbfs
[Tue Apr 21 17:44:27 2026] usbcore: registered new interface driver hub
[Tue Apr 21 17:44:27 2026] usbcore: registered new device driver usb
[Tue Apr 21 17:44:27 2026] pps_core: LinuxPPS API ver. 1 registered
[Tue Apr 21 17:44:27 2026] pps_core: Software ver. 5.3.6 - Copyright 2005-2007 Rodolfo Giometti <giometti@linux.it>
[Tue Apr 21 17:44:27 2026] PTP clock support registered
[Tue Apr 21 17:44:27 2026] EDAC MC: Ver: 3.0.0
[Tue Apr 21 17:44:27 2026] NetLabel: Initializing
[Tue Apr 21 17:44:27 2026] NetLabel:  domain hash size = 128
[Tue Apr 21 17:44:27 2026] NetLabel:  protocols = UNLABELED CIPSOv4 CALIPSO
[Tue Apr 21 17:44:27 2026] NetLabel:  unlabeled traffic allowed by default
[Tue Apr 21 17:44:27 2026] PCI: Using ACPI for IRQ routing
[Tue Apr 21 17:44:27 2026] PCI: pci_cache_line_size set to 64 bytes
[Tue Apr 21 17:44:27 2026] e820: reserve RAM buffer [mem 0x0009ac00-0x0009ffff]
[Tue Apr 21 17:44:27 2026] e820: reserve RAM buffer [mem 0x66da0000-0x67ffffff]
[Tue Apr 21 17:44:27 2026] e820: reserve RAM buffer [mem 0x6a05f000-0x6bffffff]
[Tue Apr 21 17:44:27 2026] hpet0: at MMIO 0xfed00000, IRQs 2, 8, 0, 0, 0, 0, 0, 0
[Tue Apr 21 17:44:27 2026] hpet0: 8 comparators, 64-bit 24.000000 MHz counter
[Tue Apr 21 17:44:27 2026] clocksource: Switched to clocksource tsc-early
[Tue Apr 21 17:44:27 2026] VFS: Disk quotas dquot_6.6.0
[Tue Apr 21 17:44:27 2026] VFS: Dquot-cache hash table entries: 512 (order 0, 4096 bytes)
[Tue Apr 21 17:44:27 2026] AppArmor: AppArmor Filesystem Enabled
[Tue Apr 21 17:44:27 2026] pnp: PnP ACPI init
[Tue Apr 21 17:44:27 2026] system 00:01: [io  0x0500-0x05fe] has been reserved
[Tue Apr 21 17:44:27 2026] system 00:01: [io  0x0400-0x047f] has been reserved
[Tue Apr 21 17:44:27 2026] system 00:01: [io  0x0600-0x061f] has been reserved
[Tue Apr 21 17:44:27 2026] system 00:01: [io  0x0880-0x0883] has been reserved
[Tue Apr 21 17:44:27 2026] system 00:01: [io  0x0800-0x081f] has been reserved
[Tue Apr 21 17:44:27 2026] system 00:01: [mem 0xfed1c000-0xfed3ffff] could not be reserved
[Tue Apr 21 17:44:27 2026] system 00:01: [mem 0xfed45000-0xfed8bfff] has been reserved
[Tue Apr 21 17:44:27 2026] system 00:01: [mem 0xff000000-0xffffffff] has been reserved
[Tue Apr 21 17:44:27 2026] system 00:01: [mem 0xfee00000-0xfeefffff] has been reserved
[Tue Apr 21 17:44:27 2026] system 00:01: [mem 0xfed12000-0xfed1200f] has been reserved
[Tue Apr 21 17:44:27 2026] system 00:01: [mem 0xfed12010-0xfed1201f] has been reserved
[Tue Apr 21 17:44:27 2026] system 00:01: [mem 0xfed1b000-0xfed1bfff] has been reserved
[Tue Apr 21 17:44:27 2026] system 00:02: [io  0x0620-0x062f] has been reserved
[Tue Apr 21 17:44:27 2026] system 00:02: [io  0x0600-0x061f] has been reserved
[Tue Apr 21 17:44:27 2026] pnp 00:03: [dma 0 disabled]
[Tue Apr 21 17:44:27 2026] pnp 00:04: [dma 0 disabled]
[Tue Apr 21 17:44:27 2026] system 00:05: [mem 0xfd000000-0xfdabffff] has been reserved
[Tue Apr 21 17:44:27 2026] system 00:05: [mem 0xfdad0000-0xfdadffff] has been reserved
[Tue Apr 21 17:44:27 2026] system 00:05: [mem 0xfdb00000-0xfdffffff] has been reserved
[Tue Apr 21 17:44:27 2026] system 00:05: [mem 0xfe000000-0xfe00ffff] has been reserved
[Tue Apr 21 17:44:27 2026] system 00:05: [mem 0xfe011000-0xfe01ffff] has been reserved
[Tue Apr 21 17:44:27 2026] system 00:05: [mem 0xfe036000-0xfe03bfff] has been reserved
[Tue Apr 21 17:44:27 2026] system 00:05: [mem 0xfe03d000-0xfe3fffff] has been reserved
[Tue Apr 21 17:44:27 2026] system 00:05: [mem 0xfe410000-0xfe7fffff] has been reserved
[Tue Apr 21 17:44:27 2026] system 00:06: [io  0x0f00-0x0ffe] has been reserved
[Tue Apr 21 17:44:27 2026] pnp: PnP ACPI: found 7 devices
[Tue Apr 21 17:44:27 2026] clocksource: acpi_pm: mask: 0xffffff max_cycles: 0xffffff, max_idle_ns: 2085701024 ns
[Tue Apr 21 17:44:27 2026] NET: Registered PF_INET protocol family
[Tue Apr 21 17:44:27 2026] IP idents hash table entries: 262144 (order: 9, 2097152 bytes, vmalloc)
[Tue Apr 21 17:44:27 2026] tcp_listen_portaddr_hash hash table entries: 65536 (order: 8, 1048576 bytes, vmalloc)
[Tue Apr 21 17:44:27 2026] Table-perturb hash table entries: 65536 (order: 6, 262144 bytes, vmalloc)
[Tue Apr 21 17:44:27 2026] TCP established hash table entries: 524288 (order: 10, 4194304 bytes, vmalloc)
[Tue Apr 21 17:44:27 2026] TCP bind hash table entries: 65536 (order: 8, 1048576 bytes, vmalloc)
[Tue Apr 21 17:44:27 2026] TCP: Hash tables configured (established 524288 bind 65536)
[Tue Apr 21 17:44:27 2026] MPTCP token hash table entries: 65536 (order: 8, 1572864 bytes, vmalloc)
[Tue Apr 21 17:44:27 2026] UDP hash table entries: 65536 (order: 9, 2097152 bytes, vmalloc)
[Tue Apr 21 17:44:27 2026] UDP-Lite hash table entries: 65536 (order: 9, 2097152 bytes, vmalloc)
[Tue Apr 21 17:44:27 2026] NET: Registered PF_UNIX/PF_LOCAL protocol family
[Tue Apr 21 17:44:27 2026] NET: Registered PF_XDP protocol family
[Tue Apr 21 17:44:27 2026] pci 0000:00:1c.0: bridge window [io  0x1000-0x0fff] to [bus 01] add_size 1000
[Tue Apr 21 17:44:27 2026] pci 0000:00:1c.0: bridge window [mem 0x00100000-0x000fffff 64bit pref] to [bus 01] add_size 200000 add_align 100000
[Tue Apr 21 17:44:27 2026] pci 0000:00:1c.0: bridge window [mem 0x00100000-0x000fffff] to [bus 01] add_size 200000 add_align 100000
[Tue Apr 21 17:44:27 2026] pci 0000:00:1c.0: BAR 14: assigned [mem 0x90000000-0x901fffff]
[Tue Apr 21 17:44:27 2026] pci 0000:00:1c.0: BAR 15: assigned [mem 0x30000000000-0x300001fffff 64bit pref]
[Tue Apr 21 17:44:27 2026] pci 0000:00:1c.0: BAR 13: assigned [io  0x1000-0x1fff]
[Tue Apr 21 17:44:27 2026] pci 0000:00:1c.0: PCI bridge to [bus 01]
[Tue Apr 21 17:44:27 2026] pci 0000:00:1c.0:   bridge window [io  0x1000-0x1fff]
[Tue Apr 21 17:44:27 2026] pci 0000:00:1c.0:   bridge window [mem 0x90000000-0x901fffff]
[Tue Apr 21 17:44:27 2026] pci 0000:00:1c.0:   bridge window [mem 0x30000000000-0x300001fffff 64bit pref]
[Tue Apr 21 17:44:27 2026] pci 0000:02:00.0: PCI bridge to [bus 03]
[Tue Apr 21 17:44:27 2026] pci 0000:02:00.0:   bridge window [mem 0x9b000000-0x9c8fffff]
[Tue Apr 21 17:44:27 2026] pci 0000:00:1c.4: PCI bridge to [bus 02-03]
[Tue Apr 21 17:44:27 2026] pci 0000:00:1c.4:   bridge window [mem 0x9b000000-0x9c9fffff]
[Tue Apr 21 17:44:27 2026] pci_bus 0000:00: resource 4 [io  0x0000-0x03af window]
[Tue Apr 21 17:44:27 2026] pci_bus 0000:00: resource 5 [io  0x03e0-0x0cf7 window]
[Tue Apr 21 17:44:28 2026] pci_bus 0000:00: resource 6 [io  0x03b0-0x03bb window]
[Tue Apr 21 17:44:28 2026] pci_bus 0000:00: resource 7 [io  0x03c0-0x03df window]
[Tue Apr 21 17:44:28 2026] pci_bus 0000:00: resource 8 [io  0x1000-0x3fff window]
[Tue Apr 21 17:44:28 2026] pci_bus 0000:00: resource 9 [mem 0x000a0000-0x000bffff window]
[Tue Apr 21 17:44:28 2026] pci_bus 0000:00: resource 10 [mem 0x000c4000-0x000c7fff window]
[Tue Apr 21 17:44:28 2026] pci_bus 0000:00: resource 11 [mem 0xfe010000-0xfe010fff window]
[Tue Apr 21 17:44:28 2026] pci_bus 0000:00: resource 12 [mem 0x90000000-0x9d7fffff window]
[Tue Apr 21 17:44:28 2026] pci_bus 0000:00: resource 13 [mem 0x30000000000-0x33fffffffff window]
[Tue Apr 21 17:44:28 2026] pci_bus 0000:01: resource 0 [io  0x1000-0x1fff]
[Tue Apr 21 17:44:28 2026] pci_bus 0000:01: resource 1 [mem 0x90000000-0x901fffff]
[Tue Apr 21 17:44:28 2026] pci_bus 0000:01: resource 2 [mem 0x30000000000-0x300001fffff 64bit pref]
[Tue Apr 21 17:44:28 2026] pci_bus 0000:02: resource 1 [mem 0x9b000000-0x9c9fffff]
[Tue Apr 21 17:44:28 2026] pci_bus 0000:03: resource 1 [mem 0x9b000000-0x9c8fffff]
[Tue Apr 21 17:44:28 2026] pci_bus 0000:17: resource 4 [io  0x4000-0x5fff window]
[Tue Apr 21 17:44:28 2026] pci_bus 0000:17: resource 5 [mem 0x9d800000-0xaaffffff window]
[Tue Apr 21 17:44:28 2026] pci_bus 0000:17: resource 6 [mem 0x34000000000-0x37fffffffff window]
[Tue Apr 21 17:44:28 2026] pci 0000:3a:00.0: PCI bridge to [bus 3b]
[Tue Apr 21 17:44:28 2026] pci 0000:3a:00.0:   bridge window [mem 0xb8000000-0xb84fffff]
[Tue Apr 21 17:44:28 2026] pci 0000:3a:00.0:   bridge window [mem 0xb7400000-0xb7cfffff 64bit pref]
[Tue Apr 21 17:44:28 2026] pci 0000:3c:00.0: BAR 6: assigned [mem 0xb8600000-0xb867ffff pref]
[Tue Apr 21 17:44:28 2026] pci 0000:3a:02.0: PCI bridge to [bus 3c]
[Tue Apr 21 17:44:28 2026] pci 0000:3a:02.0:   bridge window [io  0x7000-0x7fff]
[Tue Apr 21 17:44:28 2026] pci 0000:3a:02.0:   bridge window [mem 0xb8500000-0xb86fffff]
[Tue Apr 21 17:44:28 2026] pci 0000:3a:02.0:   bridge window [mem 0xb7e00000-0xb7ffffff 64bit pref]
[Tue Apr 21 17:44:28 2026] pci_bus 0000:3a: resource 4 [io  0x6000-0x7fff window]
[Tue Apr 21 17:44:28 2026] pci_bus 0000:3a: resource 5 [mem 0xab000000-0xb87fffff window]
[Tue Apr 21 17:44:28 2026] pci_bus 0000:3a: resource 6 [mem 0x38000000000-0x3bfffffffff window]
[Tue Apr 21 17:44:28 2026] pci_bus 0000:3b: resource 1 [mem 0xb8000000-0xb84fffff]
[Tue Apr 21 17:44:28 2026] pci_bus 0000:3b: resource 2 [mem 0xb7400000-0xb7cfffff 64bit pref]
[Tue Apr 21 17:44:28 2026] pci_bus 0000:3c: resource 0 [io  0x7000-0x7fff]
[Tue Apr 21 17:44:28 2026] pci_bus 0000:3c: resource 1 [mem 0xb8500000-0xb86fffff]
[Tue Apr 21 17:44:28 2026] pci_bus 0000:3c: resource 2 [mem 0xb7e00000-0xb7ffffff 64bit pref]
[Tue Apr 21 17:44:28 2026] pci 0000:5d:00.0: PCI bridge to [bus 5e]
[Tue Apr 21 17:44:28 2026] pci 0000:5d:00.0:   bridge window [mem 0xc5e00000-0xc5efffff]
[Tue Apr 21 17:44:28 2026] pci 0000:5d:00.0:   bridge window [mem 0xc4000000-0xc5afffff 64bit pref]
[Tue Apr 21 17:44:28 2026] pci_bus 0000:5d: resource 4 [io  0x8000-0x9fff window]
[Tue Apr 21 17:44:28 2026] pci_bus 0000:5d: resource 5 [mem 0xb8800000-0xc5ffffff window]
[Tue Apr 21 17:44:28 2026] pci_bus 0000:5d: resource 6 [mem 0x3c000000000-0x3ffffffffff window]
[Tue Apr 21 17:44:28 2026] pci_bus 0000:5e: resource 1 [mem 0xc5e00000-0xc5efffff]
[Tue Apr 21 17:44:28 2026] pci_bus 0000:5e: resource 2 [mem 0xc4000000-0xc5afffff 64bit pref]
[Tue Apr 21 17:44:28 2026] pci_bus 0000:80: resource 4 [io  0xa000-0xafff window]
[Tue Apr 21 17:44:28 2026] pci_bus 0000:80: resource 5 [mem 0xc6000000-0xd37fffff window]
[Tue Apr 21 17:44:28 2026] pci_bus 0000:80: resource 6 [mem 0x40000000000-0x43fffffffff window]
[Tue Apr 21 17:44:28 2026] pci_bus 0000:85: resource 4 [io  0xb000-0xcfff window]
[Tue Apr 21 17:44:28 2026] pci_bus 0000:85: resource 5 [mem 0xd3800000-0xe0ffffff window]
[Tue Apr 21 17:44:28 2026] pci_bus 0000:85: resource 6 [mem 0x44000000000-0x47fffffffff window]
[Tue Apr 21 17:44:28 2026] pci 0000:ae:02.0: PCI bridge to [bus af]
[Tue Apr 21 17:44:28 2026] pci 0000:ae:02.0:   bridge window [io  0xe000-0xefff]
[Tue Apr 21 17:44:28 2026] pci 0000:ae:02.0:   bridge window [mem 0xed000000-0xedffffff]
[Tue Apr 21 17:44:28 2026] pci 0000:ae:02.0:   bridge window [mem 0x4bfff000000-0x4bfffffffff 64bit pref]
[Tue Apr 21 17:44:28 2026] pci 0000:ae:03.0: PCI bridge to [bus b0]
[Tue Apr 21 17:44:28 2026] pci 0000:ae:03.0:   bridge window [io  0xd000-0xdfff]
[Tue Apr 21 17:44:28 2026] pci 0000:ae:03.0:   bridge window [mem 0xec000000-0xecffffff]
[Tue Apr 21 17:44:28 2026] pci 0000:ae:03.0:   bridge window [mem 0x4bffe000000-0x4bffeffffff 64bit pref]
[Tue Apr 21 17:44:28 2026] pci_bus 0000:ae: resource 4 [io  0xd000-0xefff window]
[Tue Apr 21 17:44:28 2026] pci_bus 0000:ae: resource 5 [mem 0xe1000000-0xee7fffff window]
[Tue Apr 21 17:44:28 2026] pci_bus 0000:ae: resource 6 [mem 0x48000000000-0x4bfffffffff window]
[Tue Apr 21 17:44:28 2026] pci_bus 0000:af: resource 0 [io  0xe000-0xefff]
[Tue Apr 21 17:44:28 2026] pci_bus 0000:af: resource 1 [mem 0xed000000-0xedffffff]
[Tue Apr 21 17:44:28 2026] pci_bus 0000:af: resource 2 [mem 0x4bfff000000-0x4bfffffffff 64bit pref]
[Tue Apr 21 17:44:28 2026] pci_bus 0000:b0: resource 0 [io  0xd000-0xdfff]
[Tue Apr 21 17:44:28 2026] pci_bus 0000:b0: resource 1 [mem 0xec000000-0xecffffff]
[Tue Apr 21 17:44:28 2026] pci_bus 0000:b0: resource 2 [mem 0x4bffe000000-0x4bffeffffff 64bit pref]
[Tue Apr 21 17:44:28 2026] pci 0000:d7:00.0: PCI bridge to [bus d8]
[Tue Apr 21 17:44:28 2026] pci 0000:d7:00.0:   bridge window [mem 0xfbb00000-0xfbefffff]
[Tue Apr 21 17:44:28 2026] pci 0000:d7:00.0:   bridge window [mem 0x4ffff700000-0x4ffffffffff 64bit pref]
[Tue Apr 21 17:44:28 2026] pci_bus 0000:d7: resource 4 [io  0xf000-0xffff window]
[Tue Apr 21 17:44:28 2026] pci_bus 0000:d7: resource 5 [mem 0xee800000-0xfbffffff window]
[Tue Apr 21 17:44:28 2026] pci_bus 0000:d7: resource 6 [mem 0x4c000000000-0x4ffffffffff window]
[Tue Apr 21 17:44:28 2026] pci_bus 0000:d8: resource 1 [mem 0xfbb00000-0xfbefffff]
[Tue Apr 21 17:44:28 2026] pci_bus 0000:d8: resource 2 [mem 0x4ffff700000-0x4ffffffffff 64bit pref]
[Tue Apr 21 17:44:28 2026] pci 0000:17:05.0: disabled boot interrupts on device [8086:2034]
[Tue Apr 21 17:44:28 2026] pci 0000:3a:05.0: disabled boot interrupts on device [8086:2034]
[Tue Apr 21 17:44:28 2026] pci 0000:3b:00.0: CLS mismatch (64 != 32), using 64 bytes
[Tue Apr 21 17:44:28 2026] pci 0000:5d:05.0: disabled boot interrupts on device [8086:2034]
[Tue Apr 21 17:44:28 2026] pci 0000:85:05.0: disabled boot interrupts on device [8086:2034]
[Tue Apr 21 17:44:28 2026] pci 0000:ae:05.0: disabled boot interrupts on device [8086:2034]
[Tue Apr 21 17:44:28 2026] pci 0000:d7:05.0: disabled boot interrupts on device [8086:2034]
[Tue Apr 21 17:44:28 2026] Trying to unpack rootfs image as initramfs...
[Tue Apr 21 17:44:28 2026] PCI-DMA: Using software bounce buffering for IO (SWIOTLB)
[Tue Apr 21 17:44:28 2026] software IO TLB: mapped [mem 0x0000000062da0000-0x0000000066da0000] (64MB)
[Tue Apr 21 17:44:28 2026] Initialise system trusted keyrings
[Tue Apr 21 17:44:28 2026] Key type blacklist registered
[Tue Apr 21 17:44:28 2026] workingset: timestamp_bits=36 max_order=26 bucket_order=0
[Tue Apr 21 17:44:28 2026] zbud: loaded
[Tue Apr 21 17:44:28 2026] squashfs: version 4.0 (2009/01/31) Phillip Lougher
[Tue Apr 21 17:44:28 2026] fuse: init (API version 7.34)
[Tue Apr 21 17:44:28 2026] integrity: Platform Keyring initialized
[Tue Apr 21 17:44:28 2026] Key type asymmetric registered
[Tue Apr 21 17:44:28 2026] Asymmetric key parser 'x509' registered
[Tue Apr 21 17:44:28 2026] Block layer SCSI generic (bsg) driver version 0.4 loaded (major 243)
[Tue Apr 21 17:44:28 2026] io scheduler mq-deadline registered
[Tue Apr 21 17:44:28 2026] pcieport 0000:00:1c.0: PME: Signaling with IRQ 24
[Tue Apr 21 17:44:28 2026] pcieport 0000:00:1c.0: pciehp: Slot #0 AttnBtn- PwrCtrl- MRL- AttnInd- PwrInd- HotPlug+ Surprise+ Interlock- NoCompl+ IbPresDis- LLActRep+
[Tue Apr 21 17:44:28 2026] pcieport 0000:00:1c.4: PME: Signaling with IRQ 25
[Tue Apr 21 17:44:28 2026] pcieport 0000:3a:00.0: PME: Signaling with IRQ 27
[Tue Apr 21 17:44:28 2026] pcieport 0000:3a:02.0: PME: Signaling with IRQ 28
[Tue Apr 21 17:44:28 2026] pcieport 0000:5d:00.0: PME: Signaling with IRQ 30
[Tue Apr 21 17:44:28 2026] pcieport 0000:ae:02.0: PME: Signaling with IRQ 32
[Tue Apr 21 17:44:28 2026] pcieport 0000:ae:02.0: pciehp: Slot #2 AttnBtn+ PwrCtrl+ MRL- AttnInd- PwrInd- HotPlug+ Surprise- Interlock- NoCompl- IbPresDis- LLActRep+ (with Cmd Compl erratum)
[Tue Apr 21 17:44:28 2026] pcieport 0000:ae:03.0: PME: Signaling with IRQ 33
[Tue Apr 21 17:44:28 2026] pcieport 0000:ae:03.0: pciehp: Slot #1 AttnBtn+ PwrCtrl+ MRL- AttnInd- PwrInd- HotPlug+ Surprise- Interlock- NoCompl- IbPresDis- LLActRep+ (with Cmd Compl erratum)
[Tue Apr 21 17:44:28 2026] pcieport 0000:d7:00.0: PME: Signaling with IRQ 35
[Tue Apr 21 17:44:28 2026] shpchp: Standard Hot Plug PCI Controller Driver version: 0.4
[Tue Apr 21 17:44:28 2026] Monitor-Mwait will be used to enter C-1 state
[Tue Apr 21 17:44:28 2026] ACPI: \_SB_.SCK0.CP00: Found 1 idle states
[Tue Apr 21 17:44:28 2026] input: Power Button as /devices/LNXSYSTM:00/LNXPWRBN:00/input/input0
[Tue Apr 21 17:44:28 2026] ACPI: button: Power Button [PWRF]
[Tue Apr 21 17:44:28 2026] smpboot: Estimated ratio of average max frequency by base frequency (times 1024): 1303
[Tue Apr 21 17:44:28 2026] ERST: Error Record Serialization Table (ERST) support is initialized.
[Tue Apr 21 17:44:28 2026] pstore: Registered erst as persistent store backend
[Tue Apr 21 17:44:28 2026] Serial: 8250/16550 driver, 32 ports, IRQ sharing enabled
[Tue Apr 21 17:44:28 2026] 00:03: ttyS0 at I/O 0x3f8 (irq = 4, base_baud = 115200) is a 16550A
[Tue Apr 21 17:44:28 2026] 00:04: ttyS1 at I/O 0x2f8 (irq = 3, base_baud = 115200) is a 16550A
[Tue Apr 21 17:44:28 2026] Linux agpgart interface v0.103
[Tue Apr 21 17:44:28 2026] loop: module loaded
[Tue Apr 21 17:44:28 2026] tun: Universal TUN/TAP device driver, 1.6
[Tue Apr 21 17:44:28 2026] PPP generic driver version 2.4.2
[Tue Apr 21 17:44:28 2026] VFIO - User Level meta-driver version: 0.3
[Tue Apr 21 17:44:28 2026] ehci_hcd: USB 2.0 'Enhanced' Host Controller (EHCI) Driver
[Tue Apr 21 17:44:28 2026] ehci-pci: EHCI PCI platform driver
[Tue Apr 21 17:44:28 2026] ehci-platform: EHCI generic platform driver
[Tue Apr 21 17:44:28 2026] ohci_hcd: USB 1.1 'Open' Host Controller (OHCI) Driver
[Tue Apr 21 17:44:28 2026] ohci-pci: OHCI PCI platform driver
[Tue Apr 21 17:44:28 2026] ohci-platform: OHCI generic platform driver
[Tue Apr 21 17:44:29 2026] uhci_hcd: USB Universal Host Controller Interface driver
[Tue Apr 21 17:44:29 2026] i8042: PNP: No PS/2 controller found.
[Tue Apr 21 17:44:29 2026] mousedev: PS/2 mouse device common for all mice
[Tue Apr 21 17:44:29 2026] rtc_cmos 00:00: RTC can wake from S4
[Tue Apr 21 17:44:29 2026] rtc_cmos 00:00: registered as rtc0
[Tue Apr 21 17:44:29 2026] rtc_cmos 00:00: setting system clock to 2026-04-21T22:44:27 UTC (1776811467)
[Tue Apr 21 17:44:29 2026] rtc_cmos 00:00: alarms up to one month, y3k, 114 bytes nvram
[Tue Apr 21 17:44:29 2026] i2c_dev: i2c /dev entries driver
[Tue Apr 21 17:44:29 2026] device-mapper: core: CONFIG_IMA_DISABLE_HTABLE is disabled. Duplicate IMA measurements will not be recorded in the IMA log.
[Tue Apr 21 17:44:29 2026] device-mapper: uevent: version 1.0.3
[Tue Apr 21 17:44:29 2026] device-mapper: ioctl: 4.45.0-ioctl (2021-03-22) initialised: dm-devel@redhat.com
[Tue Apr 21 17:44:29 2026] intel_pstate: Intel P-state driver initializing
[Tue Apr 21 17:44:29 2026] intel_pstate: HWP enabled
[Tue Apr 21 17:44:29 2026] ledtrig-cpu: registered to indicate activity on CPUs
[Tue Apr 21 17:44:29 2026] drop_monitor: Initializing network drop monitor service
[Tue Apr 21 17:44:29 2026] NET: Registered PF_INET6 protocol family
[Tue Apr 21 17:44:29 2026] Freeing initrd memory: 69804K
[Tue Apr 21 17:44:29 2026] Segment Routing with IPv6
[Tue Apr 21 17:44:29 2026] In-situ OAM (IOAM) with IPv6
[Tue Apr 21 17:44:29 2026] NET: Registered PF_PACKET protocol family
[Tue Apr 21 17:44:29 2026] Key type dns_resolver registered
[Tue Apr 21 17:44:29 2026] microcode: sig=0x50654, pf=0x1, revision=0x2007006
[Tue Apr 21 17:44:29 2026] microcode: Microcode Update Driver: v2.2.
[Tue Apr 21 17:44:29 2026] resctrl: MB allocation detected
[Tue Apr 21 17:44:29 2026] IPI shorthand broadcast: enabled
[Tue Apr 21 17:44:29 2026] sched_clock: Marking stable (8469654047, 1755723002)->(10609800736, -384423687)
[Tue Apr 21 17:44:29 2026] registered taskstats version 1
[Tue Apr 21 17:44:29 2026] Loading compiled-in X.509 certificates
[Tue Apr 21 17:44:29 2026] Loaded X.509 cert 'Build time autogenerated kernel key: f152561eb05f1b12f36dac47de18b09053caa018'
[Tue Apr 21 17:44:29 2026] Loaded X.509 cert 'Canonical Ltd. Live Patch Signing 2025 Kmod: d541cef61dc7e793b7eb7e899970a2eef0b5dc8c'
[Tue Apr 21 17:44:29 2026] Loaded X.509 cert 'Canonical Ltd. Live Patch Signing: 14df34d1a87cf37625abec039ef2bf521249b969'
[Tue Apr 21 17:44:29 2026] Loaded X.509 cert 'Canonical Ltd. Kernel Module Signing: 88f752e560a1e0737e31163a466ad7b70a850c19'
[Tue Apr 21 17:44:29 2026] blacklist: Loading compiled-in revocation X.509 certificates
[Tue Apr 21 17:44:29 2026] Loaded X.509 cert 'Canonical Ltd. Secure Boot Signing: 61482aa2830d0ab2ad5af10b7250da9033ddcef0'
[Tue Apr 21 17:44:29 2026] Loaded X.509 cert 'Canonical Ltd. Secure Boot Signing (2017): 242ade75ac4a15e50d50c84b0d45ff3eae707a03'
[Tue Apr 21 17:44:29 2026] Loaded X.509 cert 'Canonical Ltd. Secure Boot Signing (ESM 2018): 365188c1d374d6b07c3c8f240f8ef722433d6a8b'
[Tue Apr 21 17:44:29 2026] Loaded X.509 cert 'Canonical Ltd. Secure Boot Signing (2019): c0746fd6c5da3ae827864651ad66ae47fe24b3e8'
[Tue Apr 21 17:44:29 2026] Loaded X.509 cert 'Canonical Ltd. Secure Boot Signing (2021 v1): a8d54bbb3825cfb94fa13c9f8a594a195c107b8d'
[Tue Apr 21 17:44:29 2026] Loaded X.509 cert 'Canonical Ltd. Secure Boot Signing (2021 v2): 4cf046892d6fd3c9a5b03f98d845f90851dc6a8c'
[Tue Apr 21 17:44:29 2026] Loaded X.509 cert 'Canonical Ltd. Secure Boot Signing (2021 v3): 100437bb6de6e469b581e61cd66bce3ef4ed53af'
[Tue Apr 21 17:44:29 2026] Loaded X.509 cert 'Canonical Ltd. Secure Boot Signing (Ubuntu Core 2019): c1d57b8f6b743f23ee41f4f7ee292f06eecadfb9'
[Tue Apr 21 17:44:29 2026] zswap: loaded using pool lzo/zbud
[Tue Apr 21 17:44:29 2026] Key type .fscrypt registered
[Tue Apr 21 17:44:29 2026] Key type fscrypt-provisioning registered
[Tue Apr 21 17:44:29 2026] pstore: Using crash dump compression: deflate
[Tue Apr 21 17:44:29 2026] Key type encrypted registered
[Tue Apr 21 17:44:29 2026] AppArmor: AppArmor sha1 policy hashing enabled
[Tue Apr 21 17:44:29 2026] ima: No TPM chip found, activating TPM-bypass!
[Tue Apr 21 17:44:29 2026] Loading compiled-in module X.509 certificates
[Tue Apr 21 17:44:29 2026] Loaded X.509 cert 'Build time autogenerated kernel key: f152561eb05f1b12f36dac47de18b09053caa018'
[Tue Apr 21 17:44:29 2026] ima: Allocated hash algorithm: sha1
[Tue Apr 21 17:44:29 2026] ima: No architecture policies found
[Tue Apr 21 17:44:29 2026] evm: Initialising EVM extended attributes:
[Tue Apr 21 17:44:29 2026] evm: security.selinux
[Tue Apr 21 17:44:29 2026] evm: security.SMACK64
[Tue Apr 21 17:44:29 2026] evm: security.SMACK64EXEC
[Tue Apr 21 17:44:29 2026] evm: security.SMACK64TRANSMUTE
[Tue Apr 21 17:44:29 2026] evm: security.SMACK64MMAP
[Tue Apr 21 17:44:29 2026] evm: security.apparmor
[Tue Apr 21 17:44:29 2026] evm: security.ima
[Tue Apr 21 17:44:29 2026] evm: security.capability
[Tue Apr 21 17:44:29 2026] evm: HMAC attrs: 0x1
[Tue Apr 21 17:44:29 2026] PM:   Magic number: 6:585:755
[Tue Apr 21 17:44:29 2026] tty ttyS6: hash matches
[Tue Apr 21 17:44:29 2026] RAS: Correctable Errors collector initialized.
[Tue Apr 21 17:44:29 2026] clk: Disabling unused clocks
[Tue Apr 21 17:44:29 2026] Freeing unused decrypted memory: 2036K
[Tue Apr 21 17:44:29 2026] Freeing unused kernel image (initmem) memory: 3292K
[Tue Apr 21 17:44:29 2026] Write protecting the kernel read-only data: 30720k
[Tue Apr 21 17:44:29 2026] Freeing unused kernel image (text/rodata gap) memory: 2036K
[Tue Apr 21 17:44:29 2026] Freeing unused kernel image (rodata/data gap) memory: 1296K
[Tue Apr 21 17:44:29 2026] tsc: Refined TSC clocksource calibration: 2199.998 MHz
[Tue Apr 21 17:44:29 2026] clocksource: tsc: mask: 0xffffffffffffffff max_cycles: 0x1fb63109b96, max_idle_ns: 440795265316 ns
[Tue Apr 21 17:44:29 2026] x86/mm: Checked W+X mappings: passed, no W+X pages found.
[Tue Apr 21 17:44:29 2026] x86/mm: Checking user space page tables
[Tue Apr 21 17:44:29 2026] clocksource: Switched to clocksource tsc
[Tue Apr 21 17:44:29 2026] x86/mm: Checked W+X mappings: passed, no W+X pages found.
[Tue Apr 21 17:44:29 2026] Run /init as init process
